2026-02-23 13:58:51,972 - INFO - Output directory: outputs/shenzhen_pure_graph_20260223_135851
2026-02-23 13:58:51,972 - INFO - Log file: outputs/shenzhen_pure_graph_20260223_135851/training.log
2026-02-23 13:58:51,972 - INFO - 
================================================================================
2026-02-23 13:58:51,972 - INFO - Step 1: Loading data
2026-02-23 13:58:51,972 - INFO - ================================================================================
2026-02-23 14:21:51,417 - INFO - ✓ Data loaded successfully
2026-02-23 14:21:51,417 - INFO -   - Total grids: 4000
2026-02-23 14:21:51,418 - INFO -   - Feature shape: (7, 4)
2026-02-23 14:21:51,418 - INFO -   - Graph 2021 edges: 71473
2026-02-23 14:21:51,418 - INFO -   - Graph 2024 edges: 110363
2026-02-23 14:21:51,418 - INFO - 
================================================================================
2026-02-23 14:21:51,418 - INFO - Step 2: Preparing temporal features
2026-02-23 14:21:51,418 - INFO - ================================================================================
2026-02-23 14:21:51,438 - INFO - ✓ Temporal features prepared
2026-02-23 14:21:51,438 - INFO -   - 2021 features: 4000 grids
2026-02-23 14:21:51,438 - INFO -   - 2024 features: 4000 grids
2026-02-23 14:21:51,438 - INFO - 
================================================================================
2026-02-23 14:21:51,438 - INFO - Step 3: Creating dataset
2026-02-23 14:21:51,438 - INFO - ================================================================================
2026-02-23 14:21:51,438 - INFO - ✓ Dataset created: 4000 samples
2026-02-23 14:21:51,439 - INFO -   - Train: 2800 samples
2026-02-23 14:21:51,439 - INFO -   - Val: 400 samples
2026-02-23 14:21:51,439 - INFO -   - Test: 800 samples
2026-02-23 14:21:51,528 - INFO - ✓ Data loaders created
2026-02-23 14:21:51,529 - INFO - 
================================================================================
2026-02-23 14:21:51,529 - INFO - Step 4: Creating model
2026-02-23 14:21:51,529 - INFO - ================================================================================
2026-02-23 14:21:51,529 - INFO - Using device: cuda
2026-02-23 14:21:51,882 - INFO - ✓ Model created
2026-02-23 14:21:51,882 - INFO -   - Total parameters: 1,264,905
2026-02-23 14:21:51,882 - INFO -   - Trainable parameters: 1,264,905
2026-02-23 14:21:51,882 - INFO -   - Model type: Pure Graph-Based Dual-Branch
2026-02-23 14:21:51,882 - INFO -   - Spatial branch: Uses only graph structure (no external node features)
2026-02-23 14:21:51,882 - INFO - 
================================================================================
2026-02-23 14:21:51,883 - INFO - Step 5: Setting up training
2026-02-23 14:21:51,883 - INFO - ================================================================================
2026-02-23 14:21:51,883 - INFO - ✓ Training setup complete
2026-02-23 14:21:51,884 - INFO -   - Optimizer: Adam (lr=0.001, wd=1e-05)
2026-02-23 14:21:51,884 - INFO -   - Scheduler: ReduceLROnPlateau (patience=5)
2026-02-23 14:21:51,884 - INFO -   - Loss: Single 9-class cross-entropy with class weights
2026-02-23 14:21:51,884 - INFO -   - Gradient accumulation: 4 steps
2026-02-23 14:21:51,884 - INFO - 
================================================================================
2026-02-23 14:21:51,884 - INFO - Step 6: Training
2026-02-23 14:21:51,884 - INFO - ================================================================================
2026-02-23 14:21:51,884 - INFO - 
Epoch 1/100
2026-02-23 14:21:52,837 - INFO -   Epoch [10/175] Loss: 2.1611
2026-02-23 14:21:53,435 - INFO -   Epoch [20/175] Loss: 2.0828
2026-02-23 14:21:54,043 - INFO -   Epoch [30/175] Loss: 2.0943
2026-02-23 14:21:54,682 - INFO -   Epoch [40/175] Loss: 2.1247
2026-02-23 14:21:55,328 - INFO -   Epoch [50/175] Loss: 1.9836
2026-02-23 14:21:55,975 - INFO -   Epoch [60/175] Loss: 1.8720
2026-02-23 14:21:56,621 - INFO -   Epoch [70/175] Loss: 1.8466
2026-02-23 14:21:57,264 - INFO -   Epoch [80/175] Loss: 3.0605
2026-02-23 14:21:57,908 - INFO -   Epoch [90/175] Loss: 1.8241
2026-02-23 14:21:58,552 - INFO -   Epoch [100/175] Loss: 1.9510
2026-02-23 14:21:59,196 - INFO -   Epoch [110/175] Loss: 2.1519
2026-02-23 14:21:59,846 - INFO -   Epoch [120/175] Loss: 1.7824
2026-02-23 14:22:00,490 - INFO -   Epoch [130/175] Loss: 2.1927
2026-02-23 14:22:01,139 - INFO -   Epoch [140/175] Loss: 2.1382
2026-02-23 14:22:01,785 - INFO -   Epoch [150/175] Loss: 2.0292
2026-02-23 14:22:02,432 - INFO -   Epoch [160/175] Loss: 1.9385
2026-02-23 14:22:03,088 - INFO -   Epoch [170/175] Loss: 2.7644
2026-02-23 14:22:04,112 - INFO -   Train Loss: 2.1038
2026-02-23 14:22:04,112 - INFO -   Train Accuracy: 15.82%
2026-02-23 14:22:04,112 - INFO -   Val Loss: 2.3352
2026-02-23 14:22:04,112 - INFO -   Val Accuracy: 10.25% | F1: 0.0365
2026-02-23 14:22:04,112 - INFO -   LR: 0.001000
2026-02-23 14:22:04,150 - INFO -   ✓ New best model saved!
2026-02-23 14:22:04,150 - INFO -   Patience: 0/15
2026-02-23 14:22:04,150 - INFO - 
Epoch 2/100
2026-02-23 14:22:04,781 - INFO -   Epoch [10/175] Loss: 2.1106
2026-02-23 14:22:05,400 - INFO -   Epoch [20/175] Loss: 1.9816
2026-02-23 14:22:06,038 - INFO -   Epoch [30/175] Loss: 2.4878
2026-02-23 14:22:06,682 - INFO -   Epoch [40/175] Loss: 1.9459
2026-02-23 14:22:07,328 - INFO -   Epoch [50/175] Loss: 1.9403
2026-02-23 14:22:07,976 - INFO -   Epoch [60/175] Loss: 2.1682
2026-02-23 14:22:08,629 - INFO -   Epoch [70/175] Loss: 2.0369
2026-02-23 14:22:09,279 - INFO -   Epoch [80/175] Loss: 2.0361
2026-02-23 14:22:09,930 - INFO -   Epoch [90/175] Loss: 1.7553
2026-02-23 14:22:10,587 - INFO -   Epoch [100/175] Loss: 2.2134
2026-02-23 14:22:11,240 - INFO -   Epoch [110/175] Loss: 1.8006
2026-02-23 14:22:11,891 - INFO -   Epoch [120/175] Loss: 2.0235
2026-02-23 14:22:12,540 - INFO -   Epoch [130/175] Loss: 1.9531
2026-02-23 14:22:13,190 - INFO -   Epoch [140/175] Loss: 1.8811
2026-02-23 14:22:13,841 - INFO -   Epoch [150/175] Loss: 2.0303
2026-02-23 14:22:14,493 - INFO -   Epoch [160/175] Loss: 2.0284
2026-02-23 14:22:15,147 - INFO -   Epoch [170/175] Loss: 1.7419
2026-02-23 14:22:16,128 - INFO -   Train Loss: 2.0917
2026-02-23 14:22:16,128 - INFO -   Train Accuracy: 17.75%
2026-02-23 14:22:16,128 - INFO -   Val Loss: 2.4111
2026-02-23 14:22:16,128 - INFO -   Val Accuracy: 16.25% | F1: 0.0439
2026-02-23 14:22:16,128 - INFO -   LR: 0.001000
2026-02-23 14:22:16,233 - INFO -   ✓ New best model saved!
2026-02-23 14:22:16,234 - INFO -   Patience: 0/15
2026-02-23 14:22:16,234 - INFO - 
Epoch 3/100
2026-02-23 14:22:16,887 - INFO -   Epoch [10/175] Loss: 2.7208
2026-02-23 14:22:17,534 - INFO -   Epoch [20/175] Loss: 2.0674
2026-02-23 14:22:18,173 - INFO -   Epoch [30/175] Loss: 4.0880
2026-02-23 14:22:18,811 - INFO -   Epoch [40/175] Loss: 2.0560
2026-02-23 14:22:19,447 - INFO -   Epoch [50/175] Loss: 2.4177
2026-02-23 14:22:20,066 - INFO -   Epoch [60/175] Loss: 2.7333
2026-02-23 14:22:20,679 - INFO -   Epoch [70/175] Loss: 1.9487
2026-02-23 14:22:21,318 - INFO -   Epoch [80/175] Loss: 1.9998
2026-02-23 14:22:21,957 - INFO -   Epoch [90/175] Loss: 1.9385
2026-02-23 14:22:22,598 - INFO -   Epoch [100/175] Loss: 1.9363
2026-02-23 14:22:23,233 - INFO -   Epoch [110/175] Loss: 1.9492
2026-02-23 14:22:23,871 - INFO -   Epoch [120/175] Loss: 1.8340
2026-02-23 14:22:24,506 - INFO -   Epoch [130/175] Loss: 2.0268
2026-02-23 14:22:25,149 - INFO -   Epoch [140/175] Loss: 1.9940
2026-02-23 14:22:25,787 - INFO -   Epoch [150/175] Loss: 1.9015
2026-02-23 14:22:26,419 - INFO -   Epoch [160/175] Loss: 1.8673
2026-02-23 14:22:27,062 - INFO -   Epoch [170/175] Loss: 2.4719
2026-02-23 14:22:28,050 - INFO -   Train Loss: 2.1116
2026-02-23 14:22:28,050 - INFO -   Train Accuracy: 18.75%
2026-02-23 14:22:28,050 - INFO -   Val Loss: 2.3821
2026-02-23 14:22:28,050 - INFO -   Val Accuracy: 26.50% | F1: 0.0638
2026-02-23 14:22:28,050 - INFO -   LR: 0.001000
2026-02-23 14:22:28,178 - INFO -   ✓ New best model saved!
2026-02-23 14:22:28,179 - INFO -   Patience: 0/15
2026-02-23 14:22:28,179 - INFO - 
Epoch 4/100
2026-02-23 14:22:28,818 - INFO -   Epoch [10/175] Loss: 1.8657
2026-02-23 14:22:29,440 - INFO -   Epoch [20/175] Loss: 2.0171
2026-02-23 14:22:30,080 - INFO -   Epoch [30/175] Loss: 2.5786
2026-02-23 14:22:30,725 - INFO -   Epoch [40/175] Loss: 1.9897
2026-02-23 14:22:31,374 - INFO -   Epoch [50/175] Loss: 2.5276
2026-02-23 14:22:32,019 - INFO -   Epoch [60/175] Loss: 1.8637
2026-02-23 14:22:32,664 - INFO -   Epoch [70/175] Loss: 1.8755
2026-02-23 14:22:33,310 - INFO -   Epoch [80/175] Loss: 1.9195
2026-02-23 14:22:33,954 - INFO -   Epoch [90/175] Loss: 2.3532
2026-02-23 14:22:34,596 - INFO -   Epoch [100/175] Loss: 2.0014
2026-02-23 14:22:35,217 - INFO -   Epoch [110/175] Loss: 1.8660
2026-02-23 14:22:35,842 - INFO -   Epoch [120/175] Loss: 1.8491
2026-02-23 14:22:36,494 - INFO -   Epoch [130/175] Loss: 2.0105
2026-02-23 14:22:37,148 - INFO -   Epoch [140/175] Loss: 1.8604
2026-02-23 14:22:37,795 - INFO -   Epoch [150/175] Loss: 3.9850
2026-02-23 14:22:38,443 - INFO -   Epoch [160/175] Loss: 1.9449
2026-02-23 14:22:39,087 - INFO -   Epoch [170/175] Loss: 1.9755
2026-02-23 14:22:40,056 - INFO -   Train Loss: 2.0745
2026-02-23 14:22:40,057 - INFO -   Train Accuracy: 21.46%
2026-02-23 14:22:40,057 - INFO -   Val Loss: 2.3920
2026-02-23 14:22:40,057 - INFO -   Val Accuracy: 27.75% | F1: 0.0766
2026-02-23 14:22:40,057 - INFO -   LR: 0.001000
2026-02-23 14:22:40,167 - INFO -   ✓ New best model saved!
2026-02-23 14:22:40,167 - INFO -   Patience: 0/15
2026-02-23 14:22:40,167 - INFO - 
Epoch 5/100
2026-02-23 14:22:40,827 - INFO -   Epoch [10/175] Loss: 2.0644
2026-02-23 14:22:41,477 - INFO -   Epoch [20/175] Loss: 1.6349
2026-02-23 14:22:42,131 - INFO -   Epoch [30/175] Loss: 1.8937
2026-02-23 14:22:42,783 - INFO -   Epoch [40/175] Loss: 2.8516
2026-02-23 14:22:43,433 - INFO -   Epoch [50/175] Loss: 2.0300
2026-02-23 14:22:44,085 - INFO -   Epoch [60/175] Loss: 1.7794
2026-02-23 14:22:44,738 - INFO -   Epoch [70/175] Loss: 1.8562
2026-02-23 14:22:45,391 - INFO -   Epoch [80/175] Loss: 2.1582
2026-02-23 14:22:46,024 - INFO -   Epoch [90/175] Loss: 1.9232
2026-02-23 14:22:46,650 - INFO -   Epoch [100/175] Loss: 1.8724
2026-02-23 14:22:47,296 - INFO -   Epoch [110/175] Loss: 1.8287
2026-02-23 14:22:47,946 - INFO -   Epoch [120/175] Loss: 2.1186
2026-02-23 14:22:48,594 - INFO -   Epoch [130/175] Loss: 1.3391
2026-02-23 14:22:49,254 - INFO -   Epoch [140/175] Loss: 1.9082
2026-02-23 14:22:49,904 - INFO -   Epoch [150/175] Loss: 1.8195
2026-02-23 14:22:50,558 - INFO -   Epoch [160/175] Loss: 1.9126
2026-02-23 14:22:51,207 - INFO -   Epoch [170/175] Loss: 1.7942
2026-02-23 14:22:52,230 - INFO -   Train Loss: 2.0705
2026-02-23 14:22:52,230 - INFO -   Train Accuracy: 18.75%
2026-02-23 14:22:52,230 - INFO -   Val Loss: 2.3163
2026-02-23 14:22:52,230 - INFO -   Val Accuracy: 26.00% | F1: 0.0677
2026-02-23 14:22:52,230 - INFO -   LR: 0.001000
2026-02-23 14:22:52,230 - INFO -   Patience: 1/15
2026-02-23 14:22:52,230 - INFO - 
Epoch 6/100
2026-02-23 14:22:52,879 - INFO -   Epoch [10/175] Loss: 2.4343
2026-02-23 14:22:53,530 - INFO -   Epoch [20/175] Loss: 1.9656
2026-02-23 14:22:54,156 - INFO -   Epoch [30/175] Loss: 1.9603
2026-02-23 14:22:54,779 - INFO -   Epoch [40/175] Loss: 2.2931
2026-02-23 14:22:55,405 - INFO -   Epoch [50/175] Loss: 1.8657
2026-02-23 14:22:56,052 - INFO -   Epoch [60/175] Loss: 2.0421
2026-02-23 14:22:56,703 - INFO -   Epoch [70/175] Loss: 2.0238
2026-02-23 14:22:57,354 - INFO -   Epoch [80/175] Loss: 1.9098
2026-02-23 14:22:57,976 - INFO -   Epoch [90/175] Loss: 2.0369
2026-02-23 14:22:58,619 - INFO -   Epoch [100/175] Loss: 1.8458
2026-02-23 14:22:59,268 - INFO -   Epoch [110/175] Loss: 2.6356
2026-02-23 14:22:59,908 - INFO -   Epoch [120/175] Loss: 1.8658
2026-02-23 14:23:00,538 - INFO -   Epoch [130/175] Loss: 1.5595
2026-02-23 14:23:01,164 - INFO -   Epoch [140/175] Loss: 1.9473
2026-02-23 14:23:01,794 - INFO -   Epoch [150/175] Loss: 2.4435
2026-02-23 14:23:02,424 - INFO -   Epoch [160/175] Loss: 2.2917
2026-02-23 14:23:03,069 - INFO -   Epoch [170/175] Loss: 1.9462
2026-02-23 14:23:04,094 - INFO -   Train Loss: 2.0496
2026-02-23 14:23:04,094 - INFO -   Train Accuracy: 21.50%
2026-02-23 14:23:04,095 - INFO -   Val Loss: 2.3231
2026-02-23 14:23:04,095 - INFO -   Val Accuracy: 32.00% | F1: 0.1298
2026-02-23 14:23:04,095 - INFO -   LR: 0.001000
2026-02-23 14:23:04,184 - INFO -   ✓ New best model saved!
2026-02-23 14:23:04,184 - INFO -   Patience: 0/15
2026-02-23 14:23:04,184 - INFO - 
Epoch 7/100
2026-02-23 14:23:04,810 - INFO -   Epoch [10/175] Loss: 3.5237
2026-02-23 14:23:05,450 - INFO -   Epoch [20/175] Loss: 2.6441
2026-02-23 14:23:06,105 - INFO -   Epoch [30/175] Loss: 1.9592
2026-02-23 14:23:06,762 - INFO -   Epoch [40/175] Loss: 1.7791
2026-02-23 14:23:07,384 - INFO -   Epoch [50/175] Loss: 2.0999
2026-02-23 14:23:08,032 - INFO -   Epoch [60/175] Loss: 2.0161
2026-02-23 14:23:08,664 - INFO -   Epoch [70/175] Loss: 1.7442
2026-02-23 14:23:09,287 - INFO -   Epoch [80/175] Loss: 1.9149
2026-02-23 14:23:09,910 - INFO -   Epoch [90/175] Loss: 1.9663
2026-02-23 14:23:10,536 - INFO -   Epoch [100/175] Loss: 2.0478
2026-02-23 14:23:11,182 - INFO -   Epoch [110/175] Loss: 1.8276
2026-02-23 14:23:11,832 - INFO -   Epoch [120/175] Loss: 2.0470
2026-02-23 14:23:12,483 - INFO -   Epoch [130/175] Loss: 1.8004
2026-02-23 14:23:13,135 - INFO -   Epoch [140/175] Loss: 2.4411
2026-02-23 14:23:13,785 - INFO -   Epoch [150/175] Loss: 1.9510
2026-02-23 14:23:14,436 - INFO -   Epoch [160/175] Loss: 1.9097
2026-02-23 14:23:15,087 - INFO -   Epoch [170/175] Loss: 1.8261
2026-02-23 14:23:16,089 - INFO -   Train Loss: 2.0341
2026-02-23 14:23:16,090 - INFO -   Train Accuracy: 22.14%
2026-02-23 14:23:16,090 - INFO -   Val Loss: 2.3550
2026-02-23 14:23:16,090 - INFO -   Val Accuracy: 31.25% | F1: 0.1054
2026-02-23 14:23:16,090 - INFO -   LR: 0.001000
2026-02-23 14:23:16,090 - INFO -   Patience: 1/15
2026-02-23 14:23:16,090 - INFO - 
Epoch 8/100
2026-02-23 14:23:16,719 - INFO -   Epoch [10/175] Loss: 1.6427
2026-02-23 14:23:17,336 - INFO -   Epoch [20/175] Loss: 2.1307
2026-02-23 14:23:17,965 - INFO -   Epoch [30/175] Loss: 2.2806
2026-02-23 14:23:18,612 - INFO -   Epoch [40/175] Loss: 1.9083
2026-02-23 14:23:19,259 - INFO -   Epoch [50/175] Loss: 2.0062
2026-02-23 14:23:19,908 - INFO -   Epoch [60/175] Loss: 2.2490
2026-02-23 14:23:20,558 - INFO -   Epoch [70/175] Loss: 1.6108
2026-02-23 14:23:21,199 - INFO -   Epoch [80/175] Loss: 1.8096
2026-02-23 14:23:21,838 - INFO -   Epoch [90/175] Loss: 1.6387
2026-02-23 14:23:22,487 - INFO -   Epoch [100/175] Loss: 1.8003
2026-02-23 14:23:23,133 - INFO -   Epoch [110/175] Loss: 1.7997
2026-02-23 14:23:23,783 - INFO -   Epoch [120/175] Loss: 3.7824
2026-02-23 14:23:24,434 - INFO -   Epoch [130/175] Loss: 2.0980
2026-02-23 14:23:25,079 - INFO -   Epoch [140/175] Loss: 1.8682
2026-02-23 14:23:25,704 - INFO -   Epoch [150/175] Loss: 1.8668
2026-02-23 14:23:26,325 - INFO -   Epoch [160/175] Loss: 2.4979
2026-02-23 14:23:26,958 - INFO -   Epoch [170/175] Loss: 1.8910
2026-02-23 14:23:27,975 - INFO -   Train Loss: 2.0260
2026-02-23 14:23:27,975 - INFO -   Train Accuracy: 23.89%
2026-02-23 14:23:27,975 - INFO -   Val Loss: 2.1706
2026-02-23 14:23:27,976 - INFO -   Val Accuracy: 32.50% | F1: 0.1416
2026-02-23 14:23:27,976 - INFO -   LR: 0.001000
2026-02-23 14:23:28,099 - INFO -   ✓ New best model saved!
2026-02-23 14:23:28,099 - INFO -   Patience: 0/15
2026-02-23 14:23:28,099 - INFO - 
Epoch 9/100
2026-02-23 14:23:28,758 - INFO -   Epoch [10/175] Loss: 1.7769
2026-02-23 14:23:29,409 - INFO -   Epoch [20/175] Loss: 1.8794
2026-02-23 14:23:30,065 - INFO -   Epoch [30/175] Loss: 2.0444
2026-02-23 14:23:30,740 - INFO -   Epoch [40/175] Loss: 3.2223
2026-02-23 14:23:31,411 - INFO -   Epoch [50/175] Loss: 1.9907
2026-02-23 14:23:32,073 - INFO -   Epoch [60/175] Loss: 2.2112
2026-02-23 14:23:32,720 - INFO -   Epoch [70/175] Loss: 1.6330
2026-02-23 14:23:33,372 - INFO -   Epoch [80/175] Loss: 1.7535
2026-02-23 14:23:34,021 - INFO -   Epoch [90/175] Loss: 1.6579
2026-02-23 14:23:34,672 - INFO -   Epoch [100/175] Loss: 1.8522
2026-02-23 14:23:35,320 - INFO -   Epoch [110/175] Loss: 1.8467
2026-02-23 14:23:35,976 - INFO -   Epoch [120/175] Loss: 1.7619
2026-02-23 14:23:36,623 - INFO -   Epoch [130/175] Loss: 1.9022
2026-02-23 14:23:37,269 - INFO -   Epoch [140/175] Loss: 1.6223
2026-02-23 14:23:37,919 - INFO -   Epoch [150/175] Loss: 1.8462
2026-02-23 14:23:38,569 - INFO -   Epoch [160/175] Loss: 1.6991
2026-02-23 14:23:39,217 - INFO -   Epoch [170/175] Loss: 1.7996
2026-02-23 14:23:40,237 - INFO -   Train Loss: 1.9933
2026-02-23 14:23:40,237 - INFO -   Train Accuracy: 27.50%
2026-02-23 14:23:40,237 - INFO -   Val Loss: 2.1053
2026-02-23 14:23:40,237 - INFO -   Val Accuracy: 22.50% | F1: 0.1233
2026-02-23 14:23:40,237 - INFO -   LR: 0.001000
2026-02-23 14:23:40,237 - INFO -   Patience: 1/15
2026-02-23 14:23:40,237 - INFO - 
Epoch 10/100
2026-02-23 14:23:40,885 - INFO -   Epoch [10/175] Loss: 1.7467
2026-02-23 14:23:41,531 - INFO -   Epoch [20/175] Loss: 2.0158
2026-02-23 14:23:42,181 - INFO -   Epoch [30/175] Loss: 2.1401
2026-02-23 14:23:42,831 - INFO -   Epoch [40/175] Loss: 2.6844
2026-02-23 14:23:43,481 - INFO -   Epoch [50/175] Loss: 2.0716
2026-02-23 14:23:44,130 - INFO -   Epoch [60/175] Loss: 1.8551
2026-02-23 14:23:44,781 - INFO -   Epoch [70/175] Loss: 1.6035
2026-02-23 14:23:45,433 - INFO -   Epoch [80/175] Loss: 1.8618
2026-02-23 14:23:46,072 - INFO -   Epoch [90/175] Loss: 2.3072
2026-02-23 14:23:46,732 - INFO -   Epoch [100/175] Loss: 2.0037
2026-02-23 14:23:47,383 - INFO -   Epoch [110/175] Loss: 2.0633
2026-02-23 14:23:48,017 - INFO -   Epoch [120/175] Loss: 2.0299
2026-02-23 14:23:48,648 - INFO -   Epoch [130/175] Loss: 2.0138
2026-02-23 14:23:49,297 - INFO -   Epoch [140/175] Loss: 1.7866
2026-02-23 14:23:49,943 - INFO -   Epoch [150/175] Loss: 1.8286
2026-02-23 14:23:50,596 - INFO -   Epoch [160/175] Loss: 1.8583
2026-02-23 14:23:51,244 - INFO -   Epoch [170/175] Loss: 1.7005
2026-02-23 14:23:52,269 - INFO -   Train Loss: 1.9936
2026-02-23 14:23:52,269 - INFO -   Train Accuracy: 25.14%
2026-02-23 14:23:52,269 - INFO -   Val Loss: 2.1561
2026-02-23 14:23:52,269 - INFO -   Val Accuracy: 33.75% | F1: 0.1254
2026-02-23 14:23:52,269 - INFO -   LR: 0.001000
2026-02-23 14:23:52,378 - INFO -   ✓ New best model saved!
2026-02-23 14:23:52,378 - INFO -   Patience: 0/15
2026-02-23 14:23:52,379 - INFO - 
Epoch 11/100
2026-02-23 14:23:53,041 - INFO -   Epoch [10/175] Loss: 1.7981
2026-02-23 14:23:53,701 - INFO -   Epoch [20/175] Loss: 1.9262
2026-02-23 14:23:54,351 - INFO -   Epoch [30/175] Loss: 1.8736
2026-02-23 14:23:55,000 - INFO -   Epoch [40/175] Loss: 1.7965
2026-02-23 14:23:55,623 - INFO -   Epoch [50/175] Loss: 1.8253
2026-02-23 14:23:56,277 - INFO -   Epoch [60/175] Loss: 4.5884
2026-02-23 14:23:56,930 - INFO -   Epoch [70/175] Loss: 2.1301
2026-02-23 14:23:57,571 - INFO -   Epoch [80/175] Loss: 1.7967
2026-02-23 14:23:58,190 - INFO -   Epoch [90/175] Loss: 1.8973
2026-02-23 14:23:58,834 - INFO -   Epoch [100/175] Loss: 2.1284
2026-02-23 14:23:59,482 - INFO -   Epoch [110/175] Loss: 1.7322
2026-02-23 14:24:00,134 - INFO -   Epoch [120/175] Loss: 1.8621
2026-02-23 14:24:00,789 - INFO -   Epoch [130/175] Loss: 1.7439
2026-02-23 14:24:01,444 - INFO -   Epoch [140/175] Loss: 1.8572
2026-02-23 14:24:02,097 - INFO -   Epoch [150/175] Loss: 3.5425
2026-02-23 14:24:02,750 - INFO -   Epoch [160/175] Loss: 1.8863
2026-02-23 14:24:03,400 - INFO -   Epoch [170/175] Loss: 1.6346
2026-02-23 14:24:04,424 - INFO -   Train Loss: 1.9471
2026-02-23 14:24:04,424 - INFO -   Train Accuracy: 26.50%
2026-02-23 14:24:04,424 - INFO -   Val Loss: 2.0341
2026-02-23 14:24:04,424 - INFO -   Val Accuracy: 27.50% | F1: 0.1513
2026-02-23 14:24:04,424 - INFO -   LR: 0.001000
2026-02-23 14:24:04,424 - INFO -   Patience: 1/15
2026-02-23 14:24:04,424 - INFO - 
Epoch 12/100
2026-02-23 14:24:05,073 - INFO -   Epoch [10/175] Loss: 1.8574
2026-02-23 14:24:05,726 - INFO -   Epoch [20/175] Loss: 2.2803
2026-02-23 14:24:06,377 - INFO -   Epoch [30/175] Loss: 1.6816
2026-02-23 14:24:07,025 - INFO -   Epoch [40/175] Loss: 1.8518
2026-02-23 14:24:07,675 - INFO -   Epoch [50/175] Loss: 2.4595
2026-02-23 14:24:08,323 - INFO -   Epoch [60/175] Loss: 1.7587
2026-02-23 14:24:08,972 - INFO -   Epoch [70/175] Loss: 1.7987
2026-02-23 14:24:09,621 - INFO -   Epoch [80/175] Loss: 1.8776
2026-02-23 14:24:10,268 - INFO -   Epoch [90/175] Loss: 1.6664
2026-02-23 14:24:10,917 - INFO -   Epoch [100/175] Loss: 2.0692
2026-02-23 14:24:11,567 - INFO -   Epoch [110/175] Loss: 1.8265
2026-02-23 14:24:12,225 - INFO -   Epoch [120/175] Loss: 1.5637
2026-02-23 14:24:12,870 - INFO -   Epoch [130/175] Loss: 1.6468
2026-02-23 14:24:13,521 - INFO -   Epoch [140/175] Loss: 2.1218
2026-02-23 14:24:14,173 - INFO -   Epoch [150/175] Loss: 3.5890
2026-02-23 14:24:14,805 - INFO -   Epoch [160/175] Loss: 1.8357
2026-02-23 14:24:15,437 - INFO -   Epoch [170/175] Loss: 1.9421
2026-02-23 14:24:16,402 - INFO -   Train Loss: 1.9606
2026-02-23 14:24:16,402 - INFO -   Train Accuracy: 28.21%
2026-02-23 14:24:16,402 - INFO -   Val Loss: 2.1839
2026-02-23 14:24:16,402 - INFO -   Val Accuracy: 31.50% | F1: 0.1117
2026-02-23 14:24:16,402 - INFO -   LR: 0.001000
2026-02-23 14:24:16,402 - INFO -   Patience: 2/15
2026-02-23 14:24:16,402 - INFO - 
Epoch 13/100
2026-02-23 14:24:17,042 - INFO -   Epoch [10/175] Loss: 3.7121
2026-02-23 14:24:17,697 - INFO -   Epoch [20/175] Loss: 1.3202
2026-02-23 14:24:18,329 - INFO -   Epoch [30/175] Loss: 2.2571
2026-02-23 14:24:18,974 - INFO -   Epoch [40/175] Loss: 1.9849
2026-02-23 14:24:19,625 - INFO -   Epoch [50/175] Loss: 1.8736
2026-02-23 14:24:20,273 - INFO -   Epoch [60/175] Loss: 1.9125
2026-02-23 14:24:20,925 - INFO -   Epoch [70/175] Loss: 2.1617
2026-02-23 14:24:21,577 - INFO -   Epoch [80/175] Loss: 2.2281
2026-02-23 14:24:22,225 - INFO -   Epoch [90/175] Loss: 1.9361
2026-02-23 14:24:22,877 - INFO -   Epoch [100/175] Loss: 1.9024
2026-02-23 14:24:23,527 - INFO -   Epoch [110/175] Loss: 1.6225
2026-02-23 14:24:24,177 - INFO -   Epoch [120/175] Loss: 1.8677
2026-02-23 14:24:24,801 - INFO -   Epoch [130/175] Loss: 2.0577
2026-02-23 14:24:25,429 - INFO -   Epoch [140/175] Loss: 2.0832
2026-02-23 14:24:26,075 - INFO -   Epoch [150/175] Loss: 1.7765
2026-02-23 14:24:26,725 - INFO -   Epoch [160/175] Loss: 1.9286
2026-02-23 14:24:27,374 - INFO -   Epoch [170/175] Loss: 1.7459
2026-02-23 14:24:28,394 - INFO -   Train Loss: 1.9776
2026-02-23 14:24:28,394 - INFO -   Train Accuracy: 28.93%
2026-02-23 14:24:28,394 - INFO -   Val Loss: 2.0967
2026-02-23 14:24:28,394 - INFO -   Val Accuracy: 18.00% | F1: 0.0925
2026-02-23 14:24:28,394 - INFO -   LR: 0.001000
2026-02-23 14:24:28,394 - INFO -   Patience: 3/15
2026-02-23 14:24:28,394 - INFO - 
Epoch 14/100
2026-02-23 14:24:29,041 - INFO -   Epoch [10/175] Loss: 1.7489
2026-02-23 14:24:29,689 - INFO -   Epoch [20/175] Loss: 1.9365
2026-02-23 14:24:30,334 - INFO -   Epoch [30/175] Loss: 1.9755
2026-02-23 14:24:30,982 - INFO -   Epoch [40/175] Loss: 1.9215
2026-02-23 14:24:31,633 - INFO -   Epoch [50/175] Loss: 2.2613
2026-02-23 14:24:32,282 - INFO -   Epoch [60/175] Loss: 2.7786
2026-02-23 14:24:32,935 - INFO -   Epoch [70/175] Loss: 1.7239
2026-02-23 14:24:33,579 - INFO -   Epoch [80/175] Loss: 2.9001
2026-02-23 14:24:34,197 - INFO -   Epoch [90/175] Loss: 1.8783
2026-02-23 14:24:34,819 - INFO -   Epoch [100/175] Loss: 2.2251
2026-02-23 14:24:35,462 - INFO -   Epoch [110/175] Loss: 2.0849
2026-02-23 14:24:36,111 - INFO -   Epoch [120/175] Loss: 1.6053
2026-02-23 14:24:36,761 - INFO -   Epoch [130/175] Loss: 2.7199
2026-02-23 14:24:37,410 - INFO -   Epoch [140/175] Loss: 3.1442
2026-02-23 14:24:38,038 - INFO -   Epoch [150/175] Loss: 1.8542
2026-02-23 14:24:38,689 - INFO -   Epoch [160/175] Loss: 1.5376
2026-02-23 14:24:39,336 - INFO -   Epoch [170/175] Loss: 1.7191
2026-02-23 14:24:40,360 - INFO -   Train Loss: 1.9334
2026-02-23 14:24:40,361 - INFO -   Train Accuracy: 26.54%
2026-02-23 14:24:40,361 - INFO -   Val Loss: 2.1047
2026-02-23 14:24:40,361 - INFO -   Val Accuracy: 32.50% | F1: 0.1580
2026-02-23 14:24:40,361 - INFO -   LR: 0.001000
2026-02-23 14:24:40,361 - INFO -   Patience: 4/15
2026-02-23 14:24:40,361 - INFO - 
Epoch 15/100
2026-02-23 14:24:41,009 - INFO -   Epoch [10/175] Loss: 1.7223
2026-02-23 14:24:41,667 - INFO -   Epoch [20/175] Loss: 1.5074
2026-02-23 14:24:42,319 - INFO -   Epoch [30/175] Loss: 1.5734
2026-02-23 14:24:42,975 - INFO -   Epoch [40/175] Loss: 1.7025
2026-02-23 14:24:43,626 - INFO -   Epoch [50/175] Loss: 1.8154
2026-02-23 14:24:44,275 - INFO -   Epoch [60/175] Loss: 1.8947
2026-02-23 14:24:44,912 - INFO -   Epoch [70/175] Loss: 1.7595
2026-02-23 14:24:45,532 - INFO -   Epoch [80/175] Loss: 1.7093
2026-02-23 14:24:46,175 - INFO -   Epoch [90/175] Loss: 1.7952
2026-02-23 14:24:46,832 - INFO -   Epoch [100/175] Loss: 1.8768
2026-02-23 14:24:47,467 - INFO -   Epoch [110/175] Loss: 1.9931
2026-02-23 14:24:48,109 - INFO -   Epoch [120/175] Loss: 1.9693
2026-02-23 14:24:48,759 - INFO -   Epoch [130/175] Loss: 2.0280
2026-02-23 14:24:49,407 - INFO -   Epoch [140/175] Loss: 1.8482
2026-02-23 14:24:50,060 - INFO -   Epoch [150/175] Loss: 1.9194
2026-02-23 14:24:50,708 - INFO -   Epoch [160/175] Loss: 1.8447
2026-02-23 14:24:51,355 - INFO -   Epoch [170/175] Loss: 1.6072
2026-02-23 14:24:52,374 - INFO -   Train Loss: 1.9838
2026-02-23 14:24:52,374 - INFO -   Train Accuracy: 26.54%
2026-02-23 14:24:52,374 - INFO -   Val Loss: 2.1610
2026-02-23 14:24:52,374 - INFO -   Val Accuracy: 30.00% | F1: 0.1272
2026-02-23 14:24:52,374 - INFO -   LR: 0.001000
2026-02-23 14:24:52,374 - INFO -   Patience: 5/15
2026-02-23 14:24:52,374 - INFO - 
Epoch 16/100
2026-02-23 14:24:53,022 - INFO -   Epoch [10/175] Loss: 2.9926
2026-02-23 14:24:53,667 - INFO -   Epoch [20/175] Loss: 2.5762
2026-02-23 14:24:54,294 - INFO -   Epoch [30/175] Loss: 1.5702
2026-02-23 14:24:54,913 - INFO -   Epoch [40/175] Loss: 3.0006
2026-02-23 14:24:55,539 - INFO -   Epoch [50/175] Loss: 2.4270
2026-02-23 14:24:56,187 - INFO -   Epoch [60/175] Loss: 1.6972
2026-02-23 14:24:56,832 - INFO -   Epoch [70/175] Loss: 1.8183
2026-02-23 14:24:57,469 - INFO -   Epoch [80/175] Loss: 1.7795
2026-02-23 14:24:58,110 - INFO -   Epoch [90/175] Loss: 1.5859
2026-02-23 14:24:58,738 - INFO -   Epoch [100/175] Loss: 1.8590
2026-02-23 14:24:59,385 - INFO -   Epoch [110/175] Loss: 3.8522
2026-02-23 14:25:00,020 - INFO -   Epoch [120/175] Loss: 2.0233
2026-02-23 14:25:00,646 - INFO -   Epoch [130/175] Loss: 1.2956
2026-02-23 14:25:01,297 - INFO -   Epoch [140/175] Loss: 2.5971
2026-02-23 14:25:01,949 - INFO -   Epoch [150/175] Loss: 2.5288
2026-02-23 14:25:02,595 - INFO -   Epoch [160/175] Loss: 1.7092
2026-02-23 14:25:03,251 - INFO -   Epoch [170/175] Loss: 1.7333
2026-02-23 14:25:04,268 - INFO -   Train Loss: 1.9890
2026-02-23 14:25:04,268 - INFO -   Train Accuracy: 24.21%
2026-02-23 14:25:04,268 - INFO -   Val Loss: 2.0938
2026-02-23 14:25:04,268 - INFO -   Val Accuracy: 35.00% | F1: 0.1179
2026-02-23 14:25:04,268 - INFO -   LR: 0.001000
2026-02-23 14:25:04,393 - INFO -   ✓ New best model saved!
2026-02-23 14:25:04,394 - INFO -   Patience: 0/15
2026-02-23 14:25:04,394 - INFO - 
Epoch 17/100
2026-02-23 14:25:05,058 - INFO -   Epoch [10/175] Loss: 1.7567
2026-02-23 14:25:05,710 - INFO -   Epoch [20/175] Loss: 1.6206
2026-02-23 14:25:06,358 - INFO -   Epoch [30/175] Loss: 1.9179
2026-02-23 14:25:07,007 - INFO -   Epoch [40/175] Loss: 1.7096
2026-02-23 14:25:07,661 - INFO -   Epoch [50/175] Loss: 1.7963
2026-02-23 14:25:08,310 - INFO -   Epoch [60/175] Loss: 1.8833
2026-02-23 14:25:08,963 - INFO -   Epoch [70/175] Loss: 1.9545
2026-02-23 14:25:09,613 - INFO -   Epoch [80/175] Loss: 1.8211
2026-02-23 14:25:10,263 - INFO -   Epoch [90/175] Loss: 2.0624
2026-02-23 14:25:10,914 - INFO -   Epoch [100/175] Loss: 2.6067
2026-02-23 14:25:11,562 - INFO -   Epoch [110/175] Loss: 2.0185
2026-02-23 14:25:12,216 - INFO -   Epoch [120/175] Loss: 1.8534
2026-02-23 14:25:12,867 - INFO -   Epoch [130/175] Loss: 2.3494
2026-02-23 14:25:13,517 - INFO -   Epoch [140/175] Loss: 2.5764
2026-02-23 14:25:14,166 - INFO -   Epoch [150/175] Loss: 2.3824
2026-02-23 14:25:14,803 - INFO -   Epoch [160/175] Loss: 2.6320
2026-02-23 14:25:15,421 - INFO -   Epoch [170/175] Loss: 1.6687
2026-02-23 14:25:16,382 - INFO -   Train Loss: 1.9373
2026-02-23 14:25:16,382 - INFO -   Train Accuracy: 28.18%
2026-02-23 14:25:16,382 - INFO -   Val Loss: 2.0262
2026-02-23 14:25:16,383 - INFO -   Val Accuracy: 39.25% | F1: 0.1587
2026-02-23 14:25:16,383 - INFO -   LR: 0.001000
2026-02-23 14:25:16,489 - INFO -   ✓ New best model saved!
2026-02-23 14:25:16,489 - INFO -   Patience: 0/15
2026-02-23 14:25:16,489 - INFO - 
Epoch 18/100
2026-02-23 14:25:17,153 - INFO -   Epoch [10/175] Loss: 2.6914
2026-02-23 14:25:17,805 - INFO -   Epoch [20/175] Loss: 1.5927
2026-02-23 14:25:18,455 - INFO -   Epoch [30/175] Loss: 1.7585
2026-02-23 14:25:19,103 - INFO -   Epoch [40/175] Loss: 2.0066
2026-02-23 14:25:19,738 - INFO -   Epoch [50/175] Loss: 2.1829
2026-02-23 14:25:20,370 - INFO -   Epoch [60/175] Loss: 1.7239
2026-02-23 14:25:21,012 - INFO -   Epoch [70/175] Loss: 1.8227
2026-02-23 14:25:21,662 - INFO -   Epoch [80/175] Loss: 1.8829
2026-02-23 14:25:22,313 - INFO -   Epoch [90/175] Loss: 1.9258
2026-02-23 14:25:22,964 - INFO -   Epoch [100/175] Loss: 2.0436
2026-02-23 14:25:23,613 - INFO -   Epoch [110/175] Loss: 1.8910
2026-02-23 14:25:24,268 - INFO -   Epoch [120/175] Loss: 1.8900
2026-02-23 14:25:24,916 - INFO -   Epoch [130/175] Loss: 4.8608
2026-02-23 14:25:25,544 - INFO -   Epoch [140/175] Loss: 1.8102
2026-02-23 14:25:26,194 - INFO -   Epoch [150/175] Loss: 1.8804
2026-02-23 14:25:26,842 - INFO -   Epoch [160/175] Loss: 1.5433
2026-02-23 14:25:27,466 - INFO -   Epoch [170/175] Loss: 1.8527
2026-02-23 14:25:28,441 - INFO -   Train Loss: 1.9602
2026-02-23 14:25:28,441 - INFO -   Train Accuracy: 25.54%
2026-02-23 14:25:28,441 - INFO -   Val Loss: 2.1487
2026-02-23 14:25:28,441 - INFO -   Val Accuracy: 21.75% | F1: 0.1132
2026-02-23 14:25:28,441 - INFO -   LR: 0.001000
2026-02-23 14:25:28,441 - INFO -   Patience: 1/15
2026-02-23 14:25:28,441 - INFO - 
Epoch 19/100
2026-02-23 14:25:29,088 - INFO -   Epoch [10/175] Loss: 4.3340
2026-02-23 14:25:29,739 - INFO -   Epoch [20/175] Loss: 1.7290
2026-02-23 14:25:30,391 - INFO -   Epoch [30/175] Loss: 1.8575
2026-02-23 14:25:31,044 - INFO -   Epoch [40/175] Loss: 2.3017
2026-02-23 14:25:31,697 - INFO -   Epoch [50/175] Loss: 1.7262
2026-02-23 14:25:32,351 - INFO -   Epoch [60/175] Loss: 1.8161
2026-02-23 14:25:33,003 - INFO -   Epoch [70/175] Loss: 1.9196
2026-02-23 14:25:33,650 - INFO -   Epoch [80/175] Loss: 2.2623
2026-02-23 14:25:34,271 - INFO -   Epoch [90/175] Loss: 1.9350
2026-02-23 14:25:34,892 - INFO -   Epoch [100/175] Loss: 1.9540
2026-02-23 14:25:35,510 - INFO -   Epoch [110/175] Loss: 1.5734
2026-02-23 14:25:36,146 - INFO -   Epoch [120/175] Loss: 1.6419
2026-02-23 14:25:36,794 - INFO -   Epoch [130/175] Loss: 1.7620
2026-02-23 14:25:37,444 - INFO -   Epoch [140/175] Loss: 1.6828
2026-02-23 14:25:38,092 - INFO -   Epoch [150/175] Loss: 1.8082
2026-02-23 14:25:38,738 - INFO -   Epoch [160/175] Loss: 1.8992
2026-02-23 14:25:39,384 - INFO -   Epoch [170/175] Loss: 1.7006
2026-02-23 14:25:40,403 - INFO -   Train Loss: 1.9386
2026-02-23 14:25:40,403 - INFO -   Train Accuracy: 24.57%
2026-02-23 14:25:40,404 - INFO -   Val Loss: 2.1098
2026-02-23 14:25:40,404 - INFO -   Val Accuracy: 23.75% | F1: 0.1246
2026-02-23 14:25:40,404 - INFO -   LR: 0.001000
2026-02-23 14:25:40,404 - INFO -   Patience: 2/15
2026-02-23 14:25:40,404 - INFO - 
Epoch 20/100
2026-02-23 14:25:41,049 - INFO -   Epoch [10/175] Loss: 1.6031
2026-02-23 14:25:41,696 - INFO -   Epoch [20/175] Loss: 4.0824
2026-02-23 14:25:42,349 - INFO -   Epoch [30/175] Loss: 1.7588
2026-02-23 14:25:42,997 - INFO -   Epoch [40/175] Loss: 1.6788
2026-02-23 14:25:43,644 - INFO -   Epoch [50/175] Loss: 1.8482
2026-02-23 14:25:44,293 - INFO -   Epoch [60/175] Loss: 1.7091
2026-02-23 14:25:44,937 - INFO -   Epoch [70/175] Loss: 1.7949
2026-02-23 14:25:45,562 - INFO -   Epoch [80/175] Loss: 2.1466
2026-02-23 14:25:46,210 - INFO -   Epoch [90/175] Loss: 1.9667
2026-02-23 14:25:46,844 - INFO -   Epoch [100/175] Loss: 1.3922
2026-02-23 14:25:47,464 - INFO -   Epoch [110/175] Loss: 3.0962
2026-02-23 14:25:48,104 - INFO -   Epoch [120/175] Loss: 1.7197
2026-02-23 14:25:48,754 - INFO -   Epoch [130/175] Loss: 2.3097
2026-02-23 14:25:49,404 - INFO -   Epoch [140/175] Loss: 1.9530
2026-02-23 14:25:50,054 - INFO -   Epoch [150/175] Loss: 1.8187
2026-02-23 14:25:50,704 - INFO -   Epoch [160/175] Loss: 1.9538
2026-02-23 14:25:51,353 - INFO -   Epoch [170/175] Loss: 1.8363
2026-02-23 14:25:52,374 - INFO -   Train Loss: 1.9374
2026-02-23 14:25:52,374 - INFO -   Train Accuracy: 26.29%
2026-02-23 14:25:52,374 - INFO -   Val Loss: 2.0960
2026-02-23 14:25:52,374 - INFO -   Val Accuracy: 36.00% | F1: 0.1612
2026-02-23 14:25:52,374 - INFO -   LR: 0.001000
2026-02-23 14:25:52,374 - INFO -   Patience: 3/15
2026-02-23 14:25:52,374 - INFO - 
Epoch 21/100
2026-02-23 14:25:53,026 - INFO -   Epoch [10/175] Loss: 1.9371
2026-02-23 14:25:53,680 - INFO -   Epoch [20/175] Loss: 1.8055
2026-02-23 14:25:54,330 - INFO -   Epoch [30/175] Loss: 1.6934
2026-02-23 14:25:54,951 - INFO -   Epoch [40/175] Loss: 2.1936
2026-02-23 14:25:55,584 - INFO -   Epoch [50/175] Loss: 1.7218
2026-02-23 14:25:56,237 - INFO -   Epoch [60/175] Loss: 1.8391
2026-02-23 14:25:56,886 - INFO -   Epoch [70/175] Loss: 1.5919
2026-02-23 14:25:57,539 - INFO -   Epoch [80/175] Loss: 1.9124
2026-02-23 14:25:58,188 - INFO -   Epoch [90/175] Loss: 1.7914
2026-02-23 14:25:58,837 - INFO -   Epoch [100/175] Loss: 1.9079
2026-02-23 14:25:59,485 - INFO -   Epoch [110/175] Loss: 1.7358
2026-02-23 14:26:00,148 - INFO -   Epoch [120/175] Loss: 1.6496
2026-02-23 14:26:00,775 - INFO -   Epoch [130/175] Loss: 1.7606
2026-02-23 14:26:01,422 - INFO -   Epoch [140/175] Loss: 2.2104
2026-02-23 14:26:02,068 - INFO -   Epoch [150/175] Loss: 3.2834
2026-02-23 14:26:02,720 - INFO -   Epoch [160/175] Loss: 2.0569
2026-02-23 14:26:03,375 - INFO -   Epoch [170/175] Loss: 1.5898
2026-02-23 14:26:04,395 - INFO -   Train Loss: 1.9271
2026-02-23 14:26:04,395 - INFO -   Train Accuracy: 26.71%
2026-02-23 14:26:04,395 - INFO -   Val Loss: 1.9619
2026-02-23 14:26:04,395 - INFO -   Val Accuracy: 20.25% | F1: 0.1220
2026-02-23 14:26:04,395 - INFO -   LR: 0.001000
2026-02-23 14:26:04,395 - INFO -   Patience: 4/15
2026-02-23 14:26:04,395 - INFO - 
Epoch 22/100
2026-02-23 14:26:05,043 - INFO -   Epoch [10/175] Loss: 2.1706
2026-02-23 14:26:05,675 - INFO -   Epoch [20/175] Loss: 2.1838
2026-02-23 14:26:06,324 - INFO -   Epoch [30/175] Loss: 1.9009
2026-02-23 14:26:06,969 - INFO -   Epoch [40/175] Loss: 2.4251
2026-02-23 14:26:07,614 - INFO -   Epoch [50/175] Loss: 1.7015
2026-02-23 14:26:08,233 - INFO -   Epoch [60/175] Loss: 1.7860
2026-02-23 14:26:08,860 - INFO -   Epoch [70/175] Loss: 1.6814
2026-02-23 14:26:09,509 - INFO -   Epoch [80/175] Loss: 1.7790
2026-02-23 14:26:10,159 - INFO -   Epoch [90/175] Loss: 2.6617
2026-02-23 14:26:10,809 - INFO -   Epoch [100/175] Loss: 1.6801
2026-02-23 14:26:11,458 - INFO -   Epoch [110/175] Loss: 1.6108
2026-02-23 14:26:12,114 - INFO -   Epoch [120/175] Loss: 1.7631
2026-02-23 14:26:12,769 - INFO -   Epoch [130/175] Loss: 1.9322
2026-02-23 14:26:13,423 - INFO -   Epoch [140/175] Loss: 1.6868
2026-02-23 14:26:14,069 - INFO -   Epoch [150/175] Loss: 1.8790
2026-02-23 14:26:14,717 - INFO -   Epoch [160/175] Loss: 1.6793
2026-02-23 14:26:15,345 - INFO -   Epoch [170/175] Loss: 1.5201
2026-02-23 14:26:16,370 - INFO -   Train Loss: 1.9788
2026-02-23 14:26:16,370 - INFO -   Train Accuracy: 25.57%
2026-02-23 14:26:16,370 - INFO -   Val Loss: 2.0372
2026-02-23 14:26:16,370 - INFO -   Val Accuracy: 21.50% | F1: 0.1126
2026-02-23 14:26:16,370 - INFO -   LR: 0.001000
2026-02-23 14:26:16,370 - INFO -   Patience: 5/15
2026-02-23 14:26:16,370 - INFO - 
Epoch 23/100
2026-02-23 14:26:17,017 - INFO -   Epoch [10/175] Loss: 1.6347
2026-02-23 14:26:17,671 - INFO -   Epoch [20/175] Loss: 2.6938
2026-02-23 14:26:18,290 - INFO -   Epoch [30/175] Loss: 1.9461
2026-02-23 14:26:18,909 - INFO -   Epoch [40/175] Loss: 1.5866
2026-02-23 14:26:19,529 - INFO -   Epoch [50/175] Loss: 2.4147
2026-02-23 14:26:20,181 - INFO -   Epoch [60/175] Loss: 2.6406
2026-02-23 14:26:20,831 - INFO -   Epoch [70/175] Loss: 1.7380
2026-02-23 14:26:21,476 - INFO -   Epoch [80/175] Loss: 1.9049
2026-02-23 14:26:22,121 - INFO -   Epoch [90/175] Loss: 1.9223
2026-02-23 14:26:22,769 - INFO -   Epoch [100/175] Loss: 1.8222
2026-02-23 14:26:23,415 - INFO -   Epoch [110/175] Loss: 2.1596
2026-02-23 14:26:24,061 - INFO -   Epoch [120/175] Loss: 1.8000
2026-02-23 14:26:24,706 - INFO -   Epoch [130/175] Loss: 1.8448
2026-02-23 14:26:25,345 - INFO -   Epoch [140/175] Loss: 1.7890
2026-02-23 14:26:25,979 - INFO -   Epoch [150/175] Loss: 1.7445
2026-02-23 14:26:26,620 - INFO -   Epoch [160/175] Loss: 1.8355
2026-02-23 14:26:27,263 - INFO -   Epoch [170/175] Loss: 1.5278
2026-02-23 14:26:28,287 - INFO -   Train Loss: 1.9497
2026-02-23 14:26:28,287 - INFO -   Train Accuracy: 29.86%
2026-02-23 14:26:28,287 - INFO -   Val Loss: 2.0609
2026-02-23 14:26:28,287 - INFO -   Val Accuracy: 38.50% | F1: 0.1653
2026-02-23 14:26:28,287 - INFO -   LR: 0.001000
2026-02-23 14:26:28,287 - INFO -   Patience: 6/15
2026-02-23 14:26:28,287 - INFO - 
Epoch 24/100
2026-02-23 14:26:28,931 - INFO -   Epoch [10/175] Loss: 2.0502
2026-02-23 14:26:29,566 - INFO -   Epoch [20/175] Loss: 2.0304
2026-02-23 14:26:30,214 - INFO -   Epoch [30/175] Loss: 1.7760
2026-02-23 14:26:30,861 - INFO -   Epoch [40/175] Loss: 1.7182
2026-02-23 14:26:31,508 - INFO -   Epoch [50/175] Loss: 1.6656
2026-02-23 14:26:32,159 - INFO -   Epoch [60/175] Loss: 1.8380
2026-02-23 14:26:32,814 - INFO -   Epoch [70/175] Loss: 1.5576
2026-02-23 14:26:33,465 - INFO -   Epoch [80/175] Loss: 2.9880
2026-02-23 14:26:34,115 - INFO -   Epoch [90/175] Loss: 1.9630
2026-02-23 14:26:34,755 - INFO -   Epoch [100/175] Loss: 2.2596
2026-02-23 14:26:35,375 - INFO -   Epoch [110/175] Loss: 1.6637
2026-02-23 14:26:36,022 - INFO -   Epoch [120/175] Loss: 1.7273
2026-02-23 14:26:36,671 - INFO -   Epoch [130/175] Loss: 1.8488
2026-02-23 14:26:37,320 - INFO -   Epoch [140/175] Loss: 1.7140
2026-02-23 14:26:37,969 - INFO -   Epoch [150/175] Loss: 1.7991
2026-02-23 14:26:38,618 - INFO -   Epoch [160/175] Loss: 1.4921
2026-02-23 14:26:39,244 - INFO -   Epoch [170/175] Loss: 1.5975
2026-02-23 14:26:40,237 - INFO -   Train Loss: 1.9062
2026-02-23 14:26:40,237 - INFO -   Train Accuracy: 31.29%
2026-02-23 14:26:40,237 - INFO -   Val Loss: 1.9410
2026-02-23 14:26:40,237 - INFO -   Val Accuracy: 36.25% | F1: 0.1685
2026-02-23 14:26:40,237 - INFO -   LR: 0.000500
2026-02-23 14:26:40,237 - INFO -   Patience: 7/15
2026-02-23 14:26:40,237 - INFO - 
Epoch 25/100
2026-02-23 14:26:40,885 - INFO -   Epoch [10/175] Loss: 1.9673
2026-02-23 14:26:41,534 - INFO -   Epoch [20/175] Loss: 1.6438
2026-02-23 14:26:42,188 - INFO -   Epoch [30/175] Loss: 1.7090
2026-02-23 14:26:42,840 - INFO -   Epoch [40/175] Loss: 1.8152
2026-02-23 14:26:43,487 - INFO -   Epoch [50/175] Loss: 1.8768
2026-02-23 14:26:44,133 - INFO -   Epoch [60/175] Loss: 2.0566
2026-02-23 14:26:44,771 - INFO -   Epoch [70/175] Loss: 4.1334
2026-02-23 14:26:45,395 - INFO -   Epoch [80/175] Loss: 1.7592
2026-02-23 14:26:46,025 - INFO -   Epoch [90/175] Loss: 1.8402
2026-02-23 14:26:46,651 - INFO -   Epoch [100/175] Loss: 1.7392
2026-02-23 14:26:47,303 - INFO -   Epoch [110/175] Loss: 2.4072
2026-02-23 14:26:47,946 - INFO -   Epoch [120/175] Loss: 1.7679
2026-02-23 14:26:48,587 - INFO -   Epoch [130/175] Loss: 1.9975
2026-02-23 14:26:49,240 - INFO -   Epoch [140/175] Loss: 1.7886
2026-02-23 14:26:49,887 - INFO -   Epoch [150/175] Loss: 1.9783
2026-02-23 14:26:50,534 - INFO -   Epoch [160/175] Loss: 1.5777
2026-02-23 14:26:51,175 - INFO -   Epoch [170/175] Loss: 1.4172
2026-02-23 14:26:52,197 - INFO -   Train Loss: 1.9026
2026-02-23 14:26:52,197 - INFO -   Train Accuracy: 31.54%
2026-02-23 14:26:52,197 - INFO -   Val Loss: 2.0217
2026-02-23 14:26:52,197 - INFO -   Val Accuracy: 35.25% | F1: 0.1947
2026-02-23 14:26:52,197 - INFO -   LR: 0.000500
2026-02-23 14:26:52,197 - INFO -   Patience: 8/15
2026-02-23 14:26:52,198 - INFO - 
Epoch 26/100
2026-02-23 14:26:52,850 - INFO -   Epoch [10/175] Loss: 1.6436
2026-02-23 14:26:53,499 - INFO -   Epoch [20/175] Loss: 1.7684
2026-02-23 14:26:54,144 - INFO -   Epoch [30/175] Loss: 1.8084
2026-02-23 14:26:54,789 - INFO -   Epoch [40/175] Loss: 1.9143
2026-02-23 14:26:55,433 - INFO -   Epoch [50/175] Loss: 1.7026
2026-02-23 14:26:56,084 - INFO -   Epoch [60/175] Loss: 1.6551
2026-02-23 14:26:56,735 - INFO -   Epoch [70/175] Loss: 1.7652
2026-02-23 14:26:57,380 - INFO -   Epoch [80/175] Loss: 1.9278
2026-02-23 14:26:58,029 - INFO -   Epoch [90/175] Loss: 1.8973
2026-02-23 14:26:58,674 - INFO -   Epoch [100/175] Loss: 2.1324
2026-02-23 14:26:59,324 - INFO -   Epoch [110/175] Loss: 1.9723
2026-02-23 14:26:59,975 - INFO -   Epoch [120/175] Loss: 2.1532
2026-02-23 14:27:00,626 - INFO -   Epoch [130/175] Loss: 1.8065
2026-02-23 14:27:01,274 - INFO -   Epoch [140/175] Loss: 1.6636
2026-02-23 14:27:01,922 - INFO -   Epoch [150/175] Loss: 1.6905
2026-02-23 14:27:02,572 - INFO -   Epoch [160/175] Loss: 1.9933
2026-02-23 14:27:03,221 - INFO -   Epoch [170/175] Loss: 1.9546
2026-02-23 14:27:04,243 - INFO -   Train Loss: 1.8685
2026-02-23 14:27:04,243 - INFO -   Train Accuracy: 27.71%
2026-02-23 14:27:04,243 - INFO -   Val Loss: 2.0544
2026-02-23 14:27:04,243 - INFO -   Val Accuracy: 29.75% | F1: 0.1578
2026-02-23 14:27:04,243 - INFO -   LR: 0.000500
2026-02-23 14:27:04,243 - INFO -   Patience: 9/15
2026-02-23 14:27:04,243 - INFO - 
Epoch 27/100
2026-02-23 14:27:04,891 - INFO -   Epoch [10/175] Loss: 1.6737
2026-02-23 14:27:05,539 - INFO -   Epoch [20/175] Loss: 2.0578
2026-02-23 14:27:06,191 - INFO -   Epoch [30/175] Loss: 1.6075
2026-02-23 14:27:06,843 - INFO -   Epoch [40/175] Loss: 1.8951
2026-02-23 14:27:07,494 - INFO -   Epoch [50/175] Loss: 1.8125
2026-02-23 14:27:08,145 - INFO -   Epoch [60/175] Loss: 1.5903
2026-02-23 14:27:08,793 - INFO -   Epoch [70/175] Loss: 3.6290
2026-02-23 14:27:09,442 - INFO -   Epoch [80/175] Loss: 1.6071
2026-02-23 14:27:10,088 - INFO -   Epoch [90/175] Loss: 1.9433
2026-02-23 14:27:10,736 - INFO -   Epoch [100/175] Loss: 1.6983
2026-02-23 14:27:11,380 - INFO -   Epoch [110/175] Loss: 2.0294
2026-02-23 14:27:12,032 - INFO -   Epoch [120/175] Loss: 1.4369
2026-02-23 14:27:12,687 - INFO -   Epoch [130/175] Loss: 1.5865
2026-02-23 14:27:13,341 - INFO -   Epoch [140/175] Loss: 1.7089
2026-02-23 14:27:13,989 - INFO -   Epoch [150/175] Loss: 2.0244
2026-02-23 14:27:14,636 - INFO -   Epoch [160/175] Loss: 3.7790
2026-02-23 14:27:15,283 - INFO -   Epoch [170/175] Loss: 1.7704
2026-02-23 14:27:16,298 - INFO -   Train Loss: 1.8797
2026-02-23 14:27:16,298 - INFO -   Train Accuracy: 34.25%
2026-02-23 14:27:16,298 - INFO -   Val Loss: 2.0552
2026-02-23 14:27:16,298 - INFO -   Val Accuracy: 34.75% | F1: 0.1708
2026-02-23 14:27:16,298 - INFO -   LR: 0.000500
2026-02-23 14:27:16,298 - INFO -   Patience: 10/15
2026-02-23 14:27:16,298 - INFO - 
Epoch 28/100
2026-02-23 14:27:16,946 - INFO -   Epoch [10/175] Loss: 1.7894
2026-02-23 14:27:17,598 - INFO -   Epoch [20/175] Loss: 1.7808
2026-02-23 14:27:18,251 - INFO -   Epoch [30/175] Loss: 2.0222
2026-02-23 14:27:18,905 - INFO -   Epoch [40/175] Loss: 1.5580
2026-02-23 14:27:19,560 - INFO -   Epoch [50/175] Loss: 1.7135
2026-02-23 14:27:20,217 - INFO -   Epoch [60/175] Loss: 1.7189
2026-02-23 14:27:20,870 - INFO -   Epoch [70/175] Loss: 2.0057
2026-02-23 14:27:21,519 - INFO -   Epoch [80/175] Loss: 1.8231
2026-02-23 14:27:22,167 - INFO -   Epoch [90/175] Loss: 1.6280
2026-02-23 14:27:22,818 - INFO -   Epoch [100/175] Loss: 1.7298
2026-02-23 14:27:23,472 - INFO -   Epoch [110/175] Loss: 2.8056
2026-02-23 14:27:24,146 - INFO -   Epoch [120/175] Loss: 1.9194
2026-02-23 14:27:24,777 - INFO -   Epoch [130/175] Loss: 1.5875
2026-02-23 14:27:25,406 - INFO -   Epoch [140/175] Loss: 1.8941
2026-02-23 14:27:26,029 - INFO -   Epoch [150/175] Loss: 1.7629
2026-02-23 14:27:26,652 - INFO -   Epoch [160/175] Loss: 1.8209
2026-02-23 14:27:27,294 - INFO -   Epoch [170/175] Loss: 1.8302
2026-02-23 14:27:28,328 - INFO -   Train Loss: 1.8694
2026-02-23 14:27:28,328 - INFO -   Train Accuracy: 29.64%
2026-02-23 14:27:28,328 - INFO -   Val Loss: 2.0456
2026-02-23 14:27:28,329 - INFO -   Val Accuracy: 24.75% | F1: 0.1445
2026-02-23 14:27:28,329 - INFO -   LR: 0.000500
2026-02-23 14:27:28,329 - INFO -   Patience: 11/15
2026-02-23 14:27:28,329 - INFO - 
Epoch 29/100
2026-02-23 14:27:28,981 - INFO -   Epoch [10/175] Loss: 1.9693
2026-02-23 14:27:29,636 - INFO -   Epoch [20/175] Loss: 1.8465
2026-02-23 14:27:30,284 - INFO -   Epoch [30/175] Loss: 2.0248
2026-02-23 14:27:30,935 - INFO -   Epoch [40/175] Loss: 1.7535
2026-02-23 14:27:31,583 - INFO -   Epoch [50/175] Loss: 1.9166
2026-02-23 14:27:32,231 - INFO -   Epoch [60/175] Loss: 2.0530
2026-02-23 14:27:32,882 - INFO -   Epoch [70/175] Loss: 2.3368
2026-02-23 14:27:33,532 - INFO -   Epoch [80/175] Loss: 1.6786
2026-02-23 14:27:34,170 - INFO -   Epoch [90/175] Loss: 2.0561
2026-02-23 14:27:34,795 - INFO -   Epoch [100/175] Loss: 1.7930
2026-02-23 14:27:35,433 - INFO -   Epoch [110/175] Loss: 1.9125
2026-02-23 14:27:36,084 - INFO -   Epoch [120/175] Loss: 1.7493
2026-02-23 14:27:36,734 - INFO -   Epoch [130/175] Loss: 2.0207
2026-02-23 14:27:37,387 - INFO -   Epoch [140/175] Loss: 1.8182
2026-02-23 14:27:38,043 - INFO -   Epoch [150/175] Loss: 1.5061
2026-02-23 14:27:38,704 - INFO -   Epoch [160/175] Loss: 1.9960
2026-02-23 14:27:39,325 - INFO -   Epoch [170/175] Loss: 1.6776
2026-02-23 14:27:40,321 - INFO -   Train Loss: 1.8942
2026-02-23 14:27:40,321 - INFO -   Train Accuracy: 27.00%
2026-02-23 14:27:40,321 - INFO -   Val Loss: 2.0239
2026-02-23 14:27:40,321 - INFO -   Val Accuracy: 30.50% | F1: 0.1547
2026-02-23 14:27:40,321 - INFO -   LR: 0.000500
2026-02-23 14:27:40,321 - INFO -   Patience: 12/15
2026-02-23 14:27:40,321 - INFO - 
Epoch 30/100
2026-02-23 14:27:40,971 - INFO -   Epoch [10/175] Loss: 2.0996
2026-02-23 14:27:41,610 - INFO -   Epoch [20/175] Loss: 1.6039
2026-02-23 14:27:42,257 - INFO -   Epoch [30/175] Loss: 1.6791
2026-02-23 14:27:42,915 - INFO -   Epoch [40/175] Loss: 1.6403
2026-02-23 14:27:43,572 - INFO -   Epoch [50/175] Loss: 1.6745
2026-02-23 14:27:44,221 - INFO -   Epoch [60/175] Loss: 1.7147
2026-02-23 14:27:44,869 - INFO -   Epoch [70/175] Loss: 1.8853
2026-02-23 14:27:45,499 - INFO -   Epoch [80/175] Loss: 2.3939
2026-02-23 14:27:46,147 - INFO -   Epoch [90/175] Loss: 1.8273
2026-02-23 14:27:46,796 - INFO -   Epoch [100/175] Loss: 1.6806
2026-02-23 14:27:47,420 - INFO -   Epoch [110/175] Loss: 1.9775
2026-02-23 14:27:48,046 - INFO -   Epoch [120/175] Loss: 1.6784
2026-02-23 14:27:48,699 - INFO -   Epoch [130/175] Loss: 1.6501
2026-02-23 14:27:49,350 - INFO -   Epoch [140/175] Loss: 1.5960
2026-02-23 14:27:50,001 - INFO -   Epoch [150/175] Loss: 1.8768
2026-02-23 14:27:50,655 - INFO -   Epoch [160/175] Loss: 1.6920
2026-02-23 14:27:51,306 - INFO -   Epoch [170/175] Loss: 2.6196
2026-02-23 14:27:52,334 - INFO -   Train Loss: 1.8556
2026-02-23 14:27:52,334 - INFO -   Train Accuracy: 34.71%
2026-02-23 14:27:52,334 - INFO -   Val Loss: 1.9864
2026-02-23 14:27:52,334 - INFO -   Val Accuracy: 37.00% | F1: 0.1694
2026-02-23 14:27:52,334 - INFO -   LR: 0.000250
2026-02-23 14:27:52,334 - INFO -   Patience: 13/15
2026-02-23 14:27:52,335 - INFO - 
Epoch 31/100
2026-02-23 14:27:52,987 - INFO -   Epoch [10/175] Loss: 1.9717
2026-02-23 14:27:53,644 - INFO -   Epoch [20/175] Loss: 1.6804
2026-02-23 14:27:54,296 - INFO -   Epoch [30/175] Loss: 1.9792
2026-02-23 14:27:54,956 - INFO -   Epoch [40/175] Loss: 1.6556
2026-02-23 14:27:55,586 - INFO -   Epoch [50/175] Loss: 1.7287
2026-02-23 14:27:56,208 - INFO -   Epoch [60/175] Loss: 1.7139
2026-02-23 14:27:56,847 - INFO -   Epoch [70/175] Loss: 1.5557
2026-02-23 14:27:57,499 - INFO -   Epoch [80/175] Loss: 1.5083
2026-02-23 14:27:58,150 - INFO -   Epoch [90/175] Loss: 1.8781
2026-02-23 14:27:58,802 - INFO -   Epoch [100/175] Loss: 1.5827
2026-02-23 14:27:59,450 - INFO -   Epoch [110/175] Loss: 1.8526
2026-02-23 14:28:00,106 - INFO -   Epoch [120/175] Loss: 1.9285
2026-02-23 14:28:00,740 - INFO -   Epoch [130/175] Loss: 2.0543
2026-02-23 14:28:01,386 - INFO -   Epoch [140/175] Loss: 1.8177
2026-02-23 14:28:02,020 - INFO -   Epoch [150/175] Loss: 2.1610
2026-02-23 14:28:02,650 - INFO -   Epoch [160/175] Loss: 1.5221
2026-02-23 14:28:03,302 - INFO -   Epoch [170/175] Loss: 1.9686
2026-02-23 14:28:04,332 - INFO -   Train Loss: 1.8413
2026-02-23 14:28:04,333 - INFO -   Train Accuracy: 34.00%
2026-02-23 14:28:04,333 - INFO -   Val Loss: 2.0270
2026-02-23 14:28:04,333 - INFO -   Val Accuracy: 33.75% | F1: 0.1585
2026-02-23 14:28:04,333 - INFO -   LR: 0.000250
2026-02-23 14:28:04,333 - INFO -   Patience: 14/15
2026-02-23 14:28:04,333 - INFO - 
Epoch 32/100
2026-02-23 14:28:04,968 - INFO -   Epoch [10/175] Loss: 1.7948
2026-02-23 14:28:05,593 - INFO -   Epoch [20/175] Loss: 1.8616
2026-02-23 14:28:06,234 - INFO -   Epoch [30/175] Loss: 1.7648
2026-02-23 14:28:06,881 - INFO -   Epoch [40/175] Loss: 1.6786
2026-02-23 14:28:07,530 - INFO -   Epoch [50/175] Loss: 1.4170
2026-02-23 14:28:08,177 - INFO -   Epoch [60/175] Loss: 1.6460
2026-02-23 14:28:08,825 - INFO -   Epoch [70/175] Loss: 1.5548
2026-02-23 14:28:09,477 - INFO -   Epoch [80/175] Loss: 1.3431
2026-02-23 14:28:10,124 - INFO -   Epoch [90/175] Loss: 1.8635
2026-02-23 14:28:10,770 - INFO -   Epoch [100/175] Loss: 1.8885
2026-02-23 14:28:11,414 - INFO -   Epoch [110/175] Loss: 1.8480
2026-02-23 14:28:12,049 - INFO -   Epoch [120/175] Loss: 1.9787
2026-02-23 14:28:12,695 - INFO -   Epoch [130/175] Loss: 1.6837
2026-02-23 14:28:13,340 - INFO -   Epoch [140/175] Loss: 1.5446
2026-02-23 14:28:13,990 - INFO -   Epoch [150/175] Loss: 1.7601
2026-02-23 14:28:14,639 - INFO -   Epoch [160/175] Loss: 1.9787
2026-02-23 14:28:15,286 - INFO -   Epoch [170/175] Loss: 2.2681
2026-02-23 14:28:16,301 - INFO -   Train Loss: 1.8593
2026-02-23 14:28:16,301 - INFO -   Train Accuracy: 32.68%
2026-02-23 14:28:16,301 - INFO -   Val Loss: 2.0750
2026-02-23 14:28:16,301 - INFO -   Val Accuracy: 26.25% | F1: 0.1473
2026-02-23 14:28:16,301 - INFO -   LR: 0.000250
2026-02-23 14:28:16,301 - INFO -   Patience: 15/15
2026-02-23 14:28:16,301 - INFO - 
✓ Early stopping at epoch 32
2026-02-23 14:28:16,301 - INFO - 
✓ Training completed!
2026-02-23 14:28:16,301 - INFO -   Best Accuracy: 39.25%
2026-02-23 14:28:16,301 - INFO - 
================================================================================
2026-02-23 14:28:16,301 - INFO - Step 7: Testing
2026-02-23 14:28:16,301 - INFO - ================================================================================
2026-02-23 14:28:16,333 - INFO - ✓ Loaded best model from epoch 17
2026-02-23 14:28:17,707 - INFO - 
Test Results:
2026-02-23 14:28:17,707 - INFO -   - Accuracy: 35.38%
2026-02-23 14:28:17,707 - INFO -   - F1 Score: 0.1474
2026-02-23 14:28:17,716 - INFO - 
✓ All results saved to outputs/shenzhen_pure_graph_20260223_135851
2026-02-23 14:28:17,716 - INFO - ================================================================================
2026-02-23 14:28:17,716 - INFO - 
================================================================================
2026-02-23 14:28:17,717 - INFO - Training Time Statistics
2026-02-23 14:28:17,717 - INFO - ================================================================================
2026-02-23 14:28:17,717 - INFO - Start time:    2026-02-23 13:58:51
2026-02-23 14:28:17,717 - INFO - End time:      2026-02-23 14:28:17
2026-02-23 14:28:17,717 - INFO - Total time:    00:29:25 (1765.75 seconds)
2026-02-23 14:28:17,717 - INFO -                (29.43 minutes, 0.49 hours)
2026-02-23 14:28:17,717 - INFO - ================================================================================
2026-02-23 14:28:17,717 - INFO - ✓ Timing info saved to outputs/shenzhen_pure_graph_20260223_135851/metrics/timing_info.json
2026-02-23 14:28:17,717 - INFO - ================================================================================
