2026-03-10 16:57:16,185 - INFO - ================================================================================
2026-03-10 16:57:16,185 - INFO - 完整的双分支模型训练
2026-03-10 16:57:16,185 - INFO - ================================================================================
2026-03-10 16:57:16,185 - INFO - 训练开始时间: 2026-03-10 16:57:16
2026-03-10 16:57:16,185 - INFO - 
架构:
2026-03-10 16:57:16,185 - INFO -   - 时序分支: LSTMOnlyBranch (68.84% baseline)
2026-03-10 16:57:16,185 - INFO -   - 空间分支: PureGraphDualYearGCN
2026-03-10 16:57:16,185 - INFO -   - 融合: GatedFeatureFusion (6 features)
2026-03-10 16:57:16,185 - INFO -   - 分类器: MLP (256 → 128 → 9)
2026-03-10 16:57:16,186 - INFO - 
================================================================================
2026-03-10 16:57:16,186 - INFO - Step 1: 加载数据
2026-03-10 16:57:16,186 - INFO - ================================================================================
2026-03-10 16:57:16,187 - INFO - ================================================================================
2026-03-10 16:57:16,187 - INFO - Loading Preprocessed Data from Cache
2026-03-10 16:57:16,187 - INFO - ================================================================================
2026-03-10 16:57:16,187 - INFO - Cache file: data/cache/dual_year_data_4e28048dc343.pkl
/opt/conda/lib/python3.11/site-packages/torch/storage.py:414: FutureWarning: You are using `torch.load` with `weights_only=False` (the current default value), which uses the default pickle module implicitly. It is possible to construct malicious pickle data which will execute arbitrary code during unpickling (See https://github.com/pytorch/pytorch/blob/main/SECURITY.md#untrusted-models for more details). In a future release, the default value for `weights_only` will be flipped to `True`. This limits the functions that could be executed during unpickling. Arbitrary objects will no longer be allowed to be loaded via this mode unless they are explicitly allowlisted by the user via `torch.serialization.add_safe_globals`. We recommend you start setting `weights_only=True` for any use case where you don't have full control of the loaded file. Please open an issue on GitHub for any issues related to this experimental feature.
  return torch.load(io.BytesIO(b))
2026-03-10 16:57:16,721 - INFO - Cache Information:
  Label file: data/label_sgh.csv
  Label file hash: 8e8a9e9d
  Data 2021 mtime: 1772683267
  Data 2024 mtime: 1772683256
  Samples per class: ALL
  Total grids: 4143
  Static flow graph 2021: 17114138 edges
  Static flow graph 2024: 15122681 edges
  Flow threshold: 0.0
  Feature shape: (168, 2)
  Class distribution:
    Class 1: 500 samples (weight: 0.9207)
    Class 2: 259 samples (weight: 1.7773)
    Class 3: 384 samples (weight: 1.1988)
    Class 4: 500 samples (weight: 0.9207)
    Class 5: 500 samples (weight: 0.9207)
    Class 6: 500 samples (weight: 0.9207)
    Class 7: 500 samples (weight: 0.9207)
    Class 8: 500 samples (weight: 0.9207)
    Class 9: 500 samples (weight: 0.9207)

2026-03-10 16:57:16,721 - INFO - ✓ Successfully loaded cached data!
2026-03-10 16:57:16,721 - INFO -   - Total grids: 4143
2026-03-10 16:57:16,721 - INFO -   - Graphs 2021: 1 daily snapshots
2026-03-10 16:57:16,721 - INFO -   - Graphs 2024: 1 daily snapshots
2026-03-10 16:57:16,721 - INFO -   - Load time: 0.53 seconds
2026-03-10 16:57:16,721 - INFO - ================================================================================
2026-03-10 16:57:16,721 - INFO - ✓ 数据加载成功
2026-03-10 16:57:16,721 - INFO -   - 总网格数: 4143
2026-03-10 16:57:16,721 - INFO - 
================================================================================
2026-03-10 16:57:16,721 - INFO - Step 2: 准备时序特征
2026-03-10 16:57:16,721 - INFO - ================================================================================
2026-03-10 16:57:16,751 - INFO - ✓ 时序特征准备完成 (单特征: total_log)
2026-03-10 16:57:16,751 - INFO - 
================================================================================
2026-03-10 16:57:16,751 - INFO - Step 3: 创建数据集
2026-03-10 16:57:16,751 - INFO - ================================================================================
2026-03-10 16:57:16,751 - INFO - ✓ 数据集创建成功: 4143 个样本
2026-03-10 16:57:16,752 - INFO -   - 训练集: 2900
2026-03-10 16:57:16,752 - INFO -   - 验证集: 414
2026-03-10 16:57:16,752 - INFO -   - 测试集: 829
2026-03-10 16:57:16,889 - INFO - ✓ 数据加载器创建成功
2026-03-10 16:57:16,890 - INFO - 
================================================================================
2026-03-10 16:57:16,890 - INFO - Step 4: 创建模型
2026-03-10 16:57:16,890 - INFO - ================================================================================
2026-03-10 16:57:16,890 - INFO - 使用设备: cuda
2026-03-10 16:57:17,380 - INFO - ✓ 模型创建成功
2026-03-10 16:57:17,380 - INFO -   - 总参数: 2,072,847
2026-03-10 16:57:17,380 - INFO -   - 时序分支: LSTMOnlyBranch (128 hidden)
2026-03-10 16:57:17,380 - INFO -   - 空间分支: PureGraphDualYearGCN (128 hidden)
2026-03-10 16:57:17,380 - INFO -   - 融合: GatedFeatureFusion (6 features)
2026-03-10 16:57:17,380 - INFO -   - 分类器: MLP (256 → 128 → 9)
/opt/conda/lib/python3.11/site-packages/torch/optim/lr_scheduler.py:60: UserWarning: The verbose parameter is deprecated. Please use get_last_lr() to access the learning rate.
  warnings.warn(
2026-03-10 16:57:17,381 - INFO - ✓ 训练设置完成
2026-03-10 16:57:17,381 - INFO -   - 优化器: Adam (lr=0.0001)
2026-03-10 16:57:17,381 - INFO -   - Scheduler: ReduceLROnPlateau (patience=5)
2026-03-10 16:57:17,381 - INFO -   - Early stopping patience: 20
2026-03-10 16:57:17,381 - INFO - 
================================================================================
2026-03-10 16:57:17,381 - INFO - Step 5: 训练
2026-03-10 16:57:17,381 - INFO - ================================================================================
2026-03-10 16:57:17,381 - INFO - 
Epoch 1/300
2026-03-10 16:57:32,208 - INFO -   Epoch [10/121] Loss: 2.1979
2026-03-10 16:57:46,528 - INFO -   Epoch [20/121] Loss: 2.1952
2026-03-10 16:58:00,850 - INFO -   Epoch [30/121] Loss: 2.1411
2026-03-10 16:58:15,179 - INFO -   Epoch [40/121] Loss: 2.1833
2026-03-10 16:58:29,518 - INFO -   Epoch [50/121] Loss: 2.1401
2026-03-10 16:58:43,851 - INFO -   Epoch [60/121] Loss: 2.1065
2026-03-10 16:58:58,169 - INFO -   Epoch [70/121] Loss: 2.0647
2026-03-10 16:59:12,516 - INFO -   Epoch [80/121] Loss: 2.1073
2026-03-10 16:59:24,882 - INFO -   Epoch [90/121] Loss: 2.0104
2026-03-10 16:59:35,839 - INFO -   Epoch [100/121] Loss: 2.0008
2026-03-10 16:59:46,791 - INFO -   Epoch [110/121] Loss: 2.0744
2026-03-10 16:59:57,814 - INFO -   Epoch [120/121] Loss: 1.9851
2026-03-10 17:00:01,248 - INFO -   Train Loss: 2.1249
2026-03-10 17:00:01,248 - INFO -   Train Accuracy: 19.69%
2026-03-10 17:00:01,248 - INFO -   Val Loss: 1.9675
2026-03-10 17:00:01,248 - INFO -   Val Accuracy: 40.58% | F1: 0.3300
2026-03-10 17:00:01,248 - INFO -   LR: 0.000100
2026-03-10 17:00:01,287 - INFO -   ✓ 新的最佳模型! (Acc: 40.58%)
2026-03-10 17:00:01,287 - INFO -   Patience: 0/20
2026-03-10 17:00:01,287 - INFO - 
Epoch 2/300
2026-03-10 17:00:12,219 - INFO -   Epoch [10/121] Loss: 2.0575
2026-03-10 17:00:23,146 - INFO -   Epoch [20/121] Loss: 1.8917
2026-03-10 17:00:35,217 - INFO -   Epoch [30/121] Loss: 1.8988
2026-03-10 17:00:48,144 - INFO -   Epoch [40/121] Loss: 1.7536
2026-03-10 17:01:00,970 - INFO -   Epoch [50/121] Loss: 1.9348
2026-03-10 17:01:13,709 - INFO -   Epoch [60/121] Loss: 1.7090
2026-03-10 17:01:26,726 - INFO -   Epoch [70/121] Loss: 2.0066
2026-03-10 17:01:39,681 - INFO -   Epoch [80/121] Loss: 1.8930
2026-03-10 17:01:52,363 - INFO -   Epoch [90/121] Loss: 1.8098
2026-03-10 17:02:05,019 - INFO -   Epoch [100/121] Loss: 1.7835
2026-03-10 17:02:17,908 - INFO -   Epoch [110/121] Loss: 1.9180
2026-03-10 17:02:30,725 - INFO -   Epoch [120/121] Loss: 1.8072
2026-03-10 17:02:33,960 - INFO -   Train Loss: 1.8796
2026-03-10 17:02:33,961 - INFO -   Train Accuracy: 35.59%
2026-03-10 17:02:33,961 - INFO -   Val Loss: 1.6944
2026-03-10 17:02:33,961 - INFO -   Val Accuracy: 49.76% | F1: 0.4516
2026-03-10 17:02:33,961 - INFO -   LR: 0.000100
2026-03-10 17:02:35,327 - INFO -   ✓ 新的最佳模型! (Acc: 49.76%)
2026-03-10 17:02:35,349 - INFO -   Patience: 0/20
2026-03-10 17:02:35,349 - INFO - 
Epoch 3/300
2026-03-10 17:02:49,177 - INFO -   Epoch [10/121] Loss: 1.6673
2026-03-10 17:03:02,942 - INFO -   Epoch [20/121] Loss: 1.7156
2026-03-10 17:03:17,549 - INFO -   Epoch [30/121] Loss: 1.8564
2026-03-10 17:03:31,894 - INFO -   Epoch [40/121] Loss: 1.5669
2026-03-10 17:03:46,250 - INFO -   Epoch [50/121] Loss: 1.8673
2026-03-10 17:04:00,592 - INFO -   Epoch [60/121] Loss: 1.8057
2026-03-10 17:04:14,910 - INFO -   Epoch [70/121] Loss: 1.4163
2026-03-10 17:04:29,252 - INFO -   Epoch [80/121] Loss: 1.7447
2026-03-10 17:04:43,582 - INFO -   Epoch [90/121] Loss: 1.6227
2026-03-10 17:04:57,928 - INFO -   Epoch [100/121] Loss: 1.7485
2026-03-10 17:05:12,273 - INFO -   Epoch [110/121] Loss: 1.4514
2026-03-10 17:05:26,607 - INFO -   Epoch [120/121] Loss: 1.9186
2026-03-10 17:05:30,312 - INFO -   Train Loss: 1.6858
2026-03-10 17:05:30,373 - INFO -   Train Accuracy: 43.17%
2026-03-10 17:05:30,373 - INFO -   Val Loss: 1.5967
2026-03-10 17:05:30,373 - INFO -   Val Accuracy: 51.93% | F1: 0.4783
2026-03-10 17:05:30,373 - INFO -   LR: 0.000100
2026-03-10 17:05:32,499 - INFO -   ✓ 新的最佳模型! (Acc: 51.93%)
2026-03-10 17:05:32,499 - INFO -   Patience: 0/20
2026-03-10 17:05:32,499 - INFO - 
Epoch 4/300
2026-03-10 17:05:46,861 - INFO -   Epoch [10/121] Loss: 1.4139
2026-03-10 17:06:01,256 - INFO -   Epoch [20/121] Loss: 1.4637
2026-03-10 17:06:15,867 - INFO -   Epoch [30/121] Loss: 1.4411
2026-03-10 17:06:30,500 - INFO -   Epoch [40/121] Loss: 2.0486
2026-03-10 17:06:45,183 - INFO -   Epoch [50/121] Loss: 1.4166
2026-03-10 17:06:59,901 - INFO -   Epoch [60/121] Loss: 1.7163
2026-03-10 17:07:14,562 - INFO -   Epoch [70/121] Loss: 1.8767
2026-03-10 17:07:29,210 - INFO -   Epoch [80/121] Loss: 1.3009
2026-03-10 17:07:43,567 - INFO -   Epoch [90/121] Loss: 1.2537
2026-03-10 17:07:58,216 - INFO -   Epoch [100/121] Loss: 1.4839
2026-03-10 17:08:12,846 - INFO -   Epoch [110/121] Loss: 1.3487
2026-03-10 17:08:27,184 - INFO -   Epoch [120/121] Loss: 1.4696
2026-03-10 17:08:30,547 - INFO -   Train Loss: 1.5959
2026-03-10 17:08:30,589 - INFO -   Train Accuracy: 46.93%
2026-03-10 17:08:30,589 - INFO -   Val Loss: 1.5047
2026-03-10 17:08:30,589 - INFO -   Val Accuracy: 53.14% | F1: 0.4908
2026-03-10 17:08:30,590 - INFO -   LR: 0.000100
2026-03-10 17:08:33,419 - INFO -   ✓ 新的最佳模型! (Acc: 53.14%)
2026-03-10 17:08:33,419 - INFO -   Patience: 0/20
2026-03-10 17:08:33,419 - INFO - 
Epoch 5/300
2026-03-10 17:08:47,658 - INFO -   Epoch [10/121] Loss: 1.6910
2026-03-10 17:09:02,010 - INFO -   Epoch [20/121] Loss: 1.3637
2026-03-10 17:09:16,367 - INFO -   Epoch [30/121] Loss: 1.5524
2026-03-10 17:09:30,751 - INFO -   Epoch [40/121] Loss: 1.5483
2026-03-10 17:09:45,085 - INFO -   Epoch [50/121] Loss: 1.5839
2026-03-10 17:09:59,418 - INFO -   Epoch [60/121] Loss: 1.7421
2026-03-10 17:10:13,808 - INFO -   Epoch [70/121] Loss: 1.8776
2026-03-10 17:10:27,924 - INFO -   Epoch [80/121] Loss: 1.3454
2026-03-10 17:10:42,271 - INFO -   Epoch [90/121] Loss: 1.8248
2026-03-10 17:10:56,626 - INFO -   Epoch [100/121] Loss: 1.6456
2026-03-10 17:11:10,968 - INFO -   Epoch [110/121] Loss: 1.6586
2026-03-10 17:11:25,289 - INFO -   Epoch [120/121] Loss: 1.3232
2026-03-10 17:11:28,566 - INFO -   Train Loss: 1.5214
2026-03-10 17:11:28,566 - INFO -   Train Accuracy: 49.14%
2026-03-10 17:11:28,566 - INFO -   Val Loss: 1.5047
2026-03-10 17:11:28,566 - INFO -   Val Accuracy: 55.56% | F1: 0.5269
2026-03-10 17:11:28,566 - INFO -   LR: 0.000100
2026-03-10 17:11:29,215 - INFO -   ✓ 新的最佳模型! (Acc: 55.56%)
2026-03-10 17:11:29,215 - INFO -   Patience: 0/20
2026-03-10 17:11:29,215 - INFO - 
Epoch 6/300
2026-03-10 17:11:41,386 - INFO -   Epoch [10/121] Loss: 1.3301
2026-03-10 17:11:52,414 - INFO -   Epoch [20/121] Loss: 1.2871
2026-03-10 17:12:03,355 - INFO -   Epoch [30/121] Loss: 1.2797
2026-03-10 17:12:14,298 - INFO -   Epoch [40/121] Loss: 1.4259
2026-03-10 17:12:25,227 - INFO -   Epoch [50/121] Loss: 1.6239
2026-03-10 17:12:36,224 - INFO -   Epoch [60/121] Loss: 1.4181
2026-03-10 17:12:47,251 - INFO -   Epoch [70/121] Loss: 1.2223
2026-03-10 17:12:59,610 - INFO -   Epoch [80/121] Loss: 1.5418
2026-03-10 17:13:12,387 - INFO -   Epoch [90/121] Loss: 1.4754
2026-03-10 17:13:25,162 - INFO -   Epoch [100/121] Loss: 1.8611
2026-03-10 17:13:37,914 - INFO -   Epoch [110/121] Loss: 1.4197
2026-03-10 17:13:50,538 - INFO -   Epoch [120/121] Loss: 1.6980
2026-03-10 17:13:53,589 - INFO -   Train Loss: 1.4768
2026-03-10 17:13:53,589 - INFO -   Train Accuracy: 50.83%
2026-03-10 17:13:53,589 - INFO -   Val Loss: 1.4533
2026-03-10 17:13:53,589 - INFO -   Val Accuracy: 55.07% | F1: 0.5095
2026-03-10 17:13:53,589 - INFO -   LR: 0.000100
2026-03-10 17:13:53,589 - INFO -   Patience: 1/20
2026-03-10 17:13:53,590 - INFO - 
Epoch 7/300
2026-03-10 17:14:06,271 - INFO -   Epoch [10/121] Loss: 1.7302
2026-03-10 17:14:19,068 - INFO -   Epoch [20/121] Loss: 1.4023
2026-03-10 17:14:31,784 - INFO -   Epoch [30/121] Loss: 1.4093
2026-03-10 17:14:44,452 - INFO -   Epoch [40/121] Loss: 1.4015
2026-03-10 17:14:57,168 - INFO -   Epoch [50/121] Loss: 1.3530
2026-03-10 17:15:09,950 - INFO -   Epoch [60/121] Loss: 1.5472
2026-03-10 17:15:22,656 - INFO -   Epoch [70/121] Loss: 1.5213
2026-03-10 17:15:35,356 - INFO -   Epoch [80/121] Loss: 1.7478
2026-03-10 17:15:48,084 - INFO -   Epoch [90/121] Loss: 1.5145
2026-03-10 17:16:00,924 - INFO -   Epoch [100/121] Loss: 1.3216
2026-03-10 17:16:15,266 - INFO -   Epoch [110/121] Loss: 1.1852
2026-03-10 17:16:29,628 - INFO -   Epoch [120/121] Loss: 1.2620
2026-03-10 17:16:32,895 - INFO -   Train Loss: 1.4344
2026-03-10 17:16:32,895 - INFO -   Train Accuracy: 50.86%
2026-03-10 17:16:32,895 - INFO -   Val Loss: 1.4374
2026-03-10 17:16:32,895 - INFO -   Val Accuracy: 52.90% | F1: 0.4758
2026-03-10 17:16:32,895 - INFO -   LR: 0.000100
2026-03-10 17:16:32,895 - INFO -   Patience: 2/20
2026-03-10 17:16:32,895 - INFO - 
Epoch 8/300
2026-03-10 17:16:47,080 - INFO -   Epoch [10/121] Loss: 1.7713
2026-03-10 17:17:01,436 - INFO -   Epoch [20/121] Loss: 1.0618
2026-03-10 17:17:15,791 - INFO -   Epoch [30/121] Loss: 1.3071
2026-03-10 17:17:30,127 - INFO -   Epoch [40/121] Loss: 1.3711
2026-03-10 17:17:44,521 - INFO -   Epoch [50/121] Loss: 1.3733
2026-03-10 17:17:58,841 - INFO -   Epoch [60/121] Loss: 1.5494
2026-03-10 17:18:13,188 - INFO -   Epoch [70/121] Loss: 1.3504
2026-03-10 17:18:27,548 - INFO -   Epoch [80/121] Loss: 1.6518
2026-03-10 17:18:41,877 - INFO -   Epoch [90/121] Loss: 1.5262
2026-03-10 17:18:56,213 - INFO -   Epoch [100/121] Loss: 1.3066
2026-03-10 17:19:10,576 - INFO -   Epoch [110/121] Loss: 1.6216
2026-03-10 17:19:24,890 - INFO -   Epoch [120/121] Loss: 1.7215
2026-03-10 17:19:28,123 - INFO -   Train Loss: 1.4132
2026-03-10 17:19:28,124 - INFO -   Train Accuracy: 52.24%
2026-03-10 17:19:28,124 - INFO -   Val Loss: 1.4620
2026-03-10 17:19:28,124 - INFO -   Val Accuracy: 57.49% | F1: 0.5456
2026-03-10 17:19:28,124 - INFO -   LR: 0.000100
2026-03-10 17:19:28,541 - INFO -   ✓ 新的最佳模型! (Acc: 57.49%)
2026-03-10 17:19:28,542 - INFO -   Patience: 0/20
2026-03-10 17:19:28,542 - INFO - 
Epoch 9/300
2026-03-10 17:19:42,855 - INFO -   Epoch [10/121] Loss: 1.3374
2026-03-10 17:19:57,207 - INFO -   Epoch [20/121] Loss: 1.4103
2026-03-10 17:20:11,570 - INFO -   Epoch [30/121] Loss: 1.6122
2026-03-10 17:20:25,936 - INFO -   Epoch [40/121] Loss: 1.6353
2026-03-10 17:20:40,317 - INFO -   Epoch [50/121] Loss: 1.4571
2026-03-10 17:20:54,669 - INFO -   Epoch [60/121] Loss: 1.2595
2026-03-10 17:21:09,021 - INFO -   Epoch [70/121] Loss: 1.3671
2026-03-10 17:21:23,370 - INFO -   Epoch [80/121] Loss: 1.4262
2026-03-10 17:21:37,716 - INFO -   Epoch [90/121] Loss: 1.2916
2026-03-10 17:21:52,053 - INFO -   Epoch [100/121] Loss: 1.4846
2026-03-10 17:22:06,396 - INFO -   Epoch [110/121] Loss: 1.1250
2026-03-10 17:22:20,769 - INFO -   Epoch [120/121] Loss: 1.5162
2026-03-10 17:22:24,243 - INFO -   Train Loss: 1.3890
2026-03-10 17:22:24,243 - INFO -   Train Accuracy: 53.38%
2026-03-10 17:22:24,243 - INFO -   Val Loss: 1.4162
2026-03-10 17:22:24,243 - INFO -   Val Accuracy: 57.00% | F1: 0.5310
2026-03-10 17:22:24,243 - INFO -   LR: 0.000100
2026-03-10 17:22:24,243 - INFO -   Patience: 1/20
2026-03-10 17:22:24,243 - INFO - 
Epoch 10/300
2026-03-10 17:22:38,591 - INFO -   Epoch [10/121] Loss: 1.1493
2026-03-10 17:22:52,960 - INFO -   Epoch [20/121] Loss: 1.2850
2026-03-10 17:23:07,294 - INFO -   Epoch [30/121] Loss: 1.4547
2026-03-10 17:23:21,624 - INFO -   Epoch [40/121] Loss: 1.6164
2026-03-10 17:23:35,982 - INFO -   Epoch [50/121] Loss: 1.6398
2026-03-10 17:23:50,320 - INFO -   Epoch [60/121] Loss: 1.2824
2026-03-10 17:24:04,678 - INFO -   Epoch [70/121] Loss: 1.4131
2026-03-10 17:24:19,013 - INFO -   Epoch [80/121] Loss: 1.6139
2026-03-10 17:24:33,320 - INFO -   Epoch [90/121] Loss: 1.4359
2026-03-10 17:24:47,645 - INFO -   Epoch [100/121] Loss: 1.3023
2026-03-10 17:25:02,012 - INFO -   Epoch [110/121] Loss: 1.6792
2026-03-10 17:25:15,534 - INFO -   Epoch [120/121] Loss: 1.3648
2026-03-10 17:25:18,428 - INFO -   Train Loss: 1.3568
2026-03-10 17:25:18,428 - INFO -   Train Accuracy: 53.97%
2026-03-10 17:25:18,428 - INFO -   Val Loss: 1.5103
2026-03-10 17:25:18,428 - INFO -   Val Accuracy: 53.62% | F1: 0.5029
2026-03-10 17:25:18,428 - INFO -   LR: 0.000100
2026-03-10 17:25:18,428 - INFO -   Patience: 2/20
2026-03-10 17:25:18,428 - INFO - 
Epoch 11/300
2026-03-10 17:25:29,381 - INFO -   Epoch [10/121] Loss: 1.4560
2026-03-10 17:25:40,446 - INFO -   Epoch [20/121] Loss: 1.1794
2026-03-10 17:25:51,497 - INFO -   Epoch [30/121] Loss: 1.1736
2026-03-10 17:26:02,513 - INFO -   Epoch [40/121] Loss: 1.4480
2026-03-10 17:26:13,478 - INFO -   Epoch [50/121] Loss: 1.4456
2026-03-10 17:26:24,413 - INFO -   Epoch [60/121] Loss: 1.4378
2026-03-10 17:26:37,193 - INFO -   Epoch [70/121] Loss: 0.9430
2026-03-10 17:26:49,964 - INFO -   Epoch [80/121] Loss: 1.6566
2026-03-10 17:27:02,663 - INFO -   Epoch [90/121] Loss: 1.3397
2026-03-10 17:27:15,318 - INFO -   Epoch [100/121] Loss: 1.3995
2026-03-10 17:27:28,014 - INFO -   Epoch [110/121] Loss: 1.3753
2026-03-10 17:27:40,715 - INFO -   Epoch [120/121] Loss: 1.7358
2026-03-10 17:27:43,815 - INFO -   Train Loss: 1.3597
2026-03-10 17:27:43,815 - INFO -   Train Accuracy: 54.24%
2026-03-10 17:27:43,815 - INFO -   Val Loss: 1.4663
2026-03-10 17:27:43,815 - INFO -   Val Accuracy: 55.31% | F1: 0.5097
2026-03-10 17:27:43,815 - INFO -   LR: 0.000100
2026-03-10 17:27:43,815 - INFO -   Patience: 3/20
2026-03-10 17:27:43,815 - INFO - 
Epoch 12/300
2026-03-10 17:27:56,338 - INFO -   Epoch [10/121] Loss: 1.4669
2026-03-10 17:28:09,046 - INFO -   Epoch [20/121] Loss: 1.3696
2026-03-10 17:28:21,757 - INFO -   Epoch [30/121] Loss: 1.0228
2026-03-10 17:28:34,459 - INFO -   Epoch [40/121] Loss: 1.4542
2026-03-10 17:28:47,061 - INFO -   Epoch [50/121] Loss: 1.2413
2026-03-10 17:28:59,888 - INFO -   Epoch [60/121] Loss: 1.1252
2026-03-10 17:29:12,696 - INFO -   Epoch [70/121] Loss: 1.2465
2026-03-10 17:29:25,411 - INFO -   Epoch [80/121] Loss: 1.1956
2026-03-10 17:29:38,105 - INFO -   Epoch [90/121] Loss: 1.5691
2026-03-10 17:29:52,457 - INFO -   Epoch [100/121] Loss: 1.0109
2026-03-10 17:30:06,826 - INFO -   Epoch [110/121] Loss: 1.4520
2026-03-10 17:30:21,170 - INFO -   Epoch [120/121] Loss: 1.3483
2026-03-10 17:30:24,475 - INFO -   Train Loss: 1.3142
2026-03-10 17:30:24,476 - INFO -   Train Accuracy: 55.07%
2026-03-10 17:30:24,476 - INFO -   Val Loss: 1.4718
2026-03-10 17:30:24,476 - INFO -   Val Accuracy: 45.41% | F1: 0.4446
2026-03-10 17:30:24,476 - INFO -   LR: 0.000100
2026-03-10 17:30:24,476 - INFO -   Patience: 4/20
2026-03-10 17:30:24,476 - INFO - 
Epoch 13/300
2026-03-10 17:30:38,825 - INFO -   Epoch [10/121] Loss: 0.9484
2026-03-10 17:30:53,163 - INFO -   Epoch [20/121] Loss: 1.2593
2026-03-10 17:31:07,471 - INFO -   Epoch [30/121] Loss: 1.4870
2026-03-10 17:31:21,869 - INFO -   Epoch [40/121] Loss: 1.2332
2026-03-10 17:31:36,193 - INFO -   Epoch [50/121] Loss: 1.0862
2026-03-10 17:31:50,506 - INFO -   Epoch [60/121] Loss: 1.0927
2026-03-10 17:32:04,818 - INFO -   Epoch [70/121] Loss: 1.3061
2026-03-10 17:32:19,136 - INFO -   Epoch [80/121] Loss: 1.3233
2026-03-10 17:32:33,459 - INFO -   Epoch [90/121] Loss: 1.4103
2026-03-10 17:32:47,790 - INFO -   Epoch [100/121] Loss: 1.5602
2026-03-10 17:33:02,141 - INFO -   Epoch [110/121] Loss: 1.1655
2026-03-10 17:33:16,468 - INFO -   Epoch [120/121] Loss: 0.9916
2026-03-10 17:33:19,704 - INFO -   Train Loss: 1.2688
2026-03-10 17:33:19,704 - INFO -   Train Accuracy: 56.86%
2026-03-10 17:33:19,704 - INFO -   Val Loss: 1.3115
2026-03-10 17:33:19,704 - INFO -   Val Accuracy: 50.97% | F1: 0.4791
2026-03-10 17:33:19,704 - INFO -   LR: 0.000100
2026-03-10 17:33:19,704 - INFO -   Patience: 5/20
2026-03-10 17:33:19,704 - INFO - 
Epoch 14/300
2026-03-10 17:33:33,853 - INFO -   Epoch [10/121] Loss: 1.5619
2026-03-10 17:33:48,197 - INFO -   Epoch [20/121] Loss: 1.2188
2026-03-10 17:34:02,530 - INFO -   Epoch [30/121] Loss: 1.7074
2026-03-10 17:34:16,879 - INFO -   Epoch [40/121] Loss: 1.0266
2026-03-10 17:34:31,199 - INFO -   Epoch [50/121] Loss: 1.5337
2026-03-10 17:34:45,532 - INFO -   Epoch [60/121] Loss: 1.3158
2026-03-10 17:34:59,858 - INFO -   Epoch [70/121] Loss: 1.6309
2026-03-10 17:35:14,225 - INFO -   Epoch [80/121] Loss: 1.3825
2026-03-10 17:35:28,581 - INFO -   Epoch [90/121] Loss: 1.2148
2026-03-10 17:35:42,960 - INFO -   Epoch [100/121] Loss: 1.3161
2026-03-10 17:35:57,318 - INFO -   Epoch [110/121] Loss: 0.8907
2026-03-10 17:36:11,622 - INFO -   Epoch [120/121] Loss: 1.5705
2026-03-10 17:36:14,931 - INFO -   Train Loss: 1.2387
2026-03-10 17:36:14,931 - INFO -   Train Accuracy: 58.17%
2026-03-10 17:36:14,931 - INFO -   Val Loss: 1.2768
2026-03-10 17:36:14,931 - INFO -   Val Accuracy: 51.93% | F1: 0.4937
2026-03-10 17:36:14,931 - INFO -   LR: 0.000100
2026-03-10 17:36:14,931 - INFO -   Patience: 6/20
2026-03-10 17:36:14,931 - INFO - 
Epoch 15/300
2026-03-10 17:36:29,281 - INFO -   Epoch [10/121] Loss: 1.4684
2026-03-10 17:36:43,602 - INFO -   Epoch [20/121] Loss: 1.0937
2026-03-10 17:36:57,927 - INFO -   Epoch [30/121] Loss: 1.3690
2026-03-10 17:37:12,306 - INFO -   Epoch [40/121] Loss: 0.8323
2026-03-10 17:37:26,666 - INFO -   Epoch [50/121] Loss: 1.0711
2026-03-10 17:37:41,023 - INFO -   Epoch [60/121] Loss: 1.1350
2026-03-10 17:37:55,368 - INFO -   Epoch [70/121] Loss: 1.0986
2026-03-10 17:38:09,719 - INFO -   Epoch [80/121] Loss: 1.1264
2026-03-10 17:38:24,027 - INFO -   Epoch [90/121] Loss: 1.0820
2026-03-10 17:38:38,361 - INFO -   Epoch [100/121] Loss: 1.0244
2026-03-10 17:38:52,648 - INFO -   Epoch [110/121] Loss: 1.0562
2026-03-10 17:39:03,704 - INFO -   Epoch [120/121] Loss: 1.3543
2026-03-10 17:39:06,590 - INFO -   Train Loss: 1.2011
2026-03-10 17:39:06,590 - INFO -   Train Accuracy: 59.41%
2026-03-10 17:39:06,590 - INFO -   Val Loss: 1.2357
2026-03-10 17:39:06,590 - INFO -   Val Accuracy: 50.24% | F1: 0.4831
2026-03-10 17:39:06,590 - INFO -   LR: 0.000050
2026-03-10 17:39:06,591 - INFO -   Patience: 7/20
2026-03-10 17:39:06,591 - INFO - 
Epoch 16/300
2026-03-10 17:39:17,543 - INFO -   Epoch [10/121] Loss: 1.0718
2026-03-10 17:39:28,601 - INFO -   Epoch [20/121] Loss: 1.2593
2026-03-10 17:39:39,719 - INFO -   Epoch [30/121] Loss: 1.2500
2026-03-10 17:39:50,733 - INFO -   Epoch [40/121] Loss: 1.2356
2026-03-10 17:40:01,723 - INFO -   Epoch [50/121] Loss: 1.1099
2026-03-10 17:40:14,017 - INFO -   Epoch [60/121] Loss: 1.2021
2026-03-10 17:40:26,851 - INFO -   Epoch [70/121] Loss: 1.2428
2026-03-10 17:40:39,779 - INFO -   Epoch [80/121] Loss: 1.2011
2026-03-10 17:40:52,451 - INFO -   Epoch [90/121] Loss: 1.2641
2026-03-10 17:41:05,187 - INFO -   Epoch [100/121] Loss: 1.0730
2026-03-10 17:41:17,976 - INFO -   Epoch [110/121] Loss: 1.1969
2026-03-10 17:41:30,790 - INFO -   Epoch [120/121] Loss: 1.0527
2026-03-10 17:41:33,901 - INFO -   Train Loss: 1.1651
2026-03-10 17:41:33,901 - INFO -   Train Accuracy: 60.52%
2026-03-10 17:41:33,901 - INFO -   Val Loss: 1.1175
2026-03-10 17:41:33,901 - INFO -   Val Accuracy: 66.91% | F1: 0.6395
2026-03-10 17:41:33,901 - INFO -   LR: 0.000050
2026-03-10 17:41:36,584 - INFO -   ✓ 新的最佳模型! (Acc: 66.91%)
2026-03-10 17:41:36,584 - INFO -   Patience: 0/20
2026-03-10 17:41:36,584 - INFO - 
Epoch 17/300
2026-03-10 17:41:49,425 - INFO -   Epoch [10/121] Loss: 0.9092
2026-03-10 17:42:02,118 - INFO -   Epoch [20/121] Loss: 1.2401
2026-03-10 17:42:14,953 - INFO -   Epoch [30/121] Loss: 1.0286
2026-03-10 17:42:27,802 - INFO -   Epoch [40/121] Loss: 0.9814
2026-03-10 17:42:40,581 - INFO -   Epoch [50/121] Loss: 1.2324
2026-03-10 17:42:54,205 - INFO -   Epoch [60/121] Loss: 0.8639
2026-03-10 17:43:08,522 - INFO -   Epoch [70/121] Loss: 1.2210
2026-03-10 17:43:22,871 - INFO -   Epoch [80/121] Loss: 0.9963
2026-03-10 17:43:37,207 - INFO -   Epoch [90/121] Loss: 1.1975
2026-03-10 17:43:51,522 - INFO -   Epoch [100/121] Loss: 1.2600
2026-03-10 17:44:05,858 - INFO -   Epoch [110/121] Loss: 1.0507
2026-03-10 17:44:20,183 - INFO -   Epoch [120/121] Loss: 1.0781
2026-03-10 17:44:23,450 - INFO -   Train Loss: 1.1593
2026-03-10 17:44:23,450 - INFO -   Train Accuracy: 60.76%
2026-03-10 17:44:23,450 - INFO -   Val Loss: 1.0404
2026-03-10 17:44:23,450 - INFO -   Val Accuracy: 69.08% | F1: 0.6564
2026-03-10 17:44:23,451 - INFO -   LR: 0.000050
2026-03-10 17:44:24,218 - INFO -   ✓ 新的最佳模型! (Acc: 69.08%)
2026-03-10 17:44:24,218 - INFO -   Patience: 0/20
2026-03-10 17:44:24,218 - INFO - 
Epoch 18/300
2026-03-10 17:44:38,375 - INFO -   Epoch [10/121] Loss: 0.7731
2026-03-10 17:44:52,753 - INFO -   Epoch [20/121] Loss: 1.4426
2026-03-10 17:45:07,080 - INFO -   Epoch [30/121] Loss: 1.1574
2026-03-10 17:45:21,408 - INFO -   Epoch [40/121] Loss: 1.4270
2026-03-10 17:45:35,736 - INFO -   Epoch [50/121] Loss: 1.2610
2026-03-10 17:45:50,052 - INFO -   Epoch [60/121] Loss: 0.8983
2026-03-10 17:46:04,359 - INFO -   Epoch [70/121] Loss: 1.1182
2026-03-10 17:46:18,700 - INFO -   Epoch [80/121] Loss: 1.0637
2026-03-10 17:46:33,089 - INFO -   Epoch [90/121] Loss: 1.3447
2026-03-10 17:46:47,396 - INFO -   Epoch [100/121] Loss: 1.5976
2026-03-10 17:47:01,722 - INFO -   Epoch [110/121] Loss: 1.2068
2026-03-10 17:47:16,093 - INFO -   Epoch [120/121] Loss: 0.9864
2026-03-10 17:47:19,373 - INFO -   Train Loss: 1.1344
2026-03-10 17:47:19,373 - INFO -   Train Accuracy: 61.03%
2026-03-10 17:47:19,373 - INFO -   Val Loss: 1.0385
2026-03-10 17:47:19,373 - INFO -   Val Accuracy: 67.63% | F1: 0.6438
2026-03-10 17:47:19,373 - INFO -   LR: 0.000050
2026-03-10 17:47:19,373 - INFO -   Patience: 1/20
2026-03-10 17:47:19,373 - INFO - 
Epoch 19/300
2026-03-10 17:47:33,480 - INFO -   Epoch [10/121] Loss: 1.2850
2026-03-10 17:47:47,813 - INFO -   Epoch [20/121] Loss: 1.1973
2026-03-10 17:48:02,156 - INFO -   Epoch [30/121] Loss: 1.3490
2026-03-10 17:48:16,490 - INFO -   Epoch [40/121] Loss: 1.0753
2026-03-10 17:48:30,816 - INFO -   Epoch [50/121] Loss: 1.0358
2026-03-10 17:48:45,149 - INFO -   Epoch [60/121] Loss: 1.2002
2026-03-10 17:48:59,492 - INFO -   Epoch [70/121] Loss: 0.8732
2026-03-10 17:49:13,832 - INFO -   Epoch [80/121] Loss: 1.4125
2026-03-10 17:49:28,159 - INFO -   Epoch [90/121] Loss: 1.2150
2026-03-10 17:49:42,538 - INFO -   Epoch [100/121] Loss: 1.2174
2026-03-10 17:49:56,850 - INFO -   Epoch [110/121] Loss: 0.9199
2026-03-10 17:50:11,138 - INFO -   Epoch [120/121] Loss: 1.4423
2026-03-10 17:50:14,407 - INFO -   Train Loss: 1.1163
2026-03-10 17:50:14,407 - INFO -   Train Accuracy: 62.28%
2026-03-10 17:50:14,407 - INFO -   Val Loss: 0.9774
2026-03-10 17:50:14,407 - INFO -   Val Accuracy: 68.36% | F1: 0.6512
2026-03-10 17:50:14,407 - INFO -   LR: 0.000050
2026-03-10 17:50:14,407 - INFO -   Patience: 2/20
2026-03-10 17:50:14,407 - INFO - 
Epoch 20/300
2026-03-10 17:50:28,817 - INFO -   Epoch [10/121] Loss: 1.6334
2026-03-10 17:50:43,129 - INFO -   Epoch [20/121] Loss: 1.1947
2026-03-10 17:50:57,418 - INFO -   Epoch [30/121] Loss: 1.3590
2026-03-10 17:51:11,759 - INFO -   Epoch [40/121] Loss: 1.2592
2026-03-10 17:51:26,097 - INFO -   Epoch [50/121] Loss: 1.0126
2026-03-10 17:51:40,447 - INFO -   Epoch [60/121] Loss: 1.1068
2026-03-10 17:51:54,751 - INFO -   Epoch [70/121] Loss: 0.7903
2026-03-10 17:52:06,395 - INFO -   Epoch [80/121] Loss: 0.8053
2026-03-10 17:52:17,455 - INFO -   Epoch [90/121] Loss: 1.0632
2026-03-10 17:52:28,381 - INFO -   Epoch [100/121] Loss: 1.0607
2026-03-10 17:52:39,307 - INFO -   Epoch [110/121] Loss: 0.9489
2026-03-10 17:52:50,278 - INFO -   Epoch [120/121] Loss: 1.3188
2026-03-10 17:52:53,151 - INFO -   Train Loss: 1.1094
2026-03-10 17:52:53,151 - INFO -   Train Accuracy: 63.14%
2026-03-10 17:52:53,151 - INFO -   Val Loss: 0.9728
2026-03-10 17:52:53,151 - INFO -   Val Accuracy: 67.87% | F1: 0.6511
2026-03-10 17:52:53,151 - INFO -   LR: 0.000050
2026-03-10 17:52:53,151 - INFO -   Patience: 3/20
2026-03-10 17:52:53,151 - INFO - 
Epoch 21/300
2026-03-10 17:53:04,173 - INFO -   Epoch [10/121] Loss: 1.4861
2026-03-10 17:53:15,426 - INFO -   Epoch [20/121] Loss: 0.8101
2026-03-10 17:53:28,030 - INFO -   Epoch [30/121] Loss: 1.2258
2026-03-10 17:53:40,683 - INFO -   Epoch [40/121] Loss: 1.1591
2026-03-10 17:53:53,443 - INFO -   Epoch [50/121] Loss: 0.7933
2026-03-10 17:54:06,248 - INFO -   Epoch [60/121] Loss: 1.1255
2026-03-10 17:54:18,962 - INFO -   Epoch [70/121] Loss: 1.1929
2026-03-10 17:54:31,605 - INFO -   Epoch [80/121] Loss: 0.9813
2026-03-10 17:54:44,493 - INFO -   Epoch [90/121] Loss: 1.2236
2026-03-10 17:54:57,172 - INFO -   Epoch [100/121] Loss: 1.0092
2026-03-10 17:55:09,847 - INFO -   Epoch [110/121] Loss: 1.1765
2026-03-10 17:55:22,618 - INFO -   Epoch [120/121] Loss: 1.3964
2026-03-10 17:55:25,641 - INFO -   Train Loss: 1.0934
2026-03-10 17:55:25,641 - INFO -   Train Accuracy: 62.97%
2026-03-10 17:55:25,641 - INFO -   Val Loss: 0.9808
2026-03-10 17:55:25,641 - INFO -   Val Accuracy: 68.60% | F1: 0.6494
2026-03-10 17:55:25,641 - INFO -   LR: 0.000050
2026-03-10 17:55:25,641 - INFO -   Patience: 4/20
2026-03-10 17:55:25,641 - INFO - 
Epoch 22/300
2026-03-10 17:55:38,368 - INFO -   Epoch [10/121] Loss: 1.1724
2026-03-10 17:55:51,116 - INFO -   Epoch [20/121] Loss: 0.8814
2026-03-10 17:56:03,837 - INFO -   Epoch [30/121] Loss: 1.3356
2026-03-10 17:56:16,548 - INFO -   Epoch [40/121] Loss: 1.5382
2026-03-10 17:56:30,057 - INFO -   Epoch [50/121] Loss: 1.1689
2026-03-10 17:56:44,369 - INFO -   Epoch [60/121] Loss: 1.3140
2026-03-10 17:56:58,699 - INFO -   Epoch [70/121] Loss: 0.9632
2026-03-10 17:57:13,023 - INFO -   Epoch [80/121] Loss: 1.2104
2026-03-10 17:57:27,327 - INFO -   Epoch [90/121] Loss: 0.8756
2026-03-10 17:57:41,632 - INFO -   Epoch [100/121] Loss: 0.8328
2026-03-10 17:57:55,942 - INFO -   Epoch [110/121] Loss: 1.2032
2026-03-10 17:58:10,243 - INFO -   Epoch [120/121] Loss: 0.9192
2026-03-10 17:58:13,500 - INFO -   Train Loss: 1.1184
2026-03-10 17:58:13,500 - INFO -   Train Accuracy: 61.28%
2026-03-10 17:58:13,500 - INFO -   Val Loss: 0.9804
2026-03-10 17:58:13,500 - INFO -   Val Accuracy: 67.39% | F1: 0.6504
2026-03-10 17:58:13,500 - INFO -   LR: 0.000050
2026-03-10 17:58:13,500 - INFO -   Patience: 5/20
2026-03-10 17:58:13,500 - INFO - 
Epoch 23/300
2026-03-10 17:58:27,843 - INFO -   Epoch [10/121] Loss: 1.1151
2026-03-10 17:58:42,180 - INFO -   Epoch [20/121] Loss: 0.8261
2026-03-10 17:58:56,528 - INFO -   Epoch [30/121] Loss: 1.0746
2026-03-10 17:59:10,830 - INFO -   Epoch [40/121] Loss: 0.8233
2026-03-10 17:59:25,185 - INFO -   Epoch [50/121] Loss: 1.2179
2026-03-10 17:59:39,501 - INFO -   Epoch [60/121] Loss: 0.9829
2026-03-10 17:59:53,823 - INFO -   Epoch [70/121] Loss: 1.5241
2026-03-10 18:00:08,144 - INFO -   Epoch [80/121] Loss: 1.0787
2026-03-10 18:00:22,448 - INFO -   Epoch [90/121] Loss: 0.7517
2026-03-10 18:00:36,767 - INFO -   Epoch [100/121] Loss: 0.8633
2026-03-10 18:00:51,080 - INFO -   Epoch [110/121] Loss: 1.1216
2026-03-10 18:01:05,405 - INFO -   Epoch [120/121] Loss: 0.9881
2026-03-10 18:01:08,625 - INFO -   Train Loss: 1.1006
2026-03-10 18:01:08,626 - INFO -   Train Accuracy: 62.72%
2026-03-10 18:01:08,626 - INFO -   Val Loss: 1.0157
2026-03-10 18:01:08,626 - INFO -   Val Accuracy: 66.67% | F1: 0.6480
2026-03-10 18:01:08,626 - INFO -   LR: 0.000050
2026-03-10 18:01:08,626 - INFO -   Patience: 6/20
2026-03-10 18:01:08,626 - INFO - 
Epoch 24/300
2026-03-10 18:01:23,010 - INFO -   Epoch [10/121] Loss: 1.1506
2026-03-10 18:01:37,339 - INFO -   Epoch [20/121] Loss: 0.9684
2026-03-10 18:01:51,697 - INFO -   Epoch [30/121] Loss: 1.2282
2026-03-10 18:02:05,975 - INFO -   Epoch [40/121] Loss: 0.7830
2026-03-10 18:02:20,271 - INFO -   Epoch [50/121] Loss: 1.3143
2026-03-10 18:02:34,589 - INFO -   Epoch [60/121] Loss: 1.0388
2026-03-10 18:02:48,932 - INFO -   Epoch [70/121] Loss: 1.3289
2026-03-10 18:03:03,229 - INFO -   Epoch [80/121] Loss: 1.1169
2026-03-10 18:03:17,518 - INFO -   Epoch [90/121] Loss: 0.6845
2026-03-10 18:03:31,826 - INFO -   Epoch [100/121] Loss: 1.1114
2026-03-10 18:03:46,126 - INFO -   Epoch [110/121] Loss: 1.0139
2026-03-10 18:04:00,450 - INFO -   Epoch [120/121] Loss: 1.1203
2026-03-10 18:04:03,698 - INFO -   Train Loss: 1.0929
2026-03-10 18:04:03,698 - INFO -   Train Accuracy: 62.24%
2026-03-10 18:04:03,699 - INFO -   Val Loss: 0.9374
2026-03-10 18:04:03,699 - INFO -   Val Accuracy: 68.60% | F1: 0.6537
2026-03-10 18:04:03,699 - INFO -   LR: 0.000025
2026-03-10 18:04:03,699 - INFO -   Patience: 7/20
2026-03-10 18:04:03,699 - INFO - 
Epoch 25/300
2026-03-10 18:04:18,076 - INFO -   Epoch [10/121] Loss: 1.1527
2026-03-10 18:04:32,379 - INFO -   Epoch [20/121] Loss: 1.2206
2026-03-10 18:04:46,694 - INFO -   Epoch [30/121] Loss: 1.3325
2026-03-10 18:05:00,994 - INFO -   Epoch [40/121] Loss: 1.0195
2026-03-10 18:05:15,281 - INFO -   Epoch [50/121] Loss: 1.4030
2026-03-10 18:05:29,611 - INFO -   Epoch [60/121] Loss: 0.9897
2026-03-10 18:05:41,832 - INFO -   Epoch [70/121] Loss: 1.3398
2026-03-10 18:05:52,774 - INFO -   Epoch [80/121] Loss: 1.4432
2026-03-10 18:06:03,706 - INFO -   Epoch [90/121] Loss: 0.9950
2026-03-10 18:06:14,729 - INFO -   Epoch [100/121] Loss: 1.1435
2026-03-10 18:06:25,755 - INFO -   Epoch [110/121] Loss: 0.7524
2026-03-10 18:06:36,681 - INFO -   Epoch [120/121] Loss: 1.1024
2026-03-10 18:06:39,536 - INFO -   Train Loss: 1.0648
2026-03-10 18:06:39,537 - INFO -   Train Accuracy: 64.45%
2026-03-10 18:06:39,537 - INFO -   Val Loss: 0.9390
2026-03-10 18:06:39,537 - INFO -   Val Accuracy: 69.08% | F1: 0.6596
2026-03-10 18:06:39,537 - INFO -   LR: 0.000025
2026-03-10 18:06:39,537 - INFO -   Patience: 8/20
2026-03-10 18:06:39,537 - INFO - 
Epoch 26/300
2026-03-10 18:06:51,266 - INFO -   Epoch [10/121] Loss: 0.8859
2026-03-10 18:07:04,003 - INFO -   Epoch [20/121] Loss: 0.9177
2026-03-10 18:07:16,818 - INFO -   Epoch [30/121] Loss: 0.7536
2026-03-10 18:07:29,502 - INFO -   Epoch [40/121] Loss: 0.8382
2026-03-10 18:07:42,194 - INFO -   Epoch [50/121] Loss: 0.8916
2026-03-10 18:07:54,997 - INFO -   Epoch [60/121] Loss: 1.2082
2026-03-10 18:08:07,795 - INFO -   Epoch [70/121] Loss: 1.0682
2026-03-10 18:08:20,341 - INFO -   Epoch [80/121] Loss: 1.1340
2026-03-10 18:08:33,027 - INFO -   Epoch [90/121] Loss: 1.1868
2026-03-10 18:08:45,717 - INFO -   Epoch [100/121] Loss: 1.0745
2026-03-10 18:08:58,359 - INFO -   Epoch [110/121] Loss: 1.2499
2026-03-10 18:09:10,976 - INFO -   Epoch [120/121] Loss: 1.3204
2026-03-10 18:09:13,990 - INFO -   Train Loss: 1.0753
2026-03-10 18:09:13,990 - INFO -   Train Accuracy: 63.93%
2026-03-10 18:09:13,990 - INFO -   Val Loss: 0.9739
2026-03-10 18:09:13,990 - INFO -   Val Accuracy: 67.63% | F1: 0.6537
2026-03-10 18:09:13,990 - INFO -   LR: 0.000025
2026-03-10 18:09:13,990 - INFO -   Patience: 9/20
2026-03-10 18:09:13,990 - INFO - 
Epoch 27/300
2026-03-10 18:09:26,688 - INFO -   Epoch [10/121] Loss: 1.0850
2026-03-10 18:09:39,461 - INFO -   Epoch [20/121] Loss: 1.1025
2026-03-10 18:09:52,316 - INFO -   Epoch [30/121] Loss: 0.8176
2026-03-10 18:10:06,584 - INFO -   Epoch [40/121] Loss: 1.5350
2026-03-10 18:10:20,881 - INFO -   Epoch [50/121] Loss: 1.3910
2026-03-10 18:10:35,189 - INFO -   Epoch [60/121] Loss: 0.9197
2026-03-10 18:10:49,518 - INFO -   Epoch [70/121] Loss: 0.9680
2026-03-10 18:11:03,840 - INFO -   Epoch [80/121] Loss: 1.0485
2026-03-10 18:11:18,164 - INFO -   Epoch [90/121] Loss: 1.3601
2026-03-10 18:11:32,444 - INFO -   Epoch [100/121] Loss: 0.9258
2026-03-10 18:11:46,776 - INFO -   Epoch [110/121] Loss: 1.0601
2026-03-10 18:12:01,067 - INFO -   Epoch [120/121] Loss: 1.1201
2026-03-10 18:12:04,363 - INFO -   Train Loss: 1.0701
2026-03-10 18:12:04,363 - INFO -   Train Accuracy: 64.28%
2026-03-10 18:12:04,363 - INFO -   Val Loss: 0.9445
2026-03-10 18:12:04,363 - INFO -   Val Accuracy: 67.15% | F1: 0.6519
2026-03-10 18:12:04,363 - INFO -   LR: 0.000025
2026-03-10 18:12:04,363 - INFO -   Patience: 10/20
2026-03-10 18:12:04,363 - INFO - 
Epoch 28/300
2026-03-10 18:12:18,651 - INFO -   Epoch [10/121] Loss: 0.9712
2026-03-10 18:12:32,935 - INFO -   Epoch [20/121] Loss: 1.0557
2026-03-10 18:12:47,259 - INFO -   Epoch [30/121] Loss: 1.0742
2026-03-10 18:13:01,555 - INFO -   Epoch [40/121] Loss: 1.1758
2026-03-10 18:13:15,848 - INFO -   Epoch [50/121] Loss: 0.7126
2026-03-10 18:13:30,184 - INFO -   Epoch [60/121] Loss: 1.0296
2026-03-10 18:13:44,508 - INFO -   Epoch [70/121] Loss: 0.9706
2026-03-10 18:13:58,794 - INFO -   Epoch [80/121] Loss: 0.8179
2026-03-10 18:14:13,104 - INFO -   Epoch [90/121] Loss: 0.7783
2026-03-10 18:14:27,431 - INFO -   Epoch [100/121] Loss: 0.7101
2026-03-10 18:14:41,781 - INFO -   Epoch [110/121] Loss: 1.0358
2026-03-10 18:14:56,132 - INFO -   Epoch [120/121] Loss: 1.2396
2026-03-10 18:14:59,371 - INFO -   Train Loss: 1.0649
2026-03-10 18:14:59,372 - INFO -   Train Accuracy: 63.83%
2026-03-10 18:14:59,372 - INFO -   Val Loss: 0.9225
2026-03-10 18:14:59,372 - INFO -   Val Accuracy: 68.12% | F1: 0.6566
2026-03-10 18:14:59,372 - INFO -   LR: 0.000025
2026-03-10 18:14:59,372 - INFO -   Patience: 11/20
2026-03-10 18:14:59,372 - INFO - 
Epoch 29/300
2026-03-10 18:15:13,559 - INFO -   Epoch [10/121] Loss: 0.8823
2026-03-10 18:15:27,876 - INFO -   Epoch [20/121] Loss: 0.9285
2026-03-10 18:15:42,175 - INFO -   Epoch [30/121] Loss: 0.9995
2026-03-10 18:15:56,497 - INFO -   Epoch [40/121] Loss: 1.0372
2026-03-10 18:16:10,799 - INFO -   Epoch [50/121] Loss: 1.3044
2026-03-10 18:16:25,098 - INFO -   Epoch [60/121] Loss: 1.1425
2026-03-10 18:16:39,410 - INFO -   Epoch [70/121] Loss: 0.6718
2026-03-10 18:16:53,719 - INFO -   Epoch [80/121] Loss: 1.1417
2026-03-10 18:17:08,048 - INFO -   Epoch [90/121] Loss: 1.4277
2026-03-10 18:17:22,366 - INFO -   Epoch [100/121] Loss: 0.9621
2026-03-10 18:17:36,697 - INFO -   Epoch [110/121] Loss: 0.9013
2026-03-10 18:17:51,025 - INFO -   Epoch [120/121] Loss: 1.2045
2026-03-10 18:17:54,308 - INFO -   Train Loss: 1.0680
2026-03-10 18:17:54,309 - INFO -   Train Accuracy: 63.10%
2026-03-10 18:17:54,309 - INFO -   Val Loss: 0.9178
2026-03-10 18:17:54,309 - INFO -   Val Accuracy: 67.15% | F1: 0.6472
2026-03-10 18:17:54,309 - INFO -   LR: 0.000025
2026-03-10 18:17:54,309 - INFO -   Patience: 12/20
2026-03-10 18:17:54,309 - INFO - 
Epoch 30/300
2026-03-10 18:18:08,734 - INFO -   Epoch [10/121] Loss: 1.1278
2026-03-10 18:18:23,061 - INFO -   Epoch [20/121] Loss: 1.1241
2026-03-10 18:18:37,369 - INFO -   Epoch [30/121] Loss: 0.9525
2026-03-10 18:18:51,691 - INFO -   Epoch [40/121] Loss: 1.2551
2026-03-10 18:19:05,569 - INFO -   Epoch [50/121] Loss: 1.1727
2026-03-10 18:19:16,736 - INFO -   Epoch [60/121] Loss: 0.8818
2026-03-10 18:19:27,710 - INFO -   Epoch [70/121] Loss: 0.9015
2026-03-10 18:19:39,337 - INFO -   Epoch [80/121] Loss: 0.9058
2026-03-10 18:19:50,997 - INFO -   Epoch [90/121] Loss: 1.1190
2026-03-10 18:20:02,316 - INFO -   Epoch [100/121] Loss: 0.8281
2026-03-10 18:20:13,463 - INFO -   Epoch [110/121] Loss: 1.2935
2026-03-10 18:20:25,778 - INFO -   Epoch [120/121] Loss: 0.8760
2026-03-10 18:20:28,756 - INFO -   Train Loss: 1.0645
2026-03-10 18:20:28,757 - INFO -   Train Accuracy: 64.72%
2026-03-10 18:20:28,757 - INFO -   Val Loss: 0.9276
2026-03-10 18:20:28,757 - INFO -   Val Accuracy: 68.12% | F1: 0.6503
2026-03-10 18:20:28,757 - INFO -   LR: 0.000013
2026-03-10 18:20:28,757 - INFO -   Patience: 13/20
2026-03-10 18:20:28,757 - INFO - 
Epoch 31/300
2026-03-10 18:20:41,697 - INFO -   Epoch [10/121] Loss: 1.1095
2026-03-10 18:20:54,420 - INFO -   Epoch [20/121] Loss: 1.2071
2026-03-10 18:21:07,232 - INFO -   Epoch [30/121] Loss: 0.9925
2026-03-10 18:21:20,150 - INFO -   Epoch [40/121] Loss: 1.0659
2026-03-10 18:21:32,781 - INFO -   Epoch [50/121] Loss: 1.2166
2026-03-10 18:21:45,497 - INFO -   Epoch [60/121] Loss: 1.0206
2026-03-10 18:21:58,170 - INFO -   Epoch [70/121] Loss: 0.8817
2026-03-10 18:22:10,953 - INFO -   Epoch [80/121] Loss: 1.1651
2026-03-10 18:22:23,654 - INFO -   Epoch [90/121] Loss: 1.1805
2026-03-10 18:22:36,334 - INFO -   Epoch [100/121] Loss: 1.0596
2026-03-10 18:22:49,132 - INFO -   Epoch [110/121] Loss: 1.0058
2026-03-10 18:23:01,839 - INFO -   Epoch [120/121] Loss: 0.7354
2026-03-10 18:23:04,841 - INFO -   Train Loss: 1.0551
2026-03-10 18:23:04,911 - INFO -   Train Accuracy: 63.45%
2026-03-10 18:23:04,912 - INFO -   Val Loss: 0.9207
2026-03-10 18:23:04,912 - INFO -   Val Accuracy: 67.87% | F1: 0.6495
2026-03-10 18:23:04,912 - INFO -   LR: 0.000013
2026-03-10 18:23:04,912 - INFO -   Patience: 14/20
2026-03-10 18:23:04,912 - INFO - 
Epoch 32/300
2026-03-10 18:23:18,916 - INFO -   Epoch [10/121] Loss: 1.1154
2026-03-10 18:23:33,237 - INFO -   Epoch [20/121] Loss: 1.1586
2026-03-10 18:23:47,573 - INFO -   Epoch [30/121] Loss: 1.2642
2026-03-10 18:24:01,923 - INFO -   Epoch [40/121] Loss: 1.2498
2026-03-10 18:24:16,226 - INFO -   Epoch [50/121] Loss: 1.2206
2026-03-10 18:24:30,556 - INFO -   Epoch [60/121] Loss: 0.8353
2026-03-10 18:24:44,902 - INFO -   Epoch [70/121] Loss: 1.3742
2026-03-10 18:24:59,222 - INFO -   Epoch [80/121] Loss: 0.7339
2026-03-10 18:25:13,537 - INFO -   Epoch [90/121] Loss: 0.9954
2026-03-10 18:25:27,908 - INFO -   Epoch [100/121] Loss: 0.9396
2026-03-10 18:25:42,248 - INFO -   Epoch [110/121] Loss: 1.5411
2026-03-10 18:25:56,580 - INFO -   Epoch [120/121] Loss: 0.8594
2026-03-10 18:25:59,859 - INFO -   Train Loss: 1.0603
2026-03-10 18:25:59,895 - INFO -   Train Accuracy: 63.93%
2026-03-10 18:25:59,895 - INFO -   Val Loss: 0.9242
2026-03-10 18:25:59,895 - INFO -   Val Accuracy: 67.87% | F1: 0.6548
2026-03-10 18:25:59,895 - INFO -   LR: 0.000013
2026-03-10 18:25:59,895 - INFO -   Patience: 15/20
2026-03-10 18:25:59,895 - INFO - 
Epoch 33/300
2026-03-10 18:26:14,291 - INFO -   Epoch [10/121] Loss: 0.8775
2026-03-10 18:26:28,624 - INFO -   Epoch [20/121] Loss: 1.0883
2026-03-10 18:26:42,966 - INFO -   Epoch [30/121] Loss: 1.0555
2026-03-10 18:26:57,314 - INFO -   Epoch [40/121] Loss: 1.4123
2026-03-10 18:27:11,641 - INFO -   Epoch [50/121] Loss: 1.3320
2026-03-10 18:27:25,978 - INFO -   Epoch [60/121] Loss: 1.3438
2026-03-10 18:27:40,323 - INFO -   Epoch [70/121] Loss: 0.6906
2026-03-10 18:27:54,644 - INFO -   Epoch [80/121] Loss: 1.0651
2026-03-10 18:28:08,943 - INFO -   Epoch [90/121] Loss: 1.0200
2026-03-10 18:28:23,256 - INFO -   Epoch [100/121] Loss: 1.1103
2026-03-10 18:28:37,608 - INFO -   Epoch [110/121] Loss: 1.0300
2026-03-10 18:28:51,928 - INFO -   Epoch [120/121] Loss: 1.4117
2026-03-10 18:28:55,168 - INFO -   Train Loss: 1.0470
2026-03-10 18:28:55,168 - INFO -   Train Accuracy: 64.59%
2026-03-10 18:28:55,168 - INFO -   Val Loss: 0.9225
2026-03-10 18:28:55,168 - INFO -   Val Accuracy: 68.60% | F1: 0.6529
2026-03-10 18:28:55,168 - INFO -   LR: 0.000013
2026-03-10 18:28:55,168 - INFO -   Patience: 16/20
2026-03-10 18:28:55,168 - INFO - 
Epoch 34/300
2026-03-10 18:29:09,588 - INFO -   Epoch [10/121] Loss: 1.1250
2026-03-10 18:29:23,925 - INFO -   Epoch [20/121] Loss: 0.6614
2026-03-10 18:29:38,227 - INFO -   Epoch [30/121] Loss: 1.0498
2026-03-10 18:29:52,520 - INFO -   Epoch [40/121] Loss: 1.3856
2026-03-10 18:30:06,848 - INFO -   Epoch [50/121] Loss: 1.1530
2026-03-10 18:30:21,213 - INFO -   Epoch [60/121] Loss: 0.9578
2026-03-10 18:30:35,531 - INFO -   Epoch [70/121] Loss: 0.8485
2026-03-10 18:30:49,837 - INFO -   Epoch [80/121] Loss: 1.2720
2026-03-10 18:31:04,158 - INFO -   Epoch [90/121] Loss: 0.8663
2026-03-10 18:31:18,487 - INFO -   Epoch [100/121] Loss: 1.1057
2026-03-10 18:31:32,803 - INFO -   Epoch [110/121] Loss: 1.1065
2026-03-10 18:31:47,117 - INFO -   Epoch [120/121] Loss: 0.9982
2026-03-10 18:31:50,368 - INFO -   Train Loss: 1.0571
2026-03-10 18:31:50,368 - INFO -   Train Accuracy: 63.93%
2026-03-10 18:31:50,368 - INFO -   Val Loss: 0.9232
2026-03-10 18:31:50,368 - INFO -   Val Accuracy: 67.39% | F1: 0.6463
2026-03-10 18:31:50,368 - INFO -   LR: 0.000013
2026-03-10 18:31:50,368 - INFO -   Patience: 17/20
2026-03-10 18:31:50,368 - INFO - 
Epoch 35/300
2026-03-10 18:32:04,741 - INFO -   Epoch [10/121] Loss: 0.7544
2026-03-10 18:32:19,050 - INFO -   Epoch [20/121] Loss: 0.9622
2026-03-10 18:32:30,413 - INFO -   Epoch [30/121] Loss: 1.3848
2026-03-10 18:32:41,449 - INFO -   Epoch [40/121] Loss: 1.1296
2026-03-10 18:32:52,375 - INFO -   Epoch [50/121] Loss: 1.2559
2026-03-10 18:33:03,304 - INFO -   Epoch [60/121] Loss: 0.9575
2026-03-10 18:33:14,266 - INFO -   Epoch [70/121] Loss: 1.0536
2026-03-10 18:33:25,310 - INFO -   Epoch [80/121] Loss: 0.8759
2026-03-10 18:33:37,663 - INFO -   Epoch [90/121] Loss: 0.9401
2026-03-10 18:33:50,508 - INFO -   Epoch [100/121] Loss: 1.1042
2026-03-10 18:34:03,233 - INFO -   Epoch [110/121] Loss: 1.1875
2026-03-10 18:34:16,064 - INFO -   Epoch [120/121] Loss: 0.8840
2026-03-10 18:34:19,200 - INFO -   Train Loss: 1.0525
2026-03-10 18:34:19,201 - INFO -   Train Accuracy: 63.52%
2026-03-10 18:34:19,201 - INFO -   Val Loss: 0.9335
2026-03-10 18:34:19,201 - INFO -   Val Accuracy: 67.39% | F1: 0.6516
2026-03-10 18:34:19,201 - INFO -   LR: 0.000013
2026-03-10 18:34:19,201 - INFO -   Patience: 18/20
2026-03-10 18:34:19,201 - INFO - 
Epoch 36/300
2026-03-10 18:34:31,882 - INFO -   Epoch [10/121] Loss: 1.0331
2026-03-10 18:34:44,578 - INFO -   Epoch [20/121] Loss: 1.3294
2026-03-10 18:34:57,282 - INFO -   Epoch [30/121] Loss: 0.8135
2026-03-10 18:35:10,105 - INFO -   Epoch [40/121] Loss: 0.9777
2026-03-10 18:35:22,773 - INFO -   Epoch [50/121] Loss: 1.3324
2026-03-10 18:35:35,428 - INFO -   Epoch [60/121] Loss: 0.9503
2026-03-10 18:35:48,108 - INFO -   Epoch [70/121] Loss: 1.0196
2026-03-10 18:36:00,935 - INFO -   Epoch [80/121] Loss: 0.9665
2026-03-10 18:36:13,670 - INFO -   Epoch [90/121] Loss: 1.1917
2026-03-10 18:36:26,337 - INFO -   Epoch [100/121] Loss: 1.4285
2026-03-10 18:36:40,609 - INFO -   Epoch [110/121] Loss: 0.9794
2026-03-10 18:36:54,921 - INFO -   Epoch [120/121] Loss: 0.9801
2026-03-10 18:36:58,158 - INFO -   Train Loss: 1.0506
2026-03-10 18:36:58,158 - INFO -   Train Accuracy: 64.59%
2026-03-10 18:36:58,158 - INFO -   Val Loss: 0.9249
2026-03-10 18:36:58,158 - INFO -   Val Accuracy: 67.39% | F1: 0.6473
2026-03-10 18:36:58,158 - INFO -   LR: 0.000006
2026-03-10 18:36:58,158 - INFO -   Patience: 19/20
2026-03-10 18:36:58,158 - INFO - 
Epoch 37/300
2026-03-10 18:37:12,523 - INFO -   Epoch [10/121] Loss: 1.0338
2026-03-10 18:37:26,839 - INFO -   Epoch [20/121] Loss: 1.0205
2026-03-10 18:37:41,166 - INFO -   Epoch [30/121] Loss: 1.0289
2026-03-10 18:37:55,520 - INFO -   Epoch [40/121] Loss: 0.7751
2026-03-10 18:38:09,884 - INFO -   Epoch [50/121] Loss: 1.1731
2026-03-10 18:38:24,228 - INFO -   Epoch [60/121] Loss: 0.8346
2026-03-10 18:38:38,526 - INFO -   Epoch [70/121] Loss: 1.0318
2026-03-10 18:38:52,835 - INFO -   Epoch [80/121] Loss: 1.0166
2026-03-10 18:39:07,168 - INFO -   Epoch [90/121] Loss: 1.1083
2026-03-10 18:39:21,493 - INFO -   Epoch [100/121] Loss: 0.8456
2026-03-10 18:39:35,844 - INFO -   Epoch [110/121] Loss: 0.8196
2026-03-10 18:39:50,174 - INFO -   Epoch [120/121] Loss: 0.9651
2026-03-10 18:39:53,497 - INFO -   Train Loss: 1.0427
2026-03-10 18:39:53,497 - INFO -   Train Accuracy: 65.31%
2026-03-10 18:39:53,497 - INFO -   Val Loss: 0.9172
2026-03-10 18:39:53,497 - INFO -   Val Accuracy: 68.12% | F1: 0.6516
2026-03-10 18:39:53,497 - INFO -   LR: 0.000006
2026-03-10 18:39:53,497 - INFO -   Patience: 20/20
2026-03-10 18:39:53,497 - INFO - 
✓ Early stopping at epoch 37
2026-03-10 18:39:53,497 - INFO - 
✓ 训练完成! 最佳准确率: 69.08%
2026-03-10 18:39:53,497 - INFO - 
================================================================================
2026-03-10 18:39:53,497 - INFO - Step 6: 测试
2026-03-10 18:39:53,497 - INFO - ================================================================================
/workspace/Graph_Deep_Learning/20251001-PRD_18-21-24-mobility_change_pattern/analysis/PRD-Mobility-Change-Pattern/train_dual_branch_correct.py:478: FutureWarning: You are using `torch.load` with `weights_only=False` (the current default value), which uses the default pickle module implicitly. It is possible to construct malicious pickle data which will execute arbitrary code during unpickling (See https://github.com/pytorch/pytorch/blob/main/SECURITY.md#untrusted-models for more details). In a future release, the default value for `weights_only` will be flipped to `True`. This limits the functions that could be executed during unpickling. Arbitrary objects will no longer be allowed to be loaded via this mode unless they are explicitly allowlisted by the user via `torch.serialization.add_safe_globals`. We recommend you start setting `weights_only=True` for any use case where you don't have full control of the loaded file. Please open an issue on GitHub for any issues related to this experimental feature.
  checkpoint = torch.load(f"{output_dir}/models/best_model.pth")
2026-03-10 18:39:53,545 - INFO - ✓ 加载最佳模型 (epoch 17)
2026-03-10 18:39:57,092 - INFO - 
测试结果:
2026-03-10 18:39:57,092 - INFO -   - 准确率: 65.98%
2026-03-10 18:39:57,092 - INFO -   - F1 Score: 0.6363
2026-03-10 18:39:57,093 - INFO - 
================================================================================
2026-03-10 18:39:57,093 - INFO - 实验总结
2026-03-10 18:39:57,093 - INFO - ================================================================================
2026-03-10 18:39:57,093 - INFO - LSTM时序baseline: 68.84%
2026-03-10 18:39:57,093 - INFO - LSTM+GCN融合准确率: 69.08%
2026-03-10 18:39:57,093 - INFO - 提升幅度: +0.24%
2026-03-10 18:39:57,093 - INFO - 距离70%目标还有: 0.92%
2026-03-10 18:39:57,093 - INFO - ================================================================================
