2026-02-22 05:52:16,792 - INFO - Output directory: outputs/shenzhen_pure_graph_20260222_055216
2026-02-22 05:52:16,792 - INFO - Log file: outputs/shenzhen_pure_graph_20260222_055216/training.log
2026-02-22 05:52:16,792 - INFO - 
================================================================================
2026-02-22 05:52:16,792 - INFO - Step 1: Loading data
2026-02-22 05:52:16,792 - INFO - ================================================================================
2026-02-22 06:09:16,214 - INFO - ✓ Data loaded successfully
2026-02-22 06:09:16,214 - INFO -   - Total grids: 4000
2026-02-22 06:09:16,214 - INFO -   - Feature shape: (7, 2)
2026-02-22 06:09:16,214 - INFO -   - Graph 2021 edges: 103191
2026-02-22 06:09:16,214 - INFO -   - Graph 2024 edges: 126258
2026-02-22 06:09:16,214 - INFO - 
================================================================================
2026-02-22 06:09:16,214 - INFO - Step 2: Preparing temporal features
2026-02-22 06:09:16,215 - INFO - ================================================================================
2026-02-22 06:09:16,236 - INFO - ✓ Temporal features prepared
2026-02-22 06:09:16,236 - INFO -   - 2021 features: 4000 grids
2026-02-22 06:09:16,236 - INFO -   - 2024 features: 4000 grids
2026-02-22 06:09:16,236 - INFO - 
================================================================================
2026-02-22 06:09:16,236 - INFO - Step 3: Creating dataset
2026-02-22 06:09:16,236 - INFO - ================================================================================
2026-02-22 06:09:16,236 - INFO - ✓ Dataset created: 4000 samples
2026-02-22 06:09:16,237 - INFO -   - Train: 2800 samples
2026-02-22 06:09:16,237 - INFO -   - Val: 400 samples
2026-02-22 06:09:16,237 - INFO -   - Test: 800 samples
2026-02-22 06:09:16,316 - INFO - ✓ Data loaders created
2026-02-22 06:09:16,316 - INFO - 
================================================================================
2026-02-22 06:09:16,316 - INFO - Step 4: Creating model
2026-02-22 06:09:16,316 - INFO - ================================================================================
2026-02-22 06:09:16,316 - INFO - Using device: cuda
2026-02-22 06:09:16,641 - INFO - ✓ Model created
2026-02-22 06:09:16,641 - INFO -   - Total parameters: 1,262,601
2026-02-22 06:09:16,641 - INFO -   - Trainable parameters: 1,262,601
2026-02-22 06:09:16,641 - INFO -   - Model type: Pure Graph-Based Dual-Branch
2026-02-22 06:09:16,641 - INFO -   - Spatial branch: Uses only graph structure (no external node features)
2026-02-22 06:09:16,641 - INFO - 
================================================================================
2026-02-22 06:09:16,641 - INFO - Step 5: Setting up training
2026-02-22 06:09:16,641 - INFO - ================================================================================
2026-02-22 06:09:16,642 - INFO - ✓ Training setup complete
2026-02-22 06:09:16,642 - INFO -   - Optimizer: Adam (lr=0.001, wd=1e-05)
2026-02-22 06:09:16,642 - INFO -   - Scheduler: ReduceLROnPlateau (patience=5)
2026-02-22 06:09:16,642 - INFO -   - Loss: Single 9-class cross-entropy with class weights
2026-02-22 06:09:16,642 - INFO -   - Gradient accumulation: 4 steps
2026-02-22 06:09:16,642 - INFO - 
================================================================================
2026-02-22 06:09:16,642 - INFO - Step 6: Training
2026-02-22 06:09:16,642 - INFO - ================================================================================
2026-02-22 06:09:16,642 - INFO - 
Epoch 1/100
