2026-02-22 00:53:54,405 - INFO - Output directory: outputs/shenzhen_pure_graph_20260222_005354
2026-02-22 00:53:54,405 - INFO - Log file: outputs/shenzhen_pure_graph_20260222_005354/training.log
2026-02-22 00:53:54,405 - INFO - 
================================================================================
2026-02-22 00:53:54,405 - INFO - Step 1: Loading data
2026-02-22 00:53:54,405 - INFO - ================================================================================
2026-02-22 01:11:10,857 - INFO - ✓ Data loaded successfully
2026-02-22 01:11:10,858 - INFO -   - Total grids: 4000
2026-02-22 01:11:10,858 - INFO -   - Feature shape: (7, 2)
2026-02-22 01:11:10,858 - INFO -   - Graph 2021 edges: 300844
2026-02-22 01:11:10,858 - INFO -   - Graph 2024 edges: 303436
2026-02-22 01:11:10,858 - INFO - 
================================================================================
2026-02-22 01:11:10,858 - INFO - Step 2: Preparing temporal features
2026-02-22 01:11:10,858 - INFO - ================================================================================
2026-02-22 01:11:10,876 - INFO - ✓ Temporal features prepared
2026-02-22 01:11:10,876 - INFO -   - 2021 features: 4000 grids
2026-02-22 01:11:10,876 - INFO -   - 2024 features: 4000 grids
2026-02-22 01:11:10,876 - INFO - 
================================================================================
2026-02-22 01:11:10,876 - INFO - Step 3: Creating dataset
2026-02-22 01:11:10,876 - INFO - ================================================================================
2026-02-22 01:11:10,876 - INFO - ✓ Dataset created: 4000 samples
2026-02-22 01:11:10,877 - INFO -   - Train: 2800 samples
2026-02-22 01:11:10,877 - INFO -   - Val: 400 samples
2026-02-22 01:11:10,877 - INFO -   - Test: 800 samples
2026-02-22 01:11:10,956 - INFO - ✓ Data loaders created
2026-02-22 01:11:10,956 - INFO - 
================================================================================
2026-02-22 01:11:10,956 - INFO - Step 4: Creating model
2026-02-22 01:11:10,956 - INFO - ================================================================================
2026-02-22 01:11:10,956 - INFO - Using device: cuda
2026-02-22 01:11:11,273 - INFO - ✓ Model created
2026-02-22 01:11:11,273 - INFO -   - Total parameters: 1,262,601
2026-02-22 01:11:11,273 - INFO -   - Trainable parameters: 1,262,601
2026-02-22 01:11:11,273 - INFO -   - Model type: Pure Graph-Based Dual-Branch
2026-02-22 01:11:11,273 - INFO -   - Spatial branch: Uses only graph structure (no external node features)
2026-02-22 01:11:11,273 - INFO - 
================================================================================
2026-02-22 01:11:11,274 - INFO - Step 5: Setting up training
2026-02-22 01:11:11,274 - INFO - ================================================================================
2026-02-22 01:11:11,274 - INFO - ✓ Training setup complete
2026-02-22 01:11:11,274 - INFO -   - Optimizer: Adam (lr=0.001, wd=1e-05)
2026-02-22 01:11:11,274 - INFO -   - Scheduler: ReduceLROnPlateau (patience=5)
2026-02-22 01:11:11,274 - INFO -   - Loss: Single 9-class cross-entropy with class weights
2026-02-22 01:11:11,274 - INFO -   - Gradient accumulation: 4 steps
2026-02-22 01:11:11,274 - INFO - 
================================================================================
2026-02-22 01:11:11,275 - INFO - Step 6: Training
2026-02-22 01:11:11,275 - INFO - ================================================================================
2026-02-22 01:11:11,275 - INFO - 
Epoch 1/100
