2026-02-20 14:47:28,886 - INFO - Output directory: outputs/pure_graph_20260220_144728
2026-02-20 14:47:28,886 - INFO - Log file: outputs/pure_graph_20260220_144728/training.log
2026-02-20 14:47:28,886 - INFO - 
================================================================================
2026-02-20 14:47:28,886 - INFO - Step 1: Loading data
2026-02-20 14:47:28,886 - INFO - ================================================================================
2026-02-20 15:01:58,610 - INFO - ✓ Data loaded successfully
2026-02-20 15:01:58,610 - INFO -   - Total grids: 3748
2026-02-20 15:01:58,611 - INFO -   - Feature shape: (7, 2)
2026-02-20 15:01:58,611 - INFO -   - Graph 2021 edges: 36452
2026-02-20 15:01:58,611 - INFO -   - Graph 2024 edges: 11916
2026-02-20 15:01:58,611 - INFO - 
================================================================================
2026-02-20 15:01:58,611 - INFO - Step 2: Preparing temporal features
2026-02-20 15:01:58,611 - INFO - ================================================================================
2026-02-20 15:01:58,629 - INFO - ✓ Temporal features prepared
2026-02-20 15:01:58,629 - INFO -   - 2021 features: 3748 grids
2026-02-20 15:01:58,629 - INFO -   - 2024 features: 3748 grids
2026-02-20 15:01:58,629 - INFO - 
================================================================================
2026-02-20 15:01:58,629 - INFO - Step 3: Creating dataset
2026-02-20 15:01:58,629 - INFO - ================================================================================
2026-02-20 15:01:58,629 - INFO - ✓ Dataset created: 3748 samples
2026-02-20 15:01:58,630 - INFO -   - Train: 2623 samples
2026-02-20 15:01:58,630 - INFO -   - Val: 374 samples
2026-02-20 15:01:58,630 - INFO -   - Test: 751 samples
2026-02-20 15:01:58,705 - INFO - ✓ Data loaders created
2026-02-20 15:01:58,705 - INFO - 
================================================================================
2026-02-20 15:01:58,705 - INFO - Step 4: Creating model
2026-02-20 15:01:58,705 - INFO - ================================================================================
2026-02-20 15:01:58,705 - INFO - Using device: cuda
2026-02-20 15:01:59,064 - INFO - ✓ Model created
2026-02-20 15:01:59,064 - INFO -   - Total parameters: 1,262,601
2026-02-20 15:01:59,064 - INFO -   - Trainable parameters: 1,262,601
2026-02-20 15:01:59,064 - INFO -   - Model type: Pure Graph-Based Dual-Branch
2026-02-20 15:01:59,064 - INFO -   - Spatial branch: Uses only graph structure (no external node features)
2026-02-20 15:01:59,064 - INFO - 
================================================================================
2026-02-20 15:01:59,064 - INFO - Step 5: Setting up training
2026-02-20 15:01:59,064 - INFO - ================================================================================
2026-02-20 15:01:59,065 - INFO - ✓ Training setup complete
2026-02-20 15:01:59,065 - INFO -   - Optimizer: Adam (lr=0.001, wd=1e-05)
2026-02-20 15:01:59,065 - INFO -   - Scheduler: ReduceLROnPlateau (patience=5)
2026-02-20 15:01:59,065 - INFO -   - Loss: Single 9-class cross-entropy with class weights
2026-02-20 15:01:59,065 - INFO -   - Gradient accumulation: 4 steps
2026-02-20 15:01:59,065 - INFO - 
================================================================================
2026-02-20 15:01:59,065 - INFO - Step 6: Training
2026-02-20 15:01:59,065 - INFO - ================================================================================
2026-02-20 15:01:59,065 - INFO - 
Epoch 1/100
2026-02-20 15:01:59,843 - INFO -   Epoch [10/164] Loss: 2.1918
2026-02-20 15:02:00,271 - INFO -   Epoch [20/164] Loss: 2.0804
2026-02-20 15:02:00,740 - INFO -   Epoch [30/164] Loss: 1.9974
2026-02-20 15:02:01,217 - INFO -   Epoch [40/164] Loss: 2.1260
2026-02-20 15:02:01,662 - INFO -   Epoch [50/164] Loss: 2.3001
2026-02-20 15:02:02,093 - INFO -   Epoch [60/164] Loss: 2.4122
2026-02-20 15:02:02,569 - INFO -   Epoch [70/164] Loss: 2.0980
2026-02-20 15:02:02,991 - INFO -   Epoch [80/164] Loss: 2.0181
2026-02-20 15:02:03,427 - INFO -   Epoch [90/164] Loss: 2.0916
2026-02-20 15:02:03,922 - INFO -   Epoch [100/164] Loss: 2.3979
2026-02-20 15:02:04,403 - INFO -   Epoch [110/164] Loss: 2.2391
2026-02-20 15:02:04,847 - INFO -   Epoch [120/164] Loss: 2.2032
2026-02-20 15:02:05,265 - INFO -   Epoch [130/164] Loss: 2.1915
2026-02-20 15:02:05,717 - INFO -   Epoch [140/164] Loss: 2.2366
2026-02-20 15:02:06,165 - INFO -   Epoch [150/164] Loss: 2.2420
2026-02-20 15:02:06,617 - INFO -   Epoch [160/164] Loss: 2.1851
2026-02-20 15:02:07,171 - INFO -   Train Loss: 2.2033
2026-02-20 15:02:07,171 - INFO -   Train Accuracy: 13.69%
2026-02-20 15:02:07,171 - INFO -   Val Loss: 2.1545
2026-02-20 15:02:07,171 - INFO -   Val Accuracy: 23.26% | F1: 0.0813
2026-02-20 15:02:07,171 - INFO -   LR: 0.001000
2026-02-20 15:02:07,210 - INFO -   ✓ New best model saved!
2026-02-20 15:02:07,210 - INFO -   Patience: 0/15
2026-02-20 15:02:07,211 - INFO - 
Epoch 2/100
2026-02-20 15:02:07,667 - INFO -   Epoch [10/164] Loss: 2.0776
2026-02-20 15:02:08,120 - INFO -   Epoch [20/164] Loss: 2.2316
2026-02-20 15:02:08,578 - INFO -   Epoch [30/164] Loss: 1.8608
2026-02-20 15:02:09,044 - INFO -   Epoch [40/164] Loss: 1.8004
2026-02-20 15:02:09,499 - INFO -   Epoch [50/164] Loss: 2.0510
2026-02-20 15:02:09,921 - INFO -   Epoch [60/164] Loss: 1.9768
2026-02-20 15:02:10,385 - INFO -   Epoch [70/164] Loss: 1.9081
2026-02-20 15:02:10,823 - INFO -   Epoch [80/164] Loss: 2.2490
2026-02-20 15:02:11,244 - INFO -   Epoch [90/164] Loss: 2.2073
2026-02-20 15:02:11,705 - INFO -   Epoch [100/164] Loss: 2.4831
2026-02-20 15:02:12,153 - INFO -   Epoch [110/164] Loss: 2.1139
2026-02-20 15:02:12,584 - INFO -   Epoch [120/164] Loss: 2.0755
2026-02-20 15:02:13,019 - INFO -   Epoch [130/164] Loss: 2.1384
2026-02-20 15:02:13,469 - INFO -   Epoch [140/164] Loss: 1.8332
2026-02-20 15:02:13,927 - INFO -   Epoch [150/164] Loss: 2.0082
2026-02-20 15:02:14,384 - INFO -   Epoch [160/164] Loss: 1.9161
2026-02-20 15:02:14,925 - INFO -   Train Loss: 2.1855
2026-02-20 15:02:14,925 - INFO -   Train Accuracy: 19.67%
2026-02-20 15:02:14,925 - INFO -   Val Loss: 2.1235
2026-02-20 15:02:14,925 - INFO -   Val Accuracy: 19.79% | F1: 0.0623
2026-02-20 15:02:14,925 - INFO -   LR: 0.001000
2026-02-20 15:02:14,925 - INFO -   Patience: 1/15
2026-02-20 15:02:14,925 - INFO - 
Epoch 3/100
2026-02-20 15:02:15,361 - INFO -   Epoch [10/164] Loss: 2.2806
2026-02-20 15:02:15,806 - INFO -   Epoch [20/164] Loss: 2.0345
2026-02-20 15:02:16,242 - INFO -   Epoch [30/164] Loss: 2.2633
2026-02-20 15:02:16,758 - INFO -   Epoch [40/164] Loss: 2.0981
2026-02-20 15:02:17,213 - INFO -   Epoch [50/164] Loss: 1.8351
2026-02-20 15:02:17,651 - INFO -   Epoch [60/164] Loss: 2.1581
2026-02-20 15:02:18,095 - INFO -   Epoch [70/164] Loss: 2.5044
2026-02-20 15:02:18,540 - INFO -   Epoch [80/164] Loss: 1.9206
2026-02-20 15:02:19,023 - INFO -   Epoch [90/164] Loss: 2.1760
2026-02-20 15:02:19,453 - INFO -   Epoch [100/164] Loss: 2.1103
2026-02-20 15:02:19,882 - INFO -   Epoch [110/164] Loss: 2.0282
2026-02-20 15:02:20,350 - INFO -   Epoch [120/164] Loss: 1.9349
2026-02-20 15:02:20,814 - INFO -   Epoch [130/164] Loss: 2.0311
2026-02-20 15:02:21,292 - INFO -   Epoch [140/164] Loss: 2.5586
2026-02-20 15:02:21,747 - INFO -   Epoch [150/164] Loss: 2.1058
2026-02-20 15:02:22,248 - INFO -   Epoch [160/164] Loss: 2.1428
2026-02-20 15:02:22,784 - INFO -   Train Loss: 2.1717
2026-02-20 15:02:22,784 - INFO -   Train Accuracy: 19.63%
2026-02-20 15:02:22,785 - INFO -   Val Loss: 2.1095
2026-02-20 15:02:22,785 - INFO -   Val Accuracy: 24.87% | F1: 0.0855
2026-02-20 15:02:22,785 - INFO -   LR: 0.001000
2026-02-20 15:02:22,870 - INFO -   ✓ New best model saved!
2026-02-20 15:02:22,870 - INFO -   Patience: 0/15
2026-02-20 15:02:22,870 - INFO - 
Epoch 4/100
2026-02-20 15:02:23,348 - INFO -   Epoch [10/164] Loss: 2.0689
2026-02-20 15:02:23,798 - INFO -   Epoch [20/164] Loss: 2.0908
2026-02-20 15:02:24,253 - INFO -   Epoch [30/164] Loss: 2.2831
2026-02-20 15:02:24,704 - INFO -   Epoch [40/164] Loss: 2.3777
2026-02-20 15:02:25,192 - INFO -   Epoch [50/164] Loss: 2.5432
2026-02-20 15:02:25,618 - INFO -   Epoch [60/164] Loss: 2.6973
2026-02-20 15:02:26,070 - INFO -   Epoch [70/164] Loss: 2.9665
2026-02-20 15:02:26,493 - INFO -   Epoch [80/164] Loss: 2.0687
2026-02-20 15:02:26,926 - INFO -   Epoch [90/164] Loss: 2.0090
2026-02-20 15:02:27,393 - INFO -   Epoch [100/164] Loss: 2.3457
2026-02-20 15:02:27,850 - INFO -   Epoch [110/164] Loss: 1.8381
2026-02-20 15:02:28,297 - INFO -   Epoch [120/164] Loss: 2.0556
2026-02-20 15:02:28,770 - INFO -   Epoch [130/164] Loss: 2.2436
2026-02-20 15:02:29,223 - INFO -   Epoch [140/164] Loss: 2.1165
2026-02-20 15:02:29,701 - INFO -   Epoch [150/164] Loss: 2.0176
2026-02-20 15:02:30,151 - INFO -   Epoch [160/164] Loss: 1.9450
2026-02-20 15:02:30,698 - INFO -   Train Loss: 2.1390
2026-02-20 15:02:30,698 - INFO -   Train Accuracy: 22.34%
2026-02-20 15:02:30,698 - INFO -   Val Loss: 2.1841
2026-02-20 15:02:30,698 - INFO -   Val Accuracy: 18.98% | F1: 0.0654
2026-02-20 15:02:30,698 - INFO -   LR: 0.001000
2026-02-20 15:02:30,698 - INFO -   Patience: 1/15
2026-02-20 15:02:30,698 - INFO - 
Epoch 5/100
2026-02-20 15:02:31,153 - INFO -   Epoch [10/164] Loss: 2.3618
2026-02-20 15:02:31,601 - INFO -   Epoch [20/164] Loss: 2.0847
2026-02-20 15:02:32,052 - INFO -   Epoch [30/164] Loss: 2.1709
2026-02-20 15:02:32,510 - INFO -   Epoch [40/164] Loss: 2.4770
2026-02-20 15:02:32,947 - INFO -   Epoch [50/164] Loss: 1.9680
2026-02-20 15:02:33,373 - INFO -   Epoch [60/164] Loss: 1.9437
2026-02-20 15:02:33,800 - INFO -   Epoch [70/164] Loss: 2.0900
2026-02-20 15:02:34,225 - INFO -   Epoch [80/164] Loss: 2.1305
2026-02-20 15:02:34,660 - INFO -   Epoch [90/164] Loss: 2.0934
2026-02-20 15:02:35,104 - INFO -   Epoch [100/164] Loss: 2.1078
2026-02-20 15:02:35,526 - INFO -   Epoch [110/164] Loss: 1.8856
2026-02-20 15:02:35,979 - INFO -   Epoch [120/164] Loss: 2.3080
2026-02-20 15:02:36,403 - INFO -   Epoch [130/164] Loss: 2.0283
2026-02-20 15:02:36,859 - INFO -   Epoch [140/164] Loss: 2.0263
2026-02-20 15:02:37,283 - INFO -   Epoch [150/164] Loss: 1.9572
2026-02-20 15:02:37,704 - INFO -   Epoch [160/164] Loss: 2.0405
2026-02-20 15:02:38,232 - INFO -   Train Loss: 2.1214
2026-02-20 15:02:38,233 - INFO -   Train Accuracy: 22.68%
2026-02-20 15:02:38,233 - INFO -   Val Loss: 2.2310
2026-02-20 15:02:38,233 - INFO -   Val Accuracy: 22.46% | F1: 0.0907
2026-02-20 15:02:38,233 - INFO -   LR: 0.001000
2026-02-20 15:02:38,233 - INFO -   Patience: 2/15
2026-02-20 15:02:38,233 - INFO - 
Epoch 6/100
2026-02-20 15:02:38,662 - INFO -   Epoch [10/164] Loss: 1.9442
2026-02-20 15:02:39,113 - INFO -   Epoch [20/164] Loss: 2.3892
2026-02-20 15:02:39,563 - INFO -   Epoch [30/164] Loss: 2.4250
2026-02-20 15:02:39,989 - INFO -   Epoch [40/164] Loss: 2.4162
2026-02-20 15:02:40,425 - INFO -   Epoch [50/164] Loss: 2.0530
2026-02-20 15:02:40,867 - INFO -   Epoch [60/164] Loss: 1.9795
2026-02-20 15:02:41,301 - INFO -   Epoch [70/164] Loss: 2.2800
2026-02-20 15:02:41,787 - INFO -   Epoch [80/164] Loss: 2.0876
2026-02-20 15:02:42,254 - INFO -   Epoch [90/164] Loss: 2.0410
2026-02-20 15:02:42,663 - INFO -   Epoch [100/164] Loss: 1.7805
2026-02-20 15:02:43,123 - INFO -   Epoch [110/164] Loss: 2.0592
2026-02-20 15:02:43,581 - INFO -   Epoch [120/164] Loss: 1.9729
2026-02-20 15:02:44,028 - INFO -   Epoch [130/164] Loss: 1.9659
2026-02-20 15:02:44,503 - INFO -   Epoch [140/164] Loss: 1.8862
2026-02-20 15:02:44,947 - INFO -   Epoch [150/164] Loss: 2.0700
2026-02-20 15:02:45,379 - INFO -   Epoch [160/164] Loss: 2.2374
2026-02-20 15:02:45,936 - INFO -   Train Loss: 2.1146
2026-02-20 15:02:45,936 - INFO -   Train Accuracy: 22.95%
2026-02-20 15:02:45,936 - INFO -   Val Loss: 2.0080
2026-02-20 15:02:45,936 - INFO -   Val Accuracy: 22.46% | F1: 0.1027
2026-02-20 15:02:45,936 - INFO -   LR: 0.001000
2026-02-20 15:02:45,936 - INFO -   Patience: 3/15
2026-02-20 15:02:45,936 - INFO - 
Epoch 7/100
2026-02-20 15:02:46,383 - INFO -   Epoch [10/164] Loss: 2.1531
2026-02-20 15:02:46,849 - INFO -   Epoch [20/164] Loss: 2.0480
2026-02-20 15:02:47,269 - INFO -   Epoch [30/164] Loss: 2.1933
2026-02-20 15:02:47,734 - INFO -   Epoch [40/164] Loss: 1.8346
2026-02-20 15:02:48,194 - INFO -   Epoch [50/164] Loss: 2.2166
2026-02-20 15:02:48,639 - INFO -   Epoch [60/164] Loss: 1.8074
2026-02-20 15:02:49,105 - INFO -   Epoch [70/164] Loss: 2.0874
2026-02-20 15:02:49,546 - INFO -   Epoch [80/164] Loss: 2.0492
2026-02-20 15:02:49,989 - INFO -   Epoch [90/164] Loss: 2.1644
2026-02-20 15:02:50,420 - INFO -   Epoch [100/164] Loss: 2.0298
2026-02-20 15:02:50,899 - INFO -   Epoch [110/164] Loss: 2.0312
2026-02-20 15:02:51,322 - INFO -   Epoch [120/164] Loss: 2.0032
2026-02-20 15:02:51,763 - INFO -   Epoch [130/164] Loss: 1.8006
2026-02-20 15:02:52,204 - INFO -   Epoch [140/164] Loss: 1.7838
2026-02-20 15:02:52,631 - INFO -   Epoch [150/164] Loss: 1.9253
2026-02-20 15:02:53,044 - INFO -   Epoch [160/164] Loss: 1.8885
2026-02-20 15:02:53,597 - INFO -   Train Loss: 2.0274
2026-02-20 15:02:53,597 - INFO -   Train Accuracy: 25.24%
2026-02-20 15:02:53,597 - INFO -   Val Loss: 1.9656
2026-02-20 15:02:53,597 - INFO -   Val Accuracy: 18.98% | F1: 0.1287
2026-02-20 15:02:53,597 - INFO -   LR: 0.001000
2026-02-20 15:02:53,597 - INFO -   Patience: 4/15
2026-02-20 15:02:53,597 - INFO - 
Epoch 8/100
2026-02-20 15:02:54,026 - INFO -   Epoch [10/164] Loss: 2.0878
2026-02-20 15:02:54,454 - INFO -   Epoch [20/164] Loss: 1.8037
2026-02-20 15:02:54,892 - INFO -   Epoch [30/164] Loss: 2.3235
2026-02-20 15:02:55,360 - INFO -   Epoch [40/164] Loss: 1.9122
2026-02-20 15:02:55,799 - INFO -   Epoch [50/164] Loss: 2.1405
2026-02-20 15:02:56,245 - INFO -   Epoch [60/164] Loss: 2.1912
2026-02-20 15:02:56,669 - INFO -   Epoch [70/164] Loss: 1.9148
2026-02-20 15:02:57,111 - INFO -   Epoch [80/164] Loss: 1.9378
2026-02-20 15:02:57,541 - INFO -   Epoch [90/164] Loss: 1.9825
2026-02-20 15:02:57,969 - INFO -   Epoch [100/164] Loss: 2.0187
2026-02-20 15:02:58,420 - INFO -   Epoch [110/164] Loss: 1.8488
2026-02-20 15:02:58,888 - INFO -   Epoch [120/164] Loss: 2.2280
2026-02-20 15:02:59,339 - INFO -   Epoch [130/164] Loss: 1.7656
2026-02-20 15:02:59,811 - INFO -   Epoch [140/164] Loss: 1.9080
2026-02-20 15:03:00,283 - INFO -   Epoch [150/164] Loss: 1.9441
2026-02-20 15:03:00,714 - INFO -   Epoch [160/164] Loss: 2.0323
2026-02-20 15:03:01,253 - INFO -   Train Loss: 2.0340
2026-02-20 15:03:01,253 - INFO -   Train Accuracy: 22.80%
2026-02-20 15:03:01,253 - INFO -   Val Loss: 1.9619
2026-02-20 15:03:01,253 - INFO -   Val Accuracy: 31.55% | F1: 0.2226
2026-02-20 15:03:01,253 - INFO -   LR: 0.001000
2026-02-20 15:03:01,337 - INFO -   ✓ New best model saved!
2026-02-20 15:03:01,338 - INFO -   Patience: 0/15
2026-02-20 15:03:01,338 - INFO - 
Epoch 9/100
2026-02-20 15:03:01,818 - INFO -   Epoch [10/164] Loss: 2.1948
2026-02-20 15:03:02,275 - INFO -   Epoch [20/164] Loss: 1.9949
2026-02-20 15:03:02,790 - INFO -   Epoch [30/164] Loss: 1.8006
2026-02-20 15:03:03,304 - INFO -   Epoch [40/164] Loss: 1.8665
2026-02-20 15:03:03,796 - INFO -   Epoch [50/164] Loss: 1.7793
2026-02-20 15:03:04,243 - INFO -   Epoch [60/164] Loss: 1.7274
2026-02-20 15:03:04,701 - INFO -   Epoch [70/164] Loss: 1.7140
2026-02-20 15:03:05,129 - INFO -   Epoch [80/164] Loss: 1.8664
2026-02-20 15:03:05,558 - INFO -   Epoch [90/164] Loss: 1.8892
2026-02-20 15:03:06,006 - INFO -   Epoch [100/164] Loss: 1.8768
2026-02-20 15:03:06,456 - INFO -   Epoch [110/164] Loss: 2.0160
2026-02-20 15:03:06,871 - INFO -   Epoch [120/164] Loss: 2.1131
2026-02-20 15:03:07,326 - INFO -   Epoch [130/164] Loss: 1.6393
2026-02-20 15:03:07,789 - INFO -   Epoch [140/164] Loss: 2.1938
2026-02-20 15:03:08,199 - INFO -   Epoch [150/164] Loss: 2.0653
2026-02-20 15:03:08,666 - INFO -   Epoch [160/164] Loss: 2.2138
2026-02-20 15:03:09,201 - INFO -   Train Loss: 2.0569
2026-02-20 15:03:09,202 - INFO -   Train Accuracy: 23.87%
2026-02-20 15:03:09,202 - INFO -   Val Loss: 2.1227
2026-02-20 15:03:09,202 - INFO -   Val Accuracy: 22.73% | F1: 0.0896
2026-02-20 15:03:09,202 - INFO -   LR: 0.001000
2026-02-20 15:03:09,202 - INFO -   Patience: 1/15
2026-02-20 15:03:09,202 - INFO - 
Epoch 10/100
2026-02-20 15:03:09,629 - INFO -   Epoch [10/164] Loss: 1.9800
2026-02-20 15:03:10,080 - INFO -   Epoch [20/164] Loss: 2.0496
2026-02-20 15:03:10,518 - INFO -   Epoch [30/164] Loss: 2.0840
2026-02-20 15:03:10,987 - INFO -   Epoch [40/164] Loss: 2.3688
2026-02-20 15:03:11,435 - INFO -   Epoch [50/164] Loss: 1.9265
2026-02-20 15:03:11,876 - INFO -   Epoch [60/164] Loss: 1.8330
2026-02-20 15:03:12,318 - INFO -   Epoch [70/164] Loss: 2.2561
2026-02-20 15:03:12,764 - INFO -   Epoch [80/164] Loss: 1.9741
2026-02-20 15:03:13,190 - INFO -   Epoch [90/164] Loss: 2.1209
2026-02-20 15:03:13,621 - INFO -   Epoch [100/164] Loss: 1.8728
2026-02-20 15:03:14,035 - INFO -   Epoch [110/164] Loss: 2.3727
2026-02-20 15:03:14,474 - INFO -   Epoch [120/164] Loss: 1.9356
2026-02-20 15:03:14,948 - INFO -   Epoch [130/164] Loss: 2.0652
2026-02-20 15:03:15,430 - INFO -   Epoch [140/164] Loss: 2.3920
2026-02-20 15:03:15,918 - INFO -   Epoch [150/164] Loss: 2.1035
2026-02-20 15:03:16,364 - INFO -   Epoch [160/164] Loss: 1.9836
2026-02-20 15:03:16,916 - INFO -   Train Loss: 2.0201
2026-02-20 15:03:16,916 - INFO -   Train Accuracy: 24.63%
2026-02-20 15:03:16,916 - INFO -   Val Loss: 1.9480
2026-02-20 15:03:16,916 - INFO -   Val Accuracy: 32.35% | F1: 0.1804
2026-02-20 15:03:16,916 - INFO -   LR: 0.001000
2026-02-20 15:03:17,040 - INFO -   ✓ New best model saved!
2026-02-20 15:03:17,040 - INFO -   Patience: 0/15
2026-02-20 15:03:17,040 - INFO - 
Epoch 11/100
2026-02-20 15:03:17,472 - INFO -   Epoch [10/164] Loss: 2.3095
2026-02-20 15:03:17,911 - INFO -   Epoch [20/164] Loss: 3.4008
2026-02-20 15:03:18,356 - INFO -   Epoch [30/164] Loss: 2.3207
2026-02-20 15:03:18,821 - INFO -   Epoch [40/164] Loss: 2.0620
2026-02-20 15:03:19,265 - INFO -   Epoch [50/164] Loss: 2.0261
2026-02-20 15:03:19,705 - INFO -   Epoch [60/164] Loss: 1.8718
2026-02-20 15:03:20,167 - INFO -   Epoch [70/164] Loss: 1.9374
2026-02-20 15:03:20,635 - INFO -   Epoch [80/164] Loss: 2.0518
2026-02-20 15:03:21,057 - INFO -   Epoch [90/164] Loss: 2.2724
2026-02-20 15:03:21,512 - INFO -   Epoch [100/164] Loss: 1.8430
2026-02-20 15:03:21,936 - INFO -   Epoch [110/164] Loss: 1.8258
2026-02-20 15:03:22,382 - INFO -   Epoch [120/164] Loss: 2.1619
2026-02-20 15:03:22,840 - INFO -   Epoch [130/164] Loss: 1.9480
2026-02-20 15:03:23,288 - INFO -   Epoch [140/164] Loss: 1.8312
2026-02-20 15:03:23,748 - INFO -   Epoch [150/164] Loss: 2.1445
2026-02-20 15:03:24,216 - INFO -   Epoch [160/164] Loss: 2.0531
2026-02-20 15:03:24,744 - INFO -   Train Loss: 2.0699
2026-02-20 15:03:24,744 - INFO -   Train Accuracy: 20.28%
2026-02-20 15:03:24,744 - INFO -   Val Loss: 2.1467
2026-02-20 15:03:24,744 - INFO -   Val Accuracy: 18.45% | F1: 0.0943
2026-02-20 15:03:24,744 - INFO -   LR: 0.001000
2026-02-20 15:03:24,744 - INFO -   Patience: 1/15
2026-02-20 15:03:24,744 - INFO - 
Epoch 12/100
2026-02-20 15:03:25,197 - INFO -   Epoch [10/164] Loss: 2.3440
2026-02-20 15:03:25,643 - INFO -   Epoch [20/164] Loss: 1.7715
2026-02-20 15:03:26,086 - INFO -   Epoch [30/164] Loss: 2.5761
2026-02-20 15:03:26,520 - INFO -   Epoch [40/164] Loss: 2.3092
2026-02-20 15:03:26,986 - INFO -   Epoch [50/164] Loss: 1.8834
2026-02-20 15:03:27,469 - INFO -   Epoch [60/164] Loss: 2.4168
2026-02-20 15:03:27,944 - INFO -   Epoch [70/164] Loss: 2.1619
2026-02-20 15:03:28,456 - INFO -   Epoch [80/164] Loss: 1.7222
2026-02-20 15:03:28,926 - INFO -   Epoch [90/164] Loss: 1.8569
2026-02-20 15:03:29,412 - INFO -   Epoch [100/164] Loss: 1.6237
2026-02-20 15:03:29,855 - INFO -   Epoch [110/164] Loss: 1.7730
2026-02-20 15:03:30,325 - INFO -   Epoch [120/164] Loss: 2.1797
2026-02-20 15:03:30,797 - INFO -   Epoch [130/164] Loss: 2.0020
2026-02-20 15:03:31,268 - INFO -   Epoch [140/164] Loss: 2.3026
2026-02-20 15:03:31,743 - INFO -   Epoch [150/164] Loss: 2.0121
2026-02-20 15:03:32,193 - INFO -   Epoch [160/164] Loss: 1.6570
2026-02-20 15:03:32,742 - INFO -   Train Loss: 2.0135
2026-02-20 15:03:32,743 - INFO -   Train Accuracy: 25.43%
2026-02-20 15:03:32,743 - INFO -   Val Loss: 1.8548
2026-02-20 15:03:32,743 - INFO -   Val Accuracy: 36.63% | F1: 0.2145
2026-02-20 15:03:32,743 - INFO -   LR: 0.001000
2026-02-20 15:03:32,844 - INFO -   ✓ New best model saved!
2026-02-20 15:03:32,845 - INFO -   Patience: 0/15
2026-02-20 15:03:32,845 - INFO - 
Epoch 13/100
2026-02-20 15:03:33,334 - INFO -   Epoch [10/164] Loss: 1.7501
2026-02-20 15:03:33,795 - INFO -   Epoch [20/164] Loss: 2.0360
2026-02-20 15:03:34,228 - INFO -   Epoch [30/164] Loss: 2.8056
2026-02-20 15:03:34,669 - INFO -   Epoch [40/164] Loss: 1.9380
2026-02-20 15:03:35,114 - INFO -   Epoch [50/164] Loss: 1.8529
2026-02-20 15:03:35,586 - INFO -   Epoch [60/164] Loss: 1.6626
2026-02-20 15:03:36,049 - INFO -   Epoch [70/164] Loss: 1.6090
2026-02-20 15:03:36,516 - INFO -   Epoch [80/164] Loss: 2.0237
2026-02-20 15:03:36,973 - INFO -   Epoch [90/164] Loss: 1.9356
2026-02-20 15:03:37,420 - INFO -   Epoch [100/164] Loss: 1.8368
2026-02-20 15:03:37,839 - INFO -   Epoch [110/164] Loss: 1.9457
2026-02-20 15:03:38,272 - INFO -   Epoch [120/164] Loss: 1.8156
2026-02-20 15:03:38,740 - INFO -   Epoch [130/164] Loss: 1.9390
2026-02-20 15:03:39,203 - INFO -   Epoch [140/164] Loss: 2.2583
2026-02-20 15:03:39,627 - INFO -   Epoch [150/164] Loss: 1.7492
2026-02-20 15:03:40,111 - INFO -   Epoch [160/164] Loss: 1.4209
2026-02-20 15:03:40,656 - INFO -   Train Loss: 2.0198
2026-02-20 15:03:40,656 - INFO -   Train Accuracy: 24.29%
2026-02-20 15:03:40,656 - INFO -   Val Loss: 1.9399
2026-02-20 15:03:40,656 - INFO -   Val Accuracy: 32.35% | F1: 0.1782
2026-02-20 15:03:40,656 - INFO -   LR: 0.001000
2026-02-20 15:03:40,656 - INFO -   Patience: 1/15
2026-02-20 15:03:40,656 - INFO - 
Epoch 14/100
2026-02-20 15:03:41,074 - INFO -   Epoch [10/164] Loss: 2.0540
2026-02-20 15:03:41,546 - INFO -   Epoch [20/164] Loss: 1.8054
2026-02-20 15:03:41,978 - INFO -   Epoch [30/164] Loss: 1.9099
2026-02-20 15:03:42,420 - INFO -   Epoch [40/164] Loss: 2.2474
2026-02-20 15:03:42,882 - INFO -   Epoch [50/164] Loss: 2.5999
2026-02-20 15:03:43,372 - INFO -   Epoch [60/164] Loss: 2.1118
2026-02-20 15:03:43,815 - INFO -   Epoch [70/164] Loss: 2.1260
2026-02-20 15:03:44,252 - INFO -   Epoch [80/164] Loss: 2.1290
2026-02-20 15:03:44,693 - INFO -   Epoch [90/164] Loss: 2.2763
2026-02-20 15:03:45,122 - INFO -   Epoch [100/164] Loss: 2.4601
2026-02-20 15:03:45,549 - INFO -   Epoch [110/164] Loss: 2.2625
2026-02-20 15:03:46,023 - INFO -   Epoch [120/164] Loss: 1.9456
2026-02-20 15:03:46,465 - INFO -   Epoch [130/164] Loss: 2.2441
2026-02-20 15:03:46,921 - INFO -   Epoch [140/164] Loss: 2.0101
2026-02-20 15:03:47,360 - INFO -   Epoch [150/164] Loss: 2.2797
2026-02-20 15:03:47,808 - INFO -   Epoch [160/164] Loss: 1.9333
2026-02-20 15:03:48,349 - INFO -   Train Loss: 2.0790
2026-02-20 15:03:48,350 - INFO -   Train Accuracy: 21.85%
2026-02-20 15:03:48,350 - INFO -   Val Loss: 2.1441
2026-02-20 15:03:48,350 - INFO -   Val Accuracy: 21.93% | F1: 0.0918
2026-02-20 15:03:48,350 - INFO -   LR: 0.001000
2026-02-20 15:03:48,350 - INFO -   Patience: 2/15
2026-02-20 15:03:48,350 - INFO - 
Epoch 15/100
2026-02-20 15:03:48,815 - INFO -   Epoch [10/164] Loss: 1.8455
2026-02-20 15:03:49,291 - INFO -   Epoch [20/164] Loss: 1.8881
2026-02-20 15:03:49,718 - INFO -   Epoch [30/164] Loss: 2.3733
2026-02-20 15:03:50,150 - INFO -   Epoch [40/164] Loss: 1.9057
2026-02-20 15:03:50,604 - INFO -   Epoch [50/164] Loss: 1.9572
2026-02-20 15:03:51,083 - INFO -   Epoch [60/164] Loss: 1.9112
2026-02-20 15:03:51,544 - INFO -   Epoch [70/164] Loss: 1.8846
2026-02-20 15:03:52,031 - INFO -   Epoch [80/164] Loss: 1.9204
2026-02-20 15:03:52,523 - INFO -   Epoch [90/164] Loss: 2.1500
2026-02-20 15:03:52,955 - INFO -   Epoch [100/164] Loss: 1.7243
2026-02-20 15:03:53,376 - INFO -   Epoch [110/164] Loss: 1.9160
2026-02-20 15:03:53,829 - INFO -   Epoch [120/164] Loss: 2.9809
2026-02-20 15:03:54,281 - INFO -   Epoch [130/164] Loss: 1.9436
2026-02-20 15:03:54,735 - INFO -   Epoch [140/164] Loss: 2.0576
2026-02-20 15:03:55,203 - INFO -   Epoch [150/164] Loss: 1.8310
2026-02-20 15:03:55,694 - INFO -   Epoch [160/164] Loss: 1.9505
2026-02-20 15:03:56,236 - INFO -   Train Loss: 2.0686
2026-02-20 15:03:56,236 - INFO -   Train Accuracy: 25.58%
2026-02-20 15:03:56,236 - INFO -   Val Loss: 2.0774
2026-02-20 15:03:56,236 - INFO -   Val Accuracy: 25.67% | F1: 0.1035
2026-02-20 15:03:56,236 - INFO -   LR: 0.001000
2026-02-20 15:03:56,237 - INFO -   Patience: 3/15
2026-02-20 15:03:56,237 - INFO - 
Epoch 16/100
2026-02-20 15:03:56,653 - INFO -   Epoch [10/164] Loss: 2.0504
2026-02-20 15:03:57,114 - INFO -   Epoch [20/164] Loss: 2.0088
2026-02-20 15:03:57,562 - INFO -   Epoch [30/164] Loss: 2.1563
2026-02-20 15:03:57,999 - INFO -   Epoch [40/164] Loss: 1.8704
2026-02-20 15:03:58,427 - INFO -   Epoch [50/164] Loss: 1.9071
2026-02-20 15:03:58,883 - INFO -   Epoch [60/164] Loss: 2.1789
2026-02-20 15:03:59,351 - INFO -   Epoch [70/164] Loss: 2.0360
2026-02-20 15:03:59,821 - INFO -   Epoch [80/164] Loss: 1.8725
2026-02-20 15:04:00,282 - INFO -   Epoch [90/164] Loss: 1.7929
2026-02-20 15:04:00,744 - INFO -   Epoch [100/164] Loss: 2.4198
2026-02-20 15:04:01,172 - INFO -   Epoch [110/164] Loss: 1.6588
2026-02-20 15:04:01,623 - INFO -   Epoch [120/164] Loss: 1.8373
2026-02-20 15:04:02,090 - INFO -   Epoch [130/164] Loss: 1.6915
2026-02-20 15:04:02,571 - INFO -   Epoch [140/164] Loss: 2.3904
2026-02-20 15:04:03,005 - INFO -   Epoch [150/164] Loss: 1.7785
2026-02-20 15:04:03,456 - INFO -   Epoch [160/164] Loss: 1.6689
2026-02-20 15:04:04,007 - INFO -   Train Loss: 2.0128
2026-02-20 15:04:04,007 - INFO -   Train Accuracy: 27.75%
2026-02-20 15:04:04,007 - INFO -   Val Loss: 1.8859
2026-02-20 15:04:04,007 - INFO -   Val Accuracy: 27.54% | F1: 0.1825
2026-02-20 15:04:04,007 - INFO -   LR: 0.001000
2026-02-20 15:04:04,007 - INFO -   Patience: 4/15
2026-02-20 15:04:04,007 - INFO - 
Epoch 17/100
2026-02-20 15:04:04,443 - INFO -   Epoch [10/164] Loss: 1.9345
2026-02-20 15:04:04,875 - INFO -   Epoch [20/164] Loss: 2.4473
2026-02-20 15:04:05,336 - INFO -   Epoch [30/164] Loss: 2.3967
2026-02-20 15:04:05,779 - INFO -   Epoch [40/164] Loss: 1.9661
2026-02-20 15:04:06,209 - INFO -   Epoch [50/164] Loss: 2.0325
2026-02-20 15:04:06,676 - INFO -   Epoch [60/164] Loss: 1.8231
2026-02-20 15:04:07,126 - INFO -   Epoch [70/164] Loss: 1.9172
2026-02-20 15:04:07,550 - INFO -   Epoch [80/164] Loss: 2.2789
2026-02-20 15:04:07,983 - INFO -   Epoch [90/164] Loss: 1.6290
2026-02-20 15:04:08,450 - INFO -   Epoch [100/164] Loss: 1.6943
2026-02-20 15:04:08,914 - INFO -   Epoch [110/164] Loss: 2.0357
2026-02-20 15:04:09,380 - INFO -   Epoch [120/164] Loss: 2.1644
2026-02-20 15:04:09,853 - INFO -   Epoch [130/164] Loss: 2.1357
2026-02-20 15:04:10,341 - INFO -   Epoch [140/164] Loss: 1.9976
2026-02-20 15:04:10,786 - INFO -   Epoch [150/164] Loss: 2.1965
2026-02-20 15:04:11,240 - INFO -   Epoch [160/164] Loss: 2.2264
2026-02-20 15:04:11,768 - INFO -   Train Loss: 2.0487
2026-02-20 15:04:11,768 - INFO -   Train Accuracy: 22.57%
2026-02-20 15:04:11,768 - INFO -   Val Loss: 1.9065
2026-02-20 15:04:11,768 - INFO -   Val Accuracy: 25.13% | F1: 0.1259
2026-02-20 15:04:11,768 - INFO -   LR: 0.001000
2026-02-20 15:04:11,769 - INFO -   Patience: 5/15
2026-02-20 15:04:11,769 - INFO - 
Epoch 18/100
2026-02-20 15:04:12,192 - INFO -   Epoch [10/164] Loss: 1.8271
2026-02-20 15:04:12,665 - INFO -   Epoch [20/164] Loss: 2.0141
2026-02-20 15:04:13,105 - INFO -   Epoch [30/164] Loss: 2.3431
2026-02-20 15:04:13,580 - INFO -   Epoch [40/164] Loss: 2.4390
2026-02-20 15:04:14,004 - INFO -   Epoch [50/164] Loss: 1.9781
2026-02-20 15:04:14,449 - INFO -   Epoch [60/164] Loss: 3.5851
2026-02-20 15:04:14,872 - INFO -   Epoch [70/164] Loss: 1.8295
2026-02-20 15:04:15,317 - INFO -   Epoch [80/164] Loss: 1.8511
2026-02-20 15:04:15,800 - INFO -   Epoch [90/164] Loss: 2.1081
2026-02-20 15:04:16,283 - INFO -   Epoch [100/164] Loss: 1.9158
2026-02-20 15:04:16,761 - INFO -   Epoch [110/164] Loss: 2.2092
2026-02-20 15:04:17,215 - INFO -   Epoch [120/164] Loss: 2.5485
2026-02-20 15:04:17,640 - INFO -   Epoch [130/164] Loss: 1.6977
2026-02-20 15:04:18,063 - INFO -   Epoch [140/164] Loss: 1.9452
2026-02-20 15:04:18,539 - INFO -   Epoch [150/164] Loss: 2.3186
2026-02-20 15:04:18,985 - INFO -   Epoch [160/164] Loss: 2.4081
2026-02-20 15:04:19,527 - INFO -   Train Loss: 2.0243
2026-02-20 15:04:19,528 - INFO -   Train Accuracy: 22.49%
2026-02-20 15:04:19,528 - INFO -   Val Loss: 2.0475
2026-02-20 15:04:19,528 - INFO -   Val Accuracy: 24.33% | F1: 0.1104
2026-02-20 15:04:19,528 - INFO -   LR: 0.001000
2026-02-20 15:04:19,528 - INFO -   Patience: 6/15
2026-02-20 15:04:19,528 - INFO - 
Epoch 19/100
2026-02-20 15:04:19,975 - INFO -   Epoch [10/164] Loss: 2.7083
2026-02-20 15:04:20,432 - INFO -   Epoch [20/164] Loss: 2.7910
2026-02-20 15:04:20,905 - INFO -   Epoch [30/164] Loss: 1.9612
2026-02-20 15:04:21,379 - INFO -   Epoch [40/164] Loss: 1.8801
2026-02-20 15:04:21,799 - INFO -   Epoch [50/164] Loss: 1.8382
2026-02-20 15:04:22,273 - INFO -   Epoch [60/164] Loss: 2.1331
2026-02-20 15:04:22,700 - INFO -   Epoch [70/164] Loss: 2.1497
2026-02-20 15:04:23,130 - INFO -   Epoch [80/164] Loss: 2.3240
2026-02-20 15:04:23,585 - INFO -   Epoch [90/164] Loss: 1.8590
2026-02-20 15:04:24,040 - INFO -   Epoch [100/164] Loss: 1.7883
2026-02-20 15:04:24,494 - INFO -   Epoch [110/164] Loss: 2.2758
2026-02-20 15:04:24,947 - INFO -   Epoch [120/164] Loss: 2.0033
2026-02-20 15:04:25,414 - INFO -   Epoch [130/164] Loss: 1.6609
2026-02-20 15:04:25,878 - INFO -   Epoch [140/164] Loss: 1.9585
2026-02-20 15:04:26,356 - INFO -   Epoch [150/164] Loss: 2.1102
2026-02-20 15:04:26,793 - INFO -   Epoch [160/164] Loss: 1.9124
2026-02-20 15:04:27,327 - INFO -   Train Loss: 1.9895
2026-02-20 15:04:27,328 - INFO -   Train Accuracy: 29.05%
2026-02-20 15:04:27,328 - INFO -   Val Loss: 2.2471
2026-02-20 15:04:27,328 - INFO -   Val Accuracy: 24.33% | F1: 0.1300
2026-02-20 15:04:27,328 - INFO -   LR: 0.000500
2026-02-20 15:04:27,328 - INFO -   Patience: 7/15
2026-02-20 15:04:27,328 - INFO - 
Epoch 20/100
2026-02-20 15:04:27,765 - INFO -   Epoch [10/164] Loss: 2.0419
2026-02-20 15:04:28,250 - INFO -   Epoch [20/164] Loss: 2.5538
2026-02-20 15:04:28,687 - INFO -   Epoch [30/164] Loss: 1.8013
2026-02-20 15:04:29,118 - INFO -   Epoch [40/164] Loss: 1.7904
2026-02-20 15:04:29,570 - INFO -   Epoch [50/164] Loss: 2.1017
2026-02-20 15:04:30,028 - INFO -   Epoch [60/164] Loss: 1.9539
2026-02-20 15:04:30,474 - INFO -   Epoch [70/164] Loss: 1.7351
2026-02-20 15:04:30,958 - INFO -   Epoch [80/164] Loss: 2.1202
2026-02-20 15:04:31,408 - INFO -   Epoch [90/164] Loss: 1.7398
2026-02-20 15:04:31,860 - INFO -   Epoch [100/164] Loss: 1.9854
2026-02-20 15:04:32,279 - INFO -   Epoch [110/164] Loss: 1.9526
2026-02-20 15:04:32,728 - INFO -   Epoch [120/164] Loss: 1.6780
2026-02-20 15:04:33,158 - INFO -   Epoch [130/164] Loss: 1.4905
2026-02-20 15:04:33,625 - INFO -   Epoch [140/164] Loss: 1.9337
2026-02-20 15:04:34,065 - INFO -   Epoch [150/164] Loss: 2.1696
2026-02-20 15:04:34,518 - INFO -   Epoch [160/164] Loss: 2.0714
2026-02-20 15:04:35,021 - INFO -   Train Loss: 2.0074
2026-02-20 15:04:35,021 - INFO -   Train Accuracy: 28.17%
2026-02-20 15:04:35,021 - INFO -   Val Loss: 2.1249
2026-02-20 15:04:35,021 - INFO -   Val Accuracy: 29.41% | F1: 0.1282
2026-02-20 15:04:35,021 - INFO -   LR: 0.000500
2026-02-20 15:04:35,021 - INFO -   Patience: 8/15
2026-02-20 15:04:35,021 - INFO - 
Epoch 21/100
2026-02-20 15:04:35,444 - INFO -   Epoch [10/164] Loss: 1.5766
2026-02-20 15:04:35,872 - INFO -   Epoch [20/164] Loss: 2.1839
2026-02-20 15:04:36,313 - INFO -   Epoch [30/164] Loss: 2.1768
2026-02-20 15:04:36,767 - INFO -   Epoch [40/164] Loss: 2.0006
2026-02-20 15:04:37,193 - INFO -   Epoch [50/164] Loss: 2.0139
2026-02-20 15:04:37,670 - INFO -   Epoch [60/164] Loss: 2.2497
2026-02-20 15:04:38,136 - INFO -   Epoch [70/164] Loss: 1.9644
2026-02-20 15:04:38,590 - INFO -   Epoch [80/164] Loss: 1.9988
2026-02-20 15:04:39,062 - INFO -   Epoch [90/164] Loss: 1.8210
2026-02-20 15:04:39,531 - INFO -   Epoch [100/164] Loss: 1.6508
2026-02-20 15:04:39,962 - INFO -   Epoch [110/164] Loss: 1.9931
2026-02-20 15:04:40,442 - INFO -   Epoch [120/164] Loss: 1.9288
2026-02-20 15:04:40,946 - INFO -   Epoch [130/164] Loss: 2.2272
2026-02-20 15:04:41,411 - INFO -   Epoch [140/164] Loss: 1.8632
2026-02-20 15:04:41,867 - INFO -   Epoch [150/164] Loss: 1.9115
2026-02-20 15:04:42,367 - INFO -   Epoch [160/164] Loss: 2.0481
2026-02-20 15:04:42,899 - INFO -   Train Loss: 1.9909
2026-02-20 15:04:42,899 - INFO -   Train Accuracy: 27.49%
2026-02-20 15:04:42,899 - INFO -   Val Loss: 1.8841
2026-02-20 15:04:42,899 - INFO -   Val Accuracy: 35.03% | F1: 0.1720
2026-02-20 15:04:42,899 - INFO -   LR: 0.000500
2026-02-20 15:04:42,900 - INFO -   Patience: 9/15
2026-02-20 15:04:42,900 - INFO - 
Epoch 22/100
2026-02-20 15:04:43,318 - INFO -   Epoch [10/164] Loss: 2.3139
2026-02-20 15:04:43,789 - INFO -   Epoch [20/164] Loss: 1.9564
2026-02-20 15:04:44,215 - INFO -   Epoch [30/164] Loss: 2.5590
2026-02-20 15:04:44,657 - INFO -   Epoch [40/164] Loss: 1.8957
2026-02-20 15:04:45,103 - INFO -   Epoch [50/164] Loss: 1.7087
2026-02-20 15:04:45,541 - INFO -   Epoch [60/164] Loss: 2.0173
2026-02-20 15:04:45,957 - INFO -   Epoch [70/164] Loss: 2.1637
2026-02-20 15:04:46,423 - INFO -   Epoch [80/164] Loss: 2.7155
2026-02-20 15:04:46,847 - INFO -   Epoch [90/164] Loss: 2.1195
2026-02-20 15:04:47,286 - INFO -   Epoch [100/164] Loss: 2.3745
2026-02-20 15:04:47,746 - INFO -   Epoch [110/164] Loss: 2.2762
2026-02-20 15:04:48,187 - INFO -   Epoch [120/164] Loss: 1.8533
2026-02-20 15:04:48,635 - INFO -   Epoch [130/164] Loss: 1.6103
2026-02-20 15:04:49,049 - INFO -   Epoch [140/164] Loss: 1.7904
2026-02-20 15:04:49,505 - INFO -   Epoch [150/164] Loss: 2.0134
2026-02-20 15:04:49,976 - INFO -   Epoch [160/164] Loss: 1.6366
2026-02-20 15:04:50,526 - INFO -   Train Loss: 1.9591
2026-02-20 15:04:50,526 - INFO -   Train Accuracy: 30.27%
2026-02-20 15:04:50,526 - INFO -   Val Loss: 1.9564
2026-02-20 15:04:50,526 - INFO -   Val Accuracy: 30.75% | F1: 0.1203
2026-02-20 15:04:50,526 - INFO -   LR: 0.000500
2026-02-20 15:04:50,526 - INFO -   Patience: 10/15
2026-02-20 15:04:50,526 - INFO - 
Epoch 23/100
2026-02-20 15:04:50,973 - INFO -   Epoch [10/164] Loss: 1.1220
2026-02-20 15:04:51,428 - INFO -   Epoch [20/164] Loss: 1.8958
2026-02-20 15:04:51,870 - INFO -   Epoch [30/164] Loss: 1.6716
2026-02-20 15:04:52,357 - INFO -   Epoch [40/164] Loss: 2.0645
2026-02-20 15:04:52,776 - INFO -   Epoch [50/164] Loss: 1.8587
2026-02-20 15:04:53,200 - INFO -   Epoch [60/164] Loss: 2.0280
2026-02-20 15:04:53,613 - INFO -   Epoch [70/164] Loss: 1.6527
2026-02-20 15:04:54,047 - INFO -   Epoch [80/164] Loss: 2.8729
2026-02-20 15:04:54,465 - INFO -   Epoch [90/164] Loss: 1.7343
2026-02-20 15:04:54,901 - INFO -   Epoch [100/164] Loss: 1.5861
2026-02-20 15:04:55,335 - INFO -   Epoch [110/164] Loss: 1.8680
2026-02-20 15:04:55,810 - INFO -   Epoch [120/164] Loss: 2.3958
2026-02-20 15:04:56,247 - INFO -   Epoch [130/164] Loss: 1.9801
2026-02-20 15:04:56,705 - INFO -   Epoch [140/164] Loss: 1.9510
2026-02-20 15:04:57,172 - INFO -   Epoch [150/164] Loss: 1.9142
2026-02-20 15:04:57,592 - INFO -   Epoch [160/164] Loss: 1.6546
2026-02-20 15:04:58,101 - INFO -   Train Loss: 1.9509
2026-02-20 15:04:58,101 - INFO -   Train Accuracy: 29.89%
2026-02-20 15:04:58,101 - INFO -   Val Loss: 2.1641
2026-02-20 15:04:58,101 - INFO -   Val Accuracy: 27.81% | F1: 0.1021
2026-02-20 15:04:58,101 - INFO -   LR: 0.000500
2026-02-20 15:04:58,102 - INFO -   Patience: 11/15
2026-02-20 15:04:58,102 - INFO - 
Epoch 24/100
2026-02-20 15:04:58,550 - INFO -   Epoch [10/164] Loss: 1.9199
2026-02-20 15:04:58,976 - INFO -   Epoch [20/164] Loss: 1.7545
2026-02-20 15:04:59,420 - INFO -   Epoch [30/164] Loss: 2.0456
2026-02-20 15:04:59,874 - INFO -   Epoch [40/164] Loss: 2.1076
2026-02-20 15:05:00,336 - INFO -   Epoch [50/164] Loss: 1.7387
2026-02-20 15:05:00,822 - INFO -   Epoch [60/164] Loss: 1.8273
2026-02-20 15:05:01,250 - INFO -   Epoch [70/164] Loss: 1.9722
2026-02-20 15:05:01,691 - INFO -   Epoch [80/164] Loss: 2.0396
2026-02-20 15:05:02,126 - INFO -   Epoch [90/164] Loss: 1.8149
2026-02-20 15:05:02,594 - INFO -   Epoch [100/164] Loss: 2.0219
2026-02-20 15:05:03,033 - INFO -   Epoch [110/164] Loss: 1.8698
2026-02-20 15:05:03,457 - INFO -   Epoch [120/164] Loss: 1.9286
2026-02-20 15:05:03,888 - INFO -   Epoch [130/164] Loss: 1.6924
2026-02-20 15:05:04,321 - INFO -   Epoch [140/164] Loss: 1.8116
2026-02-20 15:05:04,790 - INFO -   Epoch [150/164] Loss: 2.1624
2026-02-20 15:05:05,227 - INFO -   Epoch [160/164] Loss: 1.9058
2026-02-20 15:05:05,709 - INFO -   Train Loss: 1.9805
2026-02-20 15:05:05,709 - INFO -   Train Accuracy: 26.88%
2026-02-20 15:05:05,709 - INFO -   Val Loss: 2.0183
2026-02-20 15:05:05,709 - INFO -   Val Accuracy: 17.65% | F1: 0.1063
2026-02-20 15:05:05,709 - INFO -   LR: 0.000500
2026-02-20 15:05:05,709 - INFO -   Patience: 12/15
2026-02-20 15:05:05,709 - INFO - 
Epoch 25/100
2026-02-20 15:05:06,117 - INFO -   Epoch [10/164] Loss: 1.4393
2026-02-20 15:05:06,534 - INFO -   Epoch [20/164] Loss: 1.8036
2026-02-20 15:05:06,979 - INFO -   Epoch [30/164] Loss: 1.6349
2026-02-20 15:05:07,415 - INFO -   Epoch [40/164] Loss: 1.7880
2026-02-20 15:05:07,835 - INFO -   Epoch [50/164] Loss: 2.0345
2026-02-20 15:05:08,257 - INFO -   Epoch [60/164] Loss: 2.0856
2026-02-20 15:05:08,709 - INFO -   Epoch [70/164] Loss: 2.2072
2026-02-20 15:05:09,186 - INFO -   Epoch [80/164] Loss: 2.2744
2026-02-20 15:05:09,661 - INFO -   Epoch [90/164] Loss: 2.4948
2026-02-20 15:05:10,139 - INFO -   Epoch [100/164] Loss: 1.9252
2026-02-20 15:05:10,590 - INFO -   Epoch [110/164] Loss: 1.8136
2026-02-20 15:05:11,069 - INFO -   Epoch [120/164] Loss: 1.8058
2026-02-20 15:05:11,536 - INFO -   Epoch [130/164] Loss: 1.8890
2026-02-20 15:05:11,986 - INFO -   Epoch [140/164] Loss: 1.9145
2026-02-20 15:05:12,463 - INFO -   Epoch [150/164] Loss: 2.3106
2026-02-20 15:05:12,942 - INFO -   Epoch [160/164] Loss: 1.5916
2026-02-20 15:05:13,466 - INFO -   Train Loss: 1.9426
2026-02-20 15:05:13,466 - INFO -   Train Accuracy: 26.92%
2026-02-20 15:05:13,466 - INFO -   Val Loss: 1.9135
2026-02-20 15:05:13,466 - INFO -   Val Accuracy: 21.39% | F1: 0.1329
2026-02-20 15:05:13,466 - INFO -   LR: 0.000250
2026-02-20 15:05:13,466 - INFO -   Patience: 13/15
2026-02-20 15:05:13,466 - INFO - 
Epoch 26/100
2026-02-20 15:05:13,915 - INFO -   Epoch [10/164] Loss: 1.6212
2026-02-20 15:05:14,325 - INFO -   Epoch [20/164] Loss: 1.8312
2026-02-20 15:05:14,744 - INFO -   Epoch [30/164] Loss: 2.0000
2026-02-20 15:05:15,206 - INFO -   Epoch [40/164] Loss: 1.8939
2026-02-20 15:05:15,642 - INFO -   Epoch [50/164] Loss: 1.8267
2026-02-20 15:05:16,128 - INFO -   Epoch [60/164] Loss: 1.7469
2026-02-20 15:05:16,573 - INFO -   Epoch [70/164] Loss: 1.8746
2026-02-20 15:05:17,035 - INFO -   Epoch [80/164] Loss: 1.7576
2026-02-20 15:05:17,487 - INFO -   Epoch [90/164] Loss: 3.0758
2026-02-20 15:05:17,948 - INFO -   Epoch [100/164] Loss: 1.6720
2026-02-20 15:05:18,407 - INFO -   Epoch [110/164] Loss: 2.3205
2026-02-20 15:05:18,881 - INFO -   Epoch [120/164] Loss: 1.9251
2026-02-20 15:05:19,349 - INFO -   Epoch [130/164] Loss: 2.0307
2026-02-20 15:05:19,805 - INFO -   Epoch [140/164] Loss: 1.8217
2026-02-20 15:05:20,253 - INFO -   Epoch [150/164] Loss: 1.7441
2026-02-20 15:05:20,736 - INFO -   Epoch [160/164] Loss: 1.5847
2026-02-20 15:05:21,273 - INFO -   Train Loss: 1.9240
2026-02-20 15:05:21,273 - INFO -   Train Accuracy: 26.19%
2026-02-20 15:05:21,273 - INFO -   Val Loss: 1.9954
2026-02-20 15:05:21,273 - INFO -   Val Accuracy: 25.67% | F1: 0.1242
2026-02-20 15:05:21,273 - INFO -   LR: 0.000250
2026-02-20 15:05:21,273 - INFO -   Patience: 14/15
2026-02-20 15:05:21,274 - INFO - 
Epoch 27/100
2026-02-20 15:05:21,725 - INFO -   Epoch [10/164] Loss: 1.7665
2026-02-20 15:05:22,199 - INFO -   Epoch [20/164] Loss: 1.7794
2026-02-20 15:05:22,667 - INFO -   Epoch [30/164] Loss: 1.8513
2026-02-20 15:05:23,119 - INFO -   Epoch [40/164] Loss: 2.0105
2026-02-20 15:05:23,542 - INFO -   Epoch [50/164] Loss: 2.0236
2026-02-20 15:05:24,021 - INFO -   Epoch [60/164] Loss: 1.9945
2026-02-20 15:05:24,444 - INFO -   Epoch [70/164] Loss: 1.6301
2026-02-20 15:05:24,902 - INFO -   Epoch [80/164] Loss: 1.5211
2026-02-20 15:05:25,357 - INFO -   Epoch [90/164] Loss: 1.7561
2026-02-20 15:05:25,806 - INFO -   Epoch [100/164] Loss: 1.9370
2026-02-20 15:05:26,233 - INFO -   Epoch [110/164] Loss: 2.0095
2026-02-20 15:05:26,715 - INFO -   Epoch [120/164] Loss: 1.7161
2026-02-20 15:05:27,157 - INFO -   Epoch [130/164] Loss: 1.7374
2026-02-20 15:05:27,581 - INFO -   Epoch [140/164] Loss: 1.6687
2026-02-20 15:05:28,039 - INFO -   Epoch [150/164] Loss: 1.8365
2026-02-20 15:05:28,499 - INFO -   Epoch [160/164] Loss: 1.9317
2026-02-20 15:05:29,036 - INFO -   Train Loss: 1.9242
2026-02-20 15:05:29,037 - INFO -   Train Accuracy: 32.63%
2026-02-20 15:05:29,037 - INFO -   Val Loss: 1.8694
2026-02-20 15:05:29,037 - INFO -   Val Accuracy: 29.95% | F1: 0.1651
2026-02-20 15:05:29,037 - INFO -   LR: 0.000250
2026-02-20 15:05:29,037 - INFO -   Patience: 15/15
2026-02-20 15:05:29,037 - INFO - 
✓ Early stopping at epoch 27
2026-02-20 15:05:29,037 - INFO - 
✓ Training completed!
2026-02-20 15:05:29,037 - INFO -   Best Accuracy: 36.63%
2026-02-20 15:05:29,037 - INFO - 
================================================================================
2026-02-20 15:05:29,037 - INFO - Step 7: Testing
2026-02-20 15:05:29,037 - INFO - ================================================================================
2026-02-20 15:05:29,073 - INFO - ✓ Loaded best model from epoch 12
2026-02-20 15:05:29,746 - INFO - 
Test Results:
2026-02-20 15:05:29,746 - INFO -   - Accuracy: 32.76%
2026-02-20 15:05:29,746 - INFO -   - F1 Score: 0.1690
2026-02-20 15:05:29,755 - INFO - 
✓ All results saved to outputs/pure_graph_20260220_144728
2026-02-20 15:05:29,755 - INFO - ================================================================================
