2026-04-05 16:21:35,306 - INFO - ================================================================================
2026-04-05 16:21:35,306 - INFO - Multi-Scale Temporal Branch Training
2026-04-05 16:21:35,306 - INFO - ================================================================================
2026-04-05 16:21:35,306 - INFO - Training started at: 2026-04-05 16:21:35
2026-04-05 16:21:35,306 - INFO - 
Improvement: Multi-Scale Temporal Branch (hourly + daily + weekly)
2026-04-05 16:21:35,306 - INFO - Dataset: data/labels_sgh_entropy_0.05_per_450.csv with flow threshold 0.0 and 168 time steps
2026-04-05 16:21:35,306 - INFO - Runtime overrides | spatial_model=GINE, samples_per_class=None, epochs=300, batch_size=12, lr=0.0001, grad_accum=4, early_stop=30, use_cache=True
2026-04-05 16:21:35,306 - INFO - Temporal override | temporal_model=TRANSFORMER
2026-04-05 16:21:35,307 - INFO - Temporal layer override | layers=3
2026-04-05 16:21:35,307 - INFO - Graph overrides | topk_out=20, topk_in=20, topk_enabled=True
2026-04-05 16:21:35,307 - INFO - Graph temporal mode | mode=static
2026-04-05 16:21:35,307 - INFO - Seed override | random_seed=202
2026-04-05 16:21:35,307 - INFO - Spatial node feature mode | mode=raw_temporal_mean
2026-04-05 16:21:35,307 - INFO - GINE edge feature mode | mode=flow_distance_direction
2026-04-05 16:21:35,307 - INFO - Temporal feature mode | mode=inflow_outflow
2026-04-05 16:21:35,307 - INFO - Split manifest | load=None, export=None
2026-04-05 16:21:35,307 - INFO - Branch ablation mode | mode=full
2026-04-05 16:21:35,307 - INFO - Fusion ablation mode | mode=gated
2026-04-05 16:21:35,307 - INFO - 
Output directory: outputs/multiscale_temporal_20260405_162135_labels_sgh_entropy_0.05_per_450_ablation_A3_nope_nocoord
2026-04-05 16:21:35,307 - INFO - Log file: outputs/multiscale_temporal_20260405_162135_labels_sgh_entropy_0.05_per_450_ablation_A3_nope_nocoord/training.log
2026-04-05 16:21:35,307 - INFO - 
================================================================================
2026-04-05 16:21:35,307 - INFO - Step 1: Loading data
2026-04-05 16:21:35,308 - INFO - ================================================================================
2026-04-05 16:21:35,309 - INFO - ================================================================================
2026-04-05 16:21:35,309 - INFO - Dual-Year Experiment Data Preparation
2026-04-05 16:21:35,309 - INFO - ================================================================================
2026-04-05 16:21:35,309 - INFO - Label file: data/labels_sgh_entropy_0.05_per_450.csv
2026-04-05 16:21:35,309 - INFO - Samples per class: ALL
2026-04-05 16:21:35,309 - INFO - 
2026-04-05 16:21:35,309 - INFO - Loading grid metadata...
2026-04-05 16:21:35,309 - INFO - Loading grid metadata from data/grid_metadata/sgh_grid_metadata.csv
2026-04-05 16:21:35,388 - INFO - Loaded 65049 valid grid cells
2026-04-05 16:21:35,396 - INFO - ================================================================================
2026-04-05 16:21:35,396 - INFO - Loading Feature Cache (Level-1)
2026-04-05 16:21:35,396 - INFO - ================================================================================
2026-04-05 16:21:35,397 - INFO - Feature cache file: data/cache/features/dual_year_features_cb92786c4c45.pkl
/opt/conda/lib/python3.11/site-packages/torch/storage.py:414: FutureWarning: You are using `torch.load` with `weights_only=False` (the current default value), which uses the default pickle module implicitly. It is possible to construct malicious pickle data which will execute arbitrary code during unpickling (See https://github.com/pytorch/pytorch/blob/main/SECURITY.md#untrusted-models for more details). In a future release, the default value for `weights_only` will be flipped to `True`. This limits the functions that could be executed during unpickling. Arbitrary objects will no longer be allowed to be loaded via this mode unless they are explicitly allowlisted by the user via `torch.serialization.add_safe_globals`. We recommend you start setting `weights_only=True` for any use case where you don't have full control of the loaded file. Please open an issue on GitHub for any issues related to this experimental feature.
  return torch.load(io.BytesIO(b))
2026-04-05 16:21:35,476 - INFO - ✓ Feature cache hit
2026-04-05 16:21:35,476 - INFO -   - Total labeled grids: 4050
2026-04-05 16:21:35,476 - INFO - Building/loading spatial graphs...
2026-04-05 16:21:35,476 - INFO - CRITICAL FIX: Using GLOBAL metadata (all 65049 grids)
2026-04-05 16:21:35,580 - INFO - ================================================================================
2026-04-05 16:21:35,580 - INFO - Loading Graph Cache (Level-2 variant)
2026-04-05 16:21:35,580 - INFO - ================================================================================
2026-04-05 16:21:35,580 - INFO - Graph cache file: data/cache/graphs/dual_year_graph_variant_0e1f7f20f21e.pkl
2026-04-05 16:21:35,635 - INFO - ✓ Graph variant cache hit
2026-04-05 16:21:35,635 - INFO - 
✓ CRITICAL FIX APPLIED:
2026-04-05 16:21:35,635 - INFO -   - Global graph nodes: 65049 (from 65049 metadata)
2026-04-05 16:21:35,635 - INFO -   - Labeled nodes for training: 4050
2026-04-05 16:21:35,635 - INFO -   - Unlabeled nodes in graph: 60999
2026-04-05 16:21:35,636 - INFO -   - Graph temporal mode: static
2026-04-05 16:21:35,636 - INFO -   - Graph edge feature mode: flow_distance_direction
2026-04-05 16:21:35,636 - INFO -   - Graph snapshots per year: 1
2026-04-05 16:21:35,636 - INFO -   - Graph 2021 edges (snapshot0): 1034676
2026-04-05 16:21:35,636 - INFO -   - Graph 2024 edges (snapshot0): 1179275
2026-04-05 16:21:35,636 - INFO - 
Architecture:
2026-04-05 16:21:35,636 - INFO -   - Temporal Branch (LSTM): Uses 4050 labeled nodes with (168, 2) features
2026-04-05 16:21:35,636 - INFO -   - Spatial Branch (GCN/SAGE): Uses 65049 nodes with all-1 features
2026-04-05 16:21:35,636 - INFO -   - Feature dimension per labeled node: (168, 4)
2026-04-05 16:21:35,637 - INFO - 
Two-level cache summary:
2026-04-05 16:21:35,637 - INFO -   - Feature cache: data/cache/features/dual_year_features_cb92786c4c45.pkl
2026-04-05 16:21:35,637 - INFO -   - Graph base cache: data/cache/graphs/dual_year_graph_base_d4d046bfdc14.pkl
2026-04-05 16:21:35,637 - INFO -   - Graph variant cache: data/cache/graphs/dual_year_graph_variant_0e1f7f20f21e.pkl
2026-04-05 16:21:35,643 - INFO - ✓ Data loaded successfully
2026-04-05 16:21:35,644 - INFO -   - Total grids: 4050
2026-04-05 16:21:35,644 - INFO -   - Feature shape: (168, 4)
2026-04-05 16:21:35,644 - INFO -   - Graph 2021 edges: 1034676
2026-04-05 16:21:35,644 - INFO -   - Graph 2024 edges: 1179275
2026-04-05 16:21:35,644 - INFO -   - Graph edge feature mode: flow_distance_direction
2026-04-05 16:21:35,644 - INFO - 
================================================================================
2026-04-05 16:21:35,644 - INFO - Step 2: Preparing temporal features
2026-04-05 16:21:35,644 - INFO - ================================================================================
2026-04-05 16:21:35,684 - INFO - ✓ Temporal features prepared
2026-04-05 16:21:35,684 - INFO - 
================================================================================
2026-04-05 16:21:35,684 - INFO - Step 3: Creating dataset
2026-04-05 16:21:35,685 - INFO - ================================================================================
2026-04-05 16:21:35,685 - INFO - ✓ Dataset created: 4050 samples
2026-04-05 16:21:35,689 - INFO -   - Split Source: seeded_random_split
2026-04-05 16:21:35,689 - INFO -   - Wrote Split Manifest: outputs/multiscale_temporal_20260405_162135_labels_sgh_entropy_0.05_per_450_ablation_A3_nope_nocoord/metrics/split_manifest.json
2026-04-05 16:21:35,689 - INFO -   - Train: 2835 samples
2026-04-05 16:21:35,689 - INFO -   - Val: 405 samples
2026-04-05 16:21:35,689 - INFO -   - Test: 810 samples
2026-04-05 16:21:35,984 - INFO - ✓ Data loaders created
2026-04-05 16:21:35,984 - INFO - 
================================================================================
2026-04-05 16:21:35,984 - INFO - Step 4: Creating Enhanced Model
2026-04-05 16:21:35,984 - INFO - ================================================================================
2026-04-05 16:21:35,984 - INFO - Using device: cuda
2026-04-05 16:21:35,984 - INFO - Spatial model: GINE
2026-04-05 16:21:35,984 - INFO - Temporal model: TRANSFORMER
2026-04-05 16:21:36,478 - INFO - ✓ Enhanced model created
2026-04-05 16:21:36,478 - INFO -   - Total parameters: 4,842,844
2026-04-05 16:21:36,478 - INFO -   - Trainable parameters: 4,842,844
2026-04-05 16:21:36,478 - INFO -   - Multi-scale temporal: Hourly + Daily + Weekly
2026-04-05 16:21:36,478 - INFO -   - Temporal branch model: TRANSFORMER
2026-04-05 16:21:36,478 - INFO -   - Spatial branch: GINE
2026-04-05 16:21:36,478 - INFO -   - Laplacian PE dimension: 0
2026-04-05 16:21:36,478 - INFO -   - Branch ablation mode: full
2026-04-05 16:21:36,478 - INFO -   - Fusion ablation mode: gated
2026-04-05 16:21:36,478 - INFO - 
================================================================================
2026-04-05 16:21:36,478 - INFO - Step 5: Setting up training
2026-04-05 16:21:36,478 - INFO - ================================================================================
/opt/conda/lib/python3.11/site-packages/torch/optim/lr_scheduler.py:60: UserWarning: The verbose parameter is deprecated. Please use get_last_lr() to access the learning rate.
  warnings.warn(
2026-04-05 16:21:36,480 - INFO - ✓ Training setup complete
2026-04-05 16:21:36,480 - INFO -   - Optimizer: Adam (lr=0.0001, wd=0.001)
2026-04-05 16:21:36,480 - INFO -   - Scheduler: ReduceLROnPlateau (patience=5, factor=0.5)
2026-04-05 16:21:36,481 - INFO -   - Loss: Weighted CrossEntropy
2026-04-05 16:21:36,481 - INFO - 
================================================================================
2026-04-05 16:21:36,481 - INFO - Step 6: Training
2026-04-05 16:21:36,481 - INFO - ================================================================================
2026-04-05 16:21:36,481 - INFO - 
Epoch 1/300
/workspace/Graph_Deep_Learning/20251001-PRD_18-21-24-mobility_change_pattern/analysis/PRD-Mobility-Change-Pattern/src/models/enhanced_dual_branch_model.py:512: FutureWarning: You are using `torch.load` with `weights_only=False` (the current default value), which uses the default pickle module implicitly. It is possible to construct malicious pickle data which will execute arbitrary code during unpickling (See https://github.com/pytorch/pytorch/blob/main/SECURITY.md#untrusted-models for more details). In a future release, the default value for `weights_only` will be flipped to `True`. This limits the functions that could be executed during unpickling. Arbitrary objects will no longer be allowed to be loaded via this mode unless they are explicitly allowlisted by the user via `torch.serialization.add_safe_globals`. We recommend you start setting `weights_only=True` for any use case where you don't have full control of the loaded file. Please open an issue on GitHub for any issues related to this experimental feature.
  cached = torch.load(cache_path, map_location='cpu')
2026-04-05 16:21:38,758 - INFO -   Epoch [10/237] Loss: 2.1197
2026-04-05 16:21:40,480 - INFO -   Epoch [20/237] Loss: 2.1449
2026-04-05 16:21:42,211 - INFO -   Epoch [30/237] Loss: 2.1570
2026-04-05 16:21:43,925 - INFO -   Epoch [40/237] Loss: 2.1586
2026-04-05 16:21:45,637 - INFO -   Epoch [50/237] Loss: 1.9694
2026-04-05 16:21:47,361 - INFO -   Epoch [60/237] Loss: 2.2254
2026-04-05 16:21:49,096 - INFO -   Epoch [70/237] Loss: 1.8203
2026-04-05 16:21:50,809 - INFO -   Epoch [80/237] Loss: 1.8860
2026-04-05 16:21:52,512 - INFO -   Epoch [90/237] Loss: 1.9256
2026-04-05 16:21:54,227 - INFO -   Epoch [100/237] Loss: 1.8364
2026-04-05 16:21:55,943 - INFO -   Epoch [110/237] Loss: 2.2872
2026-04-05 16:21:57,665 - INFO -   Epoch [120/237] Loss: 1.6806
2026-04-05 16:21:59,377 - INFO -   Epoch [130/237] Loss: 2.0279
2026-04-05 16:22:01,086 - INFO -   Epoch [140/237] Loss: 2.0796
2026-04-05 16:22:02,807 - INFO -   Epoch [150/237] Loss: 1.9724
2026-04-05 16:22:04,527 - INFO -   Epoch [160/237] Loss: 1.7384
2026-04-05 16:22:06,249 - INFO -   Epoch [170/237] Loss: 2.3510
2026-04-05 16:22:07,953 - INFO -   Epoch [180/237] Loss: 1.7424
2026-04-05 16:22:09,663 - INFO -   Epoch [190/237] Loss: 1.8924
2026-04-05 16:22:11,378 - INFO -   Epoch [200/237] Loss: 1.8108
2026-04-05 16:22:13,099 - INFO -   Epoch [210/237] Loss: 1.5059
2026-04-05 16:22:14,840 - INFO -   Epoch [220/237] Loss: 1.8284
2026-04-05 16:22:16,560 - INFO -   Epoch [230/237] Loss: 1.5145
2026-04-05 16:22:19,789 - INFO -   Train Loss: 1.9603
2026-04-05 16:22:19,789 - INFO -   Train Accuracy: 24.83%
2026-04-05 16:22:19,789 - INFO -   Val Loss: 1.6894
2026-04-05 16:22:19,789 - INFO -   Val Accuracy: 35.80% | F1: 0.3285
2026-04-05 16:22:19,789 - INFO -   LR: 0.000100
2026-04-05 16:22:19,885 - INFO -   ✓ New best model saved! (Acc: 35.80%)
2026-04-05 16:22:19,886 - INFO -   Patience: 0/30
2026-04-05 16:22:19,886 - INFO - 
Epoch 2/300
2026-04-05 16:22:21,608 - INFO -   Epoch [10/237] Loss: 1.9043
2026-04-05 16:22:23,331 - INFO -   Epoch [20/237] Loss: 2.0087
2026-04-05 16:22:25,043 - INFO -   Epoch [30/237] Loss: 1.6565
2026-04-05 16:22:26,758 - INFO -   Epoch [40/237] Loss: 1.7969
2026-04-05 16:22:28,473 - INFO -   Epoch [50/237] Loss: 1.7947
2026-04-05 16:22:30,176 - INFO -   Epoch [60/237] Loss: 1.6748
2026-04-05 16:22:31,879 - INFO -   Epoch [70/237] Loss: 2.0870
2026-04-05 16:22:33,594 - INFO -   Epoch [80/237] Loss: 1.8278
2026-04-05 16:22:35,313 - INFO -   Epoch [90/237] Loss: 1.8709
2026-04-05 16:22:37,015 - INFO -   Epoch [100/237] Loss: 1.8756
2026-04-05 16:22:38,722 - INFO -   Epoch [110/237] Loss: 1.9717
2026-04-05 16:22:40,446 - INFO -   Epoch [120/237] Loss: 1.9960
2026-04-05 16:22:42,171 - INFO -   Epoch [130/237] Loss: 1.6534
2026-04-05 16:22:43,883 - INFO -   Epoch [140/237] Loss: 1.5486
2026-04-05 16:22:45,590 - INFO -   Epoch [150/237] Loss: 1.8503
2026-04-05 16:22:47,307 - INFO -   Epoch [160/237] Loss: 1.5686
2026-04-05 16:22:49,015 - INFO -   Epoch [170/237] Loss: 1.9218
2026-04-05 16:22:50,748 - INFO -   Epoch [180/237] Loss: 1.7463
2026-04-05 16:22:52,465 - INFO -   Epoch [190/237] Loss: 1.8859
2026-04-05 16:22:54,168 - INFO -   Epoch [200/237] Loss: 1.6855
2026-04-05 16:22:55,871 - INFO -   Epoch [210/237] Loss: 2.0697
2026-04-05 16:22:57,580 - INFO -   Epoch [220/237] Loss: 1.2070
2026-04-05 16:22:59,421 - INFO -   Epoch [230/237] Loss: 1.7860
2026-04-05 16:23:02,459 - INFO -   Train Loss: 1.7607
2026-04-05 16:23:02,459 - INFO -   Train Accuracy: 31.39%
2026-04-05 16:23:02,460 - INFO -   Val Loss: 1.5459
2026-04-05 16:23:02,460 - INFO -   Val Accuracy: 43.46% | F1: 0.4031
2026-04-05 16:23:02,460 - INFO -   LR: 0.000100
2026-04-05 16:23:02,798 - INFO -   ✓ New best model saved! (Acc: 43.46%)
2026-04-05 16:23:02,800 - INFO -   Patience: 0/30
2026-04-05 16:23:02,800 - INFO - 
Epoch 3/300
2026-04-05 16:23:04,498 - INFO -   Epoch [10/237] Loss: 1.6558
2026-04-05 16:23:06,172 - INFO -   Epoch [20/237] Loss: 1.7608
2026-04-05 16:23:07,861 - INFO -   Epoch [30/237] Loss: 1.5072
2026-04-05 16:23:09,540 - INFO -   Epoch [40/237] Loss: 1.6256
2026-04-05 16:23:11,228 - INFO -   Epoch [50/237] Loss: 1.7641
2026-04-05 16:23:12,904 - INFO -   Epoch [60/237] Loss: 1.4416
2026-04-05 16:23:14,578 - INFO -   Epoch [70/237] Loss: 1.5707
2026-04-05 16:23:16,254 - INFO -   Epoch [80/237] Loss: 1.5559
2026-04-05 16:23:17,927 - INFO -   Epoch [90/237] Loss: 1.8539
2026-04-05 16:23:19,607 - INFO -   Epoch [100/237] Loss: 1.4605
2026-04-05 16:23:21,284 - INFO -   Epoch [110/237] Loss: 1.8657
2026-04-05 16:23:22,978 - INFO -   Epoch [120/237] Loss: 1.6719
2026-04-05 16:23:24,658 - INFO -   Epoch [130/237] Loss: 1.5045
2026-04-05 16:23:26,340 - INFO -   Epoch [140/237] Loss: 1.3071
2026-04-05 16:23:28,032 - INFO -   Epoch [150/237] Loss: 1.8056
2026-04-05 16:23:29,707 - INFO -   Epoch [160/237] Loss: 1.3893
2026-04-05 16:23:31,398 - INFO -   Epoch [170/237] Loss: 1.7164
2026-04-05 16:23:33,089 - INFO -   Epoch [180/237] Loss: 1.6751
2026-04-05 16:23:34,757 - INFO -   Epoch [190/237] Loss: 1.5427
2026-04-05 16:23:36,435 - INFO -   Epoch [200/237] Loss: 1.3409
2026-04-05 16:23:38,126 - INFO -   Epoch [210/237] Loss: 1.3189
2026-04-05 16:23:39,818 - INFO -   Epoch [220/237] Loss: 1.6806
2026-04-05 16:23:41,506 - INFO -   Epoch [230/237] Loss: 1.4013
2026-04-05 16:23:44,474 - INFO -   Train Loss: 1.6344
2026-04-05 16:23:44,474 - INFO -   Train Accuracy: 36.54%
2026-04-05 16:23:44,474 - INFO -   Val Loss: 1.4550
2026-04-05 16:23:44,474 - INFO -   Val Accuracy: 46.67% | F1: 0.4607
2026-04-05 16:23:44,474 - INFO -   LR: 0.000100
2026-04-05 16:23:45,255 - INFO -   ✓ New best model saved! (Acc: 46.67%)
2026-04-05 16:23:45,256 - INFO -   Patience: 0/30
2026-04-05 16:23:45,256 - INFO - 
Epoch 4/300
2026-04-05 16:23:46,938 - INFO -   Epoch [10/237] Loss: 1.5427
2026-04-05 16:23:48,695 - INFO -   Epoch [20/237] Loss: 1.4842
2026-04-05 16:23:50,393 - INFO -   Epoch [30/237] Loss: 1.5802
2026-04-05 16:23:52,080 - INFO -   Epoch [40/237] Loss: 1.4626
2026-04-05 16:23:53,766 - INFO -   Epoch [50/237] Loss: 1.4899
2026-04-05 16:23:55,443 - INFO -   Epoch [60/237] Loss: 1.1864
2026-04-05 16:23:57,128 - INFO -   Epoch [70/237] Loss: 1.4809
2026-04-05 16:23:58,818 - INFO -   Epoch [80/237] Loss: 1.5301
2026-04-05 16:24:00,489 - INFO -   Epoch [90/237] Loss: 1.7995
2026-04-05 16:24:02,187 - INFO -   Epoch [100/237] Loss: 1.4841
2026-04-05 16:24:03,872 - INFO -   Epoch [110/237] Loss: 1.7202
2026-04-05 16:24:05,549 - INFO -   Epoch [120/237] Loss: 1.9160
2026-04-05 16:24:07,246 - INFO -   Epoch [130/237] Loss: 1.8019
2026-04-05 16:24:08,935 - INFO -   Epoch [140/237] Loss: 1.6284
2026-04-05 16:24:10,606 - INFO -   Epoch [150/237] Loss: 1.5847
2026-04-05 16:24:12,358 - INFO -   Epoch [160/237] Loss: 1.6986
2026-04-05 16:24:14,047 - INFO -   Epoch [170/237] Loss: 1.2122
2026-04-05 16:24:15,740 - INFO -   Epoch [180/237] Loss: 1.5955
2026-04-05 16:24:17,422 - INFO -   Epoch [190/237] Loss: 1.7182
2026-04-05 16:24:19,116 - INFO -   Epoch [200/237] Loss: 1.3092
2026-04-05 16:24:20,807 - INFO -   Epoch [210/237] Loss: 1.2902
2026-04-05 16:24:22,488 - INFO -   Epoch [220/237] Loss: 1.6184
2026-04-05 16:24:24,173 - INFO -   Epoch [230/237] Loss: 1.8458
2026-04-05 16:24:27,155 - INFO -   Train Loss: 1.5883
2026-04-05 16:24:27,155 - INFO -   Train Accuracy: 37.95%
2026-04-05 16:24:27,155 - INFO -   Val Loss: 1.4260
2026-04-05 16:24:27,155 - INFO -   Val Accuracy: 44.69% | F1: 0.4257
2026-04-05 16:24:27,155 - INFO -   LR: 0.000100
2026-04-05 16:24:27,155 - INFO -   Patience: 1/30
2026-04-05 16:24:27,155 - INFO - 
Epoch 5/300
2026-04-05 16:24:28,837 - INFO -   Epoch [10/237] Loss: 1.7111
2026-04-05 16:24:30,530 - INFO -   Epoch [20/237] Loss: 1.3884
2026-04-05 16:24:32,206 - INFO -   Epoch [30/237] Loss: 1.5989
2026-04-05 16:24:33,905 - INFO -   Epoch [40/237] Loss: 1.3539
2026-04-05 16:24:35,593 - INFO -   Epoch [50/237] Loss: 1.7068
2026-04-05 16:24:37,291 - INFO -   Epoch [60/237] Loss: 1.3279
2026-04-05 16:24:38,991 - INFO -   Epoch [70/237] Loss: 1.3395
2026-04-05 16:24:40,667 - INFO -   Epoch [80/237] Loss: 1.2618
2026-04-05 16:24:42,343 - INFO -   Epoch [90/237] Loss: 1.1993
2026-04-05 16:24:44,018 - INFO -   Epoch [100/237] Loss: 1.3419
2026-04-05 16:24:45,700 - INFO -   Epoch [110/237] Loss: 1.3922
2026-04-05 16:24:47,376 - INFO -   Epoch [120/237] Loss: 1.8845
2026-04-05 16:24:49,073 - INFO -   Epoch [130/237] Loss: 1.6704
2026-04-05 16:24:50,773 - INFO -   Epoch [140/237] Loss: 1.3774
2026-04-05 16:24:52,457 - INFO -   Epoch [150/237] Loss: 1.7864
2026-04-05 16:24:54,139 - INFO -   Epoch [160/237] Loss: 1.6480
2026-04-05 16:24:55,823 - INFO -   Epoch [170/237] Loss: 1.2632
2026-04-05 16:24:57,520 - INFO -   Epoch [180/237] Loss: 1.8440
2026-04-05 16:24:59,244 - INFO -   Epoch [190/237] Loss: 1.5489
2026-04-05 16:25:00,950 - INFO -   Epoch [200/237] Loss: 1.6182
2026-04-05 16:25:02,654 - INFO -   Epoch [210/237] Loss: 1.5183
2026-04-05 16:25:04,356 - INFO -   Epoch [220/237] Loss: 1.4259
2026-04-05 16:25:06,048 - INFO -   Epoch [230/237] Loss: 1.1778
2026-04-05 16:25:09,108 - INFO -   Train Loss: 1.5368
2026-04-05 16:25:09,109 - INFO -   Train Accuracy: 40.25%
2026-04-05 16:25:09,109 - INFO -   Val Loss: 1.3952
2026-04-05 16:25:09,109 - INFO -   Val Accuracy: 46.17% | F1: 0.4481
2026-04-05 16:25:09,109 - INFO -   LR: 0.000100
2026-04-05 16:25:09,109 - INFO -   Patience: 2/30
2026-04-05 16:25:09,109 - INFO - 
Epoch 6/300
2026-04-05 16:25:10,804 - INFO -   Epoch [10/237] Loss: 1.0746
2026-04-05 16:25:12,478 - INFO -   Epoch [20/237] Loss: 1.1856
2026-04-05 16:25:14,182 - INFO -   Epoch [30/237] Loss: 1.6046
2026-04-05 16:25:15,882 - INFO -   Epoch [40/237] Loss: 1.7180
2026-04-05 16:25:17,573 - INFO -   Epoch [50/237] Loss: 1.6279
2026-04-05 16:25:19,731 - INFO -   Epoch [60/237] Loss: 1.3980
2026-04-05 16:25:22,299 - INFO -   Epoch [70/237] Loss: 1.5882
2026-04-05 16:25:24,843 - INFO -   Epoch [80/237] Loss: 2.1549
2026-04-05 16:25:27,407 - INFO -   Epoch [90/237] Loss: 1.3261
2026-04-05 16:25:29,979 - INFO -   Epoch [100/237] Loss: 1.3680
2026-04-05 16:25:32,607 - INFO -   Epoch [110/237] Loss: 1.3844
2026-04-05 16:25:35,196 - INFO -   Epoch [120/237] Loss: 1.9221
2026-04-05 16:25:37,745 - INFO -   Epoch [130/237] Loss: 1.6310
2026-04-05 16:25:40,305 - INFO -   Epoch [140/237] Loss: 1.4568
2026-04-05 16:25:42,874 - INFO -   Epoch [150/237] Loss: 1.4960
2026-04-05 16:25:45,434 - INFO -   Epoch [160/237] Loss: 1.4495
2026-04-05 16:25:48,009 - INFO -   Epoch [170/237] Loss: 1.2857
2026-04-05 16:25:50,576 - INFO -   Epoch [180/237] Loss: 1.5284
2026-04-05 16:25:53,131 - INFO -   Epoch [190/237] Loss: 1.6236
2026-04-05 16:25:55,712 - INFO -   Epoch [200/237] Loss: 1.4504
2026-04-05 16:25:58,282 - INFO -   Epoch [210/237] Loss: 1.4598
2026-04-05 16:26:00,835 - INFO -   Epoch [220/237] Loss: 1.2378
2026-04-05 16:26:03,343 - INFO -   Epoch [230/237] Loss: 1.2547
2026-04-05 16:26:06,711 - INFO -   Train Loss: 1.5198
2026-04-05 16:26:06,712 - INFO -   Train Accuracy: 39.82%
2026-04-05 16:26:06,712 - INFO -   Val Loss: 1.3725
2026-04-05 16:26:06,712 - INFO -   Val Accuracy: 46.17% | F1: 0.4649
2026-04-05 16:26:06,712 - INFO -   LR: 0.000100
2026-04-05 16:26:06,712 - INFO -   Patience: 3/30
2026-04-05 16:26:06,712 - INFO - 
Epoch 7/300
2026-04-05 16:26:09,305 - INFO -   Epoch [10/237] Loss: 1.6859
2026-04-05 16:26:11,849 - INFO -   Epoch [20/237] Loss: 1.4293
2026-04-05 16:26:14,423 - INFO -   Epoch [30/237] Loss: 1.5642
2026-04-05 16:26:17,066 - INFO -   Epoch [40/237] Loss: 1.4386
2026-04-05 16:26:19,622 - INFO -   Epoch [50/237] Loss: 1.4889
2026-04-05 16:26:22,166 - INFO -   Epoch [60/237] Loss: 1.6890
2026-04-05 16:26:24,734 - INFO -   Epoch [70/237] Loss: 1.3710
2026-04-05 16:26:27,276 - INFO -   Epoch [80/237] Loss: 1.6483
2026-04-05 16:26:29,848 - INFO -   Epoch [90/237] Loss: 1.3139
2026-04-05 16:26:32,410 - INFO -   Epoch [100/237] Loss: 0.9666
2026-04-05 16:26:34,963 - INFO -   Epoch [110/237] Loss: 1.7275
2026-04-05 16:26:37,494 - INFO -   Epoch [120/237] Loss: 1.2328
2026-04-05 16:26:40,069 - INFO -   Epoch [130/237] Loss: 1.1559
2026-04-05 16:26:42,638 - INFO -   Epoch [140/237] Loss: 1.4596
2026-04-05 16:26:45,212 - INFO -   Epoch [150/237] Loss: 1.2218
2026-04-05 16:26:47,762 - INFO -   Epoch [160/237] Loss: 1.1755
2026-04-05 16:26:50,016 - INFO -   Epoch [170/237] Loss: 1.5637
2026-04-05 16:26:51,812 - INFO -   Epoch [180/237] Loss: 2.0605
2026-04-05 16:26:54,383 - INFO -   Epoch [190/237] Loss: 1.5017
2026-04-05 16:26:56,953 - INFO -   Epoch [200/237] Loss: 1.5066
2026-04-05 16:26:59,508 - INFO -   Epoch [210/237] Loss: 1.2225
2026-04-05 16:27:02,215 - INFO -   Epoch [220/237] Loss: 1.4994
2026-04-05 16:27:04,883 - INFO -   Epoch [230/237] Loss: 1.3744
2026-04-05 16:27:09,110 - INFO -   Train Loss: 1.4925
2026-04-05 16:27:09,111 - INFO -   Train Accuracy: 40.78%
2026-04-05 16:27:09,111 - INFO -   Val Loss: 1.3438
2026-04-05 16:27:09,111 - INFO -   Val Accuracy: 47.41% | F1: 0.4805
2026-04-05 16:27:09,111 - INFO -   LR: 0.000100
2026-04-05 16:27:09,549 - INFO -   ✓ New best model saved! (Acc: 47.41%)
2026-04-05 16:27:09,549 - INFO -   Patience: 0/30
2026-04-05 16:27:09,550 - INFO - 
Epoch 8/300
2026-04-05 16:27:12,275 - INFO -   Epoch [10/237] Loss: 1.1491
2026-04-05 16:27:14,995 - INFO -   Epoch [20/237] Loss: 1.7388
2026-04-05 16:27:17,656 - INFO -   Epoch [30/237] Loss: 1.5507
2026-04-05 16:27:20,292 - INFO -   Epoch [40/237] Loss: 1.3811
2026-04-05 16:27:22,874 - INFO -   Epoch [50/237] Loss: 1.3958
2026-04-05 16:27:25,476 - INFO -   Epoch [60/237] Loss: 1.7535
2026-04-05 16:27:28,112 - INFO -   Epoch [70/237] Loss: 0.9976
2026-04-05 16:27:30,683 - INFO -   Epoch [80/237] Loss: 1.3886
2026-04-05 16:27:33,289 - INFO -   Epoch [90/237] Loss: 1.6824
2026-04-05 16:27:35,720 - INFO -   Epoch [100/237] Loss: 1.3863
2026-04-05 16:27:37,984 - INFO -   Epoch [110/237] Loss: 1.3706
2026-04-05 16:27:40,644 - INFO -   Epoch [120/237] Loss: 1.5712
2026-04-05 16:27:43,299 - INFO -   Epoch [130/237] Loss: 1.4445
2026-04-05 16:27:45,985 - INFO -   Epoch [140/237] Loss: 1.6411
2026-04-05 16:27:48,537 - INFO -   Epoch [150/237] Loss: 1.4219
2026-04-05 16:27:51,153 - INFO -   Epoch [160/237] Loss: 1.2971
2026-04-05 16:27:53,791 - INFO -   Epoch [170/237] Loss: 1.4601
2026-04-05 16:27:56,355 - INFO -   Epoch [180/237] Loss: 1.2647
2026-04-05 16:27:58,895 - INFO -   Epoch [190/237] Loss: 1.8205
2026-04-05 16:28:01,514 - INFO -   Epoch [200/237] Loss: 1.6539
2026-04-05 16:28:04,078 - INFO -   Epoch [210/237] Loss: 1.3867
2026-04-05 16:28:06,705 - INFO -   Epoch [220/237] Loss: 1.6839
2026-04-05 16:28:09,268 - INFO -   Epoch [230/237] Loss: 1.4002
2026-04-05 16:28:13,122 - INFO -   Train Loss: 1.4337
2026-04-05 16:28:13,122 - INFO -   Train Accuracy: 43.88%
2026-04-05 16:28:13,123 - INFO -   Val Loss: 1.3100
2026-04-05 16:28:13,123 - INFO -   Val Accuracy: 46.17% | F1: 0.4626
2026-04-05 16:28:13,123 - INFO -   LR: 0.000100
2026-04-05 16:28:13,123 - INFO -   Patience: 1/30
2026-04-05 16:28:13,123 - INFO - 
Epoch 9/300
2026-04-05 16:28:15,684 - INFO -   Epoch [10/237] Loss: 1.2415
2026-04-05 16:28:18,261 - INFO -   Epoch [20/237] Loss: 1.7888
2026-04-05 16:28:20,607 - INFO -   Epoch [30/237] Loss: 1.5042
2026-04-05 16:28:22,415 - INFO -   Epoch [40/237] Loss: 1.1642
2026-04-05 16:28:24,789 - INFO -   Epoch [50/237] Loss: 1.1090
2026-04-05 16:28:27,339 - INFO -   Epoch [60/237] Loss: 1.5769
2026-04-05 16:28:29,889 - INFO -   Epoch [70/237] Loss: 1.5233
2026-04-05 16:28:32,453 - INFO -   Epoch [80/237] Loss: 1.6673
2026-04-05 16:28:35,098 - INFO -   Epoch [90/237] Loss: 1.1445
2026-04-05 16:28:37,637 - INFO -   Epoch [100/237] Loss: 1.4695
2026-04-05 16:28:40,216 - INFO -   Epoch [110/237] Loss: 1.1620
2026-04-05 16:28:42,792 - INFO -   Epoch [120/237] Loss: 1.3558
2026-04-05 16:28:45,357 - INFO -   Epoch [130/237] Loss: 1.5028
2026-04-05 16:28:47,917 - INFO -   Epoch [140/237] Loss: 1.2742
2026-04-05 16:28:50,464 - INFO -   Epoch [150/237] Loss: 1.4562
2026-04-05 16:28:53,031 - INFO -   Epoch [160/237] Loss: 1.4466
2026-04-05 16:28:55,602 - INFO -   Epoch [170/237] Loss: 1.3593
2026-04-05 16:28:58,160 - INFO -   Epoch [180/237] Loss: 2.2149
2026-04-05 16:29:00,738 - INFO -   Epoch [190/237] Loss: 1.2305
2026-04-05 16:29:03,295 - INFO -   Epoch [200/237] Loss: 1.5293
2026-04-05 16:29:05,862 - INFO -   Epoch [210/237] Loss: 1.1714
2026-04-05 16:29:08,132 - INFO -   Epoch [220/237] Loss: 1.4139
2026-04-05 16:29:09,909 - INFO -   Epoch [230/237] Loss: 1.4020
2026-04-05 16:29:13,714 - INFO -   Train Loss: 1.4306
2026-04-05 16:29:13,714 - INFO -   Train Accuracy: 43.42%
2026-04-05 16:29:13,714 - INFO -   Val Loss: 1.3145
2026-04-05 16:29:13,714 - INFO -   Val Accuracy: 45.68% | F1: 0.4565
2026-04-05 16:29:13,714 - INFO -   LR: 0.000100
2026-04-05 16:29:13,715 - INFO -   Patience: 2/30
2026-04-05 16:29:13,715 - INFO - 
Epoch 10/300
2026-04-05 16:29:16,274 - INFO -   Epoch [10/237] Loss: 1.6019
2026-04-05 16:29:18,837 - INFO -   Epoch [20/237] Loss: 1.5337
2026-04-05 16:29:21,388 - INFO -   Epoch [30/237] Loss: 1.6205
2026-04-05 16:29:23,957 - INFO -   Epoch [40/237] Loss: 1.4694
2026-04-05 16:29:26,520 - INFO -   Epoch [50/237] Loss: 1.3239
2026-04-05 16:29:29,085 - INFO -   Epoch [60/237] Loss: 1.6047
2026-04-05 16:29:31,664 - INFO -   Epoch [70/237] Loss: 1.7704
2026-04-05 16:29:34,213 - INFO -   Epoch [80/237] Loss: 1.1858
2026-04-05 16:29:36,781 - INFO -   Epoch [90/237] Loss: 1.2867
2026-04-05 16:29:39,327 - INFO -   Epoch [100/237] Loss: 1.5648
2026-04-05 16:29:41,906 - INFO -   Epoch [110/237] Loss: 1.6144
2026-04-05 16:29:44,458 - INFO -   Epoch [120/237] Loss: 1.7865
2026-04-05 16:29:47,036 - INFO -   Epoch [130/237] Loss: 1.4727
2026-04-05 16:29:49,601 - INFO -   Epoch [140/237] Loss: 1.1115
2026-04-05 16:29:52,148 - INFO -   Epoch [150/237] Loss: 1.3531
2026-04-05 16:29:54,489 - INFO -   Epoch [160/237] Loss: 1.4775
2026-04-05 16:29:56,612 - INFO -   Epoch [170/237] Loss: 1.4109
2026-04-05 16:29:59,174 - INFO -   Epoch [180/237] Loss: 1.2027
2026-04-05 16:30:01,719 - INFO -   Epoch [190/237] Loss: 1.7163
2026-04-05 16:30:04,293 - INFO -   Epoch [200/237] Loss: 1.2793
2026-04-05 16:30:06,835 - INFO -   Epoch [210/237] Loss: 1.3944
2026-04-05 16:30:09,451 - INFO -   Epoch [220/237] Loss: 1.3593
2026-04-05 16:30:12,018 - INFO -   Epoch [230/237] Loss: 1.3306
2026-04-05 16:30:15,845 - INFO -   Train Loss: 1.4152
2026-04-05 16:30:15,845 - INFO -   Train Accuracy: 43.21%
2026-04-05 16:30:15,845 - INFO -   Val Loss: 1.3238
2026-04-05 16:30:15,845 - INFO -   Val Accuracy: 48.89% | F1: 0.5006
2026-04-05 16:30:15,846 - INFO -   LR: 0.000100
2026-04-05 16:30:16,248 - INFO -   ✓ New best model saved! (Acc: 48.89%)
2026-04-05 16:30:16,248 - INFO -   Patience: 0/30
2026-04-05 16:30:16,248 - INFO - 
Epoch 11/300
2026-04-05 16:30:18,812 - INFO -   Epoch [10/237] Loss: 1.5811
2026-04-05 16:30:21,367 - INFO -   Epoch [20/237] Loss: 1.5273
2026-04-05 16:30:23,974 - INFO -   Epoch [30/237] Loss: 1.2847
2026-04-05 16:30:26,555 - INFO -   Epoch [40/237] Loss: 1.1922
2026-04-05 16:30:29,110 - INFO -   Epoch [50/237] Loss: 1.6335
2026-04-05 16:30:31,682 - INFO -   Epoch [60/237] Loss: 1.5451
2026-04-05 16:30:34,273 - INFO -   Epoch [70/237] Loss: 1.4490
2026-04-05 16:30:36,848 - INFO -   Epoch [80/237] Loss: 1.1262
2026-04-05 16:30:39,323 - INFO -   Epoch [90/237] Loss: 1.4202
2026-04-05 16:30:41,164 - INFO -   Epoch [100/237] Loss: 1.2246
2026-04-05 16:30:43,140 - INFO -   Epoch [110/237] Loss: 1.2181
2026-04-05 16:30:45,719 - INFO -   Epoch [120/237] Loss: 1.3662
2026-04-05 16:30:48,292 - INFO -   Epoch [130/237] Loss: 1.2134
2026-04-05 16:30:50,844 - INFO -   Epoch [140/237] Loss: 1.2672
2026-04-05 16:30:53,421 - INFO -   Epoch [150/237] Loss: 1.7184
2026-04-05 16:30:55,998 - INFO -   Epoch [160/237] Loss: 1.5553
2026-04-05 16:30:58,554 - INFO -   Epoch [170/237] Loss: 1.4987
2026-04-05 16:31:01,118 - INFO -   Epoch [180/237] Loss: 1.1032
2026-04-05 16:31:03,672 - INFO -   Epoch [190/237] Loss: 1.3093
2026-04-05 16:31:06,235 - INFO -   Epoch [200/237] Loss: 1.4512
2026-04-05 16:31:08,762 - INFO -   Epoch [210/237] Loss: 1.4053
2026-04-05 16:31:11,311 - INFO -   Epoch [220/237] Loss: 1.5188
2026-04-05 16:31:13,875 - INFO -   Epoch [230/237] Loss: 0.9781
2026-04-05 16:31:17,778 - INFO -   Train Loss: 1.3903
2026-04-05 16:31:17,778 - INFO -   Train Accuracy: 44.76%
2026-04-05 16:31:17,778 - INFO -   Val Loss: 1.2898
2026-04-05 16:31:17,778 - INFO -   Val Accuracy: 49.14% | F1: 0.5011
2026-04-05 16:31:17,778 - INFO -   LR: 0.000100
2026-04-05 16:31:18,266 - INFO -   ✓ New best model saved! (Acc: 49.14%)
2026-04-05 16:31:18,267 - INFO -   Patience: 0/30
2026-04-05 16:31:18,267 - INFO - 
Epoch 12/300
2026-04-05 16:31:20,831 - INFO -   Epoch [10/237] Loss: 1.3019
2026-04-05 16:31:23,398 - INFO -   Epoch [20/237] Loss: 1.8590
2026-04-05 16:31:25,939 - INFO -   Epoch [30/237] Loss: 1.1932
2026-04-05 16:31:27,792 - INFO -   Epoch [40/237] Loss: 1.3364
2026-04-05 16:31:30,360 - INFO -   Epoch [50/237] Loss: 1.0997
2026-04-05 16:31:32,929 - INFO -   Epoch [60/237] Loss: 1.3738
2026-04-05 16:31:35,474 - INFO -   Epoch [70/237] Loss: 1.2671
2026-04-05 16:31:38,035 - INFO -   Epoch [80/237] Loss: 1.5404
2026-04-05 16:31:40,666 - INFO -   Epoch [90/237] Loss: 1.4679
2026-04-05 16:31:43,223 - INFO -   Epoch [100/237] Loss: 1.6618
2026-04-05 16:31:45,790 - INFO -   Epoch [110/237] Loss: 1.3058
2026-04-05 16:31:48,346 - INFO -   Epoch [120/237] Loss: 1.0961
2026-04-05 16:31:50,933 - INFO -   Epoch [130/237] Loss: 1.4263
2026-04-05 16:31:53,498 - INFO -   Epoch [140/237] Loss: 1.4340
2026-04-05 16:31:56,048 - INFO -   Epoch [150/237] Loss: 0.9972
2026-04-05 16:31:58,608 - INFO -   Epoch [160/237] Loss: 1.2863
2026-04-05 16:32:01,173 - INFO -   Epoch [170/237] Loss: 1.2395
2026-04-05 16:32:03,711 - INFO -   Epoch [180/237] Loss: 1.4398
2026-04-05 16:32:06,269 - INFO -   Epoch [190/237] Loss: 1.1022
2026-04-05 16:32:08,814 - INFO -   Epoch [200/237] Loss: 1.4262
2026-04-05 16:32:11,364 - INFO -   Epoch [210/237] Loss: 1.1739
2026-04-05 16:32:13,555 - INFO -   Epoch [220/237] Loss: 1.3812
2026-04-05 16:32:15,318 - INFO -   Epoch [230/237] Loss: 1.7461
2026-04-05 16:32:19,095 - INFO -   Train Loss: 1.3937
2026-04-05 16:32:19,095 - INFO -   Train Accuracy: 44.62%
2026-04-05 16:32:19,095 - INFO -   Val Loss: 1.3089
2026-04-05 16:32:19,095 - INFO -   Val Accuracy: 46.91% | F1: 0.4817
2026-04-05 16:32:19,096 - INFO -   LR: 0.000100
2026-04-05 16:32:19,096 - INFO -   Patience: 1/30
2026-04-05 16:32:19,096 - INFO - 
Epoch 13/300
2026-04-05 16:32:21,690 - INFO -   Epoch [10/237] Loss: 1.0438
2026-04-05 16:32:24,266 - INFO -   Epoch [20/237] Loss: 1.2175
2026-04-05 16:32:26,830 - INFO -   Epoch [30/237] Loss: 1.1606
2026-04-05 16:32:29,378 - INFO -   Epoch [40/237] Loss: 1.3589
2026-04-05 16:32:31,958 - INFO -   Epoch [50/237] Loss: 1.6386
2026-04-05 16:32:34,508 - INFO -   Epoch [60/237] Loss: 1.1429
2026-04-05 16:32:37,084 - INFO -   Epoch [70/237] Loss: 1.4150
2026-04-05 16:32:39,642 - INFO -   Epoch [80/237] Loss: 1.2473
2026-04-05 16:32:42,189 - INFO -   Epoch [90/237] Loss: 1.1116
2026-04-05 16:32:44,757 - INFO -   Epoch [100/237] Loss: 1.4005
2026-04-05 16:32:47,331 - INFO -   Epoch [110/237] Loss: 1.5589
2026-04-05 16:32:49,888 - INFO -   Epoch [120/237] Loss: 1.7452
2026-04-05 16:32:52,449 - INFO -   Epoch [130/237] Loss: 1.2035
2026-04-05 16:32:55,005 - INFO -   Epoch [140/237] Loss: 1.5574
2026-04-05 16:32:57,585 - INFO -   Epoch [150/237] Loss: 1.4745
2026-04-05 16:32:59,838 - INFO -   Epoch [160/237] Loss: 1.0312
2026-04-05 16:33:01,620 - INFO -   Epoch [170/237] Loss: 1.7235
2026-04-05 16:33:04,091 - INFO -   Epoch [180/237] Loss: 1.2156
2026-04-05 16:33:06,657 - INFO -   Epoch [190/237] Loss: 1.2327
2026-04-05 16:33:09,208 - INFO -   Epoch [200/237] Loss: 0.9126
2026-04-05 16:33:11,744 - INFO -   Epoch [210/237] Loss: 1.9808
2026-04-05 16:33:14,315 - INFO -   Epoch [220/237] Loss: 1.2083
2026-04-05 16:33:16,934 - INFO -   Epoch [230/237] Loss: 1.1459
2026-04-05 16:33:20,759 - INFO -   Train Loss: 1.3855
2026-04-05 16:33:20,760 - INFO -   Train Accuracy: 45.89%
2026-04-05 16:33:20,760 - INFO -   Val Loss: 1.2902
2026-04-05 16:33:20,760 - INFO -   Val Accuracy: 47.65% | F1: 0.4661
2026-04-05 16:33:20,760 - INFO -   LR: 0.000100
2026-04-05 16:33:20,760 - INFO -   Patience: 2/30
2026-04-05 16:33:20,760 - INFO - 
Epoch 14/300
2026-04-05 16:33:23,311 - INFO -   Epoch [10/237] Loss: 1.4099
2026-04-05 16:33:25,896 - INFO -   Epoch [20/237] Loss: 1.3547
2026-04-05 16:33:28,444 - INFO -   Epoch [30/237] Loss: 1.7723
2026-04-05 16:33:30,998 - INFO -   Epoch [40/237] Loss: 1.5880
2026-04-05 16:33:33,569 - INFO -   Epoch [50/237] Loss: 1.6689
2026-04-05 16:33:36,129 - INFO -   Epoch [60/237] Loss: 1.2636
2026-04-05 16:33:38,726 - INFO -   Epoch [70/237] Loss: 1.7116
2026-04-05 16:33:41,300 - INFO -   Epoch [80/237] Loss: 1.4445
2026-04-05 16:33:43,862 - INFO -   Epoch [90/237] Loss: 1.4322
2026-04-05 16:33:46,210 - INFO -   Epoch [100/237] Loss: 1.3731
2026-04-05 16:33:48,066 - INFO -   Epoch [110/237] Loss: 1.7464
2026-04-05 16:33:50,342 - INFO -   Epoch [120/237] Loss: 1.6586
2026-04-05 16:33:52,897 - INFO -   Epoch [130/237] Loss: 1.2641
2026-04-05 16:33:55,431 - INFO -   Epoch [140/237] Loss: 1.4427
2026-04-05 16:33:57,994 - INFO -   Epoch [150/237] Loss: 1.7198
2026-04-05 16:34:00,540 - INFO -   Epoch [160/237] Loss: 1.5157
2026-04-05 16:34:03,130 - INFO -   Epoch [170/237] Loss: 1.0813
2026-04-05 16:34:05,698 - INFO -   Epoch [180/237] Loss: 1.7129
2026-04-05 16:34:08,249 - INFO -   Epoch [190/237] Loss: 0.9058
2026-04-05 16:34:10,808 - INFO -   Epoch [200/237] Loss: 1.4638
2026-04-05 16:34:13,371 - INFO -   Epoch [210/237] Loss: 1.4207
2026-04-05 16:34:15,907 - INFO -   Epoch [220/237] Loss: 1.6897
2026-04-05 16:34:18,471 - INFO -   Epoch [230/237] Loss: 0.7660
2026-04-05 16:34:22,288 - INFO -   Train Loss: 1.3785
2026-04-05 16:34:22,289 - INFO -   Train Accuracy: 46.67%
2026-04-05 16:34:22,289 - INFO -   Val Loss: 1.2937
2026-04-05 16:34:22,289 - INFO -   Val Accuracy: 48.64% | F1: 0.4926
2026-04-05 16:34:22,289 - INFO -   LR: 0.000100
2026-04-05 16:34:22,289 - INFO -   Patience: 3/30
2026-04-05 16:34:22,289 - INFO - 
Epoch 15/300
2026-04-05 16:34:24,861 - INFO -   Epoch [10/237] Loss: 1.5696
2026-04-05 16:34:27,407 - INFO -   Epoch [20/237] Loss: 1.5160
2026-04-05 16:34:29,951 - INFO -   Epoch [30/237] Loss: 1.1712
2026-04-05 16:34:32,512 - INFO -   Epoch [40/237] Loss: 1.2535
2026-04-05 16:34:34,361 - INFO -   Epoch [50/237] Loss: 1.7293
2026-04-05 16:34:36,320 - INFO -   Epoch [60/237] Loss: 1.3100
2026-04-05 16:34:38,900 - INFO -   Epoch [70/237] Loss: 1.2598
2026-04-05 16:34:41,444 - INFO -   Epoch [80/237] Loss: 1.9164
2026-04-05 16:34:44,017 - INFO -   Epoch [90/237] Loss: 1.3236
2026-04-05 16:34:46,579 - INFO -   Epoch [100/237] Loss: 1.1471
2026-04-05 16:34:49,168 - INFO -   Epoch [110/237] Loss: 1.1820
2026-04-05 16:34:51,743 - INFO -   Epoch [120/237] Loss: 1.3369
2026-04-05 16:34:54,285 - INFO -   Epoch [130/237] Loss: 1.3404
2026-04-05 16:34:56,858 - INFO -   Epoch [140/237] Loss: 1.4729
2026-04-05 16:34:59,417 - INFO -   Epoch [150/237] Loss: 1.4433
2026-04-05 16:35:01,977 - INFO -   Epoch [160/237] Loss: 1.2403
2026-04-05 16:35:04,556 - INFO -   Epoch [170/237] Loss: 1.8758
2026-04-05 16:35:07,108 - INFO -   Epoch [180/237] Loss: 1.5519
2026-04-05 16:35:09,654 - INFO -   Epoch [190/237] Loss: 1.5242
2026-04-05 16:35:12,218 - INFO -   Epoch [200/237] Loss: 1.3001
2026-04-05 16:35:14,790 - INFO -   Epoch [210/237] Loss: 0.9369
2026-04-05 16:35:17,334 - INFO -   Epoch [220/237] Loss: 1.9982
2026-04-05 16:35:19,895 - INFO -   Epoch [230/237] Loss: 1.5267
2026-04-05 16:35:23,237 - INFO -   Train Loss: 1.3726
2026-04-05 16:35:23,237 - INFO -   Train Accuracy: 45.75%
2026-04-05 16:35:23,238 - INFO -   Val Loss: 1.2683
2026-04-05 16:35:23,238 - INFO -   Val Accuracy: 50.62% | F1: 0.5102
2026-04-05 16:35:23,238 - INFO -   LR: 0.000100
2026-04-05 16:35:24,081 - INFO -   ✓ New best model saved! (Acc: 50.62%)
2026-04-05 16:35:24,081 - INFO -   Patience: 0/30
2026-04-05 16:35:24,081 - INFO - 
Epoch 16/300
2026-04-05 16:35:26,641 - INFO -   Epoch [10/237] Loss: 1.0713
2026-04-05 16:35:29,209 - INFO -   Epoch [20/237] Loss: 1.0884
2026-04-05 16:35:31,756 - INFO -   Epoch [30/237] Loss: 1.3205
2026-04-05 16:35:34,316 - INFO -   Epoch [40/237] Loss: 1.7028
2026-04-05 16:35:36,861 - INFO -   Epoch [50/237] Loss: 1.7331
2026-04-05 16:35:39,440 - INFO -   Epoch [60/237] Loss: 1.0263
2026-04-05 16:35:42,009 - INFO -   Epoch [70/237] Loss: 1.6412
2026-04-05 16:35:44,559 - INFO -   Epoch [80/237] Loss: 1.2062
2026-04-05 16:35:47,087 - INFO -   Epoch [90/237] Loss: 1.6867
2026-04-05 16:35:49,657 - INFO -   Epoch [100/237] Loss: 1.1683
2026-04-05 16:35:52,239 - INFO -   Epoch [110/237] Loss: 1.7715
2026-04-05 16:35:54,776 - INFO -   Epoch [120/237] Loss: 1.2992
2026-04-05 16:35:57,351 - INFO -   Epoch [130/237] Loss: 1.3507
2026-04-05 16:35:59,901 - INFO -   Epoch [140/237] Loss: 0.9451
2026-04-05 16:36:02,467 - INFO -   Epoch [150/237] Loss: 1.2899
2026-04-05 16:36:05,079 - INFO -   Epoch [160/237] Loss: 1.3727
2026-04-05 16:36:07,109 - INFO -   Epoch [170/237] Loss: 1.7211
2026-04-05 16:36:09,022 - INFO -   Epoch [180/237] Loss: 1.3010
2026-04-05 16:36:11,580 - INFO -   Epoch [190/237] Loss: 1.0698
2026-04-05 16:36:14,160 - INFO -   Epoch [200/237] Loss: 1.2459
2026-04-05 16:36:16,732 - INFO -   Epoch [210/237] Loss: 1.0861
2026-04-05 16:36:19,283 - INFO -   Epoch [220/237] Loss: 2.0005
2026-04-05 16:36:21,856 - INFO -   Epoch [230/237] Loss: 0.8808
2026-04-05 16:36:25,720 - INFO -   Train Loss: 1.3378
2026-04-05 16:36:25,720 - INFO -   Train Accuracy: 48.25%
2026-04-05 16:36:25,747 - INFO -   Val Loss: 1.2786
2026-04-05 16:36:25,749 - INFO -   Val Accuracy: 49.14% | F1: 0.4939
2026-04-05 16:36:25,749 - INFO -   LR: 0.000100
2026-04-05 16:36:25,749 - INFO -   Patience: 1/30
2026-04-05 16:36:25,749 - INFO - 
Epoch 17/300
2026-04-05 16:36:28,309 - INFO -   Epoch [10/237] Loss: 1.6822
2026-04-05 16:36:30,872 - INFO -   Epoch [20/237] Loss: 1.7410
2026-04-05 16:36:33,414 - INFO -   Epoch [30/237] Loss: 1.9175
2026-04-05 16:36:36,000 - INFO -   Epoch [40/237] Loss: 1.3963
2026-04-05 16:36:38,570 - INFO -   Epoch [50/237] Loss: 0.9598
2026-04-05 16:36:41,130 - INFO -   Epoch [60/237] Loss: 1.4006
2026-04-05 16:36:43,701 - INFO -   Epoch [70/237] Loss: 1.3375
2026-04-05 16:36:46,285 - INFO -   Epoch [80/237] Loss: 1.4766
2026-04-05 16:36:48,868 - INFO -   Epoch [90/237] Loss: 1.7375
2026-04-05 16:36:51,492 - INFO -   Epoch [100/237] Loss: 1.1537
2026-04-05 16:36:53,610 - INFO -   Epoch [110/237] Loss: 1.1850
2026-04-05 16:36:55,799 - INFO -   Epoch [120/237] Loss: 1.2275
2026-04-05 16:36:58,355 - INFO -   Epoch [130/237] Loss: 0.8976
2026-04-05 16:37:00,910 - INFO -   Epoch [140/237] Loss: 1.5676
2026-04-05 16:37:03,482 - INFO -   Epoch [150/237] Loss: 1.3086
2026-04-05 16:37:06,059 - INFO -   Epoch [160/237] Loss: 1.4367
2026-04-05 16:37:08,611 - INFO -   Epoch [170/237] Loss: 1.2812
2026-04-05 16:37:11,197 - INFO -   Epoch [180/237] Loss: 1.1499
2026-04-05 16:37:13,777 - INFO -   Epoch [190/237] Loss: 1.3569
2026-04-05 16:37:16,322 - INFO -   Epoch [200/237] Loss: 1.5035
2026-04-05 16:37:18,888 - INFO -   Epoch [210/237] Loss: 1.4384
2026-04-05 16:37:21,451 - INFO -   Epoch [220/237] Loss: 1.1973
2026-04-05 16:37:24,015 - INFO -   Epoch [230/237] Loss: 1.2542
2026-04-05 16:37:27,802 - INFO -   Train Loss: 1.3323
2026-04-05 16:37:27,802 - INFO -   Train Accuracy: 46.63%
2026-04-05 16:37:27,802 - INFO -   Val Loss: 1.2751
2026-04-05 16:37:27,802 - INFO -   Val Accuracy: 48.15% | F1: 0.4915
2026-04-05 16:37:27,802 - INFO -   LR: 0.000100
2026-04-05 16:37:27,802 - INFO -   Patience: 2/30
2026-04-05 16:37:27,802 - INFO - 
Epoch 18/300
2026-04-05 16:37:30,381 - INFO -   Epoch [10/237] Loss: 0.8694
2026-04-05 16:37:32,960 - INFO -   Epoch [20/237] Loss: 1.1316
2026-04-05 16:37:35,553 - INFO -   Epoch [30/237] Loss: 1.1647
2026-04-05 16:37:38,131 - INFO -   Epoch [40/237] Loss: 1.4665
2026-04-05 16:37:40,040 - INFO -   Epoch [50/237] Loss: 1.7473
2026-04-05 16:37:42,508 - INFO -   Epoch [60/237] Loss: 1.5206
2026-04-05 16:37:45,072 - INFO -   Epoch [70/237] Loss: 1.5870
2026-04-05 16:37:47,634 - INFO -   Epoch [80/237] Loss: 1.1015
2026-04-05 16:37:50,201 - INFO -   Epoch [90/237] Loss: 0.9182
2026-04-05 16:37:52,785 - INFO -   Epoch [100/237] Loss: 1.0739
2026-04-05 16:37:55,338 - INFO -   Epoch [110/237] Loss: 1.3494
2026-04-05 16:37:57,923 - INFO -   Epoch [120/237] Loss: 1.2247
2026-04-05 16:38:00,491 - INFO -   Epoch [130/237] Loss: 1.2129
2026-04-05 16:38:03,035 - INFO -   Epoch [140/237] Loss: 1.7047
2026-04-05 16:38:05,602 - INFO -   Epoch [150/237] Loss: 1.4931
2026-04-05 16:38:08,155 - INFO -   Epoch [160/237] Loss: 1.1632
2026-04-05 16:38:10,752 - INFO -   Epoch [170/237] Loss: 1.3538
2026-04-05 16:38:13,327 - INFO -   Epoch [180/237] Loss: 1.1887
2026-04-05 16:38:15,880 - INFO -   Epoch [190/237] Loss: 1.2099
2026-04-05 16:38:18,443 - INFO -   Epoch [200/237] Loss: 1.6783
2026-04-05 16:38:20,991 - INFO -   Epoch [210/237] Loss: 1.2268
2026-04-05 16:38:23,557 - INFO -   Epoch [220/237] Loss: 0.8495
2026-04-05 16:38:25,793 - INFO -   Epoch [230/237] Loss: 0.9573
2026-04-05 16:38:29,194 - INFO -   Train Loss: 1.3180
2026-04-05 16:38:29,194 - INFO -   Train Accuracy: 47.62%
2026-04-05 16:38:29,194 - INFO -   Val Loss: 1.2655
2026-04-05 16:38:29,194 - INFO -   Val Accuracy: 49.88% | F1: 0.5037
2026-04-05 16:38:29,194 - INFO -   LR: 0.000100
2026-04-05 16:38:29,195 - INFO -   Patience: 3/30
2026-04-05 16:38:29,195 - INFO - 
Epoch 19/300
2026-04-05 16:38:31,748 - INFO -   Epoch [10/237] Loss: 1.6673
2026-04-05 16:38:34,323 - INFO -   Epoch [20/237] Loss: 1.5335
2026-04-05 16:38:36,860 - INFO -   Epoch [30/237] Loss: 1.0057
2026-04-05 16:38:39,445 - INFO -   Epoch [40/237] Loss: 1.4879
2026-04-05 16:38:42,010 - INFO -   Epoch [50/237] Loss: 1.6660
2026-04-05 16:38:44,572 - INFO -   Epoch [60/237] Loss: 1.2021
2026-04-05 16:38:47,128 - INFO -   Epoch [70/237] Loss: 1.1761
2026-04-05 16:38:49,692 - INFO -   Epoch [80/237] Loss: 0.8750
2026-04-05 16:38:52,256 - INFO -   Epoch [90/237] Loss: 1.2790
2026-04-05 16:38:54,816 - INFO -   Epoch [100/237] Loss: 0.7805
2026-04-05 16:38:57,381 - INFO -   Epoch [110/237] Loss: 1.1755
2026-04-05 16:38:59,938 - INFO -   Epoch [120/237] Loss: 1.5082
2026-04-05 16:39:02,506 - INFO -   Epoch [130/237] Loss: 1.6766
2026-04-05 16:39:05,084 - INFO -   Epoch [140/237] Loss: 1.6347
2026-04-05 16:39:07,657 - INFO -   Epoch [150/237] Loss: 1.5863
2026-04-05 16:39:10,216 - INFO -   Epoch [160/237] Loss: 1.5534
2026-04-05 16:39:12,154 - INFO -   Epoch [170/237] Loss: 1.3661
2026-04-05 16:39:14,588 - INFO -   Epoch [180/237] Loss: 1.1072
2026-04-05 16:39:17,140 - INFO -   Epoch [190/237] Loss: 0.9860
2026-04-05 16:39:19,713 - INFO -   Epoch [200/237] Loss: 1.8323
2026-04-05 16:39:22,250 - INFO -   Epoch [210/237] Loss: 0.8234
2026-04-05 16:39:24,820 - INFO -   Epoch [220/237] Loss: 1.4084
2026-04-05 16:39:27,367 - INFO -   Epoch [230/237] Loss: 1.2502
2026-04-05 16:39:31,191 - INFO -   Train Loss: 1.3405
2026-04-05 16:39:31,191 - INFO -   Train Accuracy: 47.44%
2026-04-05 16:39:31,191 - INFO -   Val Loss: 1.2567
2026-04-05 16:39:31,191 - INFO -   Val Accuracy: 48.64% | F1: 0.4960
2026-04-05 16:39:31,191 - INFO -   LR: 0.000100
2026-04-05 16:39:31,191 - INFO -   Patience: 4/30
2026-04-05 16:39:31,191 - INFO - 
Epoch 20/300
2026-04-05 16:39:33,761 - INFO -   Epoch [10/237] Loss: 1.4086
2026-04-05 16:39:36,311 - INFO -   Epoch [20/237] Loss: 1.5361
2026-04-05 16:39:38,861 - INFO -   Epoch [30/237] Loss: 1.0467
2026-04-05 16:39:41,393 - INFO -   Epoch [40/237] Loss: 1.5309
2026-04-05 16:39:43,951 - INFO -   Epoch [50/237] Loss: 1.3218
2026-04-05 16:39:46,492 - INFO -   Epoch [60/237] Loss: 1.4387
2026-04-05 16:39:49,059 - INFO -   Epoch [70/237] Loss: 1.7805
2026-04-05 16:39:51,617 - INFO -   Epoch [80/237] Loss: 1.4721
2026-04-05 16:39:54,194 - INFO -   Epoch [90/237] Loss: 1.5595
2026-04-05 16:39:56,616 - INFO -   Epoch [100/237] Loss: 1.5233
2026-04-05 16:39:58,525 - INFO -   Epoch [110/237] Loss: 1.1702
2026-04-05 16:40:01,101 - INFO -   Epoch [120/237] Loss: 1.2999
2026-04-05 16:40:03,648 - INFO -   Epoch [130/237] Loss: 1.7749
2026-04-05 16:40:06,212 - INFO -   Epoch [140/237] Loss: 0.9977
2026-04-05 16:40:08,765 - INFO -   Epoch [150/237] Loss: 0.9632
2026-04-05 16:40:11,338 - INFO -   Epoch [160/237] Loss: 1.0674
2026-04-05 16:40:13,916 - INFO -   Epoch [170/237] Loss: 1.5142
2026-04-05 16:40:16,451 - INFO -   Epoch [180/237] Loss: 1.2509
2026-04-05 16:40:19,006 - INFO -   Epoch [190/237] Loss: 0.9500
2026-04-05 16:40:21,575 - INFO -   Epoch [200/237] Loss: 0.9991
2026-04-05 16:40:24,132 - INFO -   Epoch [210/237] Loss: 1.1536
2026-04-05 16:40:26,703 - INFO -   Epoch [220/237] Loss: 1.3026
2026-04-05 16:40:29,268 - INFO -   Epoch [230/237] Loss: 1.3790
2026-04-05 16:40:33,079 - INFO -   Train Loss: 1.3161
2026-04-05 16:40:33,079 - INFO -   Train Accuracy: 47.83%
2026-04-05 16:40:33,079 - INFO -   Val Loss: 1.2748
2026-04-05 16:40:33,079 - INFO -   Val Accuracy: 47.16% | F1: 0.4774
2026-04-05 16:40:33,079 - INFO -   LR: 0.000100
2026-04-05 16:40:33,080 - INFO -   Patience: 5/30
2026-04-05 16:40:33,080 - INFO - 
Epoch 21/300
2026-04-05 16:40:35,647 - INFO -   Epoch [10/237] Loss: 1.5056
2026-04-05 16:40:38,219 - INFO -   Epoch [20/237] Loss: 1.2043
2026-04-05 16:40:40,794 - INFO -   Epoch [30/237] Loss: 1.6871
2026-04-05 16:40:42,952 - INFO -   Epoch [40/237] Loss: 1.9105
2026-04-05 16:40:45,150 - INFO -   Epoch [50/237] Loss: 0.6374
2026-04-05 16:40:47,711 - INFO -   Epoch [60/237] Loss: 1.0633
2026-04-05 16:40:50,273 - INFO -   Epoch [70/237] Loss: 1.1527
2026-04-05 16:40:52,849 - INFO -   Epoch [80/237] Loss: 0.9725
2026-04-05 16:40:55,416 - INFO -   Epoch [90/237] Loss: 1.4098
2026-04-05 16:40:57,962 - INFO -   Epoch [100/237] Loss: 1.0859
2026-04-05 16:41:00,533 - INFO -   Epoch [110/237] Loss: 1.1042
2026-04-05 16:41:03,075 - INFO -   Epoch [120/237] Loss: 1.2477
2026-04-05 16:41:05,638 - INFO -   Epoch [130/237] Loss: 1.6314
2026-04-05 16:41:08,192 - INFO -   Epoch [140/237] Loss: 1.4920
2026-04-05 16:41:10,771 - INFO -   Epoch [150/237] Loss: 1.3719
2026-04-05 16:41:13,364 - INFO -   Epoch [160/237] Loss: 1.3225
2026-04-05 16:41:15,935 - INFO -   Epoch [170/237] Loss: 1.3004
2026-04-05 16:41:18,503 - INFO -   Epoch [180/237] Loss: 1.5032
2026-04-05 16:41:21,078 - INFO -   Epoch [190/237] Loss: 1.4544
2026-04-05 16:41:23,639 - INFO -   Epoch [200/237] Loss: 1.3481
2026-04-05 16:41:26,216 - INFO -   Epoch [210/237] Loss: 1.2820
2026-04-05 16:41:28,744 - INFO -   Epoch [220/237] Loss: 1.3210
2026-04-05 16:41:30,590 - INFO -   Epoch [230/237] Loss: 0.9580
2026-04-05 16:41:34,385 - INFO -   Train Loss: 1.3000
2026-04-05 16:41:34,385 - INFO -   Train Accuracy: 49.24%
2026-04-05 16:41:34,385 - INFO -   Val Loss: 1.2849
2026-04-05 16:41:34,385 - INFO -   Val Accuracy: 46.67% | F1: 0.4781
2026-04-05 16:41:34,386 - INFO -   LR: 0.000100
2026-04-05 16:41:34,386 - INFO -   Patience: 6/30
2026-04-05 16:41:34,386 - INFO - 
Epoch 22/300
2026-04-05 16:41:36,934 - INFO -   Epoch [10/237] Loss: 1.2501
2026-04-05 16:41:39,464 - INFO -   Epoch [20/237] Loss: 1.6140
2026-04-05 16:41:42,034 - INFO -   Epoch [30/237] Loss: 1.4352
2026-04-05 16:41:44,592 - INFO -   Epoch [40/237] Loss: 0.9463
2026-04-05 16:41:47,163 - INFO -   Epoch [50/237] Loss: 1.2268
2026-04-05 16:41:49,750 - INFO -   Epoch [60/237] Loss: 1.3042
2026-04-05 16:41:52,325 - INFO -   Epoch [70/237] Loss: 1.1421
2026-04-05 16:41:54,893 - INFO -   Epoch [80/237] Loss: 1.6214
2026-04-05 16:41:57,466 - INFO -   Epoch [90/237] Loss: 1.3176
2026-04-05 16:42:00,033 - INFO -   Epoch [100/237] Loss: 1.3462
2026-04-05 16:42:02,573 - INFO -   Epoch [110/237] Loss: 1.2302
2026-04-05 16:42:05,131 - INFO -   Epoch [120/237] Loss: 1.2240
2026-04-05 16:42:07,712 - INFO -   Epoch [130/237] Loss: 1.1155
2026-04-05 16:42:10,302 - INFO -   Epoch [140/237] Loss: 1.5754
2026-04-05 16:42:12,871 - INFO -   Epoch [150/237] Loss: 1.1297
2026-04-05 16:42:15,123 - INFO -   Epoch [160/237] Loss: 0.9999
2026-04-05 16:42:17,306 - INFO -   Epoch [170/237] Loss: 1.2010
2026-04-05 16:42:19,868 - INFO -   Epoch [180/237] Loss: 1.9136
2026-04-05 16:42:22,414 - INFO -   Epoch [190/237] Loss: 1.5416
2026-04-05 16:42:24,984 - INFO -   Epoch [200/237] Loss: 1.5767
2026-04-05 16:42:27,527 - INFO -   Epoch [210/237] Loss: 1.4509
2026-04-05 16:42:30,086 - INFO -   Epoch [220/237] Loss: 1.3831
2026-04-05 16:42:32,646 - INFO -   Epoch [230/237] Loss: 1.3557
2026-04-05 16:42:36,413 - INFO -   Train Loss: 1.3002
2026-04-05 16:42:36,413 - INFO -   Train Accuracy: 48.99%
2026-04-05 16:42:36,413 - INFO -   Val Loss: 1.2731
2026-04-05 16:42:36,413 - INFO -   Val Accuracy: 48.15% | F1: 0.4905
2026-04-05 16:42:36,413 - INFO -   LR: 0.000050
2026-04-05 16:42:36,414 - INFO -   Patience: 7/30
2026-04-05 16:42:36,414 - INFO - 
Epoch 23/300
2026-04-05 16:42:38,973 - INFO -   Epoch [10/237] Loss: 1.0070
2026-04-05 16:42:41,536 - INFO -   Epoch [20/237] Loss: 1.1897
2026-04-05 16:42:44,076 - INFO -   Epoch [30/237] Loss: 1.4071
2026-04-05 16:42:46,637 - INFO -   Epoch [40/237] Loss: 1.1597
2026-04-05 16:42:49,198 - INFO -   Epoch [50/237] Loss: 1.0826
2026-04-05 16:42:51,781 - INFO -   Epoch [60/237] Loss: 1.4123
2026-04-05 16:42:54,340 - INFO -   Epoch [70/237] Loss: 0.8857
2026-04-05 16:42:56,881 - INFO -   Epoch [80/237] Loss: 1.2670
2026-04-05 16:42:59,444 - INFO -   Epoch [90/237] Loss: 1.2386
2026-04-05 16:43:01,504 - INFO -   Epoch [100/237] Loss: 1.7553
2026-04-05 16:43:03,847 - INFO -   Epoch [110/237] Loss: 1.4853
2026-04-05 16:43:06,415 - INFO -   Epoch [120/237] Loss: 1.3780
2026-04-05 16:43:08,958 - INFO -   Epoch [130/237] Loss: 1.2078
2026-04-05 16:43:11,526 - INFO -   Epoch [140/237] Loss: 1.4182
2026-04-05 16:43:14,085 - INFO -   Epoch [150/237] Loss: 1.3638
2026-04-05 16:43:16,647 - INFO -   Epoch [160/237] Loss: 1.2569
2026-04-05 16:43:19,229 - INFO -   Epoch [170/237] Loss: 1.0764
2026-04-05 16:43:21,867 - INFO -   Epoch [180/237] Loss: 0.8710
2026-04-05 16:43:24,438 - INFO -   Epoch [190/237] Loss: 1.4386
2026-04-05 16:43:26,997 - INFO -   Epoch [200/237] Loss: 1.0887
2026-04-05 16:43:29,577 - INFO -   Epoch [210/237] Loss: 1.2295
2026-04-05 16:43:32,156 - INFO -   Epoch [220/237] Loss: 1.4631
2026-04-05 16:43:34,736 - INFO -   Epoch [230/237] Loss: 1.2832
2026-04-05 16:43:38,620 - INFO -   Train Loss: 1.2717
2026-04-05 16:43:38,621 - INFO -   Train Accuracy: 49.91%
2026-04-05 16:43:38,621 - INFO -   Val Loss: 1.2439
2026-04-05 16:43:38,621 - INFO -   Val Accuracy: 47.90% | F1: 0.4890
2026-04-05 16:43:38,621 - INFO -   LR: 0.000050
2026-04-05 16:43:38,621 - INFO -   Patience: 8/30
2026-04-05 16:43:38,621 - INFO - 
Epoch 24/300
2026-04-05 16:43:41,177 - INFO -   Epoch [10/237] Loss: 1.5138
2026-04-05 16:43:43,733 - INFO -   Epoch [20/237] Loss: 1.4321
2026-04-05 16:43:46,223 - INFO -   Epoch [30/237] Loss: 1.5355
2026-04-05 16:43:48,055 - INFO -   Epoch [40/237] Loss: 0.9318
2026-04-05 16:43:50,600 - INFO -   Epoch [50/237] Loss: 0.8871
2026-04-05 16:43:53,165 - INFO -   Epoch [60/237] Loss: 1.3291
2026-04-05 16:43:55,736 - INFO -   Epoch [70/237] Loss: 1.1052
2026-04-05 16:43:58,283 - INFO -   Epoch [80/237] Loss: 1.4635
2026-04-05 16:44:00,857 - INFO -   Epoch [90/237] Loss: 1.5061
2026-04-05 16:44:03,432 - INFO -   Epoch [100/237] Loss: 1.4028
2026-04-05 16:44:05,986 - INFO -   Epoch [110/237] Loss: 1.3898
2026-04-05 16:44:08,563 - INFO -   Epoch [120/237] Loss: 1.6376
2026-04-05 16:44:11,138 - INFO -   Epoch [130/237] Loss: 1.3600
2026-04-05 16:44:13,687 - INFO -   Epoch [140/237] Loss: 1.1259
2026-04-05 16:44:16,253 - INFO -   Epoch [150/237] Loss: 1.3632
2026-04-05 16:44:18,807 - INFO -   Epoch [160/237] Loss: 1.5898
2026-04-05 16:44:21,365 - INFO -   Epoch [170/237] Loss: 1.3228
2026-04-05 16:44:23,921 - INFO -   Epoch [180/237] Loss: 1.4430
2026-04-05 16:44:26,466 - INFO -   Epoch [190/237] Loss: 1.1569
2026-04-05 16:44:29,030 - INFO -   Epoch [200/237] Loss: 1.0798
2026-04-05 16:44:31,576 - INFO -   Epoch [210/237] Loss: 1.9409
2026-04-05 16:44:33,714 - INFO -   Epoch [220/237] Loss: 1.0905
2026-04-05 16:44:36,006 - INFO -   Epoch [230/237] Loss: 1.4323
2026-04-05 16:44:39,787 - INFO -   Train Loss: 1.2769
2026-04-05 16:44:39,787 - INFO -   Train Accuracy: 50.65%
2026-04-05 16:44:39,787 - INFO -   Val Loss: 1.2439
2026-04-05 16:44:39,787 - INFO -   Val Accuracy: 48.64% | F1: 0.4959
2026-04-05 16:44:39,787 - INFO -   LR: 0.000050
2026-04-05 16:44:39,787 - INFO -   Patience: 9/30
2026-04-05 16:44:39,787 - INFO - 
Epoch 25/300
2026-04-05 16:44:42,355 - INFO -   Epoch [10/237] Loss: 1.4141
2026-04-05 16:44:44,945 - INFO -   Epoch [20/237] Loss: 1.3501
2026-04-05 16:44:47,504 - INFO -   Epoch [30/237] Loss: 1.1981
2026-04-05 16:44:50,044 - INFO -   Epoch [40/237] Loss: 1.3230
2026-04-05 16:44:52,626 - INFO -   Epoch [50/237] Loss: 1.0522
2026-04-05 16:44:55,214 - INFO -   Epoch [60/237] Loss: 1.3450
2026-04-05 16:44:57,760 - INFO -   Epoch [70/237] Loss: 1.1550
2026-04-05 16:45:00,334 - INFO -   Epoch [80/237] Loss: 1.2822
2026-04-05 16:45:02,876 - INFO -   Epoch [90/237] Loss: 1.3523
2026-04-05 16:45:05,438 - INFO -   Epoch [100/237] Loss: 1.5611
2026-04-05 16:45:08,012 - INFO -   Epoch [110/237] Loss: 0.8619
2026-04-05 16:45:10,557 - INFO -   Epoch [120/237] Loss: 1.5577
2026-04-05 16:45:13,107 - INFO -   Epoch [130/237] Loss: 1.4794
2026-04-05 16:45:15,654 - INFO -   Epoch [140/237] Loss: 1.3705
2026-04-05 16:45:18,214 - INFO -   Epoch [150/237] Loss: 1.3405
2026-04-05 16:45:20,065 - INFO -   Epoch [160/237] Loss: 1.0926
2026-04-05 16:45:22,638 - INFO -   Epoch [170/237] Loss: 1.3942
2026-04-05 16:45:25,212 - INFO -   Epoch [180/237] Loss: 1.3928
2026-04-05 16:45:27,769 - INFO -   Epoch [190/237] Loss: 1.7425
2026-04-05 16:45:30,319 - INFO -   Epoch [200/237] Loss: 1.2735
2026-04-05 16:45:32,892 - INFO -   Epoch [210/237] Loss: 1.3984
2026-04-05 16:45:35,458 - INFO -   Epoch [220/237] Loss: 1.2369
2026-04-05 16:45:37,998 - INFO -   Epoch [230/237] Loss: 1.2593
2026-04-05 16:45:41,835 - INFO -   Train Loss: 1.2675
2026-04-05 16:45:41,835 - INFO -   Train Accuracy: 50.48%
2026-04-05 16:45:41,835 - INFO -   Val Loss: 1.2364
2026-04-05 16:45:41,835 - INFO -   Val Accuracy: 49.63% | F1: 0.5073
2026-04-05 16:45:41,835 - INFO -   LR: 0.000050
2026-04-05 16:45:41,835 - INFO -   Patience: 10/30
2026-04-05 16:45:41,835 - INFO - 
Epoch 26/300
2026-04-05 16:45:44,373 - INFO -   Epoch [10/237] Loss: 1.2207
2026-04-05 16:45:46,940 - INFO -   Epoch [20/237] Loss: 1.1714
2026-04-05 16:45:49,516 - INFO -   Epoch [30/237] Loss: 1.0412
2026-04-05 16:45:52,075 - INFO -   Epoch [40/237] Loss: 1.2950
2026-04-05 16:45:54,634 - INFO -   Epoch [50/237] Loss: 1.8032
2026-04-05 16:45:57,201 - INFO -   Epoch [60/237] Loss: 1.2502
2026-04-05 16:45:59,746 - INFO -   Epoch [70/237] Loss: 1.7065
2026-04-05 16:46:02,316 - INFO -   Epoch [80/237] Loss: 1.7690
2026-04-05 16:46:04,603 - INFO -   Epoch [90/237] Loss: 0.7269
2026-04-05 16:46:06,678 - INFO -   Epoch [100/237] Loss: 1.7334
2026-04-05 16:46:09,252 - INFO -   Epoch [110/237] Loss: 1.0894
2026-04-05 16:46:11,823 - INFO -   Epoch [120/237] Loss: 1.3372
2026-04-05 16:46:14,380 - INFO -   Epoch [130/237] Loss: 1.2299
2026-04-05 16:46:16,951 - INFO -   Epoch [140/237] Loss: 1.1868
2026-04-05 16:46:19,496 - INFO -   Epoch [150/237] Loss: 1.4760
2026-04-05 16:46:22,057 - INFO -   Epoch [160/237] Loss: 1.3973
2026-04-05 16:46:24,602 - INFO -   Epoch [170/237] Loss: 1.2170
2026-04-05 16:46:27,193 - INFO -   Epoch [180/237] Loss: 1.2797
2026-04-05 16:46:29,750 - INFO -   Epoch [190/237] Loss: 1.5717
2026-04-05 16:46:32,299 - INFO -   Epoch [200/237] Loss: 0.9716
2026-04-05 16:46:34,945 - INFO -   Epoch [210/237] Loss: 0.6409
2026-04-05 16:46:37,511 - INFO -   Epoch [220/237] Loss: 1.2455
2026-04-05 16:46:40,064 - INFO -   Epoch [230/237] Loss: 1.3208
2026-04-05 16:46:43,828 - INFO -   Train Loss: 1.2733
2026-04-05 16:46:43,828 - INFO -   Train Accuracy: 50.16%
2026-04-05 16:46:43,828 - INFO -   Val Loss: 1.2774
2026-04-05 16:46:43,829 - INFO -   Val Accuracy: 47.65% | F1: 0.4863
2026-04-05 16:46:43,829 - INFO -   LR: 0.000050
2026-04-05 16:46:43,829 - INFO -   Patience: 11/30
2026-04-05 16:46:43,829 - INFO - 
Epoch 27/300
2026-04-05 16:46:46,414 - INFO -   Epoch [10/237] Loss: 1.4132
2026-04-05 16:46:48,962 - INFO -   Epoch [20/237] Loss: 1.1618
2026-04-05 16:46:50,965 - INFO -   Epoch [30/237] Loss: 0.9138
2026-04-05 16:46:53,323 - INFO -   Epoch [40/237] Loss: 1.0678
2026-04-05 16:46:55,876 - INFO -   Epoch [50/237] Loss: 0.7935
2026-04-05 16:46:58,448 - INFO -   Epoch [60/237] Loss: 0.7759
2026-04-05 16:47:00,997 - INFO -   Epoch [70/237] Loss: 1.5144
2026-04-05 16:47:03,548 - INFO -   Epoch [80/237] Loss: 1.6065
2026-04-05 16:47:06,105 - INFO -   Epoch [90/237] Loss: 1.1765
2026-04-05 16:47:08,683 - INFO -   Epoch [100/237] Loss: 1.2853
2026-04-05 16:47:11,255 - INFO -   Epoch [110/237] Loss: 0.9456
2026-04-05 16:47:13,822 - INFO -   Epoch [120/237] Loss: 1.3821
2026-04-05 16:47:16,376 - INFO -   Epoch [130/237] Loss: 1.4010
2026-04-05 16:47:18,938 - INFO -   Epoch [140/237] Loss: 0.9325
2026-04-05 16:47:21,491 - INFO -   Epoch [150/237] Loss: 1.1349
2026-04-05 16:47:24,062 - INFO -   Epoch [160/237] Loss: 1.1524
2026-04-05 16:47:26,614 - INFO -   Epoch [170/237] Loss: 1.2420
2026-04-05 16:47:29,164 - INFO -   Epoch [180/237] Loss: 1.4176
2026-04-05 16:47:31,720 - INFO -   Epoch [190/237] Loss: 1.0977
2026-04-05 16:47:34,271 - INFO -   Epoch [200/237] Loss: 1.2648
2026-04-05 16:47:36,691 - INFO -   Epoch [210/237] Loss: 1.1324
2026-04-05 16:47:38,667 - INFO -   Epoch [220/237] Loss: 1.3430
2026-04-05 16:47:41,279 - INFO -   Epoch [230/237] Loss: 1.2215
2026-04-05 16:47:45,106 - INFO -   Train Loss: 1.2591
2026-04-05 16:47:45,106 - INFO -   Train Accuracy: 50.37%
2026-04-05 16:47:45,106 - INFO -   Val Loss: 1.2598
2026-04-05 16:47:45,106 - INFO -   Val Accuracy: 48.15% | F1: 0.4905
2026-04-05 16:47:45,107 - INFO -   LR: 0.000050
2026-04-05 16:47:45,107 - INFO -   Patience: 12/30
2026-04-05 16:47:45,107 - INFO - 
Epoch 28/300
2026-04-05 16:47:47,653 - INFO -   Epoch [10/237] Loss: 1.7888
2026-04-05 16:47:50,230 - INFO -   Epoch [20/237] Loss: 1.3638
2026-04-05 16:47:52,795 - INFO -   Epoch [30/237] Loss: 1.4053
2026-04-05 16:47:55,358 - INFO -   Epoch [40/237] Loss: 1.4301
2026-04-05 16:47:57,941 - INFO -   Epoch [50/237] Loss: 1.5846
2026-04-05 16:48:00,509 - INFO -   Epoch [60/237] Loss: 1.1131
2026-04-05 16:48:03,070 - INFO -   Epoch [70/237] Loss: 0.7976
2026-04-05 16:48:05,618 - INFO -   Epoch [80/237] Loss: 1.3827
2026-04-05 16:48:08,179 - INFO -   Epoch [90/237] Loss: 1.2071
2026-04-05 16:48:10,722 - INFO -   Epoch [100/237] Loss: 1.0404
2026-04-05 16:48:13,290 - INFO -   Epoch [110/237] Loss: 0.8808
2026-04-05 16:48:15,843 - INFO -   Epoch [120/237] Loss: 0.7502
2026-04-05 16:48:18,405 - INFO -   Epoch [130/237] Loss: 1.2980
2026-04-05 16:48:20,978 - INFO -   Epoch [140/237] Loss: 1.2522
2026-04-05 16:48:23,197 - INFO -   Epoch [150/237] Loss: 1.5341
2026-04-05 16:48:25,392 - INFO -   Epoch [160/237] Loss: 1.3065
2026-04-05 16:48:27,940 - INFO -   Epoch [170/237] Loss: 1.1009
2026-04-05 16:48:30,516 - INFO -   Epoch [180/237] Loss: 1.3498
2026-04-05 16:48:33,101 - INFO -   Epoch [190/237] Loss: 1.1701
2026-04-05 16:48:35,689 - INFO -   Epoch [200/237] Loss: 1.7786
2026-04-05 16:48:38,247 - INFO -   Epoch [210/237] Loss: 1.8574
2026-04-05 16:48:40,808 - INFO -   Epoch [220/237] Loss: 1.0607
2026-04-05 16:48:43,362 - INFO -   Epoch [230/237] Loss: 1.1089
2026-04-05 16:48:47,166 - INFO -   Train Loss: 1.2382
2026-04-05 16:48:47,166 - INFO -   Train Accuracy: 51.78%
2026-04-05 16:48:47,166 - INFO -   Val Loss: 1.2573
2026-04-05 16:48:47,166 - INFO -   Val Accuracy: 47.41% | F1: 0.4827
2026-04-05 16:48:47,166 - INFO -   LR: 0.000025
2026-04-05 16:48:47,166 - INFO -   Patience: 13/30
2026-04-05 16:48:47,166 - INFO - 
Epoch 29/300
2026-04-05 16:48:49,732 - INFO -   Epoch [10/237] Loss: 1.5165
2026-04-05 16:48:52,287 - INFO -   Epoch [20/237] Loss: 1.5955
2026-04-05 16:48:54,850 - INFO -   Epoch [30/237] Loss: 0.9960
2026-04-05 16:48:57,416 - INFO -   Epoch [40/237] Loss: 1.0411
2026-04-05 16:48:59,980 - INFO -   Epoch [50/237] Loss: 1.7401
2026-04-05 16:49:02,534 - INFO -   Epoch [60/237] Loss: 1.1766
2026-04-05 16:49:05,101 - INFO -   Epoch [70/237] Loss: 1.0654
2026-04-05 16:49:07,672 - INFO -   Epoch [80/237] Loss: 1.5932
2026-04-05 16:49:09,583 - INFO -   Epoch [90/237] Loss: 1.2610
2026-04-05 16:49:12,112 - INFO -   Epoch [100/237] Loss: 1.4184
2026-04-05 16:49:14,671 - INFO -   Epoch [110/237] Loss: 1.4436
2026-04-05 16:49:17,227 - INFO -   Epoch [120/237] Loss: 1.4031
2026-04-05 16:49:19,808 - INFO -   Epoch [130/237] Loss: 1.1053
2026-04-05 16:49:22,396 - INFO -   Epoch [140/237] Loss: 1.2134
2026-04-05 16:49:24,955 - INFO -   Epoch [150/237] Loss: 1.1500
2026-04-05 16:49:27,510 - INFO -   Epoch [160/237] Loss: 1.4643
2026-04-05 16:49:30,063 - INFO -   Epoch [170/237] Loss: 1.4039
2026-04-05 16:49:32,636 - INFO -   Epoch [180/237] Loss: 1.2093
2026-04-05 16:49:35,200 - INFO -   Epoch [190/237] Loss: 1.4765
2026-04-05 16:49:37,760 - INFO -   Epoch [200/237] Loss: 0.9661
2026-04-05 16:49:40,337 - INFO -   Epoch [210/237] Loss: 0.9669
2026-04-05 16:49:42,885 - INFO -   Epoch [220/237] Loss: 1.5998
2026-04-05 16:49:45,437 - INFO -   Epoch [230/237] Loss: 1.0529
2026-04-05 16:49:49,262 - INFO -   Train Loss: 1.2543
2026-04-05 16:49:49,262 - INFO -   Train Accuracy: 50.58%
2026-04-05 16:49:49,262 - INFO -   Val Loss: 1.2542
2026-04-05 16:49:49,262 - INFO -   Val Accuracy: 47.16% | F1: 0.4804
2026-04-05 16:49:49,262 - INFO -   LR: 0.000025
2026-04-05 16:49:49,262 - INFO -   Patience: 14/30
2026-04-05 16:49:49,262 - INFO - 
Epoch 30/300
2026-04-05 16:49:51,825 - INFO -   Epoch [10/237] Loss: 1.1388
2026-04-05 16:49:54,216 - INFO -   Epoch [20/237] Loss: 1.0937
2026-04-05 16:49:56,208 - INFO -   Epoch [30/237] Loss: 0.9758
2026-04-05 16:49:58,793 - INFO -   Epoch [40/237] Loss: 0.8373
2026-04-05 16:50:01,341 - INFO -   Epoch [50/237] Loss: 0.9868
2026-04-05 16:50:03,925 - INFO -   Epoch [60/237] Loss: 1.3754
2026-04-05 16:50:06,481 - INFO -   Epoch [70/237] Loss: 1.1942
2026-04-05 16:50:09,043 - INFO -   Epoch [80/237] Loss: 0.9567
2026-04-05 16:50:11,604 - INFO -   Epoch [90/237] Loss: 1.1509
2026-04-05 16:50:14,152 - INFO -   Epoch [100/237] Loss: 1.2627
2026-04-05 16:50:16,716 - INFO -   Epoch [110/237] Loss: 1.0896
2026-04-05 16:50:19,256 - INFO -   Epoch [120/237] Loss: 1.0827
2026-04-05 16:50:21,847 - INFO -   Epoch [130/237] Loss: 1.0257
2026-04-05 16:50:24,375 - INFO -   Epoch [140/237] Loss: 1.6689
2026-04-05 16:50:26,928 - INFO -   Epoch [150/237] Loss: 1.1832
2026-04-05 16:50:29,499 - INFO -   Epoch [160/237] Loss: 1.2823
2026-04-05 16:50:32,073 - INFO -   Epoch [170/237] Loss: 1.1418
2026-04-05 16:50:34,632 - INFO -   Epoch [180/237] Loss: 1.8082
2026-04-05 16:50:37,214 - INFO -   Epoch [190/237] Loss: 1.1715
2026-04-05 16:50:39,767 - INFO -   Epoch [200/237] Loss: 0.9961
2026-04-05 16:50:41,752 - INFO -   Epoch [210/237] Loss: 1.6595
2026-04-05 16:50:44,083 - INFO -   Epoch [220/237] Loss: 1.1431
2026-04-05 16:50:46,648 - INFO -   Epoch [230/237] Loss: 1.5176
2026-04-05 16:50:50,515 - INFO -   Train Loss: 1.2406
2026-04-05 16:50:50,515 - INFO -   Train Accuracy: 51.92%
2026-04-05 16:50:50,515 - INFO -   Val Loss: 1.2676
2026-04-05 16:50:50,515 - INFO -   Val Accuracy: 48.15% | F1: 0.4907
2026-04-05 16:50:50,515 - INFO -   LR: 0.000025
2026-04-05 16:50:50,515 - INFO -   Patience: 15/30
2026-04-05 16:50:50,515 - INFO - 
Epoch 31/300
2026-04-05 16:50:53,135 - INFO -   Epoch [10/237] Loss: 1.1126
2026-04-05 16:50:55,709 - INFO -   Epoch [20/237] Loss: 1.0986
2026-04-05 16:50:58,270 - INFO -   Epoch [30/237] Loss: 1.3652
2026-04-05 16:51:00,814 - INFO -   Epoch [40/237] Loss: 1.2225
2026-04-05 16:51:03,351 - INFO -   Epoch [50/237] Loss: 0.8969
2026-04-05 16:51:05,914 - INFO -   Epoch [60/237] Loss: 1.4935
2026-04-05 16:51:08,461 - INFO -   Epoch [70/237] Loss: 1.1078
2026-04-05 16:51:11,027 - INFO -   Epoch [80/237] Loss: 1.5148
2026-04-05 16:51:13,605 - INFO -   Epoch [90/237] Loss: 1.0983
2026-04-05 16:51:16,150 - INFO -   Epoch [100/237] Loss: 1.1626
2026-04-05 16:51:18,709 - INFO -   Epoch [110/237] Loss: 1.2553
2026-04-05 16:51:21,272 - INFO -   Epoch [120/237] Loss: 1.2727
2026-04-05 16:51:23,844 - INFO -   Epoch [130/237] Loss: 1.1143
2026-04-05 16:51:26,268 - INFO -   Epoch [140/237] Loss: 1.0439
2026-04-05 16:51:28,105 - INFO -   Epoch [150/237] Loss: 0.8453
2026-04-05 16:51:29,943 - INFO -   Epoch [160/237] Loss: 0.7986
2026-04-05 16:51:31,780 - INFO -   Epoch [170/237] Loss: 1.5896
2026-04-05 16:51:33,559 - INFO -   Epoch [180/237] Loss: 0.8355
2026-04-05 16:51:35,241 - INFO -   Epoch [190/237] Loss: 1.4449
2026-04-05 16:51:36,929 - INFO -   Epoch [200/237] Loss: 0.8469
2026-04-05 16:51:38,601 - INFO -   Epoch [210/237] Loss: 0.9271
2026-04-05 16:51:40,285 - INFO -   Epoch [220/237] Loss: 1.1184
2026-04-05 16:51:41,980 - INFO -   Epoch [230/237] Loss: 0.9538
2026-04-05 16:51:45,026 - INFO -   Train Loss: 1.2263
2026-04-05 16:51:45,026 - INFO -   Train Accuracy: 50.86%
2026-04-05 16:51:45,026 - INFO -   Val Loss: 1.2555
2026-04-05 16:51:45,026 - INFO -   Val Accuracy: 47.41% | F1: 0.4801
2026-04-05 16:51:45,027 - INFO -   LR: 0.000025
2026-04-05 16:51:45,027 - INFO -   Patience: 16/30
2026-04-05 16:51:45,027 - INFO - 
Epoch 32/300
2026-04-05 16:51:46,720 - INFO -   Epoch [10/237] Loss: 1.2037
2026-04-05 16:51:48,397 - INFO -   Epoch [20/237] Loss: 1.0166
2026-04-05 16:51:50,075 - INFO -   Epoch [30/237] Loss: 0.8321
2026-04-05 16:51:51,754 - INFO -   Epoch [40/237] Loss: 1.4261
2026-04-05 16:51:53,497 - INFO -   Epoch [50/237] Loss: 1.0756
2026-04-05 16:51:55,174 - INFO -   Epoch [60/237] Loss: 1.1118
2026-04-05 16:51:56,858 - INFO -   Epoch [70/237] Loss: 1.5705
2026-04-05 16:51:58,540 - INFO -   Epoch [80/237] Loss: 1.2419
2026-04-05 16:52:00,217 - INFO -   Epoch [90/237] Loss: 1.2607
2026-04-05 16:52:01,892 - INFO -   Epoch [100/237] Loss: 1.2777
2026-04-05 16:52:03,566 - INFO -   Epoch [110/237] Loss: 1.0836
2026-04-05 16:52:05,246 - INFO -   Epoch [120/237] Loss: 1.1921
2026-04-05 16:52:06,938 - INFO -   Epoch [130/237] Loss: 0.7129
2026-04-05 16:52:08,620 - INFO -   Epoch [140/237] Loss: 1.2346
2026-04-05 16:52:10,294 - INFO -   Epoch [150/237] Loss: 1.7949
2026-04-05 16:52:11,964 - INFO -   Epoch [160/237] Loss: 1.1573
2026-04-05 16:52:13,636 - INFO -   Epoch [170/237] Loss: 0.9882
2026-04-05 16:52:15,310 - INFO -   Epoch [180/237] Loss: 1.5179
2026-04-05 16:52:16,982 - INFO -   Epoch [190/237] Loss: 1.1675
2026-04-05 16:52:18,658 - INFO -   Epoch [200/237] Loss: 1.0633
2026-04-05 16:52:20,336 - INFO -   Epoch [210/237] Loss: 1.7449
2026-04-05 16:52:22,009 - INFO -   Epoch [220/237] Loss: 1.1106
2026-04-05 16:52:23,680 - INFO -   Epoch [230/237] Loss: 0.9798
2026-04-05 16:52:26,703 - INFO -   Train Loss: 1.2406
2026-04-05 16:52:26,703 - INFO -   Train Accuracy: 51.60%
2026-04-05 16:52:26,703 - INFO -   Val Loss: 1.2568
2026-04-05 16:52:26,703 - INFO -   Val Accuracy: 48.15% | F1: 0.4888
2026-04-05 16:52:26,703 - INFO -   LR: 0.000025
2026-04-05 16:52:26,703 - INFO -   Patience: 17/30
2026-04-05 16:52:26,703 - INFO - 
Epoch 33/300
2026-04-05 16:52:28,382 - INFO -   Epoch [10/237] Loss: 0.8246
2026-04-05 16:52:30,063 - INFO -   Epoch [20/237] Loss: 1.1502
2026-04-05 16:52:31,730 - INFO -   Epoch [30/237] Loss: 1.1902
2026-04-05 16:52:33,403 - INFO -   Epoch [40/237] Loss: 1.1461
2026-04-05 16:52:35,082 - INFO -   Epoch [50/237] Loss: 1.1296
2026-04-05 16:52:36,756 - INFO -   Epoch [60/237] Loss: 1.3895
2026-04-05 16:52:38,427 - INFO -   Epoch [70/237] Loss: 1.1678
2026-04-05 16:52:40,106 - INFO -   Epoch [80/237] Loss: 1.0938
2026-04-05 16:52:41,784 - INFO -   Epoch [90/237] Loss: 1.1849
2026-04-05 16:52:43,461 - INFO -   Epoch [100/237] Loss: 1.9134
2026-04-05 16:52:45,129 - INFO -   Epoch [110/237] Loss: 1.1430
2026-04-05 16:52:46,812 - INFO -   Epoch [120/237] Loss: 1.0680
2026-04-05 16:52:48,497 - INFO -   Epoch [130/237] Loss: 1.7472
2026-04-05 16:52:50,174 - INFO -   Epoch [140/237] Loss: 1.2849
2026-04-05 16:52:51,859 - INFO -   Epoch [150/237] Loss: 1.0636
2026-04-05 16:52:53,536 - INFO -   Epoch [160/237] Loss: 0.8879
2026-04-05 16:52:55,215 - INFO -   Epoch [170/237] Loss: 1.0550
2026-04-05 16:52:56,886 - INFO -   Epoch [180/237] Loss: 1.1770
2026-04-05 16:52:58,554 - INFO -   Epoch [190/237] Loss: 1.4877
2026-04-05 16:53:00,241 - INFO -   Epoch [200/237] Loss: 0.9826
2026-04-05 16:53:01,922 - INFO -   Epoch [210/237] Loss: 1.1117
2026-04-05 16:53:03,610 - INFO -   Epoch [220/237] Loss: 1.4358
2026-04-05 16:53:05,311 - INFO -   Epoch [230/237] Loss: 1.4516
2026-04-05 16:53:08,287 - INFO -   Train Loss: 1.2357
2026-04-05 16:53:08,287 - INFO -   Train Accuracy: 52.24%
2026-04-05 16:53:08,288 - INFO -   Val Loss: 1.2668
2026-04-05 16:53:08,288 - INFO -   Val Accuracy: 46.91% | F1: 0.4775
2026-04-05 16:53:08,288 - INFO -   LR: 0.000025
2026-04-05 16:53:08,288 - INFO -   Patience: 18/30
2026-04-05 16:53:08,288 - INFO - 
Epoch 34/300
2026-04-05 16:53:09,964 - INFO -   Epoch [10/237] Loss: 1.1089
2026-04-05 16:53:11,657 - INFO -   Epoch [20/237] Loss: 1.2250
2026-04-05 16:53:13,353 - INFO -   Epoch [30/237] Loss: 1.3286
2026-04-05 16:53:15,028 - INFO -   Epoch [40/237] Loss: 1.3806
2026-04-05 16:53:16,707 - INFO -   Epoch [50/237] Loss: 1.4504
2026-04-05 16:53:18,398 - INFO -   Epoch [60/237] Loss: 1.2332
2026-04-05 16:53:20,072 - INFO -   Epoch [70/237] Loss: 1.0837
2026-04-05 16:53:21,739 - INFO -   Epoch [80/237] Loss: 1.3287
2026-04-05 16:53:23,432 - INFO -   Epoch [90/237] Loss: 1.0522
2026-04-05 16:53:25,108 - INFO -   Epoch [100/237] Loss: 0.9522
2026-04-05 16:53:26,781 - INFO -   Epoch [110/237] Loss: 1.6094
2026-04-05 16:53:28,454 - INFO -   Epoch [120/237] Loss: 1.1952
2026-04-05 16:53:30,121 - INFO -   Epoch [130/237] Loss: 1.7946
2026-04-05 16:53:31,791 - INFO -   Epoch [140/237] Loss: 1.4719
2026-04-05 16:53:33,484 - INFO -   Epoch [150/237] Loss: 0.9611
2026-04-05 16:53:35,165 - INFO -   Epoch [160/237] Loss: 1.3201
2026-04-05 16:53:36,841 - INFO -   Epoch [170/237] Loss: 1.4615
2026-04-05 16:53:38,514 - INFO -   Epoch [180/237] Loss: 1.5726
2026-04-05 16:53:40,197 - INFO -   Epoch [190/237] Loss: 1.0952
2026-04-05 16:53:41,870 - INFO -   Epoch [200/237] Loss: 1.6730
2026-04-05 16:53:43,554 - INFO -   Epoch [210/237] Loss: 1.0930
2026-04-05 16:53:45,237 - INFO -   Epoch [220/237] Loss: 1.9522
2026-04-05 16:53:46,921 - INFO -   Epoch [230/237] Loss: 1.2363
2026-04-05 16:53:49,907 - INFO -   Train Loss: 1.2186
2026-04-05 16:53:49,907 - INFO -   Train Accuracy: 52.59%
2026-04-05 16:53:49,907 - INFO -   Val Loss: 1.2624
2026-04-05 16:53:49,907 - INFO -   Val Accuracy: 47.65% | F1: 0.4842
2026-04-05 16:53:49,907 - INFO -   LR: 0.000013
2026-04-05 16:53:49,907 - INFO -   Patience: 19/30
2026-04-05 16:53:49,907 - INFO - 
Epoch 35/300
2026-04-05 16:53:51,589 - INFO -   Epoch [10/237] Loss: 1.0930
2026-04-05 16:53:53,269 - INFO -   Epoch [20/237] Loss: 1.1250
2026-04-05 16:53:54,952 - INFO -   Epoch [30/237] Loss: 1.3141
2026-04-05 16:53:56,646 - INFO -   Epoch [40/237] Loss: 0.9559
2026-04-05 16:53:58,319 - INFO -   Epoch [50/237] Loss: 1.1507
2026-04-05 16:54:00,086 - INFO -   Epoch [60/237] Loss: 1.3216
2026-04-05 16:54:01,734 - INFO -   Epoch [70/237] Loss: 2.0497
2026-04-05 16:54:03,382 - INFO -   Epoch [80/237] Loss: 1.2732
2026-04-05 16:54:05,032 - INFO -   Epoch [90/237] Loss: 0.6744
2026-04-05 16:54:06,678 - INFO -   Epoch [100/237] Loss: 1.6223
2026-04-05 16:54:08,312 - INFO -   Epoch [110/237] Loss: 1.2295
2026-04-05 16:54:09,976 - INFO -   Epoch [120/237] Loss: 1.5534
2026-04-05 16:54:11,622 - INFO -   Epoch [130/237] Loss: 1.1513
2026-04-05 16:54:13,259 - INFO -   Epoch [140/237] Loss: 1.4689
2026-04-05 16:54:14,922 - INFO -   Epoch [150/237] Loss: 1.0485
2026-04-05 16:54:16,583 - INFO -   Epoch [160/237] Loss: 1.3883
2026-04-05 16:54:18,229 - INFO -   Epoch [170/237] Loss: 0.9756
2026-04-05 16:54:19,891 - INFO -   Epoch [180/237] Loss: 1.4989
2026-04-05 16:54:21,554 - INFO -   Epoch [190/237] Loss: 0.8149
2026-04-05 16:54:23,204 - INFO -   Epoch [200/237] Loss: 1.0666
2026-04-05 16:54:24,839 - INFO -   Epoch [210/237] Loss: 1.1626
2026-04-05 16:54:26,485 - INFO -   Epoch [220/237] Loss: 1.0964
2026-04-05 16:54:28,130 - INFO -   Epoch [230/237] Loss: 1.6119
2026-04-05 16:54:30,978 - INFO -   Train Loss: 1.2409
2026-04-05 16:54:30,978 - INFO -   Train Accuracy: 51.64%
2026-04-05 16:54:30,978 - INFO -   Val Loss: 1.2588
2026-04-05 16:54:30,978 - INFO -   Val Accuracy: 46.91% | F1: 0.4780
2026-04-05 16:54:30,978 - INFO -   LR: 0.000013
2026-04-05 16:54:30,978 - INFO -   Patience: 20/30
2026-04-05 16:54:30,979 - INFO - 
Epoch 36/300
2026-04-05 16:54:32,626 - INFO -   Epoch [10/237] Loss: 1.0369
2026-04-05 16:54:34,269 - INFO -   Epoch [20/237] Loss: 1.5892
2026-04-05 16:54:35,919 - INFO -   Epoch [30/237] Loss: 1.1592
2026-04-05 16:54:37,581 - INFO -   Epoch [40/237] Loss: 1.0065
2026-04-05 16:54:39,227 - INFO -   Epoch [50/237] Loss: 1.6895
2026-04-05 16:54:40,873 - INFO -   Epoch [60/237] Loss: 0.9110
2026-04-05 16:54:42,510 - INFO -   Epoch [70/237] Loss: 0.8060
2026-04-05 16:54:44,160 - INFO -   Epoch [80/237] Loss: 1.2882
2026-04-05 16:54:45,792 - INFO -   Epoch [90/237] Loss: 1.0509
2026-04-05 16:54:47,434 - INFO -   Epoch [100/237] Loss: 0.9890
2026-04-05 16:54:49,075 - INFO -   Epoch [110/237] Loss: 1.3724
2026-04-05 16:54:50,731 - INFO -   Epoch [120/237] Loss: 1.0852
2026-04-05 16:54:52,374 - INFO -   Epoch [130/237] Loss: 1.2124
2026-04-05 16:54:54,033 - INFO -   Epoch [140/237] Loss: 1.1185
2026-04-05 16:54:55,701 - INFO -   Epoch [150/237] Loss: 1.1725
2026-04-05 16:54:57,363 - INFO -   Epoch [160/237] Loss: 1.3976
2026-04-05 16:54:59,015 - INFO -   Epoch [170/237] Loss: 1.2726
2026-04-05 16:55:00,692 - INFO -   Epoch [180/237] Loss: 1.2260
2026-04-05 16:55:02,325 - INFO -   Epoch [190/237] Loss: 1.5802
2026-04-05 16:55:04,021 - INFO -   Epoch [200/237] Loss: 1.0469
2026-04-05 16:55:05,657 - INFO -   Epoch [210/237] Loss: 1.0927
2026-04-05 16:55:07,302 - INFO -   Epoch [220/237] Loss: 1.3314
2026-04-05 16:55:08,957 - INFO -   Epoch [230/237] Loss: 0.9857
2026-04-05 16:55:11,918 - INFO -   Train Loss: 1.2390
2026-04-05 16:55:11,919 - INFO -   Train Accuracy: 50.86%
2026-04-05 16:55:11,919 - INFO -   Val Loss: 1.2566
2026-04-05 16:55:11,919 - INFO -   Val Accuracy: 46.42% | F1: 0.4717
2026-04-05 16:55:11,919 - INFO -   LR: 0.000013
2026-04-05 16:55:11,919 - INFO -   Patience: 21/30
2026-04-05 16:55:11,919 - INFO - 
Epoch 37/300
2026-04-05 16:55:13,578 - INFO -   Epoch [10/237] Loss: 1.3515
2026-04-05 16:55:15,242 - INFO -   Epoch [20/237] Loss: 1.1877
2026-04-05 16:55:16,880 - INFO -   Epoch [30/237] Loss: 1.6854
2026-04-05 16:55:18,522 - INFO -   Epoch [40/237] Loss: 1.4932
2026-04-05 16:55:20,169 - INFO -   Epoch [50/237] Loss: 1.1228
2026-04-05 16:55:21,815 - INFO -   Epoch [60/237] Loss: 1.5241
2026-04-05 16:55:23,451 - INFO -   Epoch [70/237] Loss: 0.9789
2026-04-05 16:55:25,091 - INFO -   Epoch [80/237] Loss: 1.3882
2026-04-05 16:55:26,747 - INFO -   Epoch [90/237] Loss: 1.4950
2026-04-05 16:55:28,386 - INFO -   Epoch [100/237] Loss: 0.9738
2026-04-05 16:55:30,036 - INFO -   Epoch [110/237] Loss: 1.6806
2026-04-05 16:55:31,687 - INFO -   Epoch [120/237] Loss: 0.8494
2026-04-05 16:55:33,327 - INFO -   Epoch [130/237] Loss: 1.4032
2026-04-05 16:55:34,970 - INFO -   Epoch [140/237] Loss: 0.5793
2026-04-05 16:55:36,612 - INFO -   Epoch [150/237] Loss: 1.0282
2026-04-05 16:55:38,260 - INFO -   Epoch [160/237] Loss: 1.1351
2026-04-05 16:55:39,909 - INFO -   Epoch [170/237] Loss: 1.0647
2026-04-05 16:55:41,568 - INFO -   Epoch [180/237] Loss: 1.3721
2026-04-05 16:55:43,231 - INFO -   Epoch [190/237] Loss: 1.2926
2026-04-05 16:55:44,883 - INFO -   Epoch [200/237] Loss: 1.3399
2026-04-05 16:55:46,517 - INFO -   Epoch [210/237] Loss: 0.8501
2026-04-05 16:55:48,164 - INFO -   Epoch [220/237] Loss: 1.7544
2026-04-05 16:55:49,837 - INFO -   Epoch [230/237] Loss: 1.3758
2026-04-05 16:55:52,667 - INFO -   Train Loss: 1.2223
2026-04-05 16:55:52,667 - INFO -   Train Accuracy: 52.35%
2026-04-05 16:55:52,668 - INFO -   Val Loss: 1.2618
2026-04-05 16:55:52,668 - INFO -   Val Accuracy: 46.17% | F1: 0.4667
2026-04-05 16:55:52,668 - INFO -   LR: 0.000013
2026-04-05 16:55:52,668 - INFO -   Patience: 22/30
2026-04-05 16:55:52,668 - INFO - 
Epoch 38/300
2026-04-05 16:55:54,308 - INFO -   Epoch [10/237] Loss: 0.9285
2026-04-05 16:55:55,948 - INFO -   Epoch [20/237] Loss: 1.1165
2026-04-05 16:55:57,595 - INFO -   Epoch [30/237] Loss: 1.1476
2026-04-05 16:55:59,244 - INFO -   Epoch [40/237] Loss: 1.8104
2026-04-05 16:56:00,880 - INFO -   Epoch [50/237] Loss: 0.6190
2026-04-05 16:56:02,520 - INFO -   Epoch [60/237] Loss: 1.8510
2026-04-05 16:56:04,174 - INFO -   Epoch [70/237] Loss: 1.3054
2026-04-05 16:56:05,829 - INFO -   Epoch [80/237] Loss: 1.3521
2026-04-05 16:56:07,466 - INFO -   Epoch [90/237] Loss: 1.1247
2026-04-05 16:56:09,114 - INFO -   Epoch [100/237] Loss: 0.9830
2026-04-05 16:56:10,764 - INFO -   Epoch [110/237] Loss: 0.9672
2026-04-05 16:56:12,411 - INFO -   Epoch [120/237] Loss: 1.0820
2026-04-05 16:56:14,051 - INFO -   Epoch [130/237] Loss: 1.4068
2026-04-05 16:56:15,696 - INFO -   Epoch [140/237] Loss: 1.4327
2026-04-05 16:56:17,348 - INFO -   Epoch [150/237] Loss: 1.0845
2026-04-05 16:56:19,002 - INFO -   Epoch [160/237] Loss: 1.3989
2026-04-05 16:56:20,653 - INFO -   Epoch [170/237] Loss: 1.2122
2026-04-05 16:56:22,297 - INFO -   Epoch [180/237] Loss: 1.3351
2026-04-05 16:56:23,944 - INFO -   Epoch [190/237] Loss: 1.2799
2026-04-05 16:56:25,595 - INFO -   Epoch [200/237] Loss: 1.0208
2026-04-05 16:56:27,246 - INFO -   Epoch [210/237] Loss: 1.1929
2026-04-05 16:56:28,887 - INFO -   Epoch [220/237] Loss: 1.2711
2026-04-05 16:56:30,532 - INFO -   Epoch [230/237] Loss: 1.0598
2026-04-05 16:56:33,424 - INFO -   Train Loss: 1.2218
2026-04-05 16:56:33,424 - INFO -   Train Accuracy: 50.97%
2026-04-05 16:56:33,424 - INFO -   Val Loss: 1.2628
2026-04-05 16:56:33,425 - INFO -   Val Accuracy: 46.67% | F1: 0.4724
2026-04-05 16:56:33,425 - INFO -   LR: 0.000013
2026-04-05 16:56:33,425 - INFO -   Patience: 23/30
2026-04-05 16:56:33,425 - INFO - 
Epoch 39/300
2026-04-05 16:56:35,073 - INFO -   Epoch [10/237] Loss: 1.1602
2026-04-05 16:56:36,734 - INFO -   Epoch [20/237] Loss: 1.2571
2026-04-05 16:56:38,385 - INFO -   Epoch [30/237] Loss: 1.5161
2026-04-05 16:56:40,029 - INFO -   Epoch [40/237] Loss: 0.9540
2026-04-05 16:56:41,660 - INFO -   Epoch [50/237] Loss: 1.1175
2026-04-05 16:56:43,301 - INFO -   Epoch [60/237] Loss: 1.4948
2026-04-05 16:56:44,937 - INFO -   Epoch [70/237] Loss: 1.4350
2026-04-05 16:56:46,589 - INFO -   Epoch [80/237] Loss: 1.2436
2026-04-05 16:56:48,264 - INFO -   Epoch [90/237] Loss: 0.8599
2026-04-05 16:56:49,914 - INFO -   Epoch [100/237] Loss: 1.0770
2026-04-05 16:56:51,562 - INFO -   Epoch [110/237] Loss: 1.1957
2026-04-05 16:56:53,219 - INFO -   Epoch [120/237] Loss: 1.2643
2026-04-05 16:56:54,860 - INFO -   Epoch [130/237] Loss: 0.8350
2026-04-05 16:56:56,507 - INFO -   Epoch [140/237] Loss: 1.1906
2026-04-05 16:56:58,147 - INFO -   Epoch [150/237] Loss: 1.1770
2026-04-05 16:56:59,807 - INFO -   Epoch [160/237] Loss: 1.3675
2026-04-05 16:57:01,447 - INFO -   Epoch [170/237] Loss: 1.1672
2026-04-05 16:57:03,092 - INFO -   Epoch [180/237] Loss: 1.9581
2026-04-05 16:57:04,735 - INFO -   Epoch [190/237] Loss: 0.9969
2026-04-05 16:57:06,375 - INFO -   Epoch [200/237] Loss: 1.0586
2026-04-05 16:57:08,018 - INFO -   Epoch [210/237] Loss: 1.7182
2026-04-05 16:57:09,662 - INFO -   Epoch [220/237] Loss: 1.5066
2026-04-05 16:57:11,304 - INFO -   Epoch [230/237] Loss: 1.0536
2026-04-05 16:57:14,187 - INFO -   Train Loss: 1.2212
2026-04-05 16:57:14,187 - INFO -   Train Accuracy: 51.71%
2026-04-05 16:57:14,187 - INFO -   Val Loss: 1.2649
2026-04-05 16:57:14,187 - INFO -   Val Accuracy: 46.67% | F1: 0.4729
2026-04-05 16:57:14,187 - INFO -   LR: 0.000013
2026-04-05 16:57:14,187 - INFO -   Patience: 24/30
2026-04-05 16:57:14,187 - INFO - 
Epoch 40/300
2026-04-05 16:57:15,846 - INFO -   Epoch [10/237] Loss: 1.6659
2026-04-05 16:57:17,496 - INFO -   Epoch [20/237] Loss: 1.4360
2026-04-05 16:57:19,158 - INFO -   Epoch [30/237] Loss: 1.3107
2026-04-05 16:57:20,796 - INFO -   Epoch [40/237] Loss: 1.3346
2026-04-05 16:57:22,431 - INFO -   Epoch [50/237] Loss: 1.1464
2026-04-05 16:57:24,069 - INFO -   Epoch [60/237] Loss: 1.2353
2026-04-05 16:57:25,703 - INFO -   Epoch [70/237] Loss: 1.3505
2026-04-05 16:57:27,351 - INFO -   Epoch [80/237] Loss: 1.1761
2026-04-05 16:57:28,999 - INFO -   Epoch [90/237] Loss: 1.0382
2026-04-05 16:57:30,648 - INFO -   Epoch [100/237] Loss: 1.2736
2026-04-05 16:57:32,291 - INFO -   Epoch [110/237] Loss: 1.4392
2026-04-05 16:57:33,935 - INFO -   Epoch [120/237] Loss: 1.3802
2026-04-05 16:57:35,572 - INFO -   Epoch [130/237] Loss: 1.4423
2026-04-05 16:57:37,217 - INFO -   Epoch [140/237] Loss: 0.8075
2026-04-05 16:57:38,865 - INFO -   Epoch [150/237] Loss: 1.2400
2026-04-05 16:57:40,514 - INFO -   Epoch [160/237] Loss: 0.8881
2026-04-05 16:57:42,156 - INFO -   Epoch [170/237] Loss: 1.2797
2026-04-05 16:57:43,792 - INFO -   Epoch [180/237] Loss: 0.9862
2026-04-05 16:57:45,438 - INFO -   Epoch [190/237] Loss: 1.0561
2026-04-05 16:57:47,089 - INFO -   Epoch [200/237] Loss: 1.1168
2026-04-05 16:57:48,726 - INFO -   Epoch [210/237] Loss: 1.3496
2026-04-05 16:57:50,369 - INFO -   Epoch [220/237] Loss: 1.7042
2026-04-05 16:57:52,010 - INFO -   Epoch [230/237] Loss: 1.5807
2026-04-05 16:57:54,839 - INFO -   Train Loss: 1.2118
2026-04-05 16:57:54,839 - INFO -   Train Accuracy: 53.12%
2026-04-05 16:57:54,839 - INFO -   Val Loss: 1.2612
2026-04-05 16:57:54,839 - INFO -   Val Accuracy: 46.42% | F1: 0.4700
2026-04-05 16:57:54,839 - INFO -   LR: 0.000006
2026-04-05 16:57:54,839 - INFO -   Patience: 25/30
2026-04-05 16:57:54,839 - INFO - 
Epoch 41/300
2026-04-05 16:57:56,498 - INFO -   Epoch [10/237] Loss: 1.2330
2026-04-05 16:57:58,159 - INFO -   Epoch [20/237] Loss: 1.0670
2026-04-05 16:57:59,789 - INFO -   Epoch [30/237] Loss: 1.2548
2026-04-05 16:58:01,422 - INFO -   Epoch [40/237] Loss: 1.0657
2026-04-05 16:58:03,070 - INFO -   Epoch [50/237] Loss: 1.0281
2026-04-05 16:58:04,725 - INFO -   Epoch [60/237] Loss: 1.3595
2026-04-05 16:58:06,377 - INFO -   Epoch [70/237] Loss: 1.6068
2026-04-05 16:58:08,026 - INFO -   Epoch [80/237] Loss: 2.1978
2026-04-05 16:58:09,674 - INFO -   Epoch [90/237] Loss: 1.2170
2026-04-05 16:58:11,325 - INFO -   Epoch [100/237] Loss: 1.0083
2026-04-05 16:58:12,965 - INFO -   Epoch [110/237] Loss: 1.0117
2026-04-05 16:58:14,617 - INFO -   Epoch [120/237] Loss: 1.2761
2026-04-05 16:58:16,275 - INFO -   Epoch [130/237] Loss: 0.9883
2026-04-05 16:58:17,918 - INFO -   Epoch [140/237] Loss: 1.3759
2026-04-05 16:58:19,560 - INFO -   Epoch [150/237] Loss: 1.3846
2026-04-05 16:58:21,204 - INFO -   Epoch [160/237] Loss: 1.2097
2026-04-05 16:58:22,856 - INFO -   Epoch [170/237] Loss: 0.9600
2026-04-05 16:58:24,503 - INFO -   Epoch [180/237] Loss: 1.3945
2026-04-05 16:58:26,143 - INFO -   Epoch [190/237] Loss: 1.5397
2026-04-05 16:58:27,795 - INFO -   Epoch [200/237] Loss: 1.6180
2026-04-05 16:58:29,433 - INFO -   Epoch [210/237] Loss: 1.3184
2026-04-05 16:58:31,079 - INFO -   Epoch [220/237] Loss: 1.1200
2026-04-05 16:58:32,712 - INFO -   Epoch [230/237] Loss: 1.5276
2026-04-05 16:58:35,568 - INFO -   Train Loss: 1.2058
2026-04-05 16:58:35,568 - INFO -   Train Accuracy: 52.17%
2026-04-05 16:58:35,568 - INFO -   Val Loss: 1.2583
2026-04-05 16:58:35,568 - INFO -   Val Accuracy: 46.91% | F1: 0.4760
2026-04-05 16:58:35,569 - INFO -   LR: 0.000006
2026-04-05 16:58:35,569 - INFO -   Patience: 26/30
2026-04-05 16:58:35,569 - INFO - 
Epoch 42/300
2026-04-05 16:58:37,204 - INFO -   Epoch [10/237] Loss: 0.8538
2026-04-05 16:58:38,842 - INFO -   Epoch [20/237] Loss: 0.9925
2026-04-05 16:58:40,483 - INFO -   Epoch [30/237] Loss: 1.7127
2026-04-05 16:58:42,131 - INFO -   Epoch [40/237] Loss: 1.2614
2026-04-05 16:58:43,780 - INFO -   Epoch [50/237] Loss: 1.4221
2026-04-05 16:58:45,430 - INFO -   Epoch [60/237] Loss: 1.0194
2026-04-05 16:58:47,070 - INFO -   Epoch [70/237] Loss: 1.2275
2026-04-05 16:58:48,718 - INFO -   Epoch [80/237] Loss: 1.0903
2026-04-05 16:58:50,361 - INFO -   Epoch [90/237] Loss: 0.6065
2026-04-05 16:58:52,020 - INFO -   Epoch [100/237] Loss: 1.0005
2026-04-05 16:58:53,665 - INFO -   Epoch [110/237] Loss: 1.1923
2026-04-05 16:58:55,308 - INFO -   Epoch [120/237] Loss: 0.9308
2026-04-05 16:58:56,949 - INFO -   Epoch [130/237] Loss: 1.2283
2026-04-05 16:58:58,590 - INFO -   Epoch [140/237] Loss: 0.9172
2026-04-05 16:59:00,228 - INFO -   Epoch [150/237] Loss: 1.0742
2026-04-05 16:59:01,875 - INFO -   Epoch [160/237] Loss: 0.8962
2026-04-05 16:59:03,533 - INFO -   Epoch [170/237] Loss: 1.3319
2026-04-05 16:59:05,174 - INFO -   Epoch [180/237] Loss: 1.5912
2026-04-05 16:59:06,826 - INFO -   Epoch [190/237] Loss: 1.2401
2026-04-05 16:59:08,480 - INFO -   Epoch [200/237] Loss: 1.1591
2026-04-05 16:59:10,139 - INFO -   Epoch [210/237] Loss: 1.1949
2026-04-05 16:59:11,797 - INFO -   Epoch [220/237] Loss: 1.1758
2026-04-05 16:59:13,453 - INFO -   Epoch [230/237] Loss: 0.9731
2026-04-05 16:59:16,280 - INFO -   Train Loss: 1.2371
2026-04-05 16:59:16,281 - INFO -   Train Accuracy: 51.64%
2026-04-05 16:59:16,281 - INFO -   Val Loss: 1.2581
2026-04-05 16:59:16,281 - INFO -   Val Accuracy: 46.42% | F1: 0.4722
2026-04-05 16:59:16,281 - INFO -   LR: 0.000006
2026-04-05 16:59:16,281 - INFO -   Patience: 27/30
2026-04-05 16:59:16,281 - INFO - 
Epoch 43/300
2026-04-05 16:59:17,921 - INFO -   Epoch [10/237] Loss: 1.1108
2026-04-05 16:59:19,563 - INFO -   Epoch [20/237] Loss: 0.7776
2026-04-05 16:59:21,221 - INFO -   Epoch [30/237] Loss: 1.1139
2026-04-05 16:59:22,874 - INFO -   Epoch [40/237] Loss: 1.4297
2026-04-05 16:59:24,514 - INFO -   Epoch [50/237] Loss: 1.4580
2026-04-05 16:59:26,173 - INFO -   Epoch [60/237] Loss: 1.4389
2026-04-05 16:59:27,815 - INFO -   Epoch [70/237] Loss: 1.2470
2026-04-05 16:59:29,463 - INFO -   Epoch [80/237] Loss: 1.4236
2026-04-05 16:59:31,118 - INFO -   Epoch [90/237] Loss: 1.2717
2026-04-05 16:59:32,767 - INFO -   Epoch [100/237] Loss: 1.4809
2026-04-05 16:59:34,417 - INFO -   Epoch [110/237] Loss: 1.0879
2026-04-05 16:59:36,061 - INFO -   Epoch [120/237] Loss: 1.2106
2026-04-05 16:59:37,702 - INFO -   Epoch [130/237] Loss: 0.8601
2026-04-05 16:59:39,344 - INFO -   Epoch [140/237] Loss: 1.0118
2026-04-05 16:59:40,980 - INFO -   Epoch [150/237] Loss: 1.4001
2026-04-05 16:59:42,626 - INFO -   Epoch [160/237] Loss: 0.9707
2026-04-05 16:59:44,270 - INFO -   Epoch [170/237] Loss: 1.1109
2026-04-05 16:59:45,913 - INFO -   Epoch [180/237] Loss: 1.0230
2026-04-05 16:59:47,556 - INFO -   Epoch [190/237] Loss: 0.9374
2026-04-05 16:59:49,197 - INFO -   Epoch [200/237] Loss: 0.8068
2026-04-05 16:59:50,857 - INFO -   Epoch [210/237] Loss: 1.4302
2026-04-05 16:59:52,496 - INFO -   Epoch [220/237] Loss: 1.5069
2026-04-05 16:59:54,149 - INFO -   Epoch [230/237] Loss: 1.3214
2026-04-05 16:59:57,038 - INFO -   Train Loss: 1.2183
2026-04-05 16:59:57,039 - INFO -   Train Accuracy: 52.73%
2026-04-05 16:59:57,039 - INFO -   Val Loss: 1.2551
2026-04-05 16:59:57,039 - INFO -   Val Accuracy: 46.67% | F1: 0.4748
2026-04-05 16:59:57,039 - INFO -   LR: 0.000006
2026-04-05 16:59:57,039 - INFO -   Patience: 28/30
2026-04-05 16:59:57,039 - INFO - 
Epoch 44/300
2026-04-05 16:59:58,677 - INFO -   Epoch [10/237] Loss: 1.2749
2026-04-05 17:00:00,330 - INFO -   Epoch [20/237] Loss: 0.9824
2026-04-05 17:00:01,970 - INFO -   Epoch [30/237] Loss: 1.2583
2026-04-05 17:00:03,610 - INFO -   Epoch [40/237] Loss: 1.3657
2026-04-05 17:00:05,249 - INFO -   Epoch [50/237] Loss: 1.2282
2026-04-05 17:00:06,912 - INFO -   Epoch [60/237] Loss: 1.0077
2026-04-05 17:00:08,561 - INFO -   Epoch [70/237] Loss: 0.9532
2026-04-05 17:00:10,217 - INFO -   Epoch [80/237] Loss: 0.8448
2026-04-05 17:00:11,865 - INFO -   Epoch [90/237] Loss: 1.1141
2026-04-05 17:00:13,505 - INFO -   Epoch [100/237] Loss: 1.6523
2026-04-05 17:00:15,147 - INFO -   Epoch [110/237] Loss: 1.1840
2026-04-05 17:00:16,792 - INFO -   Epoch [120/237] Loss: 1.1322
2026-04-05 17:00:18,437 - INFO -   Epoch [130/237] Loss: 1.5330
2026-04-05 17:00:20,090 - INFO -   Epoch [140/237] Loss: 1.0252
2026-04-05 17:00:21,733 - INFO -   Epoch [150/237] Loss: 1.2284
2026-04-05 17:00:23,378 - INFO -   Epoch [160/237] Loss: 1.3353
2026-04-05 17:00:25,026 - INFO -   Epoch [170/237] Loss: 1.1296
2026-04-05 17:00:26,686 - INFO -   Epoch [180/237] Loss: 1.1456
2026-04-05 17:00:28,334 - INFO -   Epoch [190/237] Loss: 1.3669
2026-04-05 17:00:29,984 - INFO -   Epoch [200/237] Loss: 1.3023
2026-04-05 17:00:31,628 - INFO -   Epoch [210/237] Loss: 1.0868
2026-04-05 17:00:33,287 - INFO -   Epoch [220/237] Loss: 1.2871
2026-04-05 17:00:34,933 - INFO -   Epoch [230/237] Loss: 1.2684
2026-04-05 17:00:37,819 - INFO -   Train Loss: 1.2128
2026-04-05 17:00:37,819 - INFO -   Train Accuracy: 52.70%
2026-04-05 17:00:37,819 - INFO -   Val Loss: 1.2639
2026-04-05 17:00:37,819 - INFO -   Val Accuracy: 45.68% | F1: 0.4637
2026-04-05 17:00:37,819 - INFO -   LR: 0.000006
2026-04-05 17:00:37,819 - INFO -   Patience: 29/30
2026-04-05 17:00:37,820 - INFO - 
Epoch 45/300
2026-04-05 17:00:39,477 - INFO -   Epoch [10/237] Loss: 1.3186
2026-04-05 17:00:41,129 - INFO -   Epoch [20/237] Loss: 0.7438
2026-04-05 17:00:42,790 - INFO -   Epoch [30/237] Loss: 1.4106
2026-04-05 17:00:44,442 - INFO -   Epoch [40/237] Loss: 1.6838
2026-04-05 17:00:46,095 - INFO -   Epoch [50/237] Loss: 1.0382
2026-04-05 17:00:47,764 - INFO -   Epoch [60/237] Loss: 1.5920
2026-04-05 17:00:49,424 - INFO -   Epoch [70/237] Loss: 0.9635
2026-04-05 17:00:51,077 - INFO -   Epoch [80/237] Loss: 1.3192
2026-04-05 17:00:52,720 - INFO -   Epoch [90/237] Loss: 1.0614
2026-04-05 17:00:54,369 - INFO -   Epoch [100/237] Loss: 1.0096
2026-04-05 17:00:56,015 - INFO -   Epoch [110/237] Loss: 1.2486
2026-04-05 17:00:57,670 - INFO -   Epoch [120/237] Loss: 0.9193
2026-04-05 17:00:59,317 - INFO -   Epoch [130/237] Loss: 1.3111
2026-04-05 17:01:00,972 - INFO -   Epoch [140/237] Loss: 0.9387
2026-04-05 17:01:02,632 - INFO -   Epoch [150/237] Loss: 0.9972
2026-04-05 17:01:04,294 - INFO -   Epoch [160/237] Loss: 0.9473
2026-04-05 17:01:05,948 - INFO -   Epoch [170/237] Loss: 1.2909
2026-04-05 17:01:07,609 - INFO -   Epoch [180/237] Loss: 1.3827
2026-04-05 17:01:09,263 - INFO -   Epoch [190/237] Loss: 1.0187
2026-04-05 17:01:10,904 - INFO -   Epoch [200/237] Loss: 1.2192
2026-04-05 17:01:12,559 - INFO -   Epoch [210/237] Loss: 0.9934
2026-04-05 17:01:14,194 - INFO -   Epoch [220/237] Loss: 1.2471
2026-04-05 17:01:15,830 - INFO -   Epoch [230/237] Loss: 1.0863
2026-04-05 17:01:18,648 - INFO -   Train Loss: 1.2060
2026-04-05 17:01:18,648 - INFO -   Train Accuracy: 52.63%
2026-04-05 17:01:18,649 - INFO -   Val Loss: 1.2626
2026-04-05 17:01:18,649 - INFO -   Val Accuracy: 46.42% | F1: 0.4705
2026-04-05 17:01:18,649 - INFO -   LR: 0.000006
2026-04-05 17:01:18,649 - INFO -   Patience: 30/30
2026-04-05 17:01:18,649 - INFO - 
✓ Early stopping at epoch 45
2026-04-05 17:01:18,649 - INFO - 
✓ Training completed!
2026-04-05 17:01:18,649 - INFO -   Best Accuracy: 50.62%
2026-04-05 17:01:18,649 - INFO - 
================================================================================
2026-04-05 17:01:18,649 - INFO - Step 7: Testing
2026-04-05 17:01:18,649 - INFO - ================================================================================
/workspace/Graph_Deep_Learning/20251001-PRD_18-21-24-mobility_change_pattern/analysis/PRD-Mobility-Change-Pattern/train_multiscale_temporal.py:930: FutureWarning: You are using `torch.load` with `weights_only=False` (the current default value), which uses the default pickle module implicitly. It is possible to construct malicious pickle data which will execute arbitrary code during unpickling (See https://github.com/pytorch/pytorch/blob/main/SECURITY.md#untrusted-models for more details). In a future release, the default value for `weights_only` will be flipped to `True`. This limits the functions that could be executed during unpickling. Arbitrary objects will no longer be allowed to be loaded via this mode unless they are explicitly allowlisted by the user via `torch.serialization.add_safe_globals`. We recommend you start setting `weights_only=True` for any use case where you don't have full control of the loaded file. Please open an issue on GitHub for any issues related to this experimental feature.
  checkpoint = torch.load(f"{output_dir}/models/best_model.pth")
2026-04-05 17:01:18,718 - INFO - ✓ Loaded best model from epoch 15
2026-04-05 17:01:22,016 - INFO - 
Test Results:
2026-04-05 17:01:22,016 - INFO -   - Accuracy: 54.20%
2026-04-05 17:01:22,016 - INFO -   - F1 Score: 0.5424
2026-04-05 17:01:22,017 - INFO -   - Kappa: 0.4844
2026-04-05 17:01:22,025 - INFO - 
✓ All results saved to outputs/multiscale_temporal_20260405_162135_labels_sgh_entropy_0.05_per_450_ablation_A3_nope_nocoord/metrics/
2026-04-05 17:01:22,026 - INFO -   - test_results.json
2026-04-05 17:01:22,026 - INFO -   - classification_report.txt
2026-04-05 17:01:22,026 - INFO -   - confusion_matrix.npy
2026-04-05 17:01:22,026 - INFO - 
================================================================================
2026-04-05 17:01:22,026 - INFO - Training Time Statistics
2026-04-05 17:01:22,026 - INFO - ================================================================================
2026-04-05 17:01:22,026 - INFO - Start time:    2026-04-05 16:21:35
2026-04-05 17:01:22,026 - INFO - End time:      2026-04-05 17:01:22
2026-04-05 17:01:22,026 - INFO - Total time:    00:39:46 (2386.72 seconds)
2026-04-05 17:01:22,026 - INFO -                (39.78 minutes, 0.66 hours)
2026-04-05 17:01:22,026 - INFO - ================================================================================
2026-04-05 17:01:22,026 - INFO - ✓ Timing info saved to outputs/multiscale_temporal_20260405_162135_labels_sgh_entropy_0.05_per_450_ablation_A3_nope_nocoord/metrics/timing_info.json
2026-04-05 17:01:22,027 - INFO - ================================================================================
[LapPE] Loading from cache: outputs/.laplacian_pe_cache/lpe_n65049_k0_topk20x20.pt
[LapPE] Loaded: torch.Size([65049, 0])
