2026-04-05 19:17:36,184 - INFO - ================================================================================
2026-04-05 19:17:36,184 - INFO - Multi-Scale Temporal Branch Training
2026-04-05 19:17:36,184 - INFO - ================================================================================
2026-04-05 19:17:36,184 - INFO - Training started at: 2026-04-05 19:17:36
2026-04-05 19:17:36,184 - INFO - 
Improvement: Multi-Scale Temporal Branch (hourly + daily + weekly)
2026-04-05 19:17:36,184 - INFO - Dataset: data/labels_sgh_entropy_0.05_per_450.csv with flow threshold 0.0 and 168 time steps
2026-04-05 19:17:36,184 - INFO - Runtime overrides | spatial_model=GAT, samples_per_class=None, epochs=300, batch_size=12, lr=0.0001, grad_accum=4, early_stop=30, use_cache=True
2026-04-05 19:17:36,184 - INFO - Temporal override | temporal_model=TRANSFORMER
2026-04-05 19:17:36,184 - INFO - Temporal layer override | layers=3
2026-04-05 19:17:36,184 - INFO - Graph overrides | topk_out=20, topk_in=20, topk_enabled=True
2026-04-05 19:17:36,184 - INFO - Graph temporal mode | mode=static
2026-04-05 19:17:36,184 - INFO - Seed override | random_seed=202
2026-04-05 19:17:36,184 - INFO - Spatial node feature mode | mode=raw_temporal_mean
2026-04-05 19:17:36,184 - INFO - GINE edge feature mode | mode=flow_distance_direction
2026-04-05 19:17:36,184 - INFO - Temporal feature mode | mode=inflow_outflow
2026-04-05 19:17:36,184 - INFO - Split manifest | load=None, export=None
2026-04-05 19:17:36,184 - INFO - Branch ablation mode | mode=full
2026-04-05 19:17:36,184 - INFO - Fusion ablation mode | mode=gated
2026-04-05 19:17:36,185 - INFO - 
Output directory: outputs/multiscale_temporal_20260405_191736_labels_sgh_entropy_0.05_per_450_comparison_A2_gat
2026-04-05 19:17:36,185 - INFO - Log file: outputs/multiscale_temporal_20260405_191736_labels_sgh_entropy_0.05_per_450_comparison_A2_gat/training.log
2026-04-05 19:17:36,185 - INFO - 
================================================================================
2026-04-05 19:17:36,185 - INFO - Step 1: Loading data
2026-04-05 19:17:36,185 - INFO - ================================================================================
2026-04-05 19:17:36,186 - INFO - ================================================================================
2026-04-05 19:17:36,186 - INFO - Dual-Year Experiment Data Preparation
2026-04-05 19:17:36,186 - INFO - ================================================================================
2026-04-05 19:17:36,186 - INFO - Label file: data/labels_sgh_entropy_0.05_per_450.csv
2026-04-05 19:17:36,186 - INFO - Samples per class: ALL
2026-04-05 19:17:36,186 - INFO - 
2026-04-05 19:17:36,186 - INFO - Loading grid metadata...
2026-04-05 19:17:36,186 - INFO - Loading grid metadata from data/grid_metadata/sgh_grid_metadata.csv
2026-04-05 19:17:36,250 - INFO - Loaded 65049 valid grid cells
2026-04-05 19:17:36,255 - INFO - ================================================================================
2026-04-05 19:17:36,256 - INFO - Loading Feature Cache (Level-1)
2026-04-05 19:17:36,256 - INFO - ================================================================================
2026-04-05 19:17:36,256 - INFO - Feature cache file: data/cache/features/dual_year_features_cb92786c4c45.pkl
/opt/conda/lib/python3.11/site-packages/torch/storage.py:414: FutureWarning: You are using `torch.load` with `weights_only=False` (the current default value), which uses the default pickle module implicitly. It is possible to construct malicious pickle data which will execute arbitrary code during unpickling (See https://github.com/pytorch/pytorch/blob/main/SECURITY.md#untrusted-models for more details). In a future release, the default value for `weights_only` will be flipped to `True`. This limits the functions that could be executed during unpickling. Arbitrary objects will no longer be allowed to be loaded via this mode unless they are explicitly allowlisted by the user via `torch.serialization.add_safe_globals`. We recommend you start setting `weights_only=True` for any use case where you don't have full control of the loaded file. Please open an issue on GitHub for any issues related to this experimental feature.
  return torch.load(io.BytesIO(b))
2026-04-05 19:17:36,325 - INFO - ✓ Feature cache hit
2026-04-05 19:17:36,325 - INFO -   - Total labeled grids: 4050
2026-04-05 19:17:36,325 - INFO - Building/loading spatial graphs...
2026-04-05 19:17:36,325 - INFO - CRITICAL FIX: Using GLOBAL metadata (all 65049 grids)
2026-04-05 19:17:36,432 - INFO - ================================================================================
2026-04-05 19:17:36,432 - INFO - Loading Graph Cache (Level-2 variant)
2026-04-05 19:17:36,432 - INFO - ================================================================================
2026-04-05 19:17:36,432 - INFO - Graph cache file: data/cache/graphs/dual_year_graph_variant_8e9d01e27ffc.pkl
2026-04-05 19:17:36,487 - INFO - ✓ Graph variant cache hit
2026-04-05 19:17:36,487 - INFO - 
✓ CRITICAL FIX APPLIED:
2026-04-05 19:17:36,488 - INFO -   - Global graph nodes: 65049 (from 65049 metadata)
2026-04-05 19:17:36,488 - INFO -   - Labeled nodes for training: 4050
2026-04-05 19:17:36,488 - INFO -   - Unlabeled nodes in graph: 60999
2026-04-05 19:17:36,488 - INFO -   - Graph temporal mode: static
2026-04-05 19:17:36,488 - INFO -   - Graph edge feature mode: flow_distance_direction
2026-04-05 19:17:36,488 - INFO -   - Graph snapshots per year: 1
2026-04-05 19:17:36,488 - INFO -   - Graph 2021 edges (snapshot0): 1034676
2026-04-05 19:17:36,488 - INFO -   - Graph 2024 edges (snapshot0): 1179275
2026-04-05 19:17:36,488 - INFO - 
Architecture:
2026-04-05 19:17:36,488 - INFO -   - Temporal Branch (LSTM): Uses 4050 labeled nodes with (168, 2) features
2026-04-05 19:17:36,488 - INFO -   - Spatial Branch (GCN/SAGE): Uses 65049 nodes with all-1 features
2026-04-05 19:17:36,488 - INFO -   - Feature dimension per labeled node: (168, 4)
2026-04-05 19:17:36,489 - INFO - 
Two-level cache summary:
2026-04-05 19:17:36,489 - INFO -   - Feature cache: data/cache/features/dual_year_features_cb92786c4c45.pkl
2026-04-05 19:17:36,489 - INFO -   - Graph base cache: data/cache/graphs/dual_year_graph_base_d4d046bfdc14.pkl
2026-04-05 19:17:36,489 - INFO -   - Graph variant cache: data/cache/graphs/dual_year_graph_variant_8e9d01e27ffc.pkl
2026-04-05 19:17:36,496 - INFO - ✓ Data loaded successfully
2026-04-05 19:17:36,496 - INFO -   - Total grids: 4050
2026-04-05 19:17:36,496 - INFO -   - Feature shape: (168, 4)
2026-04-05 19:17:36,496 - INFO -   - Graph 2021 edges: 1034676
2026-04-05 19:17:36,496 - INFO -   - Graph 2024 edges: 1179275
2026-04-05 19:17:36,496 - INFO -   - Graph edge feature mode: flow_distance_direction
2026-04-05 19:17:36,496 - INFO - 
================================================================================
2026-04-05 19:17:36,496 - INFO - Step 2: Preparing temporal features
2026-04-05 19:17:36,496 - INFO - ================================================================================
2026-04-05 19:17:36,537 - INFO - ✓ Temporal features prepared
2026-04-05 19:17:36,537 - INFO - 
================================================================================
2026-04-05 19:17:36,537 - INFO - Step 3: Creating dataset
2026-04-05 19:17:36,537 - INFO - ================================================================================
2026-04-05 19:17:36,537 - INFO - ✓ Dataset created: 4050 samples
2026-04-05 19:17:36,541 - INFO -   - Split Source: seeded_random_split
2026-04-05 19:17:36,541 - INFO -   - Wrote Split Manifest: outputs/multiscale_temporal_20260405_191736_labels_sgh_entropy_0.05_per_450_comparison_A2_gat/metrics/split_manifest.json
2026-04-05 19:17:36,541 - INFO -   - Train: 2835 samples
2026-04-05 19:17:36,542 - INFO -   - Val: 405 samples
2026-04-05 19:17:36,542 - INFO -   - Test: 810 samples
2026-04-05 19:17:36,849 - INFO - ✓ Data loaders created
2026-04-05 19:17:36,849 - INFO - 
================================================================================
2026-04-05 19:17:36,850 - INFO - Step 4: Creating Enhanced Model
2026-04-05 19:17:36,850 - INFO - ================================================================================
2026-04-05 19:17:36,850 - INFO - Using device: cuda
2026-04-05 19:17:36,850 - INFO - Spatial model: GAT
2026-04-05 19:17:36,850 - INFO - Temporal model: TRANSFORMER
2026-04-05 19:17:37,435 - INFO - ✓ Enhanced model created
2026-04-05 19:17:37,436 - INFO -   - Total parameters: 4,793,167
2026-04-05 19:17:37,436 - INFO -   - Trainable parameters: 4,793,167
2026-04-05 19:17:37,436 - INFO -   - Multi-scale temporal: Hourly + Daily + Weekly
2026-04-05 19:17:37,436 - INFO -   - Temporal branch model: TRANSFORMER
2026-04-05 19:17:37,436 - INFO -   - Spatial branch: GAT
2026-04-05 19:17:37,436 - INFO -   - Branch ablation mode: full
2026-04-05 19:17:37,436 - INFO -   - Fusion ablation mode: gated
2026-04-05 19:17:37,436 - INFO - 
================================================================================
2026-04-05 19:17:37,436 - INFO - Step 5: Setting up training
2026-04-05 19:17:37,436 - INFO - ================================================================================
/opt/conda/lib/python3.11/site-packages/torch/optim/lr_scheduler.py:60: UserWarning: The verbose parameter is deprecated. Please use get_last_lr() to access the learning rate.
  warnings.warn(
2026-04-05 19:17:37,438 - INFO - ✓ Training setup complete
2026-04-05 19:17:37,438 - INFO -   - Optimizer: Adam (lr=0.0001, wd=0.001)
2026-04-05 19:17:37,438 - INFO -   - Scheduler: ReduceLROnPlateau (patience=5, factor=0.5)
2026-04-05 19:17:37,438 - INFO -   - Loss: Weighted CrossEntropy
2026-04-05 19:17:37,438 - INFO - 
================================================================================
2026-04-05 19:17:37,438 - INFO - Step 6: Training
2026-04-05 19:17:37,438 - INFO - ================================================================================
2026-04-05 19:17:37,439 - INFO - 
Epoch 1/300
2026-04-05 19:17:40,445 - INFO -   Epoch [10/237] Loss: 2.1906
2026-04-05 19:17:42,912 - INFO -   Epoch [20/237] Loss: 2.1057
2026-04-05 19:17:45,340 - INFO -   Epoch [30/237] Loss: 1.9523
2026-04-05 19:17:47,803 - INFO -   Epoch [40/237] Loss: 1.9667
2026-04-05 19:17:50,250 - INFO -   Epoch [50/237] Loss: 2.0374
2026-04-05 19:17:52,924 - INFO -   Epoch [60/237] Loss: 2.1446
2026-04-05 19:17:55,425 - INFO -   Epoch [70/237] Loss: 2.1052
2026-04-05 19:17:57,902 - INFO -   Epoch [80/237] Loss: 1.8570
2026-04-05 19:18:00,314 - INFO -   Epoch [90/237] Loss: 1.7822
2026-04-05 19:18:02,825 - INFO -   Epoch [100/237] Loss: 2.0586
2026-04-05 19:18:05,336 - INFO -   Epoch [110/237] Loss: 2.0881
2026-04-05 19:18:07,835 - INFO -   Epoch [120/237] Loss: 2.0521
2026-04-05 19:18:10,214 - INFO -   Epoch [130/237] Loss: 2.1854
2026-04-05 19:18:12,687 - INFO -   Epoch [140/237] Loss: 1.9729
2026-04-05 19:18:15,089 - INFO -   Epoch [150/237] Loss: 1.7524
2026-04-05 19:18:17,484 - INFO -   Epoch [160/237] Loss: 2.2151
2026-04-05 19:18:19,995 - INFO -   Epoch [170/237] Loss: 1.8315
2026-04-05 19:18:22,408 - INFO -   Epoch [180/237] Loss: 1.8782
2026-04-05 19:18:24,906 - INFO -   Epoch [190/237] Loss: 1.6497
2026-04-05 19:18:27,287 - INFO -   Epoch [200/237] Loss: 1.8838
2026-04-05 19:18:29,689 - INFO -   Epoch [210/237] Loss: 1.9494
2026-04-05 19:18:32,254 - INFO -   Epoch [220/237] Loss: 2.1124
2026-04-05 19:18:34,638 - INFO -   Epoch [230/237] Loss: 1.8003
2026-04-05 19:18:38,300 - INFO -   Train Loss: 1.9595
2026-04-05 19:18:38,300 - INFO -   Train Accuracy: 26.70%
2026-04-05 19:18:38,300 - INFO -   Val Loss: 1.6815
2026-04-05 19:18:38,300 - INFO -   Val Accuracy: 38.02% | F1: 0.3432
2026-04-05 19:18:38,300 - INFO -   LR: 0.000100
2026-04-05 19:18:38,396 - INFO -   ✓ New best model saved! (Acc: 38.02%)
2026-04-05 19:18:38,397 - INFO -   Patience: 0/30
2026-04-05 19:18:38,397 - INFO - 
Epoch 2/300
2026-04-05 19:18:40,777 - INFO -   Epoch [10/237] Loss: 1.9072
2026-04-05 19:18:43,162 - INFO -   Epoch [20/237] Loss: 1.9091
2026-04-05 19:18:45,537 - INFO -   Epoch [30/237] Loss: 1.5983
2026-04-05 19:18:47,915 - INFO -   Epoch [40/237] Loss: 1.5924
2026-04-05 19:18:50,301 - INFO -   Epoch [50/237] Loss: 1.7052
2026-04-05 19:18:52,681 - INFO -   Epoch [60/237] Loss: 1.8166
2026-04-05 19:18:55,138 - INFO -   Epoch [70/237] Loss: 1.5609
2026-04-05 19:18:57,561 - INFO -   Epoch [80/237] Loss: 2.0363
2026-04-05 19:18:59,939 - INFO -   Epoch [90/237] Loss: 2.0129
2026-04-05 19:19:02,316 - INFO -   Epoch [100/237] Loss: 1.6154
2026-04-05 19:19:04,726 - INFO -   Epoch [110/237] Loss: 1.5236
2026-04-05 19:19:07,238 - INFO -   Epoch [120/237] Loss: 1.6615
2026-04-05 19:19:09,700 - INFO -   Epoch [130/237] Loss: 1.5915
2026-04-05 19:19:12,101 - INFO -   Epoch [140/237] Loss: 1.9291
2026-04-05 19:19:14,483 - INFO -   Epoch [150/237] Loss: 1.5848
2026-04-05 19:19:16,893 - INFO -   Epoch [160/237] Loss: 1.7925
2026-04-05 19:19:19,307 - INFO -   Epoch [170/237] Loss: 1.6991
2026-04-05 19:19:21,682 - INFO -   Epoch [180/237] Loss: 1.6023
2026-04-05 19:19:24,059 - INFO -   Epoch [190/237] Loss: 1.6958
2026-04-05 19:19:26,446 - INFO -   Epoch [200/237] Loss: 1.3549
2026-04-05 19:19:28,834 - INFO -   Epoch [210/237] Loss: 1.8693
2026-04-05 19:19:31,215 - INFO -   Epoch [220/237] Loss: 1.6131
2026-04-05 19:19:33,597 - INFO -   Epoch [230/237] Loss: 1.4200
2026-04-05 19:19:37,089 - INFO -   Train Loss: 1.7435
2026-04-05 19:19:37,090 - INFO -   Train Accuracy: 33.97%
2026-04-05 19:19:37,090 - INFO -   Val Loss: 1.5433
2026-04-05 19:19:37,090 - INFO -   Val Accuracy: 42.72% | F1: 0.4047
2026-04-05 19:19:37,090 - INFO -   LR: 0.000100
2026-04-05 19:19:37,469 - INFO -   ✓ New best model saved! (Acc: 42.72%)
2026-04-05 19:19:37,469 - INFO -   Patience: 0/30
2026-04-05 19:19:37,469 - INFO - 
Epoch 3/300
2026-04-05 19:19:39,855 - INFO -   Epoch [10/237] Loss: 1.7856
2026-04-05 19:19:42,365 - INFO -   Epoch [20/237] Loss: 1.6537
2026-04-05 19:19:44,890 - INFO -   Epoch [30/237] Loss: 1.8951
2026-04-05 19:19:47,412 - INFO -   Epoch [40/237] Loss: 1.5929
2026-04-05 19:19:49,969 - INFO -   Epoch [50/237] Loss: 1.8117
2026-04-05 19:19:52,467 - INFO -   Epoch [60/237] Loss: 1.7227
2026-04-05 19:19:54,848 - INFO -   Epoch [70/237] Loss: 1.3382
2026-04-05 19:19:57,354 - INFO -   Epoch [80/237] Loss: 1.8858
2026-04-05 19:19:59,726 - INFO -   Epoch [90/237] Loss: 1.8161
2026-04-05 19:20:02,237 - INFO -   Epoch [100/237] Loss: 1.7031
2026-04-05 19:20:04,637 - INFO -   Epoch [110/237] Loss: 1.7819
2026-04-05 19:20:07,168 - INFO -   Epoch [120/237] Loss: 1.4753
2026-04-05 19:20:09,553 - INFO -   Epoch [130/237] Loss: 1.7389
2026-04-05 19:20:12,010 - INFO -   Epoch [140/237] Loss: 1.8170
2026-04-05 19:20:14,439 - INFO -   Epoch [150/237] Loss: 1.6805
2026-04-05 19:20:16,822 - INFO -   Epoch [160/237] Loss: 1.5754
2026-04-05 19:20:19,202 - INFO -   Epoch [170/237] Loss: 1.4465
2026-04-05 19:20:21,584 - INFO -   Epoch [180/237] Loss: 1.7035
2026-04-05 19:20:23,977 - INFO -   Epoch [190/237] Loss: 1.4374
2026-04-05 19:20:26,657 - INFO -   Epoch [200/237] Loss: 1.2967
2026-04-05 19:20:29,173 - INFO -   Epoch [210/237] Loss: 1.3443
2026-04-05 19:20:31,693 - INFO -   Epoch [220/237] Loss: 1.9261
2026-04-05 19:20:34,221 - INFO -   Epoch [230/237] Loss: 1.5890
2026-04-05 19:20:37,689 - INFO -   Train Loss: 1.6457
2026-04-05 19:20:37,690 - INFO -   Train Accuracy: 36.68%
2026-04-05 19:20:37,690 - INFO -   Val Loss: 1.5220
2026-04-05 19:20:37,690 - INFO -   Val Accuracy: 43.95% | F1: 0.4240
2026-04-05 19:20:37,690 - INFO -   LR: 0.000100
2026-04-05 19:20:38,227 - INFO -   ✓ New best model saved! (Acc: 43.95%)
2026-04-05 19:20:38,228 - INFO -   Patience: 0/30
2026-04-05 19:20:38,228 - INFO - 
Epoch 4/300
2026-04-05 19:20:40,623 - INFO -   Epoch [10/237] Loss: 2.0347
2026-04-05 19:20:43,012 - INFO -   Epoch [20/237] Loss: 1.7881
2026-04-05 19:20:45,520 - INFO -   Epoch [30/237] Loss: 1.5493
2026-04-05 19:20:47,896 - INFO -   Epoch [40/237] Loss: 1.5878
2026-04-05 19:20:50,271 - INFO -   Epoch [50/237] Loss: 1.4859
2026-04-05 19:20:52,642 - INFO -   Epoch [60/237] Loss: 1.1392
2026-04-05 19:20:55,026 - INFO -   Epoch [70/237] Loss: 2.0981
2026-04-05 19:20:57,523 - INFO -   Epoch [80/237] Loss: 1.5122
2026-04-05 19:20:59,900 - INFO -   Epoch [90/237] Loss: 1.6585
2026-04-05 19:21:02,281 - INFO -   Epoch [100/237] Loss: 1.4333
2026-04-05 19:21:04,668 - INFO -   Epoch [110/237] Loss: 1.4713
2026-04-05 19:21:07,140 - INFO -   Epoch [120/237] Loss: 1.3917
2026-04-05 19:21:09,560 - INFO -   Epoch [130/237] Loss: 1.2834
2026-04-05 19:21:11,938 - INFO -   Epoch [140/237] Loss: 1.9945
2026-04-05 19:21:14,341 - INFO -   Epoch [150/237] Loss: 1.3811
2026-04-05 19:21:16,721 - INFO -   Epoch [160/237] Loss: 1.3806
2026-04-05 19:21:19,109 - INFO -   Epoch [170/237] Loss: 1.4991
2026-04-05 19:21:21,575 - INFO -   Epoch [180/237] Loss: 1.7198
2026-04-05 19:21:23,997 - INFO -   Epoch [190/237] Loss: 1.3388
2026-04-05 19:21:26,383 - INFO -   Epoch [200/237] Loss: 1.6933
2026-04-05 19:21:28,777 - INFO -   Epoch [210/237] Loss: 1.4491
2026-04-05 19:21:31,161 - INFO -   Epoch [220/237] Loss: 1.1112
2026-04-05 19:21:33,548 - INFO -   Epoch [230/237] Loss: 1.6226
2026-04-05 19:21:37,014 - INFO -   Train Loss: 1.5825
2026-04-05 19:21:37,014 - INFO -   Train Accuracy: 38.52%
2026-04-05 19:21:37,014 - INFO -   Val Loss: 1.3954
2026-04-05 19:21:37,014 - INFO -   Val Accuracy: 48.89% | F1: 0.4761
2026-04-05 19:21:37,014 - INFO -   LR: 0.000100
2026-04-05 19:21:37,471 - INFO -   ✓ New best model saved! (Acc: 48.89%)
2026-04-05 19:21:37,471 - INFO -   Patience: 0/30
2026-04-05 19:21:37,471 - INFO - 
Epoch 5/300
2026-04-05 19:21:39,984 - INFO -   Epoch [10/237] Loss: 1.9381
2026-04-05 19:21:42,377 - INFO -   Epoch [20/237] Loss: 1.3364
2026-04-05 19:21:44,771 - INFO -   Epoch [30/237] Loss: 1.5859
2026-04-05 19:21:47,149 - INFO -   Epoch [40/237] Loss: 1.2507
2026-04-05 19:21:49,649 - INFO -   Epoch [50/237] Loss: 1.2921
2026-04-05 19:21:52,032 - INFO -   Epoch [60/237] Loss: 1.4510
2026-04-05 19:21:54,426 - INFO -   Epoch [70/237] Loss: 1.7335
2026-04-05 19:21:56,820 - INFO -   Epoch [80/237] Loss: 1.5366
2026-04-05 19:21:59,342 - INFO -   Epoch [90/237] Loss: 1.3916
2026-04-05 19:22:01,736 - INFO -   Epoch [100/237] Loss: 1.3573
2026-04-05 19:22:04,120 - INFO -   Epoch [110/237] Loss: 1.3926
2026-04-05 19:22:06,509 - INFO -   Epoch [120/237] Loss: 1.4918
2026-04-05 19:22:09,034 - INFO -   Epoch [130/237] Loss: 1.7379
2026-04-05 19:22:11,428 - INFO -   Epoch [140/237] Loss: 1.4403
2026-04-05 19:22:13,823 - INFO -   Epoch [150/237] Loss: 1.5029
2026-04-05 19:22:16,220 - INFO -   Epoch [160/237] Loss: 1.9513
2026-04-05 19:22:18,677 - INFO -   Epoch [170/237] Loss: 2.3918
2026-04-05 19:22:21,153 - INFO -   Epoch [180/237] Loss: 1.5114
2026-04-05 19:22:23,547 - INFO -   Epoch [190/237] Loss: 1.7926
2026-04-05 19:22:25,924 - INFO -   Epoch [200/237] Loss: 1.8358
2026-04-05 19:22:28,311 - INFO -   Epoch [210/237] Loss: 1.5103
2026-04-05 19:22:30,699 - INFO -   Epoch [220/237] Loss: 1.1283
2026-04-05 19:22:33,087 - INFO -   Epoch [230/237] Loss: 1.6871
2026-04-05 19:22:36,860 - INFO -   Train Loss: 1.5435
2026-04-05 19:22:36,861 - INFO -   Train Accuracy: 40.95%
2026-04-05 19:22:36,862 - INFO -   Val Loss: 1.4136
2026-04-05 19:22:36,862 - INFO -   Val Accuracy: 45.19% | F1: 0.4326
2026-04-05 19:22:36,862 - INFO -   LR: 0.000100
2026-04-05 19:22:36,862 - INFO -   Patience: 1/30
2026-04-05 19:22:36,862 - INFO - 
Epoch 6/300
2026-04-05 19:22:39,266 - INFO -   Epoch [10/237] Loss: 1.7170
2026-04-05 19:22:41,653 - INFO -   Epoch [20/237] Loss: 1.5238
2026-04-05 19:22:44,046 - INFO -   Epoch [30/237] Loss: 1.1356
2026-04-05 19:22:46,434 - INFO -   Epoch [40/237] Loss: 1.8720
2026-04-05 19:22:48,946 - INFO -   Epoch [50/237] Loss: 1.8065
2026-04-05 19:22:51,336 - INFO -   Epoch [60/237] Loss: 1.5777
2026-04-05 19:22:53,718 - INFO -   Epoch [70/237] Loss: 1.5079
2026-04-05 19:22:56,106 - INFO -   Epoch [80/237] Loss: 1.4706
2026-04-05 19:22:58,524 - INFO -   Epoch [90/237] Loss: 1.9298
2026-04-05 19:23:00,902 - INFO -   Epoch [100/237] Loss: 1.5434
2026-04-05 19:23:03,280 - INFO -   Epoch [110/237] Loss: 1.5580
2026-04-05 19:23:05,679 - INFO -   Epoch [120/237] Loss: 1.1927
2026-04-05 19:23:08,155 - INFO -   Epoch [130/237] Loss: 1.4020
2026-04-05 19:23:10,602 - INFO -   Epoch [140/237] Loss: 1.5608
2026-04-05 19:23:13,003 - INFO -   Epoch [150/237] Loss: 1.5917
2026-04-05 19:23:15,392 - INFO -   Epoch [160/237] Loss: 1.6671
2026-04-05 19:23:17,777 - INFO -   Epoch [170/237] Loss: 1.1877
2026-04-05 19:23:20,166 - INFO -   Epoch [180/237] Loss: 1.3898
2026-04-05 19:23:22,622 - INFO -   Epoch [190/237] Loss: 1.3083
2026-04-05 19:23:25,054 - INFO -   Epoch [200/237] Loss: 1.8006
2026-04-05 19:23:27,439 - INFO -   Epoch [210/237] Loss: 1.5834
2026-04-05 19:23:29,830 - INFO -   Epoch [220/237] Loss: 1.9269
2026-04-05 19:23:32,227 - INFO -   Epoch [230/237] Loss: 1.1992
2026-04-05 19:23:35,765 - INFO -   Train Loss: 1.5402
2026-04-05 19:23:35,765 - INFO -   Train Accuracy: 39.44%
2026-04-05 19:23:35,765 - INFO -   Val Loss: 1.3717
2026-04-05 19:23:35,765 - INFO -   Val Accuracy: 45.93% | F1: 0.4638
2026-04-05 19:23:35,766 - INFO -   LR: 0.000100
2026-04-05 19:23:35,766 - INFO -   Patience: 2/30
2026-04-05 19:23:35,766 - INFO - 
Epoch 7/300
2026-04-05 19:23:38,166 - INFO -   Epoch [10/237] Loss: 1.4758
2026-04-05 19:23:40,600 - INFO -   Epoch [20/237] Loss: 1.3429
2026-04-05 19:23:42,996 - INFO -   Epoch [30/237] Loss: 1.3853
2026-04-05 19:23:45,379 - INFO -   Epoch [40/237] Loss: 1.0444
2026-04-05 19:23:47,757 - INFO -   Epoch [50/237] Loss: 1.5553
2026-04-05 19:23:50,154 - INFO -   Epoch [60/237] Loss: 1.2104
2026-04-05 19:23:52,586 - INFO -   Epoch [70/237] Loss: 1.6483
2026-04-05 19:23:55,007 - INFO -   Epoch [80/237] Loss: 1.6128
2026-04-05 19:23:57,404 - INFO -   Epoch [90/237] Loss: 1.7180
2026-04-05 19:23:59,800 - INFO -   Epoch [100/237] Loss: 1.2159
2026-04-05 19:24:02,187 - INFO -   Epoch [110/237] Loss: 1.3490
2026-04-05 19:24:04,644 - INFO -   Epoch [120/237] Loss: 1.7454
2026-04-05 19:24:07,086 - INFO -   Epoch [130/237] Loss: 1.5908
2026-04-05 19:24:09,477 - INFO -   Epoch [140/237] Loss: 1.3104
2026-04-05 19:24:11,852 - INFO -   Epoch [150/237] Loss: 1.4312
2026-04-05 19:24:14,231 - INFO -   Epoch [160/237] Loss: 1.5203
2026-04-05 19:24:16,622 - INFO -   Epoch [170/237] Loss: 1.5455
2026-04-05 19:24:19,154 - INFO -   Epoch [180/237] Loss: 1.2731
2026-04-05 19:24:21,536 - INFO -   Epoch [190/237] Loss: 1.5044
2026-04-05 19:24:23,950 - INFO -   Epoch [200/237] Loss: 1.4534
2026-04-05 19:24:26,359 - INFO -   Epoch [210/237] Loss: 1.6454
2026-04-05 19:24:28,781 - INFO -   Epoch [220/237] Loss: 1.4357
2026-04-05 19:24:31,241 - INFO -   Epoch [230/237] Loss: 1.2227
2026-04-05 19:24:34,758 - INFO -   Train Loss: 1.4989
2026-04-05 19:24:34,759 - INFO -   Train Accuracy: 41.38%
2026-04-05 19:24:34,759 - INFO -   Val Loss: 1.3493
2026-04-05 19:24:34,759 - INFO -   Val Accuracy: 48.64% | F1: 0.4896
2026-04-05 19:24:34,759 - INFO -   LR: 0.000100
2026-04-05 19:24:34,759 - INFO -   Patience: 3/30
2026-04-05 19:24:34,759 - INFO - 
Epoch 8/300
2026-04-05 19:24:37,131 - INFO -   Epoch [10/237] Loss: 1.5027
2026-04-05 19:24:39,543 - INFO -   Epoch [20/237] Loss: 1.2742
2026-04-05 19:24:41,922 - INFO -   Epoch [30/237] Loss: 2.2320
2026-04-05 19:24:44,308 - INFO -   Epoch [40/237] Loss: 1.1291
2026-04-05 19:24:46,685 - INFO -   Epoch [50/237] Loss: 1.6648
2026-04-05 19:24:49,067 - INFO -   Epoch [60/237] Loss: 1.6583
2026-04-05 19:24:51,530 - INFO -   Epoch [70/237] Loss: 1.1188
2026-04-05 19:24:53,956 - INFO -   Epoch [80/237] Loss: 1.4017
2026-04-05 19:24:56,343 - INFO -   Epoch [90/237] Loss: 1.2470
2026-04-05 19:24:58,729 - INFO -   Epoch [100/237] Loss: 1.7410
2026-04-05 19:25:01,124 - INFO -   Epoch [110/237] Loss: 1.5061
2026-04-05 19:25:03,512 - INFO -   Epoch [120/237] Loss: 1.6446
2026-04-05 19:25:05,894 - INFO -   Epoch [130/237] Loss: 1.1676
2026-04-05 19:25:08,272 - INFO -   Epoch [140/237] Loss: 1.4012
2026-04-05 19:25:10,663 - INFO -   Epoch [150/237] Loss: 1.3473
2026-04-05 19:25:13,044 - INFO -   Epoch [160/237] Loss: 1.4155
2026-04-05 19:25:15,420 - INFO -   Epoch [170/237] Loss: 1.7801
2026-04-05 19:25:17,825 - INFO -   Epoch [180/237] Loss: 1.0206
2026-04-05 19:25:20,204 - INFO -   Epoch [190/237] Loss: 1.7485
2026-04-05 19:25:22,587 - INFO -   Epoch [200/237] Loss: 1.7321
2026-04-05 19:25:24,972 - INFO -   Epoch [210/237] Loss: 1.4744
2026-04-05 19:25:27,346 - INFO -   Epoch [220/237] Loss: 1.2134
2026-04-05 19:25:29,730 - INFO -   Epoch [230/237] Loss: 1.4391
2026-04-05 19:25:33,214 - INFO -   Train Loss: 1.4610
2026-04-05 19:25:33,214 - INFO -   Train Accuracy: 41.31%
2026-04-05 19:25:33,214 - INFO -   Val Loss: 1.3263
2026-04-05 19:25:33,214 - INFO -   Val Accuracy: 47.16% | F1: 0.4576
2026-04-05 19:25:33,214 - INFO -   LR: 0.000100
2026-04-05 19:25:33,214 - INFO -   Patience: 4/30
2026-04-05 19:25:33,214 - INFO - 
Epoch 9/300
2026-04-05 19:25:35,589 - INFO -   Epoch [10/237] Loss: 1.1272
2026-04-05 19:25:37,964 - INFO -   Epoch [20/237] Loss: 1.6286
2026-04-05 19:25:40,341 - INFO -   Epoch [30/237] Loss: 1.7104
2026-04-05 19:25:42,721 - INFO -   Epoch [40/237] Loss: 1.3951
2026-04-05 19:25:45,120 - INFO -   Epoch [50/237] Loss: 1.8631
2026-04-05 19:25:47,509 - INFO -   Epoch [60/237] Loss: 1.3273
2026-04-05 19:25:49,904 - INFO -   Epoch [70/237] Loss: 2.1101
2026-04-05 19:25:52,292 - INFO -   Epoch [80/237] Loss: 1.0653
2026-04-05 19:25:54,745 - INFO -   Epoch [90/237] Loss: 1.4253
2026-04-05 19:25:57,177 - INFO -   Epoch [100/237] Loss: 1.7700
2026-04-05 19:25:59,567 - INFO -   Epoch [110/237] Loss: 1.3316
2026-04-05 19:26:01,966 - INFO -   Epoch [120/237] Loss: 1.7119
2026-04-05 19:26:04,346 - INFO -   Epoch [130/237] Loss: 1.4694
2026-04-05 19:26:06,760 - INFO -   Epoch [140/237] Loss: 1.2537
2026-04-05 19:26:09,274 - INFO -   Epoch [150/237] Loss: 1.4936
2026-04-05 19:26:11,705 - INFO -   Epoch [160/237] Loss: 1.7285
2026-04-05 19:26:14,089 - INFO -   Epoch [170/237] Loss: 1.6013
2026-04-05 19:26:16,467 - INFO -   Epoch [180/237] Loss: 1.4027
2026-04-05 19:26:18,843 - INFO -   Epoch [190/237] Loss: 1.4209
2026-04-05 19:26:21,227 - INFO -   Epoch [200/237] Loss: 1.5811
2026-04-05 19:26:23,682 - INFO -   Epoch [210/237] Loss: 1.1175
2026-04-05 19:26:26,106 - INFO -   Epoch [220/237] Loss: 1.4282
2026-04-05 19:26:28,488 - INFO -   Epoch [230/237] Loss: 1.3054
2026-04-05 19:26:31,976 - INFO -   Train Loss: 1.4370
2026-04-05 19:26:31,976 - INFO -   Train Accuracy: 42.08%
2026-04-05 19:26:31,976 - INFO -   Val Loss: 1.3009
2026-04-05 19:26:31,976 - INFO -   Val Accuracy: 49.63% | F1: 0.4963
2026-04-05 19:26:31,976 - INFO -   LR: 0.000100
2026-04-05 19:26:32,296 - INFO -   ✓ New best model saved! (Acc: 49.63%)
2026-04-05 19:26:32,296 - INFO -   Patience: 0/30
2026-04-05 19:26:32,296 - INFO - 
Epoch 10/300
2026-04-05 19:26:34,686 - INFO -   Epoch [10/237] Loss: 1.1429
2026-04-05 19:26:37,079 - INFO -   Epoch [20/237] Loss: 1.5911
2026-04-05 19:26:39,481 - INFO -   Epoch [30/237] Loss: 1.3029
2026-04-05 19:26:41,868 - INFO -   Epoch [40/237] Loss: 1.3777
2026-04-05 19:26:44,397 - INFO -   Epoch [50/237] Loss: 1.6922
2026-04-05 19:26:46,780 - INFO -   Epoch [60/237] Loss: 1.3616
2026-04-05 19:26:49,164 - INFO -   Epoch [70/237] Loss: 1.3541
2026-04-05 19:26:51,572 - INFO -   Epoch [80/237] Loss: 1.0701
2026-04-05 19:26:53,973 - INFO -   Epoch [90/237] Loss: 1.3050
2026-04-05 19:26:56,370 - INFO -   Epoch [100/237] Loss: 1.0287
2026-04-05 19:26:58,764 - INFO -   Epoch [110/237] Loss: 1.2569
2026-04-05 19:27:01,163 - INFO -   Epoch [120/237] Loss: 1.4009
2026-04-05 19:27:03,567 - INFO -   Epoch [130/237] Loss: 1.6693
2026-04-05 19:27:05,949 - INFO -   Epoch [140/237] Loss: 1.8157
2026-04-05 19:27:08,325 - INFO -   Epoch [150/237] Loss: 1.2653
2026-04-05 19:27:10,708 - INFO -   Epoch [160/237] Loss: 1.0519
2026-04-05 19:27:13,098 - INFO -   Epoch [170/237] Loss: 1.3178
2026-04-05 19:27:15,490 - INFO -   Epoch [180/237] Loss: 1.4192
2026-04-05 19:27:17,872 - INFO -   Epoch [190/237] Loss: 1.7612
2026-04-05 19:27:20,257 - INFO -   Epoch [200/237] Loss: 1.3751
2026-04-05 19:27:22,629 - INFO -   Epoch [210/237] Loss: 1.4640
2026-04-05 19:27:25,094 - INFO -   Epoch [220/237] Loss: 1.4240
2026-04-05 19:27:27,522 - INFO -   Epoch [230/237] Loss: 1.4288
2026-04-05 19:27:31,129 - INFO -   Train Loss: 1.4334
2026-04-05 19:27:31,129 - INFO -   Train Accuracy: 43.49%
2026-04-05 19:27:31,129 - INFO -   Val Loss: 1.3197
2026-04-05 19:27:31,129 - INFO -   Val Accuracy: 46.42% | F1: 0.4709
2026-04-05 19:27:31,129 - INFO -   LR: 0.000100
2026-04-05 19:27:31,129 - INFO -   Patience: 1/30
2026-04-05 19:27:31,129 - INFO - 
Epoch 11/300
2026-04-05 19:27:33,537 - INFO -   Epoch [10/237] Loss: 1.4297
2026-04-05 19:27:35,946 - INFO -   Epoch [20/237] Loss: 1.1623
2026-04-05 19:27:38,338 - INFO -   Epoch [30/237] Loss: 1.6010
2026-04-05 19:27:40,721 - INFO -   Epoch [40/237] Loss: 1.8045
2026-04-05 19:27:43,187 - INFO -   Epoch [50/237] Loss: 1.0953
2026-04-05 19:27:45,623 - INFO -   Epoch [60/237] Loss: 1.4781
2026-04-05 19:27:48,014 - INFO -   Epoch [70/237] Loss: 1.3440
2026-04-05 19:27:50,405 - INFO -   Epoch [80/237] Loss: 1.4831
2026-04-05 19:27:52,803 - INFO -   Epoch [90/237] Loss: 1.6029
2026-04-05 19:27:55,194 - INFO -   Epoch [100/237] Loss: 1.2473
2026-04-05 19:27:57,578 - INFO -   Epoch [110/237] Loss: 1.2328
2026-04-05 19:27:59,969 - INFO -   Epoch [120/237] Loss: 1.2913
2026-04-05 19:28:02,358 - INFO -   Epoch [130/237] Loss: 1.8810
2026-04-05 19:28:04,770 - INFO -   Epoch [140/237] Loss: 1.7893
2026-04-05 19:28:07,163 - INFO -   Epoch [150/237] Loss: 1.3232
2026-04-05 19:28:09,554 - INFO -   Epoch [160/237] Loss: 1.8730
2026-04-05 19:28:11,930 - INFO -   Epoch [170/237] Loss: 1.0034
2026-04-05 19:28:14,314 - INFO -   Epoch [180/237] Loss: 1.3045
2026-04-05 19:28:16,691 - INFO -   Epoch [190/237] Loss: 1.7229
2026-04-05 19:28:19,067 - INFO -   Epoch [200/237] Loss: 1.5143
2026-04-05 19:28:21,443 - INFO -   Epoch [210/237] Loss: 1.7448
2026-04-05 19:28:23,943 - INFO -   Epoch [220/237] Loss: 1.6252
2026-04-05 19:28:26,366 - INFO -   Epoch [230/237] Loss: 1.5032
2026-04-05 19:28:29,820 - INFO -   Train Loss: 1.4299
2026-04-05 19:28:29,820 - INFO -   Train Accuracy: 43.67%
2026-04-05 19:28:29,820 - INFO -   Val Loss: 1.2969
2026-04-05 19:28:29,820 - INFO -   Val Accuracy: 47.16% | F1: 0.4783
2026-04-05 19:28:29,820 - INFO -   LR: 0.000100
2026-04-05 19:28:29,820 - INFO -   Patience: 2/30
2026-04-05 19:28:29,820 - INFO - 
Epoch 12/300
2026-04-05 19:28:32,191 - INFO -   Epoch [10/237] Loss: 1.2600
2026-04-05 19:28:34,569 - INFO -   Epoch [20/237] Loss: 1.6266
2026-04-05 19:28:36,940 - INFO -   Epoch [30/237] Loss: 1.5871
2026-04-05 19:28:39,317 - INFO -   Epoch [40/237] Loss: 1.5797
2026-04-05 19:28:41,689 - INFO -   Epoch [50/237] Loss: 1.7344
2026-04-05 19:28:44,141 - INFO -   Epoch [60/237] Loss: 1.0693
2026-04-05 19:28:46,565 - INFO -   Epoch [70/237] Loss: 1.6131
2026-04-05 19:28:48,943 - INFO -   Epoch [80/237] Loss: 1.1683
2026-04-05 19:28:51,318 - INFO -   Epoch [90/237] Loss: 1.4983
2026-04-05 19:28:53,698 - INFO -   Epoch [100/237] Loss: 1.5369
2026-04-05 19:28:56,109 - INFO -   Epoch [110/237] Loss: 1.4168
2026-04-05 19:28:58,494 - INFO -   Epoch [120/237] Loss: 1.2547
2026-04-05 19:29:00,876 - INFO -   Epoch [130/237] Loss: 1.5013
2026-04-05 19:29:03,280 - INFO -   Epoch [140/237] Loss: 1.4020
2026-04-05 19:29:05,658 - INFO -   Epoch [150/237] Loss: 1.4755
2026-04-05 19:29:08,033 - INFO -   Epoch [160/237] Loss: 1.2919
2026-04-05 19:29:10,425 - INFO -   Epoch [170/237] Loss: 2.1310
2026-04-05 19:29:12,811 - INFO -   Epoch [180/237] Loss: 1.5474
2026-04-05 19:29:15,188 - INFO -   Epoch [190/237] Loss: 1.2739
2026-04-05 19:29:17,565 - INFO -   Epoch [200/237] Loss: 1.0002
2026-04-05 19:29:19,941 - INFO -   Epoch [210/237] Loss: 0.9780
2026-04-05 19:29:22,331 - INFO -   Epoch [220/237] Loss: 1.8910
2026-04-05 19:29:24,715 - INFO -   Epoch [230/237] Loss: 1.4124
2026-04-05 19:29:28,342 - INFO -   Train Loss: 1.4116
2026-04-05 19:29:28,342 - INFO -   Train Accuracy: 43.49%
2026-04-05 19:29:28,342 - INFO -   Val Loss: 1.2853
2026-04-05 19:29:28,342 - INFO -   Val Accuracy: 48.15% | F1: 0.4799
2026-04-05 19:29:28,342 - INFO -   LR: 0.000100
2026-04-05 19:29:28,342 - INFO -   Patience: 3/30
2026-04-05 19:29:28,342 - INFO - 
Epoch 13/300
2026-04-05 19:29:30,714 - INFO -   Epoch [10/237] Loss: 1.3028
2026-04-05 19:29:33,092 - INFO -   Epoch [20/237] Loss: 1.4233
2026-04-05 19:29:35,476 - INFO -   Epoch [30/237] Loss: 1.4202
2026-04-05 19:29:37,862 - INFO -   Epoch [40/237] Loss: 1.6254
2026-04-05 19:29:40,242 - INFO -   Epoch [50/237] Loss: 1.3942
2026-04-05 19:29:42,624 - INFO -   Epoch [60/237] Loss: 1.3477
2026-04-05 19:29:45,005 - INFO -   Epoch [70/237] Loss: 1.5686
2026-04-05 19:29:47,522 - INFO -   Epoch [80/237] Loss: 1.1714
2026-04-05 19:29:49,908 - INFO -   Epoch [90/237] Loss: 1.0775
2026-04-05 19:29:52,308 - INFO -   Epoch [100/237] Loss: 1.4556
2026-04-05 19:29:54,720 - INFO -   Epoch [110/237] Loss: 1.1107
2026-04-05 19:29:57,130 - INFO -   Epoch [120/237] Loss: 1.5069
2026-04-05 19:29:59,508 - INFO -   Epoch [130/237] Loss: 1.5236
2026-04-05 19:30:01,885 - INFO -   Epoch [140/237] Loss: 1.6669
2026-04-05 19:30:04,261 - INFO -   Epoch [150/237] Loss: 1.1635
2026-04-05 19:30:06,719 - INFO -   Epoch [160/237] Loss: 1.5687
2026-04-05 19:30:09,198 - INFO -   Epoch [170/237] Loss: 1.4819
2026-04-05 19:30:11,587 - INFO -   Epoch [180/237] Loss: 1.0358
2026-04-05 19:30:13,979 - INFO -   Epoch [190/237] Loss: 0.9473
2026-04-05 19:30:16,374 - INFO -   Epoch [200/237] Loss: 1.4369
2026-04-05 19:30:18,761 - INFO -   Epoch [210/237] Loss: 1.2512
2026-04-05 19:30:21,137 - INFO -   Epoch [220/237] Loss: 1.1768
2026-04-05 19:30:23,514 - INFO -   Epoch [230/237] Loss: 1.1048
2026-04-05 19:30:27,111 - INFO -   Train Loss: 1.3874
2026-04-05 19:30:27,111 - INFO -   Train Accuracy: 43.92%
2026-04-05 19:30:27,111 - INFO -   Val Loss: 1.2649
2026-04-05 19:30:27,111 - INFO -   Val Accuracy: 50.86% | F1: 0.5115
2026-04-05 19:30:27,111 - INFO -   LR: 0.000100
2026-04-05 19:30:27,426 - INFO -   ✓ New best model saved! (Acc: 50.86%)
2026-04-05 19:30:27,427 - INFO -   Patience: 0/30
2026-04-05 19:30:27,427 - INFO - 
Epoch 14/300
2026-04-05 19:30:29,823 - INFO -   Epoch [10/237] Loss: 1.1903
2026-04-05 19:30:32,252 - INFO -   Epoch [20/237] Loss: 1.3526
2026-04-05 19:30:34,652 - INFO -   Epoch [30/237] Loss: 1.2274
2026-04-05 19:30:37,062 - INFO -   Epoch [40/237] Loss: 1.8071
2026-04-05 19:30:39,665 - INFO -   Epoch [50/237] Loss: 1.1042
2026-04-05 19:30:42,093 - INFO -   Epoch [60/237] Loss: 1.3679
2026-04-05 19:30:44,466 - INFO -   Epoch [70/237] Loss: 1.1260
2026-04-05 19:30:46,845 - INFO -   Epoch [80/237] Loss: 1.1453
2026-04-05 19:30:49,386 - INFO -   Epoch [90/237] Loss: 1.5293
2026-04-05 19:30:51,760 - INFO -   Epoch [100/237] Loss: 1.3502
2026-04-05 19:30:54,133 - INFO -   Epoch [110/237] Loss: 0.9493
2026-04-05 19:30:56,503 - INFO -   Epoch [120/237] Loss: 1.5040
2026-04-05 19:30:58,892 - INFO -   Epoch [130/237] Loss: 1.1421
2026-04-05 19:31:01,432 - INFO -   Epoch [140/237] Loss: 1.9271
2026-04-05 19:31:03,858 - INFO -   Epoch [150/237] Loss: 1.4514
2026-04-05 19:31:06,237 - INFO -   Epoch [160/237] Loss: 1.1549
2026-04-05 19:31:08,620 - INFO -   Epoch [170/237] Loss: 1.0958
2026-04-05 19:31:11,002 - INFO -   Epoch [180/237] Loss: 1.4369
2026-04-05 19:31:13,455 - INFO -   Epoch [190/237] Loss: 1.4006
2026-04-05 19:31:15,899 - INFO -   Epoch [200/237] Loss: 1.5704
2026-04-05 19:31:18,300 - INFO -   Epoch [210/237] Loss: 1.6018
2026-04-05 19:31:20,678 - INFO -   Epoch [220/237] Loss: 1.6402
2026-04-05 19:31:23,053 - INFO -   Epoch [230/237] Loss: 1.0447
2026-04-05 19:31:26,512 - INFO -   Train Loss: 1.3861
2026-04-05 19:31:26,512 - INFO -   Train Accuracy: 44.41%
2026-04-05 19:31:26,512 - INFO -   Val Loss: 1.2662
2026-04-05 19:31:26,512 - INFO -   Val Accuracy: 49.88% | F1: 0.5050
2026-04-05 19:31:26,512 - INFO -   LR: 0.000100
2026-04-05 19:31:26,512 - INFO -   Patience: 1/30
2026-04-05 19:31:26,512 - INFO - 
Epoch 15/300
2026-04-05 19:31:28,887 - INFO -   Epoch [10/237] Loss: 1.0295
2026-04-05 19:31:31,273 - INFO -   Epoch [20/237] Loss: 1.6019
2026-04-05 19:31:33,648 - INFO -   Epoch [30/237] Loss: 1.2008
2026-04-05 19:31:36,029 - INFO -   Epoch [40/237] Loss: 1.2940
2026-04-05 19:31:38,416 - INFO -   Epoch [50/237] Loss: 1.3599
2026-04-05 19:31:40,939 - INFO -   Epoch [60/237] Loss: 1.5097
2026-04-05 19:31:43,375 - INFO -   Epoch [70/237] Loss: 1.1832
2026-04-05 19:31:45,832 - INFO -   Epoch [80/237] Loss: 1.1255
2026-04-05 19:31:48,231 - INFO -   Epoch [90/237] Loss: 1.3379
2026-04-05 19:31:50,632 - INFO -   Epoch [100/237] Loss: 1.0154
2026-04-05 19:31:53,031 - INFO -   Epoch [110/237] Loss: 1.7109
2026-04-05 19:31:55,418 - INFO -   Epoch [120/237] Loss: 1.2904
2026-04-05 19:31:57,940 - INFO -   Epoch [130/237] Loss: 1.3788
2026-04-05 19:32:00,326 - INFO -   Epoch [140/237] Loss: 1.3955
2026-04-05 19:32:02,729 - INFO -   Epoch [150/237] Loss: 1.4778
2026-04-05 19:32:05,115 - INFO -   Epoch [160/237] Loss: 1.8205
2026-04-05 19:32:07,526 - INFO -   Epoch [170/237] Loss: 1.6115
2026-04-05 19:32:09,920 - INFO -   Epoch [180/237] Loss: 1.6660
2026-04-05 19:32:12,294 - INFO -   Epoch [190/237] Loss: 1.6053
2026-04-05 19:32:14,684 - INFO -   Epoch [200/237] Loss: 1.5521
2026-04-05 19:32:17,141 - INFO -   Epoch [210/237] Loss: 1.6752
2026-04-05 19:32:19,576 - INFO -   Epoch [220/237] Loss: 1.3405
2026-04-05 19:32:21,959 - INFO -   Epoch [230/237] Loss: 1.2207
2026-04-05 19:32:25,498 - INFO -   Train Loss: 1.3944
2026-04-05 19:32:25,498 - INFO -   Train Accuracy: 44.87%
2026-04-05 19:32:25,498 - INFO -   Val Loss: 1.2814
2026-04-05 19:32:25,498 - INFO -   Val Accuracy: 50.37% | F1: 0.5117
2026-04-05 19:32:25,498 - INFO -   LR: 0.000100
2026-04-05 19:32:25,499 - INFO -   Patience: 2/30
2026-04-05 19:32:25,499 - INFO - 
Epoch 16/300
2026-04-05 19:32:27,891 - INFO -   Epoch [10/237] Loss: 1.5376
2026-04-05 19:32:30,286 - INFO -   Epoch [20/237] Loss: 0.9090
2026-04-05 19:32:32,674 - INFO -   Epoch [30/237] Loss: 1.5103
2026-04-05 19:32:35,058 - INFO -   Epoch [40/237] Loss: 1.4510
2026-04-05 19:32:37,558 - INFO -   Epoch [50/237] Loss: 1.5368
2026-04-05 19:32:39,934 - INFO -   Epoch [60/237] Loss: 1.2794
2026-04-05 19:32:42,329 - INFO -   Epoch [70/237] Loss: 1.4985
2026-04-05 19:32:44,717 - INFO -   Epoch [80/237] Loss: 1.2977
2026-04-05 19:32:47,105 - INFO -   Epoch [90/237] Loss: 1.3855
2026-04-05 19:32:49,514 - INFO -   Epoch [100/237] Loss: 1.7376
2026-04-05 19:32:51,909 - INFO -   Epoch [110/237] Loss: 1.1769
2026-04-05 19:32:54,302 - INFO -   Epoch [120/237] Loss: 0.9877
2026-04-05 19:32:56,694 - INFO -   Epoch [130/237] Loss: 1.6737
2026-04-05 19:32:59,090 - INFO -   Epoch [140/237] Loss: 1.5683
2026-04-05 19:33:01,463 - INFO -   Epoch [150/237] Loss: 1.5356
2026-04-05 19:33:03,925 - INFO -   Epoch [160/237] Loss: 1.6223
2026-04-05 19:33:06,358 - INFO -   Epoch [170/237] Loss: 1.1791
2026-04-05 19:33:08,772 - INFO -   Epoch [180/237] Loss: 1.0986
2026-04-05 19:33:11,145 - INFO -   Epoch [190/237] Loss: 1.1751
2026-04-05 19:33:13,531 - INFO -   Epoch [200/237] Loss: 1.2197
2026-04-05 19:33:15,918 - INFO -   Epoch [210/237] Loss: 1.5874
2026-04-05 19:33:18,390 - INFO -   Epoch [220/237] Loss: 1.3372
2026-04-05 19:33:20,842 - INFO -   Epoch [230/237] Loss: 1.6914
2026-04-05 19:33:24,329 - INFO -   Train Loss: 1.3955
2026-04-05 19:33:24,329 - INFO -   Train Accuracy: 45.19%
2026-04-05 19:33:24,329 - INFO -   Val Loss: 1.2926
2026-04-05 19:33:24,329 - INFO -   Val Accuracy: 47.41% | F1: 0.4831
2026-04-05 19:33:24,329 - INFO -   LR: 0.000100
2026-04-05 19:33:24,329 - INFO -   Patience: 3/30
2026-04-05 19:33:24,330 - INFO - 
Epoch 17/300
2026-04-05 19:33:26,710 - INFO -   Epoch [10/237] Loss: 1.2976
2026-04-05 19:33:29,100 - INFO -   Epoch [20/237] Loss: 1.5226
2026-04-05 19:33:31,483 - INFO -   Epoch [30/237] Loss: 1.3302
2026-04-05 19:33:33,865 - INFO -   Epoch [40/237] Loss: 1.7119
2026-04-05 19:33:36,244 - INFO -   Epoch [50/237] Loss: 1.7217
2026-04-05 19:33:38,770 - INFO -   Epoch [60/237] Loss: 1.3934
2026-04-05 19:33:41,163 - INFO -   Epoch [70/237] Loss: 1.2751
2026-04-05 19:33:43,573 - INFO -   Epoch [80/237] Loss: 1.6890
2026-04-05 19:33:45,968 - INFO -   Epoch [90/237] Loss: 1.3729
2026-04-05 19:33:48,354 - INFO -   Epoch [100/237] Loss: 1.0604
2026-04-05 19:33:50,728 - INFO -   Epoch [110/237] Loss: 1.3596
2026-04-05 19:33:53,109 - INFO -   Epoch [120/237] Loss: 1.3234
2026-04-05 19:33:55,526 - INFO -   Epoch [130/237] Loss: 1.5929
2026-04-05 19:33:58,008 - INFO -   Epoch [140/237] Loss: 1.6072
2026-04-05 19:34:00,432 - INFO -   Epoch [150/237] Loss: 1.1968
2026-04-05 19:34:02,817 - INFO -   Epoch [160/237] Loss: 1.5332
2026-04-05 19:34:05,193 - INFO -   Epoch [170/237] Loss: 1.5679
2026-04-05 19:34:07,577 - INFO -   Epoch [180/237] Loss: 1.7072
2026-04-05 19:34:09,966 - INFO -   Epoch [190/237] Loss: 1.4480
2026-04-05 19:34:12,346 - INFO -   Epoch [200/237] Loss: 1.5905
2026-04-05 19:34:14,727 - INFO -   Epoch [210/237] Loss: 1.0312
2026-04-05 19:34:17,104 - INFO -   Epoch [220/237] Loss: 1.4891
2026-04-05 19:34:19,559 - INFO -   Epoch [230/237] Loss: 1.4480
2026-04-05 19:34:23,103 - INFO -   Train Loss: 1.3944
2026-04-05 19:34:23,103 - INFO -   Train Accuracy: 45.22%
2026-04-05 19:34:23,103 - INFO -   Val Loss: 1.3088
2026-04-05 19:34:23,103 - INFO -   Val Accuracy: 47.16% | F1: 0.4778
2026-04-05 19:34:23,103 - INFO -   LR: 0.000100
2026-04-05 19:34:23,103 - INFO -   Patience: 4/30
2026-04-05 19:34:23,104 - INFO - 
Epoch 18/300
2026-04-05 19:34:25,491 - INFO -   Epoch [10/237] Loss: 1.4011
2026-04-05 19:34:27,885 - INFO -   Epoch [20/237] Loss: 1.6249
2026-04-05 19:34:30,269 - INFO -   Epoch [30/237] Loss: 1.6982
2026-04-05 19:34:32,655 - INFO -   Epoch [40/237] Loss: 1.4565
2026-04-05 19:34:35,032 - INFO -   Epoch [50/237] Loss: 1.1943
2026-04-05 19:34:37,411 - INFO -   Epoch [60/237] Loss: 1.3354
2026-04-05 19:34:39,915 - INFO -   Epoch [70/237] Loss: 1.2980
2026-04-05 19:34:42,294 - INFO -   Epoch [80/237] Loss: 1.8593
2026-04-05 19:34:44,680 - INFO -   Epoch [90/237] Loss: 1.2737
2026-04-05 19:34:47,059 - INFO -   Epoch [100/237] Loss: 1.2520
2026-04-05 19:34:49,438 - INFO -   Epoch [110/237] Loss: 1.5219
2026-04-05 19:34:51,834 - INFO -   Epoch [120/237] Loss: 1.2012
2026-04-05 19:34:54,214 - INFO -   Epoch [130/237] Loss: 1.0977
2026-04-05 19:34:56,597 - INFO -   Epoch [140/237] Loss: 1.5198
2026-04-05 19:34:58,997 - INFO -   Epoch [150/237] Loss: 0.9852
2026-04-05 19:35:01,386 - INFO -   Epoch [160/237] Loss: 1.3540
2026-04-05 19:35:03,762 - INFO -   Epoch [170/237] Loss: 1.4216
2026-04-05 19:35:06,152 - INFO -   Epoch [180/237] Loss: 1.2909
2026-04-05 19:35:08,534 - INFO -   Epoch [190/237] Loss: 1.0016
2026-04-05 19:35:10,929 - INFO -   Epoch [200/237] Loss: 1.1230
2026-04-05 19:35:13,355 - INFO -   Epoch [210/237] Loss: 1.2676
2026-04-05 19:35:15,764 - INFO -   Epoch [220/237] Loss: 1.6924
2026-04-05 19:35:18,185 - INFO -   Epoch [230/237] Loss: 1.8882
2026-04-05 19:35:21,744 - INFO -   Train Loss: 1.3656
2026-04-05 19:35:21,744 - INFO -   Train Accuracy: 44.76%
2026-04-05 19:35:21,744 - INFO -   Val Loss: 1.2832
2026-04-05 19:35:21,744 - INFO -   Val Accuracy: 48.15% | F1: 0.4925
2026-04-05 19:35:21,744 - INFO -   LR: 0.000100
2026-04-05 19:35:21,744 - INFO -   Patience: 5/30
2026-04-05 19:35:21,744 - INFO - 
Epoch 19/300
2026-04-05 19:35:24,123 - INFO -   Epoch [10/237] Loss: 1.1746
2026-04-05 19:35:26,509 - INFO -   Epoch [20/237] Loss: 1.0397
2026-04-05 19:35:28,887 - INFO -   Epoch [30/237] Loss: 1.4807
2026-04-05 19:35:31,315 - INFO -   Epoch [40/237] Loss: 1.4232
2026-04-05 19:35:33,708 - INFO -   Epoch [50/237] Loss: 1.0738
2026-04-05 19:35:36,104 - INFO -   Epoch [60/237] Loss: 1.0432
2026-04-05 19:35:38,509 - INFO -   Epoch [70/237] Loss: 1.3632
2026-04-05 19:35:40,884 - INFO -   Epoch [80/237] Loss: 1.7978
2026-04-05 19:35:43,287 - INFO -   Epoch [90/237] Loss: 1.3176
2026-04-05 19:35:45,672 - INFO -   Epoch [100/237] Loss: 1.6768
2026-04-05 19:35:48,071 - INFO -   Epoch [110/237] Loss: 1.2299
2026-04-05 19:35:50,527 - INFO -   Epoch [120/237] Loss: 1.0172
2026-04-05 19:35:52,964 - INFO -   Epoch [130/237] Loss: 1.2884
2026-04-05 19:35:55,341 - INFO -   Epoch [140/237] Loss: 0.9385
2026-04-05 19:35:57,735 - INFO -   Epoch [150/237] Loss: 1.3429
2026-04-05 19:36:00,164 - INFO -   Epoch [160/237] Loss: 1.4442
2026-04-05 19:36:02,555 - INFO -   Epoch [170/237] Loss: 1.0327
2026-04-05 19:36:04,976 - INFO -   Epoch [180/237] Loss: 1.5006
2026-04-05 19:36:07,362 - INFO -   Epoch [190/237] Loss: 1.5396
2026-04-05 19:36:09,740 - INFO -   Epoch [200/237] Loss: 1.1767
2026-04-05 19:36:12,242 - INFO -   Epoch [210/237] Loss: 1.5139
2026-04-05 19:36:14,640 - INFO -   Epoch [220/237] Loss: 1.5659
2026-04-05 19:36:17,047 - INFO -   Epoch [230/237] Loss: 1.0645
2026-04-05 19:36:20,528 - INFO -   Train Loss: 1.3569
2026-04-05 19:36:20,529 - INFO -   Train Accuracy: 46.24%
2026-04-05 19:36:20,529 - INFO -   Val Loss: 1.2905
2026-04-05 19:36:20,529 - INFO -   Val Accuracy: 47.16% | F1: 0.4796
2026-04-05 19:36:20,529 - INFO -   LR: 0.000100
2026-04-05 19:36:20,529 - INFO -   Patience: 6/30
2026-04-05 19:36:20,529 - INFO - 
Epoch 20/300
2026-04-05 19:36:22,906 - INFO -   Epoch [10/237] Loss: 1.4973
2026-04-05 19:36:25,286 - INFO -   Epoch [20/237] Loss: 1.0076
2026-04-05 19:36:27,675 - INFO -   Epoch [30/237] Loss: 1.2791
2026-04-05 19:36:30,052 - INFO -   Epoch [40/237] Loss: 1.5433
2026-04-05 19:36:32,565 - INFO -   Epoch [50/237] Loss: 1.4714
2026-04-05 19:36:34,943 - INFO -   Epoch [60/237] Loss: 1.3907
2026-04-05 19:36:37,323 - INFO -   Epoch [70/237] Loss: 1.1041
2026-04-05 19:36:39,710 - INFO -   Epoch [80/237] Loss: 1.1796
2026-04-05 19:36:42,105 - INFO -   Epoch [90/237] Loss: 1.0718
2026-04-05 19:36:44,492 - INFO -   Epoch [100/237] Loss: 1.0400
2026-04-05 19:36:46,879 - INFO -   Epoch [110/237] Loss: 1.1741
2026-04-05 19:36:49,257 - INFO -   Epoch [120/237] Loss: 1.3430
2026-04-05 19:36:51,630 - INFO -   Epoch [130/237] Loss: 1.6142
2026-04-05 19:36:54,010 - INFO -   Epoch [140/237] Loss: 1.2778
2026-04-05 19:36:56,409 - INFO -   Epoch [150/237] Loss: 1.2038
2026-04-05 19:36:58,858 - INFO -   Epoch [160/237] Loss: 1.1915
2026-04-05 19:37:01,281 - INFO -   Epoch [170/237] Loss: 1.5496
2026-04-05 19:37:03,818 - INFO -   Epoch [180/237] Loss: 1.8462
2026-04-05 19:37:06,213 - INFO -   Epoch [190/237] Loss: 1.1353
2026-04-05 19:37:08,687 - INFO -   Epoch [200/237] Loss: 1.0309
2026-04-05 19:37:11,133 - INFO -   Epoch [210/237] Loss: 1.3486
2026-04-05 19:37:13,528 - INFO -   Epoch [220/237] Loss: 1.0352
2026-04-05 19:37:15,922 - INFO -   Epoch [230/237] Loss: 1.4408
2026-04-05 19:37:19,593 - INFO -   Train Loss: 1.3264
2026-04-05 19:37:19,593 - INFO -   Train Accuracy: 46.53%
2026-04-05 19:37:19,593 - INFO -   Val Loss: 1.2525
2026-04-05 19:37:19,593 - INFO -   Val Accuracy: 49.38% | F1: 0.4999
2026-04-05 19:37:19,593 - INFO -   LR: 0.000050
2026-04-05 19:37:19,593 - INFO -   Patience: 7/30
2026-04-05 19:37:19,593 - INFO - 
Epoch 21/300
2026-04-05 19:37:21,988 - INFO -   Epoch [10/237] Loss: 1.0228
2026-04-05 19:37:24,383 - INFO -   Epoch [20/237] Loss: 0.8316
2026-04-05 19:37:26,787 - INFO -   Epoch [30/237] Loss: 1.8767
2026-04-05 19:37:29,187 - INFO -   Epoch [40/237] Loss: 1.3162
2026-04-05 19:37:31,595 - INFO -   Epoch [50/237] Loss: 1.7639
2026-04-05 19:37:34,115 - INFO -   Epoch [60/237] Loss: 1.6618
2026-04-05 19:37:36,510 - INFO -   Epoch [70/237] Loss: 0.9968
2026-04-05 19:37:38,916 - INFO -   Epoch [80/237] Loss: 0.9453
2026-04-05 19:37:41,297 - INFO -   Epoch [90/237] Loss: 1.2596
2026-04-05 19:37:43,673 - INFO -   Epoch [100/237] Loss: 1.3536
2026-04-05 19:37:46,052 - INFO -   Epoch [110/237] Loss: 1.2864
2026-04-05 19:37:48,506 - INFO -   Epoch [120/237] Loss: 1.5562
2026-04-05 19:37:50,933 - INFO -   Epoch [130/237] Loss: 1.1496
2026-04-05 19:37:53,319 - INFO -   Epoch [140/237] Loss: 1.6185
2026-04-05 19:37:55,698 - INFO -   Epoch [150/237] Loss: 1.4374
2026-04-05 19:37:58,082 - INFO -   Epoch [160/237] Loss: 1.3593
2026-04-05 19:38:00,469 - INFO -   Epoch [170/237] Loss: 1.7405
2026-04-05 19:38:02,846 - INFO -   Epoch [180/237] Loss: 1.0749
2026-04-05 19:38:05,229 - INFO -   Epoch [190/237] Loss: 1.0395
2026-04-05 19:38:07,737 - INFO -   Epoch [200/237] Loss: 1.4317
2026-04-05 19:38:10,122 - INFO -   Epoch [210/237] Loss: 1.2902
2026-04-05 19:38:12,510 - INFO -   Epoch [220/237] Loss: 1.1437
2026-04-05 19:38:14,891 - INFO -   Epoch [230/237] Loss: 1.4243
2026-04-05 19:38:18,373 - INFO -   Train Loss: 1.3451
2026-04-05 19:38:18,373 - INFO -   Train Accuracy: 47.27%
2026-04-05 19:38:18,373 - INFO -   Val Loss: 1.2593
2026-04-05 19:38:18,374 - INFO -   Val Accuracy: 47.90% | F1: 0.4837
2026-04-05 19:38:18,374 - INFO -   LR: 0.000050
2026-04-05 19:38:18,374 - INFO -   Patience: 8/30
2026-04-05 19:38:18,374 - INFO - 
Epoch 22/300
2026-04-05 19:38:20,780 - INFO -   Epoch [10/237] Loss: 1.3332
2026-04-05 19:38:23,166 - INFO -   Epoch [20/237] Loss: 1.3308
2026-04-05 19:38:25,557 - INFO -   Epoch [30/237] Loss: 1.3166
2026-04-05 19:38:27,944 - INFO -   Epoch [40/237] Loss: 1.5891
2026-04-05 19:38:30,334 - INFO -   Epoch [50/237] Loss: 1.4770
2026-04-05 19:38:32,719 - INFO -   Epoch [60/237] Loss: 1.5154
2026-04-05 19:38:35,105 - INFO -   Epoch [70/237] Loss: 1.1561
2026-04-05 19:38:37,495 - INFO -   Epoch [80/237] Loss: 1.2046
2026-04-05 19:38:40,000 - INFO -   Epoch [90/237] Loss: 1.1474
2026-04-05 19:38:42,386 - INFO -   Epoch [100/237] Loss: 0.9981
2026-04-05 19:38:44,770 - INFO -   Epoch [110/237] Loss: 1.6275
2026-04-05 19:38:47,151 - INFO -   Epoch [120/237] Loss: 1.9979
2026-04-05 19:38:49,530 - INFO -   Epoch [130/237] Loss: 1.3164
2026-04-05 19:38:51,919 - INFO -   Epoch [140/237] Loss: 1.4182
2026-04-05 19:38:54,464 - INFO -   Epoch [150/237] Loss: 1.3605
2026-04-05 19:38:56,844 - INFO -   Epoch [160/237] Loss: 0.9604
2026-04-05 19:38:59,221 - INFO -   Epoch [170/237] Loss: 1.2767
2026-04-05 19:39:01,625 - INFO -   Epoch [180/237] Loss: 1.4289
2026-04-05 19:39:04,006 - INFO -   Epoch [190/237] Loss: 1.0530
2026-04-05 19:39:06,392 - INFO -   Epoch [200/237] Loss: 1.0654
2026-04-05 19:39:08,789 - INFO -   Epoch [210/237] Loss: 1.1591
2026-04-05 19:39:11,195 - INFO -   Epoch [220/237] Loss: 1.2138
2026-04-05 19:39:13,668 - INFO -   Epoch [230/237] Loss: 1.4282
2026-04-05 19:39:17,293 - INFO -   Train Loss: 1.3266
2026-04-05 19:39:17,293 - INFO -   Train Accuracy: 47.13%
2026-04-05 19:39:17,293 - INFO -   Val Loss: 1.2396
2026-04-05 19:39:17,293 - INFO -   Val Accuracy: 50.37% | F1: 0.5135
2026-04-05 19:39:17,293 - INFO -   LR: 0.000050
2026-04-05 19:39:17,293 - INFO -   Patience: 9/30
2026-04-05 19:39:17,293 - INFO - 
Epoch 23/300
2026-04-05 19:39:19,678 - INFO -   Epoch [10/237] Loss: 1.4130
2026-04-05 19:39:22,061 - INFO -   Epoch [20/237] Loss: 1.0253
2026-04-05 19:39:24,458 - INFO -   Epoch [30/237] Loss: 1.0978
2026-04-05 19:39:26,843 - INFO -   Epoch [40/237] Loss: 1.3901
2026-04-05 19:39:29,224 - INFO -   Epoch [50/237] Loss: 1.0310
2026-04-05 19:39:31,614 - INFO -   Epoch [60/237] Loss: 1.2434
2026-04-05 19:39:34,130 - INFO -   Epoch [70/237] Loss: 1.6526
2026-04-05 19:39:36,526 - INFO -   Epoch [80/237] Loss: 1.4317
2026-04-05 19:39:38,917 - INFO -   Epoch [90/237] Loss: 1.6754
2026-04-05 19:39:41,305 - INFO -   Epoch [100/237] Loss: 1.2609
2026-04-05 19:39:43,687 - INFO -   Epoch [110/237] Loss: 1.2152
2026-04-05 19:39:46,071 - INFO -   Epoch [120/237] Loss: 1.2977
2026-04-05 19:39:48,452 - INFO -   Epoch [130/237] Loss: 1.6166
2026-04-05 19:39:50,845 - INFO -   Epoch [140/237] Loss: 1.2994
2026-04-05 19:39:53,303 - INFO -   Epoch [150/237] Loss: 0.9225
2026-04-05 19:39:55,733 - INFO -   Epoch [160/237] Loss: 1.5747
2026-04-05 19:39:58,113 - INFO -   Epoch [170/237] Loss: 1.3904
2026-04-05 19:40:00,494 - INFO -   Epoch [180/237] Loss: 1.2646
2026-04-05 19:40:02,874 - INFO -   Epoch [190/237] Loss: 1.1303
2026-04-05 19:40:05,247 - INFO -   Epoch [200/237] Loss: 0.7503
2026-04-05 19:40:07,663 - INFO -   Epoch [210/237] Loss: 1.2834
2026-04-05 19:40:10,055 - INFO -   Epoch [220/237] Loss: 1.8092
2026-04-05 19:40:12,433 - INFO -   Epoch [230/237] Loss: 1.2670
2026-04-05 19:40:16,037 - INFO -   Train Loss: 1.3379
2026-04-05 19:40:16,037 - INFO -   Train Accuracy: 47.05%
2026-04-05 19:40:16,037 - INFO -   Val Loss: 1.2510
2026-04-05 19:40:16,037 - INFO -   Val Accuracy: 49.63% | F1: 0.5067
2026-04-05 19:40:16,037 - INFO -   LR: 0.000050
2026-04-05 19:40:16,037 - INFO -   Patience: 10/30
2026-04-05 19:40:16,037 - INFO - 
Epoch 24/300
2026-04-05 19:40:18,408 - INFO -   Epoch [10/237] Loss: 1.3992
2026-04-05 19:40:20,785 - INFO -   Epoch [20/237] Loss: 1.1051
2026-04-05 19:40:23,158 - INFO -   Epoch [30/237] Loss: 1.1331
2026-04-05 19:40:25,537 - INFO -   Epoch [40/237] Loss: 1.1542
2026-04-05 19:40:27,930 - INFO -   Epoch [50/237] Loss: 1.5108
2026-04-05 19:40:30,330 - INFO -   Epoch [60/237] Loss: 1.0390
2026-04-05 19:40:32,702 - INFO -   Epoch [70/237] Loss: 1.4749
2026-04-05 19:40:35,185 - INFO -   Epoch [80/237] Loss: 1.5565
2026-04-05 19:40:37,630 - INFO -   Epoch [90/237] Loss: 1.2092
2026-04-05 19:40:40,033 - INFO -   Epoch [100/237] Loss: 1.3958
2026-04-05 19:40:42,465 - INFO -   Epoch [110/237] Loss: 1.4572
2026-04-05 19:40:44,849 - INFO -   Epoch [120/237] Loss: 1.0189
2026-04-05 19:40:47,221 - INFO -   Epoch [130/237] Loss: 1.4955
2026-04-05 19:40:49,597 - INFO -   Epoch [140/237] Loss: 1.5039
2026-04-05 19:40:51,970 - INFO -   Epoch [150/237] Loss: 1.0659
2026-04-05 19:40:54,353 - INFO -   Epoch [160/237] Loss: 1.3202
2026-04-05 19:40:56,851 - INFO -   Epoch [170/237] Loss: 1.4519
2026-04-05 19:40:59,242 - INFO -   Epoch [180/237] Loss: 0.7496
2026-04-05 19:41:01,635 - INFO -   Epoch [190/237] Loss: 1.1910
2026-04-05 19:41:04,009 - INFO -   Epoch [200/237] Loss: 1.6316
2026-04-05 19:41:06,388 - INFO -   Epoch [210/237] Loss: 1.0165
2026-04-05 19:41:08,766 - INFO -   Epoch [220/237] Loss: 1.2531
2026-04-05 19:41:11,148 - INFO -   Epoch [230/237] Loss: 1.1350
2026-04-05 19:41:14,758 - INFO -   Train Loss: 1.3493
2026-04-05 19:41:14,759 - INFO -   Train Accuracy: 46.46%
2026-04-05 19:41:14,759 - INFO -   Val Loss: 1.2457
2026-04-05 19:41:14,759 - INFO -   Val Accuracy: 49.14% | F1: 0.4989
2026-04-05 19:41:14,759 - INFO -   LR: 0.000050
2026-04-05 19:41:14,759 - INFO -   Patience: 11/30
2026-04-05 19:41:14,759 - INFO - 
Epoch 25/300
2026-04-05 19:41:17,181 - INFO -   Epoch [10/237] Loss: 1.3341
2026-04-05 19:41:19,592 - INFO -   Epoch [20/237] Loss: 1.8776
2026-04-05 19:41:22,003 - INFO -   Epoch [30/237] Loss: 0.8944
2026-04-05 19:41:24,402 - INFO -   Epoch [40/237] Loss: 1.4026
2026-04-05 19:41:26,821 - INFO -   Epoch [50/237] Loss: 1.3640
2026-04-05 19:41:29,243 - INFO -   Epoch [60/237] Loss: 0.9735
2026-04-05 19:41:31,638 - INFO -   Epoch [70/237] Loss: 1.3077
2026-04-05 19:41:34,014 - INFO -   Epoch [80/237] Loss: 1.4251
2026-04-05 19:41:36,394 - INFO -   Epoch [90/237] Loss: 1.4819
2026-04-05 19:41:38,777 - INFO -   Epoch [100/237] Loss: 1.3004
2026-04-05 19:41:41,160 - INFO -   Epoch [110/237] Loss: 1.3752
2026-04-05 19:41:43,549 - INFO -   Epoch [120/237] Loss: 1.3264
2026-04-05 19:41:46,031 - INFO -   Epoch [130/237] Loss: 1.1028
2026-04-05 19:41:48,459 - INFO -   Epoch [140/237] Loss: 1.2580
2026-04-05 19:41:50,835 - INFO -   Epoch [150/237] Loss: 1.2454
2026-04-05 19:41:53,228 - INFO -   Epoch [160/237] Loss: 1.3922
2026-04-05 19:41:55,610 - INFO -   Epoch [170/237] Loss: 1.5140
2026-04-05 19:41:57,992 - INFO -   Epoch [180/237] Loss: 1.5165
2026-04-05 19:42:00,376 - INFO -   Epoch [190/237] Loss: 1.3312
2026-04-05 19:42:02,759 - INFO -   Epoch [200/237] Loss: 1.1263
2026-04-05 19:42:05,151 - INFO -   Epoch [210/237] Loss: 0.9967
2026-04-05 19:42:07,658 - INFO -   Epoch [220/237] Loss: 1.3470
2026-04-05 19:42:10,085 - INFO -   Epoch [230/237] Loss: 1.8930
2026-04-05 19:42:13,699 - INFO -   Train Loss: 1.3290
2026-04-05 19:42:13,699 - INFO -   Train Accuracy: 46.35%
2026-04-05 19:42:13,699 - INFO -   Val Loss: 1.2451
2026-04-05 19:42:13,699 - INFO -   Val Accuracy: 49.38% | F1: 0.5019
2026-04-05 19:42:13,700 - INFO -   LR: 0.000050
2026-04-05 19:42:13,700 - INFO -   Patience: 12/30
2026-04-05 19:42:13,700 - INFO - 
Epoch 26/300
2026-04-05 19:42:16,084 - INFO -   Epoch [10/237] Loss: 1.6651
2026-04-05 19:42:18,466 - INFO -   Epoch [20/237] Loss: 1.3813
2026-04-05 19:42:20,846 - INFO -   Epoch [30/237] Loss: 1.5081
2026-04-05 19:42:23,224 - INFO -   Epoch [40/237] Loss: 1.2494
2026-04-05 19:42:25,612 - INFO -   Epoch [50/237] Loss: 1.5408
2026-04-05 19:42:28,003 - INFO -   Epoch [60/237] Loss: 1.4211
2026-04-05 19:42:30,384 - INFO -   Epoch [70/237] Loss: 1.5353
2026-04-05 19:42:32,763 - INFO -   Epoch [80/237] Loss: 1.9628
2026-04-05 19:42:35,148 - INFO -   Epoch [90/237] Loss: 1.2134
2026-04-05 19:42:37,523 - INFO -   Epoch [100/237] Loss: 1.5671
2026-04-05 19:42:39,900 - INFO -   Epoch [110/237] Loss: 1.4034
2026-04-05 19:42:42,396 - INFO -   Epoch [120/237] Loss: 1.7387
2026-04-05 19:42:44,770 - INFO -   Epoch [130/237] Loss: 1.4079
2026-04-05 19:42:47,165 - INFO -   Epoch [140/237] Loss: 0.9595
2026-04-05 19:42:49,568 - INFO -   Epoch [150/237] Loss: 1.1176
2026-04-05 19:42:51,966 - INFO -   Epoch [160/237] Loss: 1.3911
2026-04-05 19:42:54,433 - INFO -   Epoch [170/237] Loss: 1.2939
2026-04-05 19:42:56,875 - INFO -   Epoch [180/237] Loss: 1.1502
2026-04-05 19:42:59,272 - INFO -   Epoch [190/237] Loss: 1.0693
2026-04-05 19:43:01,661 - INFO -   Epoch [200/237] Loss: 1.6848
2026-04-05 19:43:04,049 - INFO -   Epoch [210/237] Loss: 0.9114
2026-04-05 19:43:06,446 - INFO -   Epoch [220/237] Loss: 1.4262
2026-04-05 19:43:09,024 - INFO -   Epoch [230/237] Loss: 1.9657
2026-04-05 19:43:12,501 - INFO -   Train Loss: 1.3329
2026-04-05 19:43:12,501 - INFO -   Train Accuracy: 47.23%
2026-04-05 19:43:12,501 - INFO -   Val Loss: 1.2454
2026-04-05 19:43:12,501 - INFO -   Val Accuracy: 49.14% | F1: 0.5007
2026-04-05 19:43:12,501 - INFO -   LR: 0.000025
2026-04-05 19:43:12,501 - INFO -   Patience: 13/30
2026-04-05 19:43:12,501 - INFO - 
Epoch 27/300
2026-04-05 19:43:14,883 - INFO -   Epoch [10/237] Loss: 1.2844
2026-04-05 19:43:17,258 - INFO -   Epoch [20/237] Loss: 1.6261
2026-04-05 19:43:19,640 - INFO -   Epoch [30/237] Loss: 1.1413
2026-04-05 19:43:22,028 - INFO -   Epoch [40/237] Loss: 1.4837
2026-04-05 19:43:24,416 - INFO -   Epoch [50/237] Loss: 1.1790
2026-04-05 19:43:26,848 - INFO -   Epoch [60/237] Loss: 1.2398
2026-04-05 19:43:29,317 - INFO -   Epoch [70/237] Loss: 1.3789
2026-04-05 19:43:31,756 - INFO -   Epoch [80/237] Loss: 1.4356
2026-04-05 19:43:34,144 - INFO -   Epoch [90/237] Loss: 1.4369
2026-04-05 19:43:36,526 - INFO -   Epoch [100/237] Loss: 1.6482
2026-04-05 19:43:38,921 - INFO -   Epoch [110/237] Loss: 1.0740
2026-04-05 19:43:41,321 - INFO -   Epoch [120/237] Loss: 0.9975
2026-04-05 19:43:43,712 - INFO -   Epoch [130/237] Loss: 1.2206
2026-04-05 19:43:46,102 - INFO -   Epoch [140/237] Loss: 0.9690
2026-04-05 19:43:48,483 - INFO -   Epoch [150/237] Loss: 1.6374
2026-04-05 19:43:50,865 - INFO -   Epoch [160/237] Loss: 1.3391
2026-04-05 19:43:53,253 - INFO -   Epoch [170/237] Loss: 1.2472
2026-04-05 19:43:55,643 - INFO -   Epoch [180/237] Loss: 1.4887
2026-04-05 19:43:58,035 - INFO -   Epoch [190/237] Loss: 1.7036
2026-04-05 19:44:00,431 - INFO -   Epoch [200/237] Loss: 0.9425
2026-04-05 19:44:02,823 - INFO -   Epoch [210/237] Loss: 1.0899
2026-04-05 19:44:05,209 - INFO -   Epoch [220/237] Loss: 1.1968
2026-04-05 19:44:07,588 - INFO -   Epoch [230/237] Loss: 1.4404
2026-04-05 19:44:11,136 - INFO -   Train Loss: 1.3195
2026-04-05 19:44:11,136 - INFO -   Train Accuracy: 47.69%
2026-04-05 19:44:11,136 - INFO -   Val Loss: 1.2468
2026-04-05 19:44:11,136 - INFO -   Val Accuracy: 48.89% | F1: 0.4964
2026-04-05 19:44:11,137 - INFO -   LR: 0.000025
2026-04-05 19:44:11,137 - INFO -   Patience: 14/30
2026-04-05 19:44:11,137 - INFO - 
Epoch 28/300
2026-04-05 19:44:13,517 - INFO -   Epoch [10/237] Loss: 1.5124
2026-04-05 19:44:15,893 - INFO -   Epoch [20/237] Loss: 1.7610
2026-04-05 19:44:18,342 - INFO -   Epoch [30/237] Loss: 1.5200
2026-04-05 19:44:20,730 - INFO -   Epoch [40/237] Loss: 1.2269
2026-04-05 19:44:23,110 - INFO -   Epoch [50/237] Loss: 1.2946
2026-04-05 19:44:25,526 - INFO -   Epoch [60/237] Loss: 1.5239
2026-04-05 19:44:27,918 - INFO -   Epoch [70/237] Loss: 1.3595
2026-04-05 19:44:30,299 - INFO -   Epoch [80/237] Loss: 0.6702
2026-04-05 19:44:32,683 - INFO -   Epoch [90/237] Loss: 1.1248
2026-04-05 19:44:35,077 - INFO -   Epoch [100/237] Loss: 0.9459
2026-04-05 19:44:37,598 - INFO -   Epoch [110/237] Loss: 1.1956
2026-04-05 19:44:39,985 - INFO -   Epoch [120/237] Loss: 1.7857
2026-04-05 19:44:42,357 - INFO -   Epoch [130/237] Loss: 0.9698
2026-04-05 19:44:44,730 - INFO -   Epoch [140/237] Loss: 0.8583
2026-04-05 19:44:47,194 - INFO -   Epoch [150/237] Loss: 1.3914
2026-04-05 19:44:49,626 - INFO -   Epoch [160/237] Loss: 1.3412
2026-04-05 19:44:52,003 - INFO -   Epoch [170/237] Loss: 1.1451
2026-04-05 19:44:54,374 - INFO -   Epoch [180/237] Loss: 1.2420
2026-04-05 19:44:56,744 - INFO -   Epoch [190/237] Loss: 1.0155
2026-04-05 19:44:59,132 - INFO -   Epoch [200/237] Loss: 1.0895
2026-04-05 19:45:01,646 - INFO -   Epoch [210/237] Loss: 1.7059
2026-04-05 19:45:04,029 - INFO -   Epoch [220/237] Loss: 1.8977
2026-04-05 19:45:06,409 - INFO -   Epoch [230/237] Loss: 1.3258
2026-04-05 19:45:09,874 - INFO -   Train Loss: 1.3222
2026-04-05 19:45:09,874 - INFO -   Train Accuracy: 47.76%
2026-04-05 19:45:09,874 - INFO -   Val Loss: 1.2398
2026-04-05 19:45:09,874 - INFO -   Val Accuracy: 49.88% | F1: 0.5068
2026-04-05 19:45:09,874 - INFO -   LR: 0.000025
2026-04-05 19:45:09,874 - INFO -   Patience: 15/30
2026-04-05 19:45:09,874 - INFO - 
Epoch 29/300
2026-04-05 19:45:12,257 - INFO -   Epoch [10/237] Loss: 1.4992
2026-04-05 19:45:14,762 - INFO -   Epoch [20/237] Loss: 1.3447
2026-04-05 19:45:17,137 - INFO -   Epoch [30/237] Loss: 1.2947
2026-04-05 19:45:19,522 - INFO -   Epoch [40/237] Loss: 1.7513
2026-04-05 19:45:21,944 - INFO -   Epoch [50/237] Loss: 1.1076
2026-04-05 19:45:24,442 - INFO -   Epoch [60/237] Loss: 1.3855
2026-04-05 19:45:26,870 - INFO -   Epoch [70/237] Loss: 0.8379
2026-04-05 19:45:29,256 - INFO -   Epoch [80/237] Loss: 1.0520
2026-04-05 19:45:31,643 - INFO -   Epoch [90/237] Loss: 1.3940
2026-04-05 19:45:34,030 - INFO -   Epoch [100/237] Loss: 1.8071
2026-04-05 19:45:36,426 - INFO -   Epoch [110/237] Loss: 1.3601
2026-04-05 19:45:38,801 - INFO -   Epoch [120/237] Loss: 1.4537
2026-04-05 19:45:41,187 - INFO -   Epoch [130/237] Loss: 1.6461
2026-04-05 19:45:43,586 - INFO -   Epoch [140/237] Loss: 1.4414
2026-04-05 19:45:45,965 - INFO -   Epoch [150/237] Loss: 1.1461
2026-04-05 19:45:48,418 - INFO -   Epoch [160/237] Loss: 0.9012
2026-04-05 19:45:50,844 - INFO -   Epoch [170/237] Loss: 1.7328
2026-04-05 19:45:53,223 - INFO -   Epoch [180/237] Loss: 1.2914
2026-04-05 19:45:55,602 - INFO -   Epoch [190/237] Loss: 1.0379
2026-04-05 19:45:57,982 - INFO -   Epoch [200/237] Loss: 1.3540
2026-04-05 19:46:00,367 - INFO -   Epoch [210/237] Loss: 1.1213
2026-04-05 19:46:02,829 - INFO -   Epoch [220/237] Loss: 1.1535
2026-04-05 19:46:05,260 - INFO -   Epoch [230/237] Loss: 1.2214
2026-04-05 19:46:08,748 - INFO -   Train Loss: 1.3176
2026-04-05 19:46:08,749 - INFO -   Train Accuracy: 47.69%
2026-04-05 19:46:08,749 - INFO -   Val Loss: 1.2261
2026-04-05 19:46:08,749 - INFO -   Val Accuracy: 50.37% | F1: 0.5132
2026-04-05 19:46:08,749 - INFO -   LR: 0.000025
2026-04-05 19:46:08,749 - INFO -   Patience: 16/30
2026-04-05 19:46:08,749 - INFO - 
Epoch 30/300
2026-04-05 19:46:11,129 - INFO -   Epoch [10/237] Loss: 1.0446
2026-04-05 19:46:13,516 - INFO -   Epoch [20/237] Loss: 1.3177
2026-04-05 19:46:15,903 - INFO -   Epoch [30/237] Loss: 1.6778
2026-04-05 19:46:18,294 - INFO -   Epoch [40/237] Loss: 0.7032
2026-04-05 19:46:20,680 - INFO -   Epoch [50/237] Loss: 1.0026
2026-04-05 19:46:23,066 - INFO -   Epoch [60/237] Loss: 1.5909
2026-04-05 19:46:25,555 - INFO -   Epoch [70/237] Loss: 1.1447
2026-04-05 19:46:28,002 - INFO -   Epoch [80/237] Loss: 1.4051
2026-04-05 19:46:30,394 - INFO -   Epoch [90/237] Loss: 1.1358
2026-04-05 19:46:32,782 - INFO -   Epoch [100/237] Loss: 1.0590
2026-04-05 19:46:35,169 - INFO -   Epoch [110/237] Loss: 1.5128
2026-04-05 19:46:37,565 - INFO -   Epoch [120/237] Loss: 1.4377
2026-04-05 19:46:40,091 - INFO -   Epoch [130/237] Loss: 0.9370
2026-04-05 19:46:42,472 - INFO -   Epoch [140/237] Loss: 1.9328
2026-04-05 19:46:44,876 - INFO -   Epoch [150/237] Loss: 1.3370
2026-04-05 19:46:47,271 - INFO -   Epoch [160/237] Loss: 1.4943
2026-04-05 19:46:49,667 - INFO -   Epoch [170/237] Loss: 1.3491
2026-04-05 19:46:52,046 - INFO -   Epoch [180/237] Loss: 1.0717
2026-04-05 19:46:54,426 - INFO -   Epoch [190/237] Loss: 1.0985
2026-04-05 19:46:56,803 - INFO -   Epoch [200/237] Loss: 1.4170
2026-04-05 19:46:59,182 - INFO -   Epoch [210/237] Loss: 1.1394
2026-04-05 19:47:01,610 - INFO -   Epoch [220/237] Loss: 1.0675
2026-04-05 19:47:04,021 - INFO -   Epoch [230/237] Loss: 0.9000
2026-04-05 19:47:07,508 - INFO -   Train Loss: 1.3114
2026-04-05 19:47:07,508 - INFO -   Train Accuracy: 47.69%
2026-04-05 19:47:07,509 - INFO -   Val Loss: 1.2288
2026-04-05 19:47:07,509 - INFO -   Val Accuracy: 50.12% | F1: 0.5081
2026-04-05 19:47:07,509 - INFO -   LR: 0.000025
2026-04-05 19:47:07,509 - INFO -   Patience: 17/30
2026-04-05 19:47:07,509 - INFO - 
Epoch 31/300
2026-04-05 19:47:09,880 - INFO -   Epoch [10/237] Loss: 1.3266
2026-04-05 19:47:12,267 - INFO -   Epoch [20/237] Loss: 1.2970
2026-04-05 19:47:14,652 - INFO -   Epoch [30/237] Loss: 1.4165
2026-04-05 19:47:17,044 - INFO -   Epoch [40/237] Loss: 1.4860
2026-04-05 19:47:19,463 - INFO -   Epoch [50/237] Loss: 1.3519
2026-04-05 19:47:21,948 - INFO -   Epoch [60/237] Loss: 1.6201
2026-04-05 19:47:24,387 - INFO -   Epoch [70/237] Loss: 1.0248
2026-04-05 19:47:26,769 - INFO -   Epoch [80/237] Loss: 1.2618
2026-04-05 19:47:29,157 - INFO -   Epoch [90/237] Loss: 1.2786
2026-04-05 19:47:31,541 - INFO -   Epoch [100/237] Loss: 1.3666
2026-04-05 19:47:33,921 - INFO -   Epoch [110/237] Loss: 1.4160
2026-04-05 19:47:36,384 - INFO -   Epoch [120/237] Loss: 1.2882
2026-04-05 19:47:38,819 - INFO -   Epoch [130/237] Loss: 1.6953
2026-04-05 19:47:41,206 - INFO -   Epoch [140/237] Loss: 1.5547
2026-04-05 19:47:43,585 - INFO -   Epoch [150/237] Loss: 0.8493
2026-04-05 19:47:45,961 - INFO -   Epoch [160/237] Loss: 1.1387
2026-04-05 19:47:48,350 - INFO -   Epoch [170/237] Loss: 1.2857
2026-04-05 19:47:50,740 - INFO -   Epoch [180/237] Loss: 1.4299
2026-04-05 19:47:53,151 - INFO -   Epoch [190/237] Loss: 1.6049
2026-04-05 19:47:55,551 - INFO -   Epoch [200/237] Loss: 1.2339
2026-04-05 19:47:57,977 - INFO -   Epoch [210/237] Loss: 1.1337
2026-04-05 19:48:00,362 - INFO -   Epoch [220/237] Loss: 1.0455
2026-04-05 19:48:02,752 - INFO -   Epoch [230/237] Loss: 0.8254
2026-04-05 19:48:06,358 - INFO -   Train Loss: 1.2964
2026-04-05 19:48:06,358 - INFO -   Train Accuracy: 49.52%
2026-04-05 19:48:06,358 - INFO -   Val Loss: 1.2232
2026-04-05 19:48:06,358 - INFO -   Val Accuracy: 49.63% | F1: 0.5039
2026-04-05 19:48:06,358 - INFO -   LR: 0.000025
2026-04-05 19:48:06,358 - INFO -   Patience: 18/30
2026-04-05 19:48:06,358 - INFO - 
Epoch 32/300
2026-04-05 19:48:08,745 - INFO -   Epoch [10/237] Loss: 1.3174
2026-04-05 19:48:11,143 - INFO -   Epoch [20/237] Loss: 1.3327
2026-04-05 19:48:13,534 - INFO -   Epoch [30/237] Loss: 1.0569
2026-04-05 19:48:15,922 - INFO -   Epoch [40/237] Loss: 1.3619
2026-04-05 19:48:18,308 - INFO -   Epoch [50/237] Loss: 1.5127
2026-04-05 19:48:20,699 - INFO -   Epoch [60/237] Loss: 1.6934
2026-04-05 19:48:23,093 - INFO -   Epoch [70/237] Loss: 1.0076
2026-04-05 19:48:25,596 - INFO -   Epoch [80/237] Loss: 1.3782
2026-04-05 19:48:27,981 - INFO -   Epoch [90/237] Loss: 1.2538
2026-04-05 19:48:30,371 - INFO -   Epoch [100/237] Loss: 1.2166
2026-04-05 19:48:32,754 - INFO -   Epoch [110/237] Loss: 1.3741
2026-04-05 19:48:35,133 - INFO -   Epoch [120/237] Loss: 0.6867
2026-04-05 19:48:37,530 - INFO -   Epoch [130/237] Loss: 1.5711
2026-04-05 19:48:39,937 - INFO -   Epoch [140/237] Loss: 1.0009
2026-04-05 19:48:42,351 - INFO -   Epoch [150/237] Loss: 1.3259
2026-04-05 19:48:44,748 - INFO -   Epoch [160/237] Loss: 0.8498
2026-04-05 19:48:47,145 - INFO -   Epoch [170/237] Loss: 0.9801
2026-04-05 19:48:49,536 - INFO -   Epoch [180/237] Loss: 1.3887
2026-04-05 19:48:51,933 - INFO -   Epoch [190/237] Loss: 1.6782
2026-04-05 19:48:54,320 - INFO -   Epoch [200/237] Loss: 0.9786
2026-04-05 19:48:56,737 - INFO -   Epoch [210/237] Loss: 1.5010
2026-04-05 19:48:59,247 - INFO -   Epoch [220/237] Loss: 1.4866
2026-04-05 19:49:01,761 - INFO -   Epoch [230/237] Loss: 1.2125
2026-04-05 19:49:05,348 - INFO -   Train Loss: 1.3037
2026-04-05 19:49:05,348 - INFO -   Train Accuracy: 47.58%
2026-04-05 19:49:05,348 - INFO -   Val Loss: 1.2228
2026-04-05 19:49:05,348 - INFO -   Val Accuracy: 49.88% | F1: 0.5053
2026-04-05 19:49:05,348 - INFO -   LR: 0.000013
2026-04-05 19:49:05,348 - INFO -   Patience: 19/30
2026-04-05 19:49:05,348 - INFO - 
Epoch 33/300
2026-04-05 19:49:07,733 - INFO -   Epoch [10/237] Loss: 0.9830
2026-04-05 19:49:10,116 - INFO -   Epoch [20/237] Loss: 1.2230
2026-04-05 19:49:12,493 - INFO -   Epoch [30/237] Loss: 1.6350
2026-04-05 19:49:14,999 - INFO -   Epoch [40/237] Loss: 1.1260
2026-04-05 19:49:17,379 - INFO -   Epoch [50/237] Loss: 1.5166
2026-04-05 19:49:19,756 - INFO -   Epoch [60/237] Loss: 1.1805
2026-04-05 19:49:22,163 - INFO -   Epoch [70/237] Loss: 0.9052
2026-04-05 19:49:24,629 - INFO -   Epoch [80/237] Loss: 1.3464
2026-04-05 19:49:27,066 - INFO -   Epoch [90/237] Loss: 1.2800
2026-04-05 19:49:29,466 - INFO -   Epoch [100/237] Loss: 1.7475
2026-04-05 19:49:31,857 - INFO -   Epoch [110/237] Loss: 1.5632
2026-04-05 19:49:34,243 - INFO -   Epoch [120/237] Loss: 0.9262
2026-04-05 19:49:36,641 - INFO -   Epoch [130/237] Loss: 1.2970
2026-04-05 19:49:39,153 - INFO -   Epoch [140/237] Loss: 1.4346
2026-04-05 19:49:41,554 - INFO -   Epoch [150/237] Loss: 1.1530
2026-04-05 19:49:43,947 - INFO -   Epoch [160/237] Loss: 1.1371
2026-04-05 19:49:46,349 - INFO -   Epoch [170/237] Loss: 1.7610
2026-04-05 19:49:48,750 - INFO -   Epoch [180/237] Loss: 1.4092
2026-04-05 19:49:51,130 - INFO -   Epoch [190/237] Loss: 1.4702
2026-04-05 19:49:53,635 - INFO -   Epoch [200/237] Loss: 1.2217
2026-04-05 19:49:56,074 - INFO -   Epoch [210/237] Loss: 1.0609
2026-04-05 19:49:58,474 - INFO -   Epoch [220/237] Loss: 1.2169
2026-04-05 19:50:00,869 - INFO -   Epoch [230/237] Loss: 1.1288
2026-04-05 19:50:04,447 - INFO -   Train Loss: 1.3058
2026-04-05 19:50:04,447 - INFO -   Train Accuracy: 47.80%
2026-04-05 19:50:04,447 - INFO -   Val Loss: 1.2246
2026-04-05 19:50:04,447 - INFO -   Val Accuracy: 49.88% | F1: 0.5062
2026-04-05 19:50:04,447 - INFO -   LR: 0.000013
2026-04-05 19:50:04,447 - INFO -   Patience: 20/30
2026-04-05 19:50:04,448 - INFO - 
Epoch 34/300
2026-04-05 19:50:06,832 - INFO -   Epoch [10/237] Loss: 1.7666
2026-04-05 19:50:09,273 - INFO -   Epoch [20/237] Loss: 1.1515
2026-04-05 19:50:11,727 - INFO -   Epoch [30/237] Loss: 1.3187
2026-04-05 19:50:14,106 - INFO -   Epoch [40/237] Loss: 1.6836
2026-04-05 19:50:16,483 - INFO -   Epoch [50/237] Loss: 1.6007
2026-04-05 19:50:18,862 - INFO -   Epoch [60/237] Loss: 1.9897
2026-04-05 19:50:21,370 - INFO -   Epoch [70/237] Loss: 1.2890
2026-04-05 19:50:23,750 - INFO -   Epoch [80/237] Loss: 1.1942
2026-04-05 19:50:26,138 - INFO -   Epoch [90/237] Loss: 1.5165
2026-04-05 19:50:28,536 - INFO -   Epoch [100/237] Loss: 1.4530
2026-04-05 19:50:31,011 - INFO -   Epoch [110/237] Loss: 1.3910
2026-04-05 19:50:33,452 - INFO -   Epoch [120/237] Loss: 1.4767
2026-04-05 19:50:35,842 - INFO -   Epoch [130/237] Loss: 1.1168
2026-04-05 19:50:38,235 - INFO -   Epoch [140/237] Loss: 1.4867
2026-04-05 19:50:40,626 - INFO -   Epoch [150/237] Loss: 1.3896
2026-04-05 19:50:43,019 - INFO -   Epoch [160/237] Loss: 1.3656
2026-04-05 19:50:45,535 - INFO -   Epoch [170/237] Loss: 1.2737
2026-04-05 19:50:47,931 - INFO -   Epoch [180/237] Loss: 1.1886
2026-04-05 19:50:50,314 - INFO -   Epoch [190/237] Loss: 1.1984
2026-04-05 19:50:52,704 - INFO -   Epoch [200/237] Loss: 1.3566
2026-04-05 19:50:55,210 - INFO -   Epoch [210/237] Loss: 1.0298
2026-04-05 19:50:57,598 - INFO -   Epoch [220/237] Loss: 1.0141
2026-04-05 19:50:59,995 - INFO -   Epoch [230/237] Loss: 1.4380
2026-04-05 19:51:03,491 - INFO -   Train Loss: 1.3048
2026-04-05 19:51:03,492 - INFO -   Train Accuracy: 47.80%
2026-04-05 19:51:03,492 - INFO -   Val Loss: 1.2272
2026-04-05 19:51:03,492 - INFO -   Val Accuracy: 49.63% | F1: 0.5031
2026-04-05 19:51:03,492 - INFO -   LR: 0.000013
2026-04-05 19:51:03,492 - INFO -   Patience: 21/30
2026-04-05 19:51:03,492 - INFO - 
Epoch 35/300
2026-04-05 19:51:05,878 - INFO -   Epoch [10/237] Loss: 1.6183
2026-04-05 19:51:08,339 - INFO -   Epoch [20/237] Loss: 1.1045
2026-04-05 19:51:10,788 - INFO -   Epoch [30/237] Loss: 0.9999
2026-04-05 19:51:13,174 - INFO -   Epoch [40/237] Loss: 1.7047
2026-04-05 19:51:15,567 - INFO -   Epoch [50/237] Loss: 1.6886
2026-04-05 19:51:17,953 - INFO -   Epoch [60/237] Loss: 1.0532
2026-04-05 19:51:20,337 - INFO -   Epoch [70/237] Loss: 0.8339
2026-04-05 19:51:22,722 - INFO -   Epoch [80/237] Loss: 1.0178
2026-04-05 19:51:25,104 - INFO -   Epoch [90/237] Loss: 1.3589
2026-04-05 19:51:27,516 - INFO -   Epoch [100/237] Loss: 0.7401
2026-04-05 19:51:29,922 - INFO -   Epoch [110/237] Loss: 0.8664
2026-04-05 19:51:32,437 - INFO -   Epoch [120/237] Loss: 1.1176
2026-04-05 19:51:34,816 - INFO -   Epoch [130/237] Loss: 1.8758
2026-04-05 19:51:37,193 - INFO -   Epoch [140/237] Loss: 1.7418
2026-04-05 19:51:39,574 - INFO -   Epoch [150/237] Loss: 1.6444
2026-04-05 19:51:41,947 - INFO -   Epoch [160/237] Loss: 1.5900
2026-04-05 19:51:44,325 - INFO -   Epoch [170/237] Loss: 1.6689
2026-04-05 19:51:46,702 - INFO -   Epoch [180/237] Loss: 0.8697
2026-04-05 19:51:49,096 - INFO -   Epoch [190/237] Loss: 1.5560
2026-04-05 19:51:51,477 - INFO -   Epoch [200/237] Loss: 1.1797
2026-04-05 19:51:53,851 - INFO -   Epoch [210/237] Loss: 0.8969
2026-04-05 19:51:56,311 - INFO -   Epoch [220/237] Loss: 1.0250
2026-04-05 19:51:58,755 - INFO -   Epoch [230/237] Loss: 1.3536
2026-04-05 19:52:02,234 - INFO -   Train Loss: 1.2993
2026-04-05 19:52:02,234 - INFO -   Train Accuracy: 47.30%
2026-04-05 19:52:02,234 - INFO -   Val Loss: 1.2263
2026-04-05 19:52:02,234 - INFO -   Val Accuracy: 49.88% | F1: 0.5067
2026-04-05 19:52:02,234 - INFO -   LR: 0.000013
2026-04-05 19:52:02,235 - INFO -   Patience: 22/30
2026-04-05 19:52:02,235 - INFO - 
Epoch 36/300
2026-04-05 19:52:04,615 - INFO -   Epoch [10/237] Loss: 1.2818
2026-04-05 19:52:07,007 - INFO -   Epoch [20/237] Loss: 1.6450
2026-04-05 19:52:09,388 - INFO -   Epoch [30/237] Loss: 0.9494
2026-04-05 19:52:11,772 - INFO -   Epoch [40/237] Loss: 1.4029
2026-04-05 19:52:14,279 - INFO -   Epoch [50/237] Loss: 1.1315
2026-04-05 19:52:16,676 - INFO -   Epoch [60/237] Loss: 1.2404
2026-04-05 19:52:19,075 - INFO -   Epoch [70/237] Loss: 1.3554
2026-04-05 19:52:21,480 - INFO -   Epoch [80/237] Loss: 1.1653
2026-04-05 19:52:23,868 - INFO -   Epoch [90/237] Loss: 1.1792
2026-04-05 19:52:26,245 - INFO -   Epoch [100/237] Loss: 1.1394
2026-04-05 19:52:28,622 - INFO -   Epoch [110/237] Loss: 1.6736
2026-04-05 19:52:31,012 - INFO -   Epoch [120/237] Loss: 1.5112
2026-04-05 19:52:33,534 - INFO -   Epoch [130/237] Loss: 1.2974
2026-04-05 19:52:35,968 - INFO -   Epoch [140/237] Loss: 1.0290
2026-04-05 19:52:38,368 - INFO -   Epoch [150/237] Loss: 0.9654
2026-04-05 19:52:40,753 - INFO -   Epoch [160/237] Loss: 1.3022
2026-04-05 19:52:43,134 - INFO -   Epoch [170/237] Loss: 1.0912
2026-04-05 19:52:45,521 - INFO -   Epoch [180/237] Loss: 1.1779
2026-04-05 19:52:47,904 - INFO -   Epoch [190/237] Loss: 0.9835
2026-04-05 19:52:50,297 - INFO -   Epoch [200/237] Loss: 1.2378
2026-04-05 19:52:52,766 - INFO -   Epoch [210/237] Loss: 1.2947
2026-04-05 19:52:55,209 - INFO -   Epoch [220/237] Loss: 1.2344
2026-04-05 19:52:57,594 - INFO -   Epoch [230/237] Loss: 1.1490
2026-04-05 19:53:01,076 - INFO -   Train Loss: 1.3009
2026-04-05 19:53:01,076 - INFO -   Train Accuracy: 49.14%
2026-04-05 19:53:01,076 - INFO -   Val Loss: 1.2195
2026-04-05 19:53:01,076 - INFO -   Val Accuracy: 50.62% | F1: 0.5123
2026-04-05 19:53:01,076 - INFO -   LR: 0.000013
2026-04-05 19:53:01,076 - INFO -   Patience: 23/30
2026-04-05 19:53:01,076 - INFO - 
Epoch 37/300
2026-04-05 19:53:03,456 - INFO -   Epoch [10/237] Loss: 1.0344
2026-04-05 19:53:05,842 - INFO -   Epoch [20/237] Loss: 1.4927
2026-04-05 19:53:08,250 - INFO -   Epoch [30/237] Loss: 1.6233
2026-04-05 19:53:10,636 - INFO -   Epoch [40/237] Loss: 1.8321
2026-04-05 19:53:13,094 - INFO -   Epoch [50/237] Loss: 1.1165
2026-04-05 19:53:15,525 - INFO -   Epoch [60/237] Loss: 0.9861
2026-04-05 19:53:17,912 - INFO -   Epoch [70/237] Loss: 1.4583
2026-04-05 19:53:20,292 - INFO -   Epoch [80/237] Loss: 1.0795
2026-04-05 19:53:22,673 - INFO -   Epoch [90/237] Loss: 1.0014
2026-04-05 19:53:25,057 - INFO -   Epoch [100/237] Loss: 1.5928
2026-04-05 19:53:27,445 - INFO -   Epoch [110/237] Loss: 1.1350
2026-04-05 19:53:29,843 - INFO -   Epoch [120/237] Loss: 1.2520
2026-04-05 19:53:32,312 - INFO -   Epoch [130/237] Loss: 1.5834
2026-04-05 19:53:34,740 - INFO -   Epoch [140/237] Loss: 1.3227
2026-04-05 19:53:37,116 - INFO -   Epoch [150/237] Loss: 1.7154
2026-04-05 19:53:39,496 - INFO -   Epoch [160/237] Loss: 1.3055
2026-04-05 19:53:41,879 - INFO -   Epoch [170/237] Loss: 1.5995
2026-04-05 19:53:44,278 - INFO -   Epoch [180/237] Loss: 1.4286
2026-04-05 19:53:46,665 - INFO -   Epoch [190/237] Loss: 1.0037
2026-04-05 19:53:49,072 - INFO -   Epoch [200/237] Loss: 1.0323
2026-04-05 19:53:51,460 - INFO -   Epoch [210/237] Loss: 1.6545
2026-04-05 19:53:53,965 - INFO -   Epoch [220/237] Loss: 1.2875
2026-04-05 19:53:56,350 - INFO -   Epoch [230/237] Loss: 1.5504
2026-04-05 19:53:59,948 - INFO -   Train Loss: 1.3135
2026-04-05 19:53:59,948 - INFO -   Train Accuracy: 47.02%
2026-04-05 19:53:59,948 - INFO -   Val Loss: 1.2221
2026-04-05 19:53:59,948 - INFO -   Val Accuracy: 50.12% | F1: 0.5084
2026-04-05 19:53:59,948 - INFO -   LR: 0.000013
2026-04-05 19:53:59,948 - INFO -   Patience: 24/30
2026-04-05 19:53:59,948 - INFO - 
Epoch 38/300
2026-04-05 19:54:02,351 - INFO -   Epoch [10/237] Loss: 1.2771
2026-04-05 19:54:04,791 - INFO -   Epoch [20/237] Loss: 1.5059
2026-04-05 19:54:07,305 - INFO -   Epoch [30/237] Loss: 1.2546
2026-04-05 19:54:09,715 - INFO -   Epoch [40/237] Loss: 0.8836
2026-04-05 19:54:12,120 - INFO -   Epoch [50/237] Loss: 1.2512
2026-04-05 19:54:14,588 - INFO -   Epoch [60/237] Loss: 1.4571
2026-04-05 19:54:16,989 - INFO -   Epoch [70/237] Loss: 1.3770
2026-04-05 19:54:19,376 - INFO -   Epoch [80/237] Loss: 1.3092
2026-04-05 19:54:21,762 - INFO -   Epoch [90/237] Loss: 1.1921
2026-04-05 19:54:24,181 - INFO -   Epoch [100/237] Loss: 1.3834
2026-04-05 19:54:26,686 - INFO -   Epoch [110/237] Loss: 1.6056
2026-04-05 19:54:29,066 - INFO -   Epoch [120/237] Loss: 1.4835
2026-04-05 19:54:31,464 - INFO -   Epoch [130/237] Loss: 1.3010
2026-04-05 19:54:33,849 - INFO -   Epoch [140/237] Loss: 1.4974
2026-04-05 19:54:36,242 - INFO -   Epoch [150/237] Loss: 0.9944
2026-04-05 19:54:38,645 - INFO -   Epoch [160/237] Loss: 1.2663
2026-04-05 19:54:41,037 - INFO -   Epoch [170/237] Loss: 0.8719
2026-04-05 19:54:43,496 - INFO -   Epoch [180/237] Loss: 1.3273
2026-04-05 19:54:45,927 - INFO -   Epoch [190/237] Loss: 1.3758
2026-04-05 19:54:48,325 - INFO -   Epoch [200/237] Loss: 1.6083
2026-04-05 19:54:50,710 - INFO -   Epoch [210/237] Loss: 1.3969
2026-04-05 19:54:53,099 - INFO -   Epoch [220/237] Loss: 1.0544
2026-04-05 19:54:55,480 - INFO -   Epoch [230/237] Loss: 1.8154
2026-04-05 19:54:58,963 - INFO -   Train Loss: 1.2838
2026-04-05 19:54:58,963 - INFO -   Train Accuracy: 48.85%
2026-04-05 19:54:58,963 - INFO -   Val Loss: 1.2216
2026-04-05 19:54:58,963 - INFO -   Val Accuracy: 49.88% | F1: 0.5062
2026-04-05 19:54:58,963 - INFO -   LR: 0.000006
2026-04-05 19:54:58,963 - INFO -   Patience: 25/30
2026-04-05 19:54:58,963 - INFO - 
Epoch 39/300
2026-04-05 19:55:01,337 - INFO -   Epoch [10/237] Loss: 1.2669
2026-04-05 19:55:03,711 - INFO -   Epoch [20/237] Loss: 0.7556
2026-04-05 19:55:06,097 - INFO -   Epoch [30/237] Loss: 1.1510
2026-04-05 19:55:08,500 - INFO -   Epoch [40/237] Loss: 1.5703
2026-04-05 19:55:10,899 - INFO -   Epoch [50/237] Loss: 1.1030
2026-04-05 19:55:13,294 - INFO -   Epoch [60/237] Loss: 1.0210
2026-04-05 19:55:15,764 - INFO -   Epoch [70/237] Loss: 1.4786
2026-04-05 19:55:18,200 - INFO -   Epoch [80/237] Loss: 1.3576
2026-04-05 19:55:20,578 - INFO -   Epoch [90/237] Loss: 1.2566
2026-04-05 19:55:22,975 - INFO -   Epoch [100/237] Loss: 0.9634
2026-04-05 19:55:25,367 - INFO -   Epoch [110/237] Loss: 1.0611
2026-04-05 19:55:27,754 - INFO -   Epoch [120/237] Loss: 1.5698
2026-04-05 19:55:30,135 - INFO -   Epoch [130/237] Loss: 1.1888
2026-04-05 19:55:32,516 - INFO -   Epoch [140/237] Loss: 1.1617
2026-04-05 19:55:34,991 - INFO -   Epoch [150/237] Loss: 1.2967
2026-04-05 19:55:37,462 - INFO -   Epoch [160/237] Loss: 1.7323
2026-04-05 19:55:39,850 - INFO -   Epoch [170/237] Loss: 1.1338
2026-04-05 19:55:42,238 - INFO -   Epoch [180/237] Loss: 1.3732
2026-04-05 19:55:44,628 - INFO -   Epoch [190/237] Loss: 1.2420
2026-04-05 19:55:47,010 - INFO -   Epoch [200/237] Loss: 1.1462
2026-04-05 19:55:49,410 - INFO -   Epoch [210/237] Loss: 1.3365
2026-04-05 19:55:51,805 - INFO -   Epoch [220/237] Loss: 1.2134
2026-04-05 19:55:54,213 - INFO -   Epoch [230/237] Loss: 1.4693
2026-04-05 19:55:57,806 - INFO -   Train Loss: 1.2948
2026-04-05 19:55:57,807 - INFO -   Train Accuracy: 48.11%
2026-04-05 19:55:57,807 - INFO -   Val Loss: 1.2220
2026-04-05 19:55:57,807 - INFO -   Val Accuracy: 49.88% | F1: 0.5062
2026-04-05 19:55:57,807 - INFO -   LR: 0.000006
2026-04-05 19:55:57,807 - INFO -   Patience: 26/30
2026-04-05 19:55:57,807 - INFO - 
Epoch 40/300
2026-04-05 19:56:00,180 - INFO -   Epoch [10/237] Loss: 1.4309
2026-04-05 19:56:02,589 - INFO -   Epoch [20/237] Loss: 1.3959
2026-04-05 19:56:04,983 - INFO -   Epoch [30/237] Loss: 0.9122
2026-04-05 19:56:07,383 - INFO -   Epoch [40/237] Loss: 1.4141
2026-04-05 19:56:09,774 - INFO -   Epoch [50/237] Loss: 0.9306
2026-04-05 19:56:12,152 - INFO -   Epoch [60/237] Loss: 1.2828
2026-04-05 19:56:14,525 - INFO -   Epoch [70/237] Loss: 0.9024
2026-04-05 19:56:16,995 - INFO -   Epoch [80/237] Loss: 1.2825
2026-04-05 19:56:19,430 - INFO -   Epoch [90/237] Loss: 1.0545
2026-04-05 19:56:21,819 - INFO -   Epoch [100/237] Loss: 1.3960
2026-04-05 19:56:24,217 - INFO -   Epoch [110/237] Loss: 1.2797
2026-04-05 19:56:26,601 - INFO -   Epoch [120/237] Loss: 1.2738
2026-04-05 19:56:28,982 - INFO -   Epoch [130/237] Loss: 1.3155
2026-04-05 19:56:31,375 - INFO -   Epoch [140/237] Loss: 1.4014
2026-04-05 19:56:33,770 - INFO -   Epoch [150/237] Loss: 1.4700
2026-04-05 19:56:36,155 - INFO -   Epoch [160/237] Loss: 1.2113
2026-04-05 19:56:38,544 - INFO -   Epoch [170/237] Loss: 0.8229
2026-04-05 19:56:40,931 - INFO -   Epoch [180/237] Loss: 1.1743
2026-04-05 19:56:43,315 - INFO -   Epoch [190/237] Loss: 1.1664
2026-04-05 19:56:45,694 - INFO -   Epoch [200/237] Loss: 1.1559
2026-04-05 19:56:48,098 - INFO -   Epoch [210/237] Loss: 1.7168
2026-04-05 19:56:50,472 - INFO -   Epoch [220/237] Loss: 1.2403
2026-04-05 19:56:52,844 - INFO -   Epoch [230/237] Loss: 1.0566
2026-04-05 19:56:56,332 - INFO -   Train Loss: 1.2995
2026-04-05 19:56:56,332 - INFO -   Train Accuracy: 49.70%
2026-04-05 19:56:56,333 - INFO -   Val Loss: 1.2195
2026-04-05 19:56:56,333 - INFO -   Val Accuracy: 50.37% | F1: 0.5102
2026-04-05 19:56:56,333 - INFO -   LR: 0.000006
2026-04-05 19:56:56,333 - INFO -   Patience: 27/30
2026-04-05 19:56:56,333 - INFO - 
Epoch 41/300
2026-04-05 19:56:58,710 - INFO -   Epoch [10/237] Loss: 1.3644
2026-04-05 19:57:01,098 - INFO -   Epoch [20/237] Loss: 1.2797
2026-04-05 19:57:03,476 - INFO -   Epoch [30/237] Loss: 0.8945
2026-04-05 19:57:05,856 - INFO -   Epoch [40/237] Loss: 1.2785
2026-04-05 19:57:08,250 - INFO -   Epoch [50/237] Loss: 1.0741
2026-04-05 19:57:10,628 - INFO -   Epoch [60/237] Loss: 1.6795
2026-04-05 19:57:13,006 - INFO -   Epoch [70/237] Loss: 1.0159
2026-04-05 19:57:15,464 - INFO -   Epoch [80/237] Loss: 1.1484
2026-04-05 19:57:17,895 - INFO -   Epoch [90/237] Loss: 1.5362
2026-04-05 19:57:20,282 - INFO -   Epoch [100/237] Loss: 1.1343
2026-04-05 19:57:22,685 - INFO -   Epoch [110/237] Loss: 0.7358
2026-04-05 19:57:25,073 - INFO -   Epoch [120/237] Loss: 1.2004
2026-04-05 19:57:27,451 - INFO -   Epoch [130/237] Loss: 1.0986
2026-04-05 19:57:29,952 - INFO -   Epoch [140/237] Loss: 1.4364
2026-04-05 19:57:32,334 - INFO -   Epoch [150/237] Loss: 1.6675
2026-04-05 19:57:34,741 - INFO -   Epoch [160/237] Loss: 1.1720
2026-04-05 19:57:37,149 - INFO -   Epoch [170/237] Loss: 1.4399
2026-04-05 19:57:39,546 - INFO -   Epoch [180/237] Loss: 1.3921
2026-04-05 19:57:41,941 - INFO -   Epoch [190/237] Loss: 1.3629
2026-04-05 19:57:44,340 - INFO -   Epoch [200/237] Loss: 1.4288
2026-04-05 19:57:46,733 - INFO -   Epoch [210/237] Loss: 0.9643
2026-04-05 19:57:49,215 - INFO -   Epoch [220/237] Loss: 1.6494
2026-04-05 19:57:51,670 - INFO -   Epoch [230/237] Loss: 1.2950
2026-04-05 19:57:55,230 - INFO -   Train Loss: 1.2928
2026-04-05 19:57:55,230 - INFO -   Train Accuracy: 47.97%
2026-04-05 19:57:55,231 - INFO -   Val Loss: 1.2242
2026-04-05 19:57:55,231 - INFO -   Val Accuracy: 49.63% | F1: 0.5036
2026-04-05 19:57:55,231 - INFO -   LR: 0.000006
2026-04-05 19:57:55,231 - INFO -   Patience: 28/30
2026-04-05 19:57:55,231 - INFO - 
Epoch 42/300
2026-04-05 19:57:57,630 - INFO -   Epoch [10/237] Loss: 0.9841
2026-04-05 19:58:00,029 - INFO -   Epoch [20/237] Loss: 1.3752
2026-04-05 19:58:02,410 - INFO -   Epoch [30/237] Loss: 1.4222
2026-04-05 19:58:04,870 - INFO -   Epoch [40/237] Loss: 1.5171
2026-04-05 19:58:07,298 - INFO -   Epoch [50/237] Loss: 1.0694
2026-04-05 19:58:09,676 - INFO -   Epoch [60/237] Loss: 0.8705
2026-04-05 19:58:12,055 - INFO -   Epoch [70/237] Loss: 1.1520
2026-04-05 19:58:14,458 - INFO -   Epoch [80/237] Loss: 1.6304
2026-04-05 19:58:16,837 - INFO -   Epoch [90/237] Loss: 1.6942
2026-04-05 19:58:19,214 - INFO -   Epoch [100/237] Loss: 1.6708
2026-04-05 19:58:21,585 - INFO -   Epoch [110/237] Loss: 1.2598
2026-04-05 19:58:23,970 - INFO -   Epoch [120/237] Loss: 1.3344
2026-04-05 19:58:26,350 - INFO -   Epoch [130/237] Loss: 1.1260
2026-04-05 19:58:28,857 - INFO -   Epoch [140/237] Loss: 0.8675
2026-04-05 19:58:31,318 - INFO -   Epoch [150/237] Loss: 0.8316
2026-04-05 19:58:33,751 - INFO -   Epoch [160/237] Loss: 1.4010
2026-04-05 19:58:36,132 - INFO -   Epoch [170/237] Loss: 1.7335
2026-04-05 19:58:38,680 - INFO -   Epoch [180/237] Loss: 0.8960
2026-04-05 19:58:41,071 - INFO -   Epoch [190/237] Loss: 1.3912
2026-04-05 19:58:43,474 - INFO -   Epoch [200/237] Loss: 1.1349
2026-04-05 19:58:45,974 - INFO -   Epoch [210/237] Loss: 1.1692
2026-04-05 19:58:48,421 - INFO -   Epoch [220/237] Loss: 0.9869
2026-04-05 19:58:50,808 - INFO -   Epoch [230/237] Loss: 1.1159
2026-04-05 19:58:54,271 - INFO -   Train Loss: 1.3033
2026-04-05 19:58:54,271 - INFO -   Train Accuracy: 47.55%
2026-04-05 19:58:54,271 - INFO -   Val Loss: 1.2214
2026-04-05 19:58:54,271 - INFO -   Val Accuracy: 50.37% | F1: 0.5102
2026-04-05 19:58:54,271 - INFO -   LR: 0.000006
2026-04-05 19:58:54,271 - INFO -   Patience: 29/30
2026-04-05 19:58:54,271 - INFO - 
Epoch 43/300
2026-04-05 19:58:56,673 - INFO -   Epoch [10/237] Loss: 1.2912
2026-04-05 19:58:59,054 - INFO -   Epoch [20/237] Loss: 1.4118
2026-04-05 19:59:01,434 - INFO -   Epoch [30/237] Loss: 1.0031
2026-04-05 19:59:03,817 - INFO -   Epoch [40/237] Loss: 1.3465
2026-04-05 19:59:06,200 - INFO -   Epoch [50/237] Loss: 1.4102
2026-04-05 19:59:08,606 - INFO -   Epoch [60/237] Loss: 1.4906
2026-04-05 19:59:11,068 - INFO -   Epoch [70/237] Loss: 0.9852
2026-04-05 19:59:13,508 - INFO -   Epoch [80/237] Loss: 1.4191
2026-04-05 19:59:15,888 - INFO -   Epoch [90/237] Loss: 1.2188
2026-04-05 19:59:18,271 - INFO -   Epoch [100/237] Loss: 0.9399
2026-04-05 19:59:20,672 - INFO -   Epoch [110/237] Loss: 1.2584
2026-04-05 19:59:23,089 - INFO -   Epoch [120/237] Loss: 1.2022
2026-04-05 19:59:25,617 - INFO -   Epoch [130/237] Loss: 1.6482
2026-04-05 19:59:28,002 - INFO -   Epoch [140/237] Loss: 1.0180
2026-04-05 19:59:30,402 - INFO -   Epoch [150/237] Loss: 0.9666
2026-04-05 19:59:32,820 - INFO -   Epoch [160/237] Loss: 0.9382
2026-04-05 19:59:35,235 - INFO -   Epoch [170/237] Loss: 1.4249
2026-04-05 19:59:37,695 - INFO -   Epoch [180/237] Loss: 1.0206
2026-04-05 19:59:40,117 - INFO -   Epoch [190/237] Loss: 1.2246
2026-04-05 19:59:42,499 - INFO -   Epoch [200/237] Loss: 1.1213
2026-04-05 19:59:44,881 - INFO -   Epoch [210/237] Loss: 1.3400
2026-04-05 19:59:47,263 - INFO -   Epoch [220/237] Loss: 0.9444
2026-04-05 19:59:49,662 - INFO -   Epoch [230/237] Loss: 1.4718
2026-04-05 19:59:53,230 - INFO -   Train Loss: 1.2907
2026-04-05 19:59:53,231 - INFO -   Train Accuracy: 48.85%
2026-04-05 19:59:53,231 - INFO -   Val Loss: 1.2208
2026-04-05 19:59:53,231 - INFO -   Val Accuracy: 50.12% | F1: 0.5083
2026-04-05 19:59:53,231 - INFO -   LR: 0.000006
2026-04-05 19:59:53,231 - INFO -   Patience: 30/30
2026-04-05 19:59:53,231 - INFO - 
✓ Early stopping at epoch 43
2026-04-05 19:59:53,231 - INFO - 
✓ Training completed!
2026-04-05 19:59:53,231 - INFO -   Best Accuracy: 50.86%
2026-04-05 19:59:53,231 - INFO - 
================================================================================
2026-04-05 19:59:53,231 - INFO - Step 7: Testing
2026-04-05 19:59:53,231 - INFO - ================================================================================
/workspace/Graph_Deep_Learning/20251001-PRD_18-21-24-mobility_change_pattern/analysis/PRD-Mobility-Change-Pattern/train_multiscale_temporal.py:930: FutureWarning: You are using `torch.load` with `weights_only=False` (the current default value), which uses the default pickle module implicitly. It is possible to construct malicious pickle data which will execute arbitrary code during unpickling (See https://github.com/pytorch/pytorch/blob/main/SECURITY.md#untrusted-models for more details). In a future release, the default value for `weights_only` will be flipped to `True`. This limits the functions that could be executed during unpickling. Arbitrary objects will no longer be allowed to be loaded via this mode unless they are explicitly allowlisted by the user via `torch.serialization.add_safe_globals`. We recommend you start setting `weights_only=True` for any use case where you don't have full control of the loaded file. Please open an issue on GitHub for any issues related to this experimental feature.
  checkpoint = torch.load(f"{output_dir}/models/best_model.pth")
2026-04-05 19:59:53,312 - INFO - ✓ Loaded best model from epoch 13
2026-04-05 19:59:56,894 - INFO - 
Test Results:
2026-04-05 19:59:56,894 - INFO -   - Accuracy: 50.74%
2026-04-05 19:59:56,894 - INFO -   - F1 Score: 0.5014
2026-04-05 19:59:56,896 - INFO -   - Kappa: 0.4457
2026-04-05 19:59:56,904 - INFO - 
✓ All results saved to outputs/multiscale_temporal_20260405_191736_labels_sgh_entropy_0.05_per_450_comparison_A2_gat/metrics/
2026-04-05 19:59:56,904 - INFO -   - test_results.json
2026-04-05 19:59:56,904 - INFO -   - classification_report.txt
2026-04-05 19:59:56,904 - INFO -   - confusion_matrix.npy
2026-04-05 19:59:56,904 - INFO - 
================================================================================
2026-04-05 19:59:56,904 - INFO - Training Time Statistics
2026-04-05 19:59:56,904 - INFO - ================================================================================
2026-04-05 19:59:56,905 - INFO - Start time:    2026-04-05 19:17:36
2026-04-05 19:59:56,905 - INFO - End time:      2026-04-05 19:59:56
2026-04-05 19:59:56,905 - INFO - Total time:    00:42:20 (2540.72 seconds)
2026-04-05 19:59:56,905 - INFO -                (42.35 minutes, 0.71 hours)
2026-04-05 19:59:56,905 - INFO - ================================================================================
2026-04-05 19:59:56,905 - INFO - ✓ Timing info saved to outputs/multiscale_temporal_20260405_191736_labels_sgh_entropy_0.05_per_450_comparison_A2_gat/metrics/timing_info.json
2026-04-05 19:59:56,905 - INFO - ================================================================================
