2026-04-06 22:18:25,193 - INFO - ================================================================================
2026-04-06 22:18:25,193 - INFO - Multi-Scale Temporal Branch Training
2026-04-06 22:18:25,193 - INFO - ================================================================================
2026-04-06 22:18:25,193 - INFO - Training started at: 2026-04-06 22:18:25
2026-04-06 22:18:25,193 - INFO - 
Improvement: Multi-Scale Temporal Branch (hourly + daily + weekly)
2026-04-06 22:18:25,193 - INFO - Dataset: data/sampled_labels_spc250_seed202_reconstructed.csv with flow threshold 0.0 and 168 time steps
2026-04-06 22:18:25,193 - INFO - Runtime overrides | spatial_model=GINE, samples_per_class=None, epochs=300, batch_size=12, lr=0.0001, grad_accum=4, early_stop=30, use_cache=True
2026-04-06 22:18:25,193 - INFO - Temporal override | temporal_model=TRANSFORMER
2026-04-06 22:18:25,193 - INFO - Temporal layer override | layers=3
2026-04-06 22:18:25,193 - INFO - Graph overrides | topk_out=20, topk_in=20, topk_enabled=True
2026-04-06 22:18:25,193 - INFO - Graph temporal mode | mode=static
2026-04-06 22:18:25,193 - INFO - Seed override | random_seed=202
2026-04-06 22:18:25,193 - INFO - Spatial node feature mode | mode=raw_temporal_mean
2026-04-06 22:18:25,193 - INFO - GINE edge feature mode | mode=flow_distance_direction
2026-04-06 22:18:25,193 - INFO - Temporal feature mode | mode=inflow_outflow
2026-04-06 22:18:25,193 - INFO - Split manifest | load=None, export=None
2026-04-06 22:18:25,193 - INFO - Branch ablation mode | mode=full
2026-04-06 22:18:25,193 - INFO - Fusion ablation mode | mode=gated
2026-04-06 22:18:25,193 - INFO - 
Output directory: outputs/multiscale_temporal_20260406_221825_sampled_labels_spc250_seed202_reconstructed_phase49_spc250_diff_fusion
2026-04-06 22:18:25,194 - INFO - Log file: outputs/multiscale_temporal_20260406_221825_sampled_labels_spc250_seed202_reconstructed_phase49_spc250_diff_fusion/training.log
2026-04-06 22:18:25,194 - INFO - 
================================================================================
2026-04-06 22:18:25,194 - INFO - Step 1: Loading data
2026-04-06 22:18:25,194 - INFO - ================================================================================
2026-04-06 22:18:25,195 - INFO - ================================================================================
2026-04-06 22:18:25,195 - INFO - Dual-Year Experiment Data Preparation
2026-04-06 22:18:25,195 - INFO - ================================================================================
2026-04-06 22:18:25,195 - INFO - Label file: data/sampled_labels_spc250_seed202_reconstructed.csv
2026-04-06 22:18:25,195 - INFO - Samples per class: ALL
2026-04-06 22:18:25,195 - INFO - 
2026-04-06 22:18:25,195 - INFO - Loading grid metadata...
2026-04-06 22:18:25,195 - INFO - Loading grid metadata from data/grid_metadata/sgh_grid_metadata.csv
2026-04-06 22:18:25,258 - INFO - Loaded 65049 valid grid cells
2026-04-06 22:18:25,264 - INFO - ================================================================================
2026-04-06 22:18:25,264 - INFO - Loading Feature Cache (Level-1)
2026-04-06 22:18:25,264 - INFO - ================================================================================
2026-04-06 22:18:25,264 - INFO - Feature cache file: data/cache/features/dual_year_features_5cbe7fef1f87.pkl
/opt/conda/lib/python3.11/site-packages/torch/storage.py:414: FutureWarning: You are using `torch.load` with `weights_only=False` (the current default value), which uses the default pickle module implicitly. It is possible to construct malicious pickle data which will execute arbitrary code during unpickling (See https://github.com/pytorch/pytorch/blob/main/SECURITY.md#untrusted-models for more details). In a future release, the default value for `weights_only` will be flipped to `True`. This limits the functions that could be executed during unpickling. Arbitrary objects will no longer be allowed to be loaded via this mode unless they are explicitly allowlisted by the user via `torch.serialization.add_safe_globals`. We recommend you start setting `weights_only=True` for any use case where you don't have full control of the loaded file. Please open an issue on GitHub for any issues related to this experimental feature.
  return torch.load(io.BytesIO(b))
2026-04-06 22:18:25,303 - INFO - ✓ Feature cache hit
2026-04-06 22:18:25,303 - INFO -   - Total labeled grids: 2250
2026-04-06 22:18:25,303 - INFO - Building/loading spatial graphs...
2026-04-06 22:18:25,303 - INFO - CRITICAL FIX: Using GLOBAL metadata (all 65049 grids)
2026-04-06 22:18:25,407 - INFO - ================================================================================
2026-04-06 22:18:25,407 - INFO - Loading Graph Cache (Level-2 variant)
2026-04-06 22:18:25,407 - INFO - ================================================================================
2026-04-06 22:18:25,407 - INFO - Graph cache file: data/cache/graphs/dual_year_graph_variant_0e1f7f20f21e.pkl
2026-04-06 22:18:25,468 - INFO - ✓ Graph variant cache hit
2026-04-06 22:18:25,469 - INFO - 
✓ CRITICAL FIX APPLIED:
2026-04-06 22:18:25,469 - INFO -   - Global graph nodes: 65049 (from 65049 metadata)
2026-04-06 22:18:25,469 - INFO -   - Labeled nodes for training: 2250
2026-04-06 22:18:25,469 - INFO -   - Unlabeled nodes in graph: 62799
2026-04-06 22:18:25,469 - INFO -   - Graph temporal mode: static
2026-04-06 22:18:25,469 - INFO -   - Graph edge feature mode: flow_distance_direction
2026-04-06 22:18:25,469 - INFO -   - Graph snapshots per year: 1
2026-04-06 22:18:25,469 - INFO -   - Graph 2021 edges (snapshot0): 1034676
2026-04-06 22:18:25,469 - INFO -   - Graph 2024 edges (snapshot0): 1179275
2026-04-06 22:18:25,469 - INFO - 
Architecture:
2026-04-06 22:18:25,469 - INFO -   - Temporal Branch (LSTM): Uses 2250 labeled nodes with (168, 2) features
2026-04-06 22:18:25,469 - INFO -   - Spatial Branch (GCN/SAGE): Uses 65049 nodes with all-1 features
2026-04-06 22:18:25,469 - INFO -   - Feature dimension per labeled node: (168, 4)
2026-04-06 22:18:25,470 - INFO - 
Two-level cache summary:
2026-04-06 22:18:25,470 - INFO -   - Feature cache: data/cache/features/dual_year_features_5cbe7fef1f87.pkl
2026-04-06 22:18:25,470 - INFO -   - Graph base cache: data/cache/graphs/dual_year_graph_base_d4d046bfdc14.pkl
2026-04-06 22:18:25,470 - INFO -   - Graph variant cache: data/cache/graphs/dual_year_graph_variant_0e1f7f20f21e.pkl
2026-04-06 22:18:25,477 - INFO - ✓ Data loaded successfully
2026-04-06 22:18:25,477 - INFO -   - Total grids: 2250
2026-04-06 22:18:25,477 - INFO -   - Feature shape: (168, 4)
2026-04-06 22:18:25,477 - INFO -   - Graph 2021 edges: 1034676
2026-04-06 22:18:25,477 - INFO -   - Graph 2024 edges: 1179275
2026-04-06 22:18:25,477 - INFO -   - Graph edge feature mode: flow_distance_direction
2026-04-06 22:18:25,477 - INFO - 
================================================================================
2026-04-06 22:18:25,477 - INFO - Step 2: Preparing temporal features
2026-04-06 22:18:25,477 - INFO - ================================================================================
2026-04-06 22:18:25,499 - INFO - ✓ Temporal features prepared
2026-04-06 22:18:25,499 - INFO - 
================================================================================
2026-04-06 22:18:25,499 - INFO - Step 3: Creating dataset
2026-04-06 22:18:25,499 - INFO - ================================================================================
2026-04-06 22:18:25,499 - INFO - ✓ Dataset created: 2250 samples
2026-04-06 22:18:25,502 - INFO -   - Split Source: seeded_random_split
2026-04-06 22:18:25,502 - INFO -   - Wrote Split Manifest: outputs/multiscale_temporal_20260406_221825_sampled_labels_spc250_seed202_reconstructed_phase49_spc250_diff_fusion/metrics/split_manifest.json
2026-04-06 22:18:25,502 - INFO -   - Train: 1575 samples
2026-04-06 22:18:25,502 - INFO -   - Val: 225 samples
2026-04-06 22:18:25,502 - INFO -   - Test: 450 samples
2026-04-06 22:18:25,706 - INFO - ✓ Data loaders created
2026-04-06 22:18:25,706 - INFO - 
================================================================================
2026-04-06 22:18:25,706 - INFO - Step 4: Creating Enhanced Model
2026-04-06 22:18:25,706 - INFO - ================================================================================
2026-04-06 22:18:25,706 - INFO - Using device: cuda
2026-04-06 22:18:25,707 - INFO - Spatial model: GINE
2026-04-06 22:18:25,707 - INFO - Temporal model: TRANSFORMER
2026-04-06 22:18:27,732 - INFO -   - Registered spatial coordinates for GINE node features (torch.Size([65049, 2]))
2026-04-06 22:18:27,998 - INFO - ✓ Enhanced model created
2026-04-06 22:18:27,998 - INFO -   - Total parameters: 5,041,038
2026-04-06 22:18:27,998 - INFO -   - Trainable parameters: 5,041,038
2026-04-06 22:18:27,999 - INFO -   - Multi-scale temporal: Hourly + Daily + Weekly
2026-04-06 22:18:27,999 - INFO -   - Temporal branch model: TRANSFORMER
2026-04-06 22:18:27,999 - INFO -   - Spatial branch: GINE
2026-04-06 22:18:27,999 - INFO -   - Laplacian PE dimension: 8
2026-04-06 22:18:27,999 - INFO -   - Branch ablation mode: full
2026-04-06 22:18:27,999 - INFO -   - Fusion ablation mode: gated
2026-04-06 22:18:27,999 - INFO - 
================================================================================
2026-04-06 22:18:27,999 - INFO - Step 5: Setting up training
2026-04-06 22:18:27,999 - INFO - ================================================================================
/opt/conda/lib/python3.11/site-packages/torch/optim/lr_scheduler.py:60: UserWarning: The verbose parameter is deprecated. Please use get_last_lr() to access the learning rate.
  warnings.warn(
2026-04-06 22:18:28,001 - INFO - ✓ Training setup complete
2026-04-06 22:18:28,002 - INFO -   - Optimizer: Adam (lr=0.0001, wd=0.001)
2026-04-06 22:18:28,002 - INFO -   - Scheduler: ReduceLROnPlateau (patience=5, factor=0.5)
2026-04-06 22:18:28,002 - INFO -   - Loss: Weighted CrossEntropy
2026-04-06 22:18:28,002 - INFO - 
================================================================================
2026-04-06 22:18:28,002 - INFO - Step 6: Training
2026-04-06 22:18:28,002 - INFO - ================================================================================
2026-04-06 22:18:28,002 - INFO - 
Epoch 1/300
/workspace/Graph_Deep_Learning/20251001-PRD_18-21-24-mobility_change_pattern/analysis/PRD-Mobility-Change-Pattern/src/models/enhanced_dual_branch_model.py:512: FutureWarning: You are using `torch.load` with `weights_only=False` (the current default value), which uses the default pickle module implicitly. It is possible to construct malicious pickle data which will execute arbitrary code during unpickling (See https://github.com/pytorch/pytorch/blob/main/SECURITY.md#untrusted-models for more details). In a future release, the default value for `weights_only` will be flipped to `True`. This limits the functions that could be executed during unpickling. Arbitrary objects will no longer be allowed to be loaded via this mode unless they are explicitly allowlisted by the user via `torch.serialization.add_safe_globals`. We recommend you start setting `weights_only=True` for any use case where you don't have full control of the loaded file. Please open an issue on GitHub for any issues related to this experimental feature.
  cached = torch.load(cache_path, map_location='cpu')
2026-04-06 22:18:30,353 - INFO -   Epoch [10/132] Loss: 2.0674
2026-04-06 22:18:32,124 - INFO -   Epoch [20/132] Loss: 1.9459
2026-04-06 22:18:33,959 - INFO -   Epoch [30/132] Loss: 2.0965
2026-04-06 22:18:35,751 - INFO -   Epoch [40/132] Loss: 1.7654
2026-04-06 22:18:38,198 - INFO -   Epoch [50/132] Loss: 1.8385
2026-04-06 22:18:40,837 - INFO -   Epoch [60/132] Loss: 2.0504
2026-04-06 22:18:43,443 - INFO -   Epoch [70/132] Loss: 1.7860
2026-04-06 22:18:46,051 - INFO -   Epoch [80/132] Loss: 1.7042
2026-04-06 22:18:48,683 - INFO -   Epoch [90/132] Loss: 1.9855
2026-04-06 22:18:51,320 - INFO -   Epoch [100/132] Loss: 1.7842
2026-04-06 22:18:53,909 - INFO -   Epoch [110/132] Loss: 1.8282
2026-04-06 22:18:56,584 - INFO -   Epoch [120/132] Loss: 1.7333
2026-04-06 22:18:59,715 - INFO -   Epoch [130/132] Loss: 1.4570
2026-04-06 22:19:01,531 - INFO -   Train Loss: 1.9175
2026-04-06 22:19:01,531 - INFO -   Train Accuracy: 29.71%
2026-04-06 22:19:01,531 - INFO -   Val Loss: 1.5622
2026-04-06 22:19:01,531 - INFO -   Val Accuracy: 43.56% | F1: 0.3582
2026-04-06 22:19:01,531 - INFO -   LR: 0.000100
2026-04-06 22:19:01,639 - INFO -   ✓ New best model saved! (Acc: 43.56%)
2026-04-06 22:19:01,639 - INFO -   Patience: 0/30
2026-04-06 22:19:01,639 - INFO - 
Epoch 2/300
2026-04-06 22:19:04,255 - INFO -   Epoch [10/132] Loss: 1.8604
2026-04-06 22:19:07,270 - INFO -   Epoch [20/132] Loss: 2.1034
2026-04-06 22:19:10,398 - INFO -   Epoch [30/132] Loss: 1.3893
2026-04-06 22:19:13,545 - INFO -   Epoch [40/132] Loss: 1.9383
2026-04-06 22:19:16,678 - INFO -   Epoch [50/132] Loss: 1.4379
2026-04-06 22:19:19,556 - INFO -   Epoch [60/132] Loss: 1.2910
2026-04-06 22:19:22,629 - INFO -   Epoch [70/132] Loss: 1.4985
2026-04-06 22:19:25,773 - INFO -   Epoch [80/132] Loss: 1.2247
2026-04-06 22:19:28,920 - INFO -   Epoch [90/132] Loss: 1.5097
2026-04-06 22:19:32,050 - INFO -   Epoch [100/132] Loss: 1.5501
2026-04-06 22:19:35,217 - INFO -   Epoch [110/132] Loss: 1.3249
2026-04-06 22:19:38,368 - INFO -   Epoch [120/132] Loss: 1.1305
2026-04-06 22:19:41,504 - INFO -   Epoch [130/132] Loss: 1.2725
2026-04-06 22:19:43,254 - INFO -   Train Loss: 1.5424
2026-04-06 22:19:43,255 - INFO -   Train Accuracy: 45.65%
2026-04-06 22:19:43,255 - INFO -   Val Loss: 1.1720
2026-04-06 22:19:43,255 - INFO -   Val Accuracy: 56.44% | F1: 0.5433
2026-04-06 22:19:43,255 - INFO -   LR: 0.000100
2026-04-06 22:19:43,836 - INFO -   ✓ New best model saved! (Acc: 56.44%)
2026-04-06 22:19:43,836 - INFO -   Patience: 0/30
2026-04-06 22:19:43,836 - INFO - 
Epoch 3/300
2026-04-06 22:19:46,179 - INFO -   Epoch [10/132] Loss: 1.2368
2026-04-06 22:19:48,690 - INFO -   Epoch [20/132] Loss: 1.3062
2026-04-06 22:19:51,835 - INFO -   Epoch [30/132] Loss: 1.2964
2026-04-06 22:19:54,992 - INFO -   Epoch [40/132] Loss: 1.0068
2026-04-06 22:19:58,217 - INFO -   Epoch [50/132] Loss: 1.6301
2026-04-06 22:20:01,364 - INFO -   Epoch [60/132] Loss: 1.2354
2026-04-06 22:20:04,496 - INFO -   Epoch [70/132] Loss: 1.5624
2026-04-06 22:20:07,640 - INFO -   Epoch [80/132] Loss: 1.0639
2026-04-06 22:20:10,773 - INFO -   Epoch [90/132] Loss: 1.2567
2026-04-06 22:20:13,920 - INFO -   Epoch [100/132] Loss: 0.6620
2026-04-06 22:20:17,070 - INFO -   Epoch [110/132] Loss: 1.1298
2026-04-06 22:20:20,233 - INFO -   Epoch [120/132] Loss: 1.2014
2026-04-06 22:20:23,390 - INFO -   Epoch [130/132] Loss: 0.8258
2026-04-06 22:20:25,138 - INFO -   Train Loss: 1.2393
2026-04-06 22:20:25,138 - INFO -   Train Accuracy: 58.73%
2026-04-06 22:20:25,138 - INFO -   Val Loss: 0.9600
2026-04-06 22:20:25,138 - INFO -   Val Accuracy: 67.11% | F1: 0.6389
2026-04-06 22:20:25,139 - INFO -   LR: 0.000100
2026-04-06 22:20:25,748 - INFO -   ✓ New best model saved! (Acc: 67.11%)
2026-04-06 22:20:25,749 - INFO -   Patience: 0/30
2026-04-06 22:20:25,749 - INFO - 
Epoch 4/300
2026-04-06 22:20:28,799 - INFO -   Epoch [10/132] Loss: 1.4058
2026-04-06 22:20:31,943 - INFO -   Epoch [20/132] Loss: 1.1894
2026-04-06 22:20:35,112 - INFO -   Epoch [30/132] Loss: 1.0793
2026-04-06 22:20:38,305 - INFO -   Epoch [40/132] Loss: 1.3874
2026-04-06 22:20:41,447 - INFO -   Epoch [50/132] Loss: 0.8829
2026-04-06 22:20:44,572 - INFO -   Epoch [60/132] Loss: 1.3389
2026-04-06 22:20:47,723 - INFO -   Epoch [70/132] Loss: 0.9337
2026-04-06 22:20:50,890 - INFO -   Epoch [80/132] Loss: 1.0646
2026-04-06 22:20:54,032 - INFO -   Epoch [90/132] Loss: 0.8241
2026-04-06 22:20:57,188 - INFO -   Epoch [100/132] Loss: 1.0460
2026-04-06 22:21:00,305 - INFO -   Epoch [110/132] Loss: 1.1267
2026-04-06 22:21:02,226 - INFO -   Epoch [120/132] Loss: 1.7196
2026-04-06 22:21:04,234 - INFO -   Epoch [130/132] Loss: 0.7655
2026-04-06 22:21:05,854 - INFO -   Train Loss: 1.1006
2026-04-06 22:21:05,855 - INFO -   Train Accuracy: 61.14%
2026-04-06 22:21:05,855 - INFO -   Val Loss: 0.8923
2026-04-06 22:21:05,855 - INFO -   Val Accuracy: 69.78% | F1: 0.6962
2026-04-06 22:21:05,855 - INFO -   LR: 0.000100
2026-04-06 22:21:06,394 - INFO -   ✓ New best model saved! (Acc: 69.78%)
2026-04-06 22:21:06,395 - INFO -   Patience: 0/30
2026-04-06 22:21:06,395 - INFO - 
Epoch 5/300
2026-04-06 22:21:09,465 - INFO -   Epoch [10/132] Loss: 0.8620
2026-04-06 22:21:12,612 - INFO -   Epoch [20/132] Loss: 1.0106
2026-04-06 22:21:15,734 - INFO -   Epoch [30/132] Loss: 0.8523
2026-04-06 22:21:18,886 - INFO -   Epoch [40/132] Loss: 1.1845
2026-04-06 22:21:22,032 - INFO -   Epoch [50/132] Loss: 1.1941
2026-04-06 22:21:25,158 - INFO -   Epoch [60/132] Loss: 0.6683
2026-04-06 22:21:27,962 - INFO -   Epoch [70/132] Loss: 1.1358
2026-04-06 22:21:30,601 - INFO -   Epoch [80/132] Loss: 0.8701
2026-04-06 22:21:33,207 - INFO -   Epoch [90/132] Loss: 0.6658
2026-04-06 22:21:36,331 - INFO -   Epoch [100/132] Loss: 0.8670
2026-04-06 22:21:39,472 - INFO -   Epoch [110/132] Loss: 1.1774
2026-04-06 22:21:42,584 - INFO -   Epoch [120/132] Loss: 0.7626
2026-04-06 22:21:45,401 - INFO -   Epoch [130/132] Loss: 1.1782
2026-04-06 22:21:47,034 - INFO -   Train Loss: 0.9959
2026-04-06 22:21:47,034 - INFO -   Train Accuracy: 64.00%
2026-04-06 22:21:47,034 - INFO -   Val Loss: 0.8537
2026-04-06 22:21:47,034 - INFO -   Val Accuracy: 67.11% | F1: 0.6647
2026-04-06 22:21:47,034 - INFO -   LR: 0.000100
2026-04-06 22:21:47,034 - INFO -   Patience: 1/30
2026-04-06 22:21:47,034 - INFO - 
Epoch 6/300
2026-04-06 22:21:50,108 - INFO -   Epoch [10/132] Loss: 1.2887
2026-04-06 22:21:53,286 - INFO -   Epoch [20/132] Loss: 0.7451
2026-04-06 22:21:56,486 - INFO -   Epoch [30/132] Loss: 0.6176
2026-04-06 22:21:59,605 - INFO -   Epoch [40/132] Loss: 0.9917
2026-04-06 22:22:02,751 - INFO -   Epoch [50/132] Loss: 0.9915
2026-04-06 22:22:05,903 - INFO -   Epoch [60/132] Loss: 0.9583
2026-04-06 22:22:09,038 - INFO -   Epoch [70/132] Loss: 0.8414
2026-04-06 22:22:12,186 - INFO -   Epoch [80/132] Loss: 1.3282
2026-04-06 22:22:14,684 - INFO -   Epoch [90/132] Loss: 1.2239
2026-04-06 22:22:16,919 - INFO -   Epoch [100/132] Loss: 0.9045
2026-04-06 22:22:19,540 - INFO -   Epoch [110/132] Loss: 0.6891
2026-04-06 22:22:22,166 - INFO -   Epoch [120/132] Loss: 0.6803
2026-04-06 22:22:24,709 - INFO -   Epoch [130/132] Loss: 0.6446
2026-04-06 22:22:26,310 - INFO -   Train Loss: 0.9767
2026-04-06 22:22:26,310 - INFO -   Train Accuracy: 64.63%
2026-04-06 22:22:26,310 - INFO -   Val Loss: 0.7954
2026-04-06 22:22:26,310 - INFO -   Val Accuracy: 70.22% | F1: 0.6955
2026-04-06 22:22:26,310 - INFO -   LR: 0.000100
2026-04-06 22:22:26,958 - INFO -   ✓ New best model saved! (Acc: 70.22%)
2026-04-06 22:22:26,958 - INFO -   Patience: 0/30
2026-04-06 22:22:26,958 - INFO - 
Epoch 7/300
2026-04-06 22:22:29,594 - INFO -   Epoch [10/132] Loss: 1.4145
2026-04-06 22:22:32,166 - INFO -   Epoch [20/132] Loss: 1.0558
2026-04-06 22:22:34,789 - INFO -   Epoch [30/132] Loss: 1.0563
2026-04-06 22:22:37,423 - INFO -   Epoch [40/132] Loss: 1.1061
2026-04-06 22:22:40,032 - INFO -   Epoch [50/132] Loss: 1.1123
2026-04-06 22:22:42,622 - INFO -   Epoch [60/132] Loss: 0.9776
2026-04-06 22:22:45,244 - INFO -   Epoch [70/132] Loss: 0.7568
2026-04-06 22:22:48,416 - INFO -   Epoch [80/132] Loss: 1.1610
2026-04-06 22:22:51,560 - INFO -   Epoch [90/132] Loss: 0.6437
2026-04-06 22:22:54,703 - INFO -   Epoch [100/132] Loss: 0.7562
2026-04-06 22:22:57,831 - INFO -   Epoch [110/132] Loss: 0.9966
2026-04-06 22:23:00,963 - INFO -   Epoch [120/132] Loss: 1.0266
2026-04-06 22:23:04,107 - INFO -   Epoch [130/132] Loss: 0.6691
2026-04-06 22:23:05,830 - INFO -   Train Loss: 0.9143
2026-04-06 22:23:05,831 - INFO -   Train Accuracy: 66.54%
2026-04-06 22:23:05,831 - INFO -   Val Loss: 0.7782
2026-04-06 22:23:05,831 - INFO -   Val Accuracy: 70.67% | F1: 0.7035
2026-04-06 22:23:05,831 - INFO -   LR: 0.000100
2026-04-06 22:23:06,314 - INFO -   ✓ New best model saved! (Acc: 70.67%)
2026-04-06 22:23:06,314 - INFO -   Patience: 0/30
2026-04-06 22:23:06,314 - INFO - 
Epoch 8/300
2026-04-06 22:23:09,397 - INFO -   Epoch [10/132] Loss: 0.6827
2026-04-06 22:23:12,576 - INFO -   Epoch [20/132] Loss: 0.6391
2026-04-06 22:23:15,361 - INFO -   Epoch [30/132] Loss: 0.7583
2026-04-06 22:23:17,999 - INFO -   Epoch [40/132] Loss: 0.7443
2026-04-06 22:23:20,603 - INFO -   Epoch [50/132] Loss: 0.8727
2026-04-06 22:23:22,487 - INFO -   Epoch [60/132] Loss: 1.5833
2026-04-06 22:23:24,922 - INFO -   Epoch [70/132] Loss: 1.1080
2026-04-06 22:23:28,074 - INFO -   Epoch [80/132] Loss: 0.7480
2026-04-06 22:23:31,203 - INFO -   Epoch [90/132] Loss: 1.0631
2026-04-06 22:23:34,337 - INFO -   Epoch [100/132] Loss: 0.8873
2026-04-06 22:23:37,482 - INFO -   Epoch [110/132] Loss: 0.9113
2026-04-06 22:23:40,609 - INFO -   Epoch [120/132] Loss: 0.7584
2026-04-06 22:23:43,745 - INFO -   Epoch [130/132] Loss: 0.8939
2026-04-06 22:23:45,436 - INFO -   Train Loss: 0.8935
2026-04-06 22:23:45,436 - INFO -   Train Accuracy: 65.71%
2026-04-06 22:23:45,436 - INFO -   Val Loss: 0.7671
2026-04-06 22:23:45,436 - INFO -   Val Accuracy: 70.67% | F1: 0.7087
2026-04-06 22:23:45,437 - INFO -   LR: 0.000100
2026-04-06 22:23:45,437 - INFO -   Patience: 1/30
2026-04-06 22:23:45,437 - INFO - 
Epoch 9/300
2026-04-06 22:23:48,011 - INFO -   Epoch [10/132] Loss: 1.1999
2026-04-06 22:23:50,963 - INFO -   Epoch [20/132] Loss: 0.7032
2026-04-06 22:23:54,114 - INFO -   Epoch [30/132] Loss: 0.8992
2026-04-06 22:23:57,238 - INFO -   Epoch [40/132] Loss: 1.2002
2026-04-06 22:24:00,368 - INFO -   Epoch [50/132] Loss: 1.0168
2026-04-06 22:24:03,483 - INFO -   Epoch [60/132] Loss: 0.6770
2026-04-06 22:24:06,602 - INFO -   Epoch [70/132] Loss: 0.7561
2026-04-06 22:24:09,777 - INFO -   Epoch [80/132] Loss: 0.9774
2026-04-06 22:24:12,969 - INFO -   Epoch [90/132] Loss: 0.8002
2026-04-06 22:24:16,111 - INFO -   Epoch [100/132] Loss: 0.6254
2026-04-06 22:24:19,252 - INFO -   Epoch [110/132] Loss: 0.8200
2026-04-06 22:24:22,394 - INFO -   Epoch [120/132] Loss: 1.1390
2026-04-06 22:24:25,514 - INFO -   Epoch [130/132] Loss: 1.0489
2026-04-06 22:24:27,232 - INFO -   Train Loss: 0.8561
2026-04-06 22:24:27,233 - INFO -   Train Accuracy: 68.70%
2026-04-06 22:24:27,233 - INFO -   Val Loss: 0.7233
2026-04-06 22:24:27,233 - INFO -   Val Accuracy: 72.89% | F1: 0.7295
2026-04-06 22:24:27,233 - INFO -   LR: 0.000100
2026-04-06 22:24:27,836 - INFO -   ✓ New best model saved! (Acc: 72.89%)
2026-04-06 22:24:27,837 - INFO -   Patience: 0/30
2026-04-06 22:24:27,837 - INFO - 
Epoch 10/300
2026-04-06 22:24:30,985 - INFO -   Epoch [10/132] Loss: 0.5458
2026-04-06 22:24:34,110 - INFO -   Epoch [20/132] Loss: 0.8671
2026-04-06 22:24:36,398 - INFO -   Epoch [30/132] Loss: 0.4584
2026-04-06 22:24:38,560 - INFO -   Epoch [40/132] Loss: 1.1173
2026-04-06 22:24:41,678 - INFO -   Epoch [50/132] Loss: 0.7709
2026-04-06 22:24:44,828 - INFO -   Epoch [60/132] Loss: 0.9653
2026-04-06 22:24:47,948 - INFO -   Epoch [70/132] Loss: 0.6760
2026-04-06 22:24:51,100 - INFO -   Epoch [80/132] Loss: 0.9355
2026-04-06 22:24:54,244 - INFO -   Epoch [90/132] Loss: 0.6143
2026-04-06 22:24:57,371 - INFO -   Epoch [100/132] Loss: 0.8439
2026-04-06 22:25:00,515 - INFO -   Epoch [110/132] Loss: 0.8032
2026-04-06 22:25:03,660 - INFO -   Epoch [120/132] Loss: 0.6459
2026-04-06 22:25:06,784 - INFO -   Epoch [130/132] Loss: 0.6140
2026-04-06 22:25:08,501 - INFO -   Train Loss: 0.8166
2026-04-06 22:25:08,502 - INFO -   Train Accuracy: 69.14%
2026-04-06 22:25:08,502 - INFO -   Val Loss: 0.7425
2026-04-06 22:25:08,502 - INFO -   Val Accuracy: 69.78% | F1: 0.6995
2026-04-06 22:25:08,502 - INFO -   LR: 0.000100
2026-04-06 22:25:08,502 - INFO -   Patience: 1/30
2026-04-06 22:25:08,502 - INFO - 
Epoch 11/300
2026-04-06 22:25:11,127 - INFO -   Epoch [10/132] Loss: 0.3448
2026-04-06 22:25:13,686 - INFO -   Epoch [20/132] Loss: 1.3427
2026-04-06 22:25:16,332 - INFO -   Epoch [30/132] Loss: 0.8724
2026-04-06 22:25:18,985 - INFO -   Epoch [40/132] Loss: 0.5683
2026-04-06 22:25:21,553 - INFO -   Epoch [50/132] Loss: 0.6308
2026-04-06 22:25:24,184 - INFO -   Epoch [60/132] Loss: 0.6929
2026-04-06 22:25:26,813 - INFO -   Epoch [70/132] Loss: 0.4313
2026-04-06 22:25:29,424 - INFO -   Epoch [80/132] Loss: 0.7376
2026-04-06 22:25:31,992 - INFO -   Epoch [90/132] Loss: 1.2204
2026-04-06 22:25:34,618 - INFO -   Epoch [100/132] Loss: 0.5749
2026-04-06 22:25:37,253 - INFO -   Epoch [110/132] Loss: 1.1103
2026-04-06 22:25:39,816 - INFO -   Epoch [120/132] Loss: 0.5919
2026-04-06 22:25:42,434 - INFO -   Epoch [130/132] Loss: 0.4152
2026-04-06 22:25:44,012 - INFO -   Train Loss: 0.8090
2026-04-06 22:25:44,012 - INFO -   Train Accuracy: 68.57%
2026-04-06 22:25:44,012 - INFO -   Val Loss: 0.6845
2026-04-06 22:25:44,012 - INFO -   Val Accuracy: 72.00% | F1: 0.7237
2026-04-06 22:25:44,012 - INFO -   LR: 0.000100
2026-04-06 22:25:44,012 - INFO -   Patience: 2/30
2026-04-06 22:25:44,012 - INFO - 
Epoch 12/300
2026-04-06 22:25:45,893 - INFO -   Epoch [10/132] Loss: 0.4309
2026-04-06 22:25:48,067 - INFO -   Epoch [20/132] Loss: 0.6845
2026-04-06 22:25:50,696 - INFO -   Epoch [30/132] Loss: 0.7186
2026-04-06 22:25:53,321 - INFO -   Epoch [40/132] Loss: 0.8679
2026-04-06 22:25:55,900 - INFO -   Epoch [50/132] Loss: 0.3254
2026-04-06 22:25:58,529 - INFO -   Epoch [60/132] Loss: 0.4503
2026-04-06 22:26:01,627 - INFO -   Epoch [70/132] Loss: 0.6929
2026-04-06 22:26:04,754 - INFO -   Epoch [80/132] Loss: 0.6629
2026-04-06 22:26:07,895 - INFO -   Epoch [90/132] Loss: 0.6184
2026-04-06 22:26:11,023 - INFO -   Epoch [100/132] Loss: 0.3801
2026-04-06 22:26:14,186 - INFO -   Epoch [110/132] Loss: 0.7785
2026-04-06 22:26:17,325 - INFO -   Epoch [120/132] Loss: 0.9134
2026-04-06 22:26:20,437 - INFO -   Epoch [130/132] Loss: 0.4929
2026-04-06 22:26:22,184 - INFO -   Train Loss: 0.7805
2026-04-06 22:26:22,184 - INFO -   Train Accuracy: 70.03%
2026-04-06 22:26:22,184 - INFO -   Val Loss: 0.6612
2026-04-06 22:26:22,184 - INFO -   Val Accuracy: 74.22% | F1: 0.7464
2026-04-06 22:26:22,184 - INFO -   LR: 0.000100
2026-04-06 22:26:22,722 - INFO -   ✓ New best model saved! (Acc: 74.22%)
2026-04-06 22:26:22,723 - INFO -   Patience: 0/30
2026-04-06 22:26:22,723 - INFO - 
Epoch 13/300
2026-04-06 22:26:25,854 - INFO -   Epoch [10/132] Loss: 1.3989
2026-04-06 22:26:28,974 - INFO -   Epoch [20/132] Loss: 0.6691
2026-04-06 22:26:32,126 - INFO -   Epoch [30/132] Loss: 0.6456
2026-04-06 22:26:35,254 - INFO -   Epoch [40/132] Loss: 0.5679
2026-04-06 22:26:38,391 - INFO -   Epoch [50/132] Loss: 0.4850
2026-04-06 22:26:41,531 - INFO -   Epoch [60/132] Loss: 0.5538
2026-04-06 22:26:44,649 - INFO -   Epoch [70/132] Loss: 1.0114
2026-04-06 22:26:47,796 - INFO -   Epoch [80/132] Loss: 0.8254
2026-04-06 22:26:50,944 - INFO -   Epoch [90/132] Loss: 0.8383
2026-04-06 22:26:54,065 - INFO -   Epoch [100/132] Loss: 0.4241
2026-04-06 22:26:57,207 - INFO -   Epoch [110/132] Loss: 0.5378
2026-04-06 22:26:59,215 - INFO -   Epoch [120/132] Loss: 0.7437
2026-04-06 22:27:01,950 - INFO -   Epoch [130/132] Loss: 0.6036
2026-04-06 22:27:03,651 - INFO -   Train Loss: 0.7616
2026-04-06 22:27:03,651 - INFO -   Train Accuracy: 70.54%
2026-04-06 22:27:03,651 - INFO -   Val Loss: 0.6471
2026-04-06 22:27:03,651 - INFO -   Val Accuracy: 74.22% | F1: 0.7438
2026-04-06 22:27:03,651 - INFO -   LR: 0.000100
2026-04-06 22:27:03,651 - INFO -   Patience: 1/30
2026-04-06 22:27:03,651 - INFO - 
Epoch 14/300
2026-04-06 22:27:06,656 - INFO -   Epoch [10/132] Loss: 0.5559
2026-04-06 22:27:09,820 - INFO -   Epoch [20/132] Loss: 0.4937
2026-04-06 22:27:12,963 - INFO -   Epoch [30/132] Loss: 0.6924
2026-04-06 22:27:16,091 - INFO -   Epoch [40/132] Loss: 1.0320
2026-04-06 22:27:19,223 - INFO -   Epoch [50/132] Loss: 0.7072
2026-04-06 22:27:22,390 - INFO -   Epoch [60/132] Loss: 1.2357
2026-04-06 22:27:25,500 - INFO -   Epoch [70/132] Loss: 0.3197
2026-04-06 22:27:28,648 - INFO -   Epoch [80/132] Loss: 0.5955
2026-04-06 22:27:31,789 - INFO -   Epoch [90/132] Loss: 0.6945
2026-04-06 22:27:34,906 - INFO -   Epoch [100/132] Loss: 0.6562
2026-04-06 22:27:38,050 - INFO -   Epoch [110/132] Loss: 0.5280
2026-04-06 22:27:41,168 - INFO -   Epoch [120/132] Loss: 0.5752
2026-04-06 22:27:44,307 - INFO -   Epoch [130/132] Loss: 0.8589
2026-04-06 22:27:46,015 - INFO -   Train Loss: 0.7661
2026-04-06 22:27:46,015 - INFO -   Train Accuracy: 70.22%
2026-04-06 22:27:46,015 - INFO -   Val Loss: 0.6306
2026-04-06 22:27:46,015 - INFO -   Val Accuracy: 75.56% | F1: 0.7500
2026-04-06 22:27:46,015 - INFO -   LR: 0.000100
2026-04-06 22:27:46,513 - INFO -   ✓ New best model saved! (Acc: 75.56%)
2026-04-06 22:27:46,513 - INFO -   Patience: 0/30
2026-04-06 22:27:46,513 - INFO - 
Epoch 15/300
2026-04-06 22:27:49,076 - INFO -   Epoch [10/132] Loss: 0.5491
2026-04-06 22:27:51,704 - INFO -   Epoch [20/132] Loss: 0.6939
2026-04-06 22:27:54,334 - INFO -   Epoch [30/132] Loss: 0.5489
2026-04-06 22:27:56,939 - INFO -   Epoch [40/132] Loss: 0.5137
2026-04-06 22:27:59,541 - INFO -   Epoch [50/132] Loss: 0.3724
2026-04-06 22:28:02,173 - INFO -   Epoch [60/132] Loss: 0.9407
2026-04-06 22:28:04,798 - INFO -   Epoch [70/132] Loss: 0.3491
2026-04-06 22:28:07,447 - INFO -   Epoch [80/132] Loss: 1.0430
2026-04-06 22:28:09,603 - INFO -   Epoch [90/132] Loss: 0.3322
2026-04-06 22:28:12,057 - INFO -   Epoch [100/132] Loss: 0.3861
2026-04-06 22:28:14,638 - INFO -   Epoch [110/132] Loss: 0.9638
2026-04-06 22:28:17,269 - INFO -   Epoch [120/132] Loss: 0.4145
2026-04-06 22:28:19,905 - INFO -   Epoch [130/132] Loss: 0.6397
2026-04-06 22:28:21,495 - INFO -   Train Loss: 0.7708
2026-04-06 22:28:21,495 - INFO -   Train Accuracy: 69.59%
2026-04-06 22:28:21,495 - INFO -   Val Loss: 0.6343
2026-04-06 22:28:21,495 - INFO -   Val Accuracy: 74.22% | F1: 0.7456
2026-04-06 22:28:21,495 - INFO -   LR: 0.000100
2026-04-06 22:28:21,495 - INFO -   Patience: 1/30
2026-04-06 22:28:21,495 - INFO - 
Epoch 16/300
2026-04-06 22:28:24,540 - INFO -   Epoch [10/132] Loss: 0.4550
2026-04-06 22:28:27,707 - INFO -   Epoch [20/132] Loss: 1.2064
2026-04-06 22:28:30,836 - INFO -   Epoch [30/132] Loss: 0.7746
2026-04-06 22:28:33,983 - INFO -   Epoch [40/132] Loss: 0.4873
2026-04-06 22:28:37,117 - INFO -   Epoch [50/132] Loss: 0.6643
2026-04-06 22:28:40,229 - INFO -   Epoch [60/132] Loss: 0.5642
2026-04-06 22:28:43,401 - INFO -   Epoch [70/132] Loss: 0.6621
2026-04-06 22:28:46,560 - INFO -   Epoch [80/132] Loss: 0.6569
2026-04-06 22:28:49,668 - INFO -   Epoch [90/132] Loss: 0.7530
2026-04-06 22:28:52,818 - INFO -   Epoch [100/132] Loss: 0.4439
2026-04-06 22:28:55,950 - INFO -   Epoch [110/132] Loss: 0.6204
2026-04-06 22:28:59,078 - INFO -   Epoch [120/132] Loss: 0.9987
2026-04-06 22:29:02,225 - INFO -   Epoch [130/132] Loss: 0.4113
2026-04-06 22:29:03,933 - INFO -   Train Loss: 0.7416
2026-04-06 22:29:03,934 - INFO -   Train Accuracy: 71.94%
2026-04-06 22:29:03,934 - INFO -   Val Loss: 0.6483
2026-04-06 22:29:03,934 - INFO -   Val Accuracy: 73.78% | F1: 0.7427
2026-04-06 22:29:03,934 - INFO -   LR: 0.000100
2026-04-06 22:29:03,934 - INFO -   Patience: 2/30
2026-04-06 22:29:03,934 - INFO - 
Epoch 17/300
2026-04-06 22:29:07,014 - INFO -   Epoch [10/132] Loss: 0.6166
2026-04-06 22:29:10,180 - INFO -   Epoch [20/132] Loss: 0.9544
2026-04-06 22:29:13,292 - INFO -   Epoch [30/132] Loss: 0.6229
2026-04-06 22:29:16,435 - INFO -   Epoch [40/132] Loss: 0.3848
2026-04-06 22:29:19,576 - INFO -   Epoch [50/132] Loss: 1.1627
2026-04-06 22:29:21,932 - INFO -   Epoch [60/132] Loss: 0.5336
2026-04-06 22:29:23,978 - INFO -   Epoch [70/132] Loss: 0.9900
2026-04-06 22:29:26,615 - INFO -   Epoch [80/132] Loss: 0.6278
2026-04-06 22:29:29,612 - INFO -   Epoch [90/132] Loss: 0.7796
2026-04-06 22:29:32,747 - INFO -   Epoch [100/132] Loss: 0.8202
2026-04-06 22:29:35,881 - INFO -   Epoch [110/132] Loss: 0.6571
2026-04-06 22:29:39,007 - INFO -   Epoch [120/132] Loss: 0.4896
2026-04-06 22:29:42,149 - INFO -   Epoch [130/132] Loss: 0.6918
2026-04-06 22:29:43,880 - INFO -   Train Loss: 0.7273
2026-04-06 22:29:43,881 - INFO -   Train Accuracy: 72.57%
2026-04-06 22:29:43,881 - INFO -   Val Loss: 0.5923
2026-04-06 22:29:43,881 - INFO -   Val Accuracy: 75.56% | F1: 0.7553
2026-04-06 22:29:43,881 - INFO -   LR: 0.000100
2026-04-06 22:29:43,881 - INFO -   Patience: 3/30
2026-04-06 22:29:43,881 - INFO - 
Epoch 18/300
2026-04-06 22:29:47,019 - INFO -   Epoch [10/132] Loss: 1.0995
2026-04-06 22:29:50,168 - INFO -   Epoch [20/132] Loss: 0.7419
2026-04-06 22:29:53,274 - INFO -   Epoch [30/132] Loss: 0.4569
2026-04-06 22:29:56,429 - INFO -   Epoch [40/132] Loss: 0.7527
2026-04-06 22:29:59,571 - INFO -   Epoch [50/132] Loss: 1.0057
2026-04-06 22:30:02,688 - INFO -   Epoch [60/132] Loss: 1.1390
2026-04-06 22:30:05,869 - INFO -   Epoch [70/132] Loss: 0.7633
2026-04-06 22:30:08,985 - INFO -   Epoch [80/132] Loss: 0.5588
2026-04-06 22:30:12,132 - INFO -   Epoch [90/132] Loss: 0.6059
2026-04-06 22:30:15,283 - INFO -   Epoch [100/132] Loss: 0.3368
2026-04-06 22:30:18,409 - INFO -   Epoch [110/132] Loss: 0.7762
2026-04-06 22:30:21,562 - INFO -   Epoch [120/132] Loss: 0.7834
2026-04-06 22:30:24,690 - INFO -   Epoch [130/132] Loss: 0.4368
2026-04-06 22:30:26,392 - INFO -   Train Loss: 0.7172
2026-04-06 22:30:26,393 - INFO -   Train Accuracy: 71.87%
2026-04-06 22:30:26,393 - INFO -   Val Loss: 0.6229
2026-04-06 22:30:26,393 - INFO -   Val Accuracy: 73.33% | F1: 0.7320
2026-04-06 22:30:26,393 - INFO -   LR: 0.000100
2026-04-06 22:30:26,393 - INFO -   Patience: 4/30
2026-04-06 22:30:26,393 - INFO - 
Epoch 19/300
2026-04-06 22:30:29,082 - INFO -   Epoch [10/132] Loss: 0.3925
2026-04-06 22:30:32,209 - INFO -   Epoch [20/132] Loss: 0.4713
2026-04-06 22:30:35,364 - INFO -   Epoch [30/132] Loss: 0.8143
2026-04-06 22:30:37,291 - INFO -   Epoch [40/132] Loss: 0.5629
2026-04-06 22:30:40,383 - INFO -   Epoch [50/132] Loss: 0.9901
2026-04-06 22:30:43,497 - INFO -   Epoch [60/132] Loss: 0.6868
2026-04-06 22:30:46,649 - INFO -   Epoch [70/132] Loss: 0.7973
2026-04-06 22:30:49,776 - INFO -   Epoch [80/132] Loss: 0.8552
2026-04-06 22:30:52,912 - INFO -   Epoch [90/132] Loss: 0.8980
2026-04-06 22:30:56,055 - INFO -   Epoch [100/132] Loss: 0.4150
2026-04-06 22:30:59,188 - INFO -   Epoch [110/132] Loss: 0.4786
2026-04-06 22:31:02,328 - INFO -   Epoch [120/132] Loss: 0.8062
2026-04-06 22:31:05,472 - INFO -   Epoch [130/132] Loss: 0.8898
2026-04-06 22:31:07,163 - INFO -   Train Loss: 0.7023
2026-04-06 22:31:07,164 - INFO -   Train Accuracy: 72.06%
2026-04-06 22:31:07,164 - INFO -   Val Loss: 0.5991
2026-04-06 22:31:07,164 - INFO -   Val Accuracy: 76.44% | F1: 0.7634
2026-04-06 22:31:07,164 - INFO -   LR: 0.000100
2026-04-06 22:31:07,596 - INFO -   ✓ New best model saved! (Acc: 76.44%)
2026-04-06 22:31:07,596 - INFO -   Patience: 0/30
2026-04-06 22:31:07,596 - INFO - 
Epoch 20/300
2026-04-06 22:31:10,574 - INFO -   Epoch [10/132] Loss: 0.7198
2026-04-06 22:31:13,729 - INFO -   Epoch [20/132] Loss: 0.7987
2026-04-06 22:31:16,843 - INFO -   Epoch [30/132] Loss: 0.7016
2026-04-06 22:31:19,994 - INFO -   Epoch [40/132] Loss: 0.7970
2026-04-06 22:31:23,139 - INFO -   Epoch [50/132] Loss: 0.8844
2026-04-06 22:31:26,257 - INFO -   Epoch [60/132] Loss: 0.8878
2026-04-06 22:31:29,406 - INFO -   Epoch [70/132] Loss: 0.1457
2026-04-06 22:31:32,542 - INFO -   Epoch [80/132] Loss: 0.3734
2026-04-06 22:31:35,680 - INFO -   Epoch [90/132] Loss: 1.0339
2026-04-06 22:31:38,832 - INFO -   Epoch [100/132] Loss: 0.4466
2026-04-06 22:31:41,954 - INFO -   Epoch [110/132] Loss: 0.8813
2026-04-06 22:31:45,099 - INFO -   Epoch [120/132] Loss: 1.0663
2026-04-06 22:31:48,249 - INFO -   Epoch [130/132] Loss: 0.5515
2026-04-06 22:31:49,944 - INFO -   Train Loss: 0.7077
2026-04-06 22:31:49,944 - INFO -   Train Accuracy: 72.19%
2026-04-06 22:31:49,944 - INFO -   Val Loss: 0.5651
2026-04-06 22:31:49,944 - INFO -   Val Accuracy: 79.11% | F1: 0.7876
2026-04-06 22:31:49,944 - INFO -   LR: 0.000100
2026-04-06 22:31:50,439 - INFO -   ✓ New best model saved! (Acc: 79.11%)
2026-04-06 22:31:50,439 - INFO -   Patience: 0/30
2026-04-06 22:31:50,439 - INFO - 
Epoch 21/300
2026-04-06 22:31:52,739 - INFO -   Epoch [10/132] Loss: 0.5673
2026-04-06 22:31:55,875 - INFO -   Epoch [20/132] Loss: 0.7038
2026-04-06 22:31:58,982 - INFO -   Epoch [30/132] Loss: 0.5951
2026-04-06 22:32:02,133 - INFO -   Epoch [40/132] Loss: 1.2525
2026-04-06 22:32:05,286 - INFO -   Epoch [50/132] Loss: 0.9808
2026-04-06 22:32:08,441 - INFO -   Epoch [60/132] Loss: 0.3831
2026-04-06 22:32:11,593 - INFO -   Epoch [70/132] Loss: 0.4421
2026-04-06 22:32:14,726 - INFO -   Epoch [80/132] Loss: 0.4199
2026-04-06 22:32:17,846 - INFO -   Epoch [90/132] Loss: 0.9544
2026-04-06 22:32:20,989 - INFO -   Epoch [100/132] Loss: 0.3289
2026-04-06 22:32:24,115 - INFO -   Epoch [110/132] Loss: 0.9862
2026-04-06 22:32:27,245 - INFO -   Epoch [120/132] Loss: 0.5691
2026-04-06 22:32:30,386 - INFO -   Epoch [130/132] Loss: 0.5670
2026-04-06 22:32:32,073 - INFO -   Train Loss: 0.6803
2026-04-06 22:32:32,074 - INFO -   Train Accuracy: 72.63%
2026-04-06 22:32:32,074 - INFO -   Val Loss: 0.5978
2026-04-06 22:32:32,074 - INFO -   Val Accuracy: 76.00% | F1: 0.7596
2026-04-06 22:32:32,074 - INFO -   LR: 0.000100
2026-04-06 22:32:32,074 - INFO -   Patience: 1/30
2026-04-06 22:32:32,074 - INFO - 
Epoch 22/300
2026-04-06 22:32:34,644 - INFO -   Epoch [10/132] Loss: 0.3867
2026-04-06 22:32:37,560 - INFO -   Epoch [20/132] Loss: 0.3941
2026-04-06 22:32:40,698 - INFO -   Epoch [30/132] Loss: 0.6431
2026-04-06 22:32:43,810 - INFO -   Epoch [40/132] Loss: 0.5569
2026-04-06 22:32:46,953 - INFO -   Epoch [50/132] Loss: 0.7472
2026-04-06 22:32:50,086 - INFO -   Epoch [60/132] Loss: 0.8058
2026-04-06 22:32:53,215 - INFO -   Epoch [70/132] Loss: 0.5520
2026-04-06 22:32:56,355 - INFO -   Epoch [80/132] Loss: 0.5312
2026-04-06 22:32:59,469 - INFO -   Epoch [90/132] Loss: 0.9531
2026-04-06 22:33:02,616 - INFO -   Epoch [100/132] Loss: 0.9848
2026-04-06 22:33:05,144 - INFO -   Epoch [110/132] Loss: 0.7483
2026-04-06 22:33:07,612 - INFO -   Epoch [120/132] Loss: 0.2997
2026-04-06 22:33:10,758 - INFO -   Epoch [130/132] Loss: 0.5435
2026-04-06 22:33:12,463 - INFO -   Train Loss: 0.6948
2026-04-06 22:33:12,463 - INFO -   Train Accuracy: 72.32%
2026-04-06 22:33:12,463 - INFO -   Val Loss: 0.5968
2026-04-06 22:33:12,463 - INFO -   Val Accuracy: 75.56% | F1: 0.7572
2026-04-06 22:33:12,463 - INFO -   LR: 0.000100
2026-04-06 22:33:12,463 - INFO -   Patience: 2/30
2026-04-06 22:33:12,463 - INFO - 
Epoch 23/300
2026-04-06 22:33:15,038 - INFO -   Epoch [10/132] Loss: 0.5414
2026-04-06 22:33:17,663 - INFO -   Epoch [20/132] Loss: 0.6263
2026-04-06 22:33:20,372 - INFO -   Epoch [30/132] Loss: 0.6691
2026-04-06 22:33:23,480 - INFO -   Epoch [40/132] Loss: 0.7464
2026-04-06 22:33:26,591 - INFO -   Epoch [50/132] Loss: 0.7221
2026-04-06 22:33:29,739 - INFO -   Epoch [60/132] Loss: 0.6618
2026-04-06 22:33:32,862 - INFO -   Epoch [70/132] Loss: 0.5490
2026-04-06 22:33:35,994 - INFO -   Epoch [80/132] Loss: 0.4636
2026-04-06 22:33:39,141 - INFO -   Epoch [90/132] Loss: 0.6457
2026-04-06 22:33:42,250 - INFO -   Epoch [100/132] Loss: 0.7893
2026-04-06 22:33:45,397 - INFO -   Epoch [110/132] Loss: 1.0223
2026-04-06 22:33:48,537 - INFO -   Epoch [120/132] Loss: 0.9385
2026-04-06 22:33:51,648 - INFO -   Epoch [130/132] Loss: 0.7716
2026-04-06 22:33:53,333 - INFO -   Train Loss: 0.6741
2026-04-06 22:33:53,333 - INFO -   Train Accuracy: 73.84%
2026-04-06 22:33:53,333 - INFO -   Val Loss: 0.5747
2026-04-06 22:33:53,333 - INFO -   Val Accuracy: 76.44% | F1: 0.7639
2026-04-06 22:33:53,333 - INFO -   LR: 0.000100
2026-04-06 22:33:53,333 - INFO -   Patience: 3/30
2026-04-06 22:33:53,333 - INFO - 
Epoch 24/300
2026-04-06 22:33:55,958 - INFO -   Epoch [10/132] Loss: 0.4472
2026-04-06 22:33:58,544 - INFO -   Epoch [20/132] Loss: 0.4921
2026-04-06 22:34:01,147 - INFO -   Epoch [30/132] Loss: 0.4344
2026-04-06 22:34:03,778 - INFO -   Epoch [40/132] Loss: 0.7967
2026-04-06 22:34:06,418 - INFO -   Epoch [50/132] Loss: 0.7013
2026-04-06 22:34:08,985 - INFO -   Epoch [60/132] Loss: 0.6672
2026-04-06 22:34:11,633 - INFO -   Epoch [70/132] Loss: 0.8864
2026-04-06 22:34:14,011 - INFO -   Epoch [80/132] Loss: 0.3086
2026-04-06 22:34:16,156 - INFO -   Epoch [90/132] Loss: 0.7126
2026-04-06 22:34:18,745 - INFO -   Epoch [100/132] Loss: 0.6935
2026-04-06 22:34:21,369 - INFO -   Epoch [110/132] Loss: 0.5061
2026-04-06 22:34:23,984 - INFO -   Epoch [120/132] Loss: 0.6153
2026-04-06 22:34:26,525 - INFO -   Epoch [130/132] Loss: 0.6195
2026-04-06 22:34:28,108 - INFO -   Train Loss: 0.6492
2026-04-06 22:34:28,108 - INFO -   Train Accuracy: 75.49%
2026-04-06 22:34:28,108 - INFO -   Val Loss: 0.5716
2026-04-06 22:34:28,108 - INFO -   Val Accuracy: 75.56% | F1: 0.7546
2026-04-06 22:34:28,108 - INFO -   LR: 0.000100
2026-04-06 22:34:28,108 - INFO -   Patience: 4/30
2026-04-06 22:34:28,108 - INFO - 
Epoch 25/300
2026-04-06 22:34:31,235 - INFO -   Epoch [10/132] Loss: 0.3745
2026-04-06 22:34:34,355 - INFO -   Epoch [20/132] Loss: 0.9700
2026-04-06 22:34:37,494 - INFO -   Epoch [30/132] Loss: 0.7798
2026-04-06 22:34:40,621 - INFO -   Epoch [40/132] Loss: 0.4394
2026-04-06 22:34:43,742 - INFO -   Epoch [50/132] Loss: 0.4530
2026-04-06 22:34:46,887 - INFO -   Epoch [60/132] Loss: 0.8182
2026-04-06 22:34:50,035 - INFO -   Epoch [70/132] Loss: 0.6176
2026-04-06 22:34:53,157 - INFO -   Epoch [80/132] Loss: 0.6337
2026-04-06 22:34:56,302 - INFO -   Epoch [90/132] Loss: 0.3099
2026-04-06 22:34:59,445 - INFO -   Epoch [100/132] Loss: 0.7215
2026-04-06 22:35:02,564 - INFO -   Epoch [110/132] Loss: 0.5649
2026-04-06 22:35:05,712 - INFO -   Epoch [120/132] Loss: 0.6497
2026-04-06 22:35:08,835 - INFO -   Epoch [130/132] Loss: 0.6962
2026-04-06 22:35:10,534 - INFO -   Train Loss: 0.6349
2026-04-06 22:35:10,534 - INFO -   Train Accuracy: 75.62%
2026-04-06 22:35:10,534 - INFO -   Val Loss: 0.5530
2026-04-06 22:35:10,534 - INFO -   Val Accuracy: 77.33% | F1: 0.7687
2026-04-06 22:35:10,534 - INFO -   LR: 0.000100
2026-04-06 22:35:10,534 - INFO -   Patience: 5/30
2026-04-06 22:35:10,534 - INFO - 
Epoch 26/300
2026-04-06 22:35:13,159 - INFO -   Epoch [10/132] Loss: 0.9211
2026-04-06 22:35:15,790 - INFO -   Epoch [20/132] Loss: 0.8345
2026-04-06 22:35:18,361 - INFO -   Epoch [30/132] Loss: 0.7366
2026-04-06 22:35:20,996 - INFO -   Epoch [40/132] Loss: 0.6563
2026-04-06 22:35:23,502 - INFO -   Epoch [50/132] Loss: 0.6876
2026-04-06 22:35:25,530 - INFO -   Epoch [60/132] Loss: 1.4569
2026-04-06 22:35:28,094 - INFO -   Epoch [70/132] Loss: 0.9348
2026-04-06 22:35:30,698 - INFO -   Epoch [80/132] Loss: 0.6645
2026-04-06 22:35:33,741 - INFO -   Epoch [90/132] Loss: 0.4183
2026-04-06 22:35:36,726 - INFO -   Epoch [100/132] Loss: 0.7048
2026-04-06 22:35:39,870 - INFO -   Epoch [110/132] Loss: 0.6501
2026-04-06 22:35:43,007 - INFO -   Epoch [120/132] Loss: 0.8696
2026-04-06 22:35:46,128 - INFO -   Epoch [130/132] Loss: 0.2350
2026-04-06 22:35:47,839 - INFO -   Train Loss: 0.6497
2026-04-06 22:35:47,839 - INFO -   Train Accuracy: 75.11%
2026-04-06 22:35:47,839 - INFO -   Val Loss: 0.5434
2026-04-06 22:35:47,839 - INFO -   Val Accuracy: 77.33% | F1: 0.7707
2026-04-06 22:35:47,839 - INFO -   LR: 0.000100
2026-04-06 22:35:47,839 - INFO -   Patience: 6/30
2026-04-06 22:35:47,839 - INFO - 
Epoch 27/300
2026-04-06 22:35:50,446 - INFO -   Epoch [10/132] Loss: 0.5948
2026-04-06 22:35:53,003 - INFO -   Epoch [20/132] Loss: 0.2800
2026-04-06 22:35:55,633 - INFO -   Epoch [30/132] Loss: 0.5261
2026-04-06 22:35:58,280 - INFO -   Epoch [40/132] Loss: 0.5112
2026-04-06 22:36:00,917 - INFO -   Epoch [50/132] Loss: 0.7713
2026-04-06 22:36:03,458 - INFO -   Epoch [60/132] Loss: 0.5676
2026-04-06 22:36:06,092 - INFO -   Epoch [70/132] Loss: 0.3998
2026-04-06 22:36:08,719 - INFO -   Epoch [80/132] Loss: 0.5048
2026-04-06 22:36:11,306 - INFO -   Epoch [90/132] Loss: 0.5439
2026-04-06 22:36:13,925 - INFO -   Epoch [100/132] Loss: 0.3384
2026-04-06 22:36:16,568 - INFO -   Epoch [110/132] Loss: 0.4938
2026-04-06 22:36:19,204 - INFO -   Epoch [120/132] Loss: 0.2689
2026-04-06 22:36:21,744 - INFO -   Epoch [130/132] Loss: 0.6810
2026-04-06 22:36:23,347 - INFO -   Train Loss: 0.6007
2026-04-06 22:36:23,347 - INFO -   Train Accuracy: 76.63%
2026-04-06 22:36:23,347 - INFO -   Val Loss: 0.5281
2026-04-06 22:36:23,347 - INFO -   Val Accuracy: 78.22% | F1: 0.7835
2026-04-06 22:36:23,347 - INFO -   LR: 0.000050
2026-04-06 22:36:23,347 - INFO -   Patience: 7/30
2026-04-06 22:36:23,347 - INFO - 
Epoch 28/300
2026-04-06 22:36:26,462 - INFO -   Epoch [10/132] Loss: 0.7426
2026-04-06 22:36:29,583 - INFO -   Epoch [20/132] Loss: 0.8306
2026-04-06 22:36:31,652 - INFO -   Epoch [30/132] Loss: 0.4530
2026-04-06 22:36:34,037 - INFO -   Epoch [40/132] Loss: 0.4957
2026-04-06 22:36:37,184 - INFO -   Epoch [50/132] Loss: 0.9992
2026-04-06 22:36:40,325 - INFO -   Epoch [60/132] Loss: 0.4034
2026-04-06 22:36:43,472 - INFO -   Epoch [70/132] Loss: 0.5023
2026-04-06 22:36:46,589 - INFO -   Epoch [80/132] Loss: 0.6995
2026-04-06 22:36:49,731 - INFO -   Epoch [90/132] Loss: 0.5200
2026-04-06 22:36:52,878 - INFO -   Epoch [100/132] Loss: 0.5391
2026-04-06 22:36:55,986 - INFO -   Epoch [110/132] Loss: 0.2258
2026-04-06 22:36:59,141 - INFO -   Epoch [120/132] Loss: 0.5674
2026-04-06 22:37:02,287 - INFO -   Epoch [130/132] Loss: 0.2545
2026-04-06 22:37:04,000 - INFO -   Train Loss: 0.6127
2026-04-06 22:37:04,000 - INFO -   Train Accuracy: 76.89%
2026-04-06 22:37:04,000 - INFO -   Val Loss: 0.5679
2026-04-06 22:37:04,000 - INFO -   Val Accuracy: 76.00% | F1: 0.7604
2026-04-06 22:37:04,000 - INFO -   LR: 0.000050
2026-04-06 22:37:04,000 - INFO -   Patience: 8/30
2026-04-06 22:37:04,000 - INFO - 
Epoch 29/300
2026-04-06 22:37:07,110 - INFO -   Epoch [10/132] Loss: 0.3389
2026-04-06 22:37:10,264 - INFO -   Epoch [20/132] Loss: 0.3632
2026-04-06 22:37:13,375 - INFO -   Epoch [30/132] Loss: 1.2264
2026-04-06 22:37:16,521 - INFO -   Epoch [40/132] Loss: 0.6592
2026-04-06 22:37:19,664 - INFO -   Epoch [50/132] Loss: 0.8277
2026-04-06 22:37:22,808 - INFO -   Epoch [60/132] Loss: 0.3849
2026-04-06 22:37:25,963 - INFO -   Epoch [70/132] Loss: 0.7282
2026-04-06 22:37:29,111 - INFO -   Epoch [80/132] Loss: 0.5762
2026-04-06 22:37:32,226 - INFO -   Epoch [90/132] Loss: 0.6912
2026-04-06 22:37:35,376 - INFO -   Epoch [100/132] Loss: 0.7008
2026-04-06 22:37:38,518 - INFO -   Epoch [110/132] Loss: 0.4401
2026-04-06 22:37:41,622 - INFO -   Epoch [120/132] Loss: 0.5603
2026-04-06 22:37:44,770 - INFO -   Epoch [130/132] Loss: 0.6447
2026-04-06 22:37:46,581 - INFO -   Train Loss: 0.6125
2026-04-06 22:37:46,581 - INFO -   Train Accuracy: 76.00%
2026-04-06 22:37:46,581 - INFO -   Val Loss: 0.5605
2026-04-06 22:37:46,581 - INFO -   Val Accuracy: 76.44% | F1: 0.7621
2026-04-06 22:37:46,581 - INFO -   LR: 0.000050
2026-04-06 22:37:46,581 - INFO -   Patience: 9/30
2026-04-06 22:37:46,581 - INFO - 
Epoch 30/300
2026-04-06 22:37:48,397 - INFO -   Epoch [10/132] Loss: 0.6414
2026-04-06 22:37:50,832 - INFO -   Epoch [20/132] Loss: 0.7685
2026-04-06 22:37:53,489 - INFO -   Epoch [30/132] Loss: 0.5588
2026-04-06 22:37:56,077 - INFO -   Epoch [40/132] Loss: 0.7878
2026-04-06 22:37:58,627 - INFO -   Epoch [50/132] Loss: 0.6381
2026-04-06 22:38:01,242 - INFO -   Epoch [60/132] Loss: 0.5989
2026-04-06 22:38:03,876 - INFO -   Epoch [70/132] Loss: 0.6981
2026-04-06 22:38:06,447 - INFO -   Epoch [80/132] Loss: 0.9064
2026-04-06 22:38:09,074 - INFO -   Epoch [90/132] Loss: 0.3242
2026-04-06 22:38:11,724 - INFO -   Epoch [100/132] Loss: 0.7732
2026-04-06 22:38:14,342 - INFO -   Epoch [110/132] Loss: 1.1502
2026-04-06 22:38:16,886 - INFO -   Epoch [120/132] Loss: 0.5293
2026-04-06 22:38:19,537 - INFO -   Epoch [130/132] Loss: 0.8636
2026-04-06 22:38:21,132 - INFO -   Train Loss: 0.6049
2026-04-06 22:38:21,132 - INFO -   Train Accuracy: 76.57%
2026-04-06 22:38:21,132 - INFO -   Val Loss: 0.5685
2026-04-06 22:38:21,132 - INFO -   Val Accuracy: 74.22% | F1: 0.7425
2026-04-06 22:38:21,132 - INFO -   LR: 0.000050
2026-04-06 22:38:21,133 - INFO -   Patience: 10/30
2026-04-06 22:38:21,133 - INFO - 
Epoch 31/300
2026-04-06 22:38:24,247 - INFO -   Epoch [10/132] Loss: 0.6511
2026-04-06 22:38:27,391 - INFO -   Epoch [20/132] Loss: 0.7981
2026-04-06 22:38:30,540 - INFO -   Epoch [30/132] Loss: 0.5923
2026-04-06 22:38:33,665 - INFO -   Epoch [40/132] Loss: 0.5440
2026-04-06 22:38:36,808 - INFO -   Epoch [50/132] Loss: 0.5563
2026-04-06 22:38:39,961 - INFO -   Epoch [60/132] Loss: 1.1120
2026-04-06 22:38:43,081 - INFO -   Epoch [70/132] Loss: 0.3975
2026-04-06 22:38:46,224 - INFO -   Epoch [80/132] Loss: 0.8359
2026-04-06 22:38:49,381 - INFO -   Epoch [90/132] Loss: 0.6838
2026-04-06 22:38:52,533 - INFO -   Epoch [100/132] Loss: 0.5126
2026-04-06 22:38:55,135 - INFO -   Epoch [110/132] Loss: 0.9557
2026-04-06 22:38:57,288 - INFO -   Epoch [120/132] Loss: 0.3719
2026-04-06 22:38:59,980 - INFO -   Epoch [130/132] Loss: 0.7328
2026-04-06 22:39:01,661 - INFO -   Train Loss: 0.5730
2026-04-06 22:39:01,662 - INFO -   Train Accuracy: 79.11%
2026-04-06 22:39:01,662 - INFO -   Val Loss: 0.5593
2026-04-06 22:39:01,662 - INFO -   Val Accuracy: 75.56% | F1: 0.7573
2026-04-06 22:39:01,662 - INFO -   LR: 0.000050
2026-04-06 22:39:01,662 - INFO -   Patience: 11/30
2026-04-06 22:39:01,662 - INFO - 
Epoch 32/300
2026-04-06 22:39:04,288 - INFO -   Epoch [10/132] Loss: 0.6698
2026-04-06 22:39:06,923 - INFO -   Epoch [20/132] Loss: 0.7118
2026-04-06 22:39:09,477 - INFO -   Epoch [30/132] Loss: 0.4622
2026-04-06 22:39:12,112 - INFO -   Epoch [40/132] Loss: 0.5704
2026-04-06 22:39:14,738 - INFO -   Epoch [50/132] Loss: 0.5914
2026-04-06 22:39:17,329 - INFO -   Epoch [60/132] Loss: 0.5996
2026-04-06 22:39:19,940 - INFO -   Epoch [70/132] Loss: 0.3473
2026-04-06 22:39:22,588 - INFO -   Epoch [80/132] Loss: 0.3289
2026-04-06 22:39:25,233 - INFO -   Epoch [90/132] Loss: 0.5100
2026-04-06 22:39:27,813 - INFO -   Epoch [100/132] Loss: 0.2369
2026-04-06 22:39:30,445 - INFO -   Epoch [110/132] Loss: 0.4562
2026-04-06 22:39:33,070 - INFO -   Epoch [120/132] Loss: 0.9167
2026-04-06 22:39:35,692 - INFO -   Epoch [130/132] Loss: 0.6630
2026-04-06 22:39:37,299 - INFO -   Train Loss: 0.5986
2026-04-06 22:39:37,299 - INFO -   Train Accuracy: 77.46%
2026-04-06 22:39:37,299 - INFO -   Val Loss: 0.5877
2026-04-06 22:39:37,299 - INFO -   Val Accuracy: 72.89% | F1: 0.7277
2026-04-06 22:39:37,299 - INFO -   LR: 0.000050
2026-04-06 22:39:37,300 - INFO -   Patience: 12/30
2026-04-06 22:39:37,300 - INFO - 
Epoch 33/300
2026-04-06 22:39:40,324 - INFO -   Epoch [10/132] Loss: 0.6902
2026-04-06 22:39:43,475 - INFO -   Epoch [20/132] Loss: 0.6704
2026-04-06 22:39:46,601 - INFO -   Epoch [30/132] Loss: 0.5733
2026-04-06 22:39:49,666 - INFO -   Epoch [40/132] Loss: 0.3773
2026-04-06 22:39:52,815 - INFO -   Epoch [50/132] Loss: 0.8969
2026-04-06 22:39:55,947 - INFO -   Epoch [60/132] Loss: 0.5850
2026-04-06 22:39:59,093 - INFO -   Epoch [70/132] Loss: 0.4811
2026-04-06 22:40:02,231 - INFO -   Epoch [80/132] Loss: 0.4320
2026-04-06 22:40:04,734 - INFO -   Epoch [90/132] Loss: 0.5532
2026-04-06 22:40:06,965 - INFO -   Epoch [100/132] Loss: 0.3607
2026-04-06 22:40:09,587 - INFO -   Epoch [110/132] Loss: 0.6668
2026-04-06 22:40:12,127 - INFO -   Epoch [120/132] Loss: 0.8071
2026-04-06 22:40:15,016 - INFO -   Epoch [130/132] Loss: 0.3735
2026-04-06 22:40:16,725 - INFO -   Train Loss: 0.6062
2026-04-06 22:40:16,725 - INFO -   Train Accuracy: 76.38%
2026-04-06 22:40:16,726 - INFO -   Val Loss: 0.5489
2026-04-06 22:40:16,726 - INFO -   Val Accuracy: 76.44% | F1: 0.7644
2026-04-06 22:40:16,726 - INFO -   LR: 0.000025
2026-04-06 22:40:16,726 - INFO -   Patience: 13/30
2026-04-06 22:40:16,726 - INFO - 
Epoch 34/300
2026-04-06 22:40:19,356 - INFO -   Epoch [10/132] Loss: 0.3935
2026-04-06 22:40:21,885 - INFO -   Epoch [20/132] Loss: 0.6790
2026-04-06 22:40:24,525 - INFO -   Epoch [30/132] Loss: 0.7373
2026-04-06 22:40:27,154 - INFO -   Epoch [40/132] Loss: 0.3747
2026-04-06 22:40:29,782 - INFO -   Epoch [50/132] Loss: 0.9961
2026-04-06 22:40:32,363 - INFO -   Epoch [60/132] Loss: 0.3957
2026-04-06 22:40:35,007 - INFO -   Epoch [70/132] Loss: 0.9788
2026-04-06 22:40:37,623 - INFO -   Epoch [80/132] Loss: 0.6863
2026-04-06 22:40:40,217 - INFO -   Epoch [90/132] Loss: 0.3472
2026-04-06 22:40:42,792 - INFO -   Epoch [100/132] Loss: 0.4064
2026-04-06 22:40:45,424 - INFO -   Epoch [110/132] Loss: 0.9733
2026-04-06 22:40:48,044 - INFO -   Epoch [120/132] Loss: 0.1780
2026-04-06 22:40:50,634 - INFO -   Epoch [130/132] Loss: 0.7136
2026-04-06 22:40:52,235 - INFO -   Train Loss: 0.5926
2026-04-06 22:40:52,235 - INFO -   Train Accuracy: 77.52%
2026-04-06 22:40:52,235 - INFO -   Val Loss: 0.5536
2026-04-06 22:40:52,235 - INFO -   Val Accuracy: 75.56% | F1: 0.7562
2026-04-06 22:40:52,235 - INFO -   LR: 0.000025
2026-04-06 22:40:52,235 - INFO -   Patience: 14/30
2026-04-06 22:40:52,235 - INFO - 
Epoch 35/300
2026-04-06 22:40:55,253 - INFO -   Epoch [10/132] Loss: 0.5696
2026-04-06 22:40:58,392 - INFO -   Epoch [20/132] Loss: 0.9675
2026-04-06 22:41:01,499 - INFO -   Epoch [30/132] Loss: 0.5702
2026-04-06 22:41:04,643 - INFO -   Epoch [40/132] Loss: 0.4161
2026-04-06 22:41:07,786 - INFO -   Epoch [50/132] Loss: 0.4918
2026-04-06 22:41:10,647 - INFO -   Epoch [60/132] Loss: 0.6922
2026-04-06 22:41:12,817 - INFO -   Epoch [70/132] Loss: 0.7616
2026-04-06 22:41:15,963 - INFO -   Epoch [80/132] Loss: 0.7320
2026-04-06 22:41:19,069 - INFO -   Epoch [90/132] Loss: 0.8470
2026-04-06 22:41:22,218 - INFO -   Epoch [100/132] Loss: 0.8957
2026-04-06 22:41:25,368 - INFO -   Epoch [110/132] Loss: 0.4418
2026-04-06 22:41:28,458 - INFO -   Epoch [120/132] Loss: 0.5751
2026-04-06 22:41:31,610 - INFO -   Epoch [130/132] Loss: 0.4420
2026-04-06 22:41:33,306 - INFO -   Train Loss: 0.5826
2026-04-06 22:41:33,306 - INFO -   Train Accuracy: 78.35%
2026-04-06 22:41:33,307 - INFO -   Val Loss: 0.5615
2026-04-06 22:41:33,307 - INFO -   Val Accuracy: 75.11% | F1: 0.7502
2026-04-06 22:41:33,307 - INFO -   LR: 0.000025
2026-04-06 22:41:33,307 - INFO -   Patience: 15/30
2026-04-06 22:41:33,307 - INFO - 
Epoch 36/300
2026-04-06 22:41:35,890 - INFO -   Epoch [10/132] Loss: 0.4747
2026-04-06 22:41:38,487 - INFO -   Epoch [20/132] Loss: 0.5193
2026-04-06 22:41:41,111 - INFO -   Epoch [30/132] Loss: 0.3926
2026-04-06 22:41:43,743 - INFO -   Epoch [40/132] Loss: 1.1749
2026-04-06 22:41:46,320 - INFO -   Epoch [50/132] Loss: 0.5405
2026-04-06 22:41:48,930 - INFO -   Epoch [60/132] Loss: 0.7331
2026-04-06 22:41:51,575 - INFO -   Epoch [70/132] Loss: 0.4366
2026-04-06 22:41:54,173 - INFO -   Epoch [80/132] Loss: 0.6044
2026-04-06 22:41:56,746 - INFO -   Epoch [90/132] Loss: 0.2588
2026-04-06 22:41:59,391 - INFO -   Epoch [100/132] Loss: 0.8127
2026-04-06 22:42:02,031 - INFO -   Epoch [110/132] Loss: 0.5091
2026-04-06 22:42:04,674 - INFO -   Epoch [120/132] Loss: 0.4525
2026-04-06 22:42:07,229 - INFO -   Epoch [130/132] Loss: 0.5529
2026-04-06 22:42:08,848 - INFO -   Train Loss: 0.5910
2026-04-06 22:42:08,848 - INFO -   Train Accuracy: 78.10%
2026-04-06 22:42:08,848 - INFO -   Val Loss: 0.5513
2026-04-06 22:42:08,848 - INFO -   Val Accuracy: 75.56% | F1: 0.7549
2026-04-06 22:42:08,848 - INFO -   LR: 0.000025
2026-04-06 22:42:08,848 - INFO -   Patience: 16/30
2026-04-06 22:42:08,848 - INFO - 
Epoch 37/300
2026-04-06 22:42:11,661 - INFO -   Epoch [10/132] Loss: 0.5791
2026-04-06 22:42:14,797 - INFO -   Epoch [20/132] Loss: 0.4356
2026-04-06 22:42:17,916 - INFO -   Epoch [30/132] Loss: 0.4851
2026-04-06 22:42:19,862 - INFO -   Epoch [40/132] Loss: 0.6993
2026-04-06 22:42:22,961 - INFO -   Epoch [50/132] Loss: 0.9138
2026-04-06 22:42:26,092 - INFO -   Epoch [60/132] Loss: 0.2905
2026-04-06 22:42:29,232 - INFO -   Epoch [70/132] Loss: 0.8000
2026-04-06 22:42:32,354 - INFO -   Epoch [80/132] Loss: 0.6635
2026-04-06 22:42:35,487 - INFO -   Epoch [90/132] Loss: 0.4950
2026-04-06 22:42:38,633 - INFO -   Epoch [100/132] Loss: 0.4672
2026-04-06 22:42:41,759 - INFO -   Epoch [110/132] Loss: 0.7408
2026-04-06 22:42:44,894 - INFO -   Epoch [120/132] Loss: 0.8618
2026-04-06 22:42:48,034 - INFO -   Epoch [130/132] Loss: 0.1900
2026-04-06 22:42:49,740 - INFO -   Train Loss: 0.5676
2026-04-06 22:42:49,740 - INFO -   Train Accuracy: 78.03%
2026-04-06 22:42:49,740 - INFO -   Val Loss: 0.5533
2026-04-06 22:42:49,740 - INFO -   Val Accuracy: 75.56% | F1: 0.7560
2026-04-06 22:42:49,740 - INFO -   LR: 0.000025
2026-04-06 22:42:49,740 - INFO -   Patience: 17/30
2026-04-06 22:42:49,740 - INFO - 
Epoch 38/300
2026-04-06 22:42:52,802 - INFO -   Epoch [10/132] Loss: 0.4412
2026-04-06 22:42:55,943 - INFO -   Epoch [20/132] Loss: 0.4248
2026-04-06 22:42:59,067 - INFO -   Epoch [30/132] Loss: 0.3477
2026-04-06 22:43:02,197 - INFO -   Epoch [40/132] Loss: 0.4718
2026-04-06 22:43:05,329 - INFO -   Epoch [50/132] Loss: 0.4715
2026-04-06 22:43:08,493 - INFO -   Epoch [60/132] Loss: 0.3797
2026-04-06 22:43:11,615 - INFO -   Epoch [70/132] Loss: 0.2372
2026-04-06 22:43:14,757 - INFO -   Epoch [80/132] Loss: 0.9115
2026-04-06 22:43:17,897 - INFO -   Epoch [90/132] Loss: 0.8638
2026-04-06 22:43:21,023 - INFO -   Epoch [100/132] Loss: 0.6798
2026-04-06 22:43:24,168 - INFO -   Epoch [110/132] Loss: 0.2891
2026-04-06 22:43:27,300 - INFO -   Epoch [120/132] Loss: 0.7450
2026-04-06 22:43:30,438 - INFO -   Epoch [130/132] Loss: 0.5022
2026-04-06 22:43:32,145 - INFO -   Train Loss: 0.5761
2026-04-06 22:43:32,145 - INFO -   Train Accuracy: 77.71%
2026-04-06 22:43:32,145 - INFO -   Val Loss: 0.5445
2026-04-06 22:43:32,145 - INFO -   Val Accuracy: 76.44% | F1: 0.7634
2026-04-06 22:43:32,145 - INFO -   LR: 0.000025
2026-04-06 22:43:32,145 - INFO -   Patience: 18/30
2026-04-06 22:43:32,145 - INFO - 
Epoch 39/300
2026-04-06 22:43:34,137 - INFO -   Epoch [10/132] Loss: 0.5454
2026-04-06 22:43:36,822 - INFO -   Epoch [20/132] Loss: 0.3539
2026-04-06 22:43:39,967 - INFO -   Epoch [30/132] Loss: 0.2309
2026-04-06 22:43:43,110 - INFO -   Epoch [40/132] Loss: 0.4844
2026-04-06 22:43:46,184 - INFO -   Epoch [50/132] Loss: 0.5755
2026-04-06 22:43:49,323 - INFO -   Epoch [60/132] Loss: 0.4802
2026-04-06 22:43:52,470 - INFO -   Epoch [70/132] Loss: 0.4240
2026-04-06 22:43:55,587 - INFO -   Epoch [80/132] Loss: 0.8240
2026-04-06 22:43:58,726 - INFO -   Epoch [90/132] Loss: 0.4446
2026-04-06 22:44:01,818 - INFO -   Epoch [100/132] Loss: 0.4892
2026-04-06 22:44:04,801 - INFO -   Epoch [110/132] Loss: 0.6157
2026-04-06 22:44:07,716 - INFO -   Epoch [120/132] Loss: 0.5713
2026-04-06 22:44:10,804 - INFO -   Epoch [130/132] Loss: 0.4379
2026-04-06 22:44:12,468 - INFO -   Train Loss: 0.5698
2026-04-06 22:44:12,469 - INFO -   Train Accuracy: 78.03%
2026-04-06 22:44:12,469 - INFO -   Val Loss: 0.5426
2026-04-06 22:44:12,469 - INFO -   Val Accuracy: 76.44% | F1: 0.7636
2026-04-06 22:44:12,469 - INFO -   LR: 0.000013
2026-04-06 22:44:12,469 - INFO -   Patience: 19/30
2026-04-06 22:44:12,469 - INFO - 
Epoch 40/300
2026-04-06 22:44:15,050 - INFO -   Epoch [10/132] Loss: 0.4463
2026-04-06 22:44:18,170 - INFO -   Epoch [20/132] Loss: 0.8007
2026-04-06 22:44:21,297 - INFO -   Epoch [30/132] Loss: 0.5248
2026-04-06 22:44:24,410 - INFO -   Epoch [40/132] Loss: 0.6359
2026-04-06 22:44:27,531 - INFO -   Epoch [50/132] Loss: 0.8663
2026-04-06 22:44:30,679 - INFO -   Epoch [60/132] Loss: 0.4879
2026-04-06 22:44:33,759 - INFO -   Epoch [70/132] Loss: 1.2254
2026-04-06 22:44:36,940 - INFO -   Epoch [80/132] Loss: 0.5990
2026-04-06 22:44:40,082 - INFO -   Epoch [90/132] Loss: 0.4543
2026-04-06 22:44:43,198 - INFO -   Epoch [100/132] Loss: 0.6957
2026-04-06 22:44:46,340 - INFO -   Epoch [110/132] Loss: 0.5742
2026-04-06 22:44:48,511 - INFO -   Epoch [120/132] Loss: 0.3098
2026-04-06 22:44:51,292 - INFO -   Epoch [130/132] Loss: 0.4569
2026-04-06 22:44:53,008 - INFO -   Train Loss: 0.5901
2026-04-06 22:44:53,009 - INFO -   Train Accuracy: 77.21%
2026-04-06 22:44:53,009 - INFO -   Val Loss: 0.5396
2026-04-06 22:44:53,009 - INFO -   Val Accuracy: 76.44% | F1: 0.7628
2026-04-06 22:44:53,009 - INFO -   LR: 0.000013
2026-04-06 22:44:53,009 - INFO -   Patience: 20/30
2026-04-06 22:44:53,009 - INFO - 
Epoch 41/300
2026-04-06 22:44:55,645 - INFO -   Epoch [10/132] Loss: 0.2796
2026-04-06 22:44:58,295 - INFO -   Epoch [20/132] Loss: 0.8508
2026-04-06 22:45:01,136 - INFO -   Epoch [30/132] Loss: 0.9177
2026-04-06 22:45:04,280 - INFO -   Epoch [40/132] Loss: 0.3316
2026-04-06 22:45:07,412 - INFO -   Epoch [50/132] Loss: 0.9090
2026-04-06 22:45:10,537 - INFO -   Epoch [60/132] Loss: 0.6873
2026-04-06 22:45:13,639 - INFO -   Epoch [70/132] Loss: 1.3919
2026-04-06 22:45:16,789 - INFO -   Epoch [80/132] Loss: 0.4273
2026-04-06 22:45:19,914 - INFO -   Epoch [90/132] Loss: 0.8025
2026-04-06 22:45:23,030 - INFO -   Epoch [100/132] Loss: 0.2516
2026-04-06 22:45:26,168 - INFO -   Epoch [110/132] Loss: 0.8102
2026-04-06 22:45:29,243 - INFO -   Epoch [120/132] Loss: 0.4557
2026-04-06 22:45:32,272 - INFO -   Epoch [130/132] Loss: 0.4629
2026-04-06 22:45:34,048 - INFO -   Train Loss: 0.5613
2026-04-06 22:45:34,048 - INFO -   Train Accuracy: 78.67%
2026-04-06 22:45:34,048 - INFO -   Val Loss: 0.5454
2026-04-06 22:45:34,048 - INFO -   Val Accuracy: 76.00% | F1: 0.7580
2026-04-06 22:45:34,048 - INFO -   LR: 0.000013
2026-04-06 22:45:34,048 - INFO -   Patience: 21/30
2026-04-06 22:45:34,048 - INFO - 
Epoch 42/300
2026-04-06 22:45:36,685 - INFO -   Epoch [10/132] Loss: 0.3190
2026-04-06 22:45:39,751 - INFO -   Epoch [20/132] Loss: 0.5001
2026-04-06 22:45:42,831 - INFO -   Epoch [30/132] Loss: 0.5367
2026-04-06 22:45:45,978 - INFO -   Epoch [40/132] Loss: 0.5952
2026-04-06 22:45:49,122 - INFO -   Epoch [50/132] Loss: 0.6120
2026-04-06 22:45:52,260 - INFO -   Epoch [60/132] Loss: 0.8747
2026-04-06 22:45:55,419 - INFO -   Epoch [70/132] Loss: 0.3993
2026-04-06 22:45:58,563 - INFO -   Epoch [80/132] Loss: 0.6945
2026-04-06 22:46:00,911 - INFO -   Epoch [90/132] Loss: 0.4510
2026-04-06 22:46:03,235 - INFO -   Epoch [100/132] Loss: 0.9085
2026-04-06 22:46:06,388 - INFO -   Epoch [110/132] Loss: 0.5435
2026-04-06 22:46:09,494 - INFO -   Epoch [120/132] Loss: 0.3877
2026-04-06 22:46:12,615 - INFO -   Epoch [130/132] Loss: 0.4317
2026-04-06 22:46:14,296 - INFO -   Train Loss: 0.5638
2026-04-06 22:46:14,296 - INFO -   Train Accuracy: 78.54%
2026-04-06 22:46:14,296 - INFO -   Val Loss: 0.5438
2026-04-06 22:46:14,296 - INFO -   Val Accuracy: 76.00% | F1: 0.7578
2026-04-06 22:46:14,296 - INFO -   LR: 0.000013
2026-04-06 22:46:14,296 - INFO -   Patience: 22/30
2026-04-06 22:46:14,296 - INFO - 
Epoch 43/300
2026-04-06 22:46:16,939 - INFO -   Epoch [10/132] Loss: 0.2263
2026-04-06 22:46:19,550 - INFO -   Epoch [20/132] Loss: 0.7251
2026-04-06 22:46:22,334 - INFO -   Epoch [30/132] Loss: 0.7658
2026-04-06 22:46:25,481 - INFO -   Epoch [40/132] Loss: 0.3227
2026-04-06 22:46:28,626 - INFO -   Epoch [50/132] Loss: 0.3818
2026-04-06 22:46:31,738 - INFO -   Epoch [60/132] Loss: 0.4190
2026-04-06 22:46:34,870 - INFO -   Epoch [70/132] Loss: 0.7893
2026-04-06 22:46:38,041 - INFO -   Epoch [80/132] Loss: 0.6137
2026-04-06 22:46:41,184 - INFO -   Epoch [90/132] Loss: 0.4348
2026-04-06 22:46:44,324 - INFO -   Epoch [100/132] Loss: 0.6424
2026-04-06 22:46:47,462 - INFO -   Epoch [110/132] Loss: 0.4824
2026-04-06 22:46:50,607 - INFO -   Epoch [120/132] Loss: 0.8333
2026-04-06 22:46:53,733 - INFO -   Epoch [130/132] Loss: 0.4956
2026-04-06 22:46:55,435 - INFO -   Train Loss: 0.5700
2026-04-06 22:46:55,435 - INFO -   Train Accuracy: 77.84%
2026-04-06 22:46:55,435 - INFO -   Val Loss: 0.5457
2026-04-06 22:46:55,435 - INFO -   Val Accuracy: 77.33% | F1: 0.7732
2026-04-06 22:46:55,435 - INFO -   LR: 0.000013
2026-04-06 22:46:55,435 - INFO -   Patience: 23/30
2026-04-06 22:46:55,435 - INFO - 
Epoch 44/300
2026-04-06 22:46:58,056 - INFO -   Epoch [10/132] Loss: 0.9381
2026-04-06 22:47:00,715 - INFO -   Epoch [20/132] Loss: 0.4946
2026-04-06 22:47:03,353 - INFO -   Epoch [30/132] Loss: 0.2686
2026-04-06 22:47:05,963 - INFO -   Epoch [40/132] Loss: 0.8176
2026-04-06 22:47:08,590 - INFO -   Epoch [50/132] Loss: 0.9216
2026-04-06 22:47:11,045 - INFO -   Epoch [60/132] Loss: 0.4350
2026-04-06 22:47:13,131 - INFO -   Epoch [70/132] Loss: 0.1574
2026-04-06 22:47:15,911 - INFO -   Epoch [80/132] Loss: 0.4659
2026-04-06 22:47:19,053 - INFO -   Epoch [90/132] Loss: 0.4248
2026-04-06 22:47:22,196 - INFO -   Epoch [100/132] Loss: 0.8026
2026-04-06 22:47:25,339 - INFO -   Epoch [110/132] Loss: 0.5658
2026-04-06 22:47:28,479 - INFO -   Epoch [120/132] Loss: 0.7834
2026-04-06 22:47:31,632 - INFO -   Epoch [130/132] Loss: 0.5453
2026-04-06 22:47:33,335 - INFO -   Train Loss: 0.5566
2026-04-06 22:47:33,335 - INFO -   Train Accuracy: 79.05%
2026-04-06 22:47:33,335 - INFO -   Val Loss: 0.5493
2026-04-06 22:47:33,335 - INFO -   Val Accuracy: 76.89% | F1: 0.7688
2026-04-06 22:47:33,335 - INFO -   LR: 0.000013
2026-04-06 22:47:33,335 - INFO -   Patience: 24/30
2026-04-06 22:47:33,336 - INFO - 
Epoch 45/300
2026-04-06 22:47:35,952 - INFO -   Epoch [10/132] Loss: 0.5018
2026-04-06 22:47:38,566 - INFO -   Epoch [20/132] Loss: 0.2591
2026-04-06 22:47:41,202 - INFO -   Epoch [30/132] Loss: 0.8687
2026-04-06 22:47:43,822 - INFO -   Epoch [40/132] Loss: 0.3392
2026-04-06 22:47:46,459 - INFO -   Epoch [50/132] Loss: 0.6235
2026-04-06 22:47:49,138 - INFO -   Epoch [60/132] Loss: 0.2540
2026-04-06 22:47:52,262 - INFO -   Epoch [70/132] Loss: 0.4869
2026-04-06 22:47:55,398 - INFO -   Epoch [80/132] Loss: 0.5707
2026-04-06 22:47:58,546 - INFO -   Epoch [90/132] Loss: 0.9606
2026-04-06 22:48:01,697 - INFO -   Epoch [100/132] Loss: 0.4387
2026-04-06 22:48:04,836 - INFO -   Epoch [110/132] Loss: 0.6126
2026-04-06 22:48:07,977 - INFO -   Epoch [120/132] Loss: 0.6078
2026-04-06 22:48:11,111 - INFO -   Epoch [130/132] Loss: 0.8030
2026-04-06 22:48:12,812 - INFO -   Train Loss: 0.5709
2026-04-06 22:48:12,812 - INFO -   Train Accuracy: 78.67%
2026-04-06 22:48:12,813 - INFO -   Val Loss: 0.5464
2026-04-06 22:48:12,813 - INFO -   Val Accuracy: 76.00% | F1: 0.7575
2026-04-06 22:48:12,813 - INFO -   LR: 0.000006
2026-04-06 22:48:12,813 - INFO -   Patience: 25/30
2026-04-06 22:48:12,813 - INFO - 
Epoch 46/300
2026-04-06 22:48:15,429 - INFO -   Epoch [10/132] Loss: 0.3061
2026-04-06 22:48:18,086 - INFO -   Epoch [20/132] Loss: 0.5887
2026-04-06 22:48:20,732 - INFO -   Epoch [30/132] Loss: 0.4950
2026-04-06 22:48:22,663 - INFO -   Epoch [40/132] Loss: 0.2077
2026-04-06 22:48:25,694 - INFO -   Epoch [50/132] Loss: 0.5309
2026-04-06 22:48:28,836 - INFO -   Epoch [60/132] Loss: 0.2247
2026-04-06 22:48:31,979 - INFO -   Epoch [70/132] Loss: 0.6537
2026-04-06 22:48:35,128 - INFO -   Epoch [80/132] Loss: 0.4562
2026-04-06 22:48:38,273 - INFO -   Epoch [90/132] Loss: 0.5172
2026-04-06 22:48:41,421 - INFO -   Epoch [100/132] Loss: 0.9272
2026-04-06 22:48:44,575 - INFO -   Epoch [110/132] Loss: 0.3199
2026-04-06 22:48:47,718 - INFO -   Epoch [120/132] Loss: 0.4977
2026-04-06 22:48:50,862 - INFO -   Epoch [130/132] Loss: 1.0565
2026-04-06 22:48:52,578 - INFO -   Train Loss: 0.5685
2026-04-06 22:48:52,578 - INFO -   Train Accuracy: 78.41%
2026-04-06 22:48:52,578 - INFO -   Val Loss: 0.5452
2026-04-06 22:48:52,579 - INFO -   Val Accuracy: 76.89% | F1: 0.7676
2026-04-06 22:48:52,579 - INFO -   LR: 0.000006
2026-04-06 22:48:52,579 - INFO -   Patience: 26/30
2026-04-06 22:48:52,579 - INFO - 
Epoch 47/300
2026-04-06 22:48:55,153 - INFO -   Epoch [10/132] Loss: 0.7925
2026-04-06 22:48:58,228 - INFO -   Epoch [20/132] Loss: 0.5927
2026-04-06 22:49:01,376 - INFO -   Epoch [30/132] Loss: 0.5964
2026-04-06 22:49:04,445 - INFO -   Epoch [40/132] Loss: 0.4081
2026-04-06 22:49:07,592 - INFO -   Epoch [50/132] Loss: 0.4998
2026-04-06 22:49:10,738 - INFO -   Epoch [60/132] Loss: 0.7048
2026-04-06 22:49:13,874 - INFO -   Epoch [70/132] Loss: 0.5224
2026-04-06 22:49:17,020 - INFO -   Epoch [80/132] Loss: 0.8671
2026-04-06 22:49:20,172 - INFO -   Epoch [90/132] Loss: 0.4655
2026-04-06 22:49:23,315 - INFO -   Epoch [100/132] Loss: 1.2734
2026-04-06 22:49:26,447 - INFO -   Epoch [110/132] Loss: 0.4944
2026-04-06 22:49:29,593 - INFO -   Epoch [120/132] Loss: 0.7400
2026-04-06 22:49:32,741 - INFO -   Epoch [130/132] Loss: 0.4925
2026-04-06 22:49:34,453 - INFO -   Train Loss: 0.5733
2026-04-06 22:49:34,454 - INFO -   Train Accuracy: 77.90%
2026-04-06 22:49:34,454 - INFO -   Val Loss: 0.5440
2026-04-06 22:49:34,454 - INFO -   Val Accuracy: 76.44% | F1: 0.7651
2026-04-06 22:49:34,454 - INFO -   LR: 0.000006
2026-04-06 22:49:34,454 - INFO -   Patience: 27/30
2026-04-06 22:49:34,454 - INFO - 
Epoch 48/300
2026-04-06 22:49:36,527 - INFO -   Epoch [10/132] Loss: 0.3872
2026-04-06 22:49:39,302 - INFO -   Epoch [20/132] Loss: 0.5710
2026-04-06 22:49:42,445 - INFO -   Epoch [30/132] Loss: 0.9202
2026-04-06 22:49:45,590 - INFO -   Epoch [40/132] Loss: 0.5866
2026-04-06 22:49:48,732 - INFO -   Epoch [50/132] Loss: 0.6593
2026-04-06 22:49:51,874 - INFO -   Epoch [60/132] Loss: 0.7740
2026-04-06 22:49:54,988 - INFO -   Epoch [70/132] Loss: 0.7977
2026-04-06 22:49:58,068 - INFO -   Epoch [80/132] Loss: 0.3392
2026-04-06 22:50:01,196 - INFO -   Epoch [90/132] Loss: 0.4595
2026-04-06 22:50:04,285 - INFO -   Epoch [100/132] Loss: 0.4003
2026-04-06 22:50:07,409 - INFO -   Epoch [110/132] Loss: 0.9066
2026-04-06 22:50:10,539 - INFO -   Epoch [120/132] Loss: 0.6779
2026-04-06 22:50:13,680 - INFO -   Epoch [130/132] Loss: 0.6087
2026-04-06 22:50:15,374 - INFO -   Train Loss: 0.5578
2026-04-06 22:50:15,374 - INFO -   Train Accuracy: 78.35%
2026-04-06 22:50:15,374 - INFO -   Val Loss: 0.5479
2026-04-06 22:50:15,375 - INFO -   Val Accuracy: 76.89% | F1: 0.7690
2026-04-06 22:50:15,375 - INFO -   LR: 0.000006
2026-04-06 22:50:15,375 - INFO -   Patience: 28/30
2026-04-06 22:50:15,375 - INFO - 
Epoch 49/300
2026-04-06 22:50:18,009 - INFO -   Epoch [10/132] Loss: 0.7182
2026-04-06 22:50:20,642 - INFO -   Epoch [20/132] Loss: 0.3686
2026-04-06 22:50:23,283 - INFO -   Epoch [30/132] Loss: 0.2361
2026-04-06 22:50:25,913 - INFO -   Epoch [40/132] Loss: 0.2330
2026-04-06 22:50:28,549 - INFO -   Epoch [50/132] Loss: 0.4430
2026-04-06 22:50:31,182 - INFO -   Epoch [60/132] Loss: 0.8265
2026-04-06 22:50:34,285 - INFO -   Epoch [70/132] Loss: 0.3442
2026-04-06 22:50:37,427 - INFO -   Epoch [80/132] Loss: 0.3104
2026-04-06 22:50:40,588 - INFO -   Epoch [90/132] Loss: 0.3233
2026-04-06 22:50:43,761 - INFO -   Epoch [100/132] Loss: 0.9463
2026-04-06 22:50:46,904 - INFO -   Epoch [110/132] Loss: 0.5898
2026-04-06 22:50:49,196 - INFO -   Epoch [120/132] Loss: 0.6984
2026-04-06 22:50:51,960 - INFO -   Epoch [130/132] Loss: 0.3810
2026-04-06 22:50:53,671 - INFO -   Train Loss: 0.5803
2026-04-06 22:50:53,671 - INFO -   Train Accuracy: 79.11%
2026-04-06 22:50:53,671 - INFO -   Val Loss: 0.5458
2026-04-06 22:50:53,671 - INFO -   Val Accuracy: 76.44% | F1: 0.7651
2026-04-06 22:50:53,671 - INFO -   LR: 0.000006
2026-04-06 22:50:53,672 - INFO -   Patience: 29/30
2026-04-06 22:50:53,672 - INFO - 
Epoch 50/300
2026-04-06 22:50:56,301 - INFO -   Epoch [10/132] Loss: 0.7001
2026-04-06 22:50:58,947 - INFO -   Epoch [20/132] Loss: 0.2560
2026-04-06 22:51:01,812 - INFO -   Epoch [30/132] Loss: 0.5273
2026-04-06 22:51:04,960 - INFO -   Epoch [40/132] Loss: 0.6026
2026-04-06 22:51:08,102 - INFO -   Epoch [50/132] Loss: 0.4945
2026-04-06 22:51:11,244 - INFO -   Epoch [60/132] Loss: 0.5026
2026-04-06 22:51:14,388 - INFO -   Epoch [70/132] Loss: 0.5574
2026-04-06 22:51:17,529 - INFO -   Epoch [80/132] Loss: 0.9181
2026-04-06 22:51:20,669 - INFO -   Epoch [90/132] Loss: 0.2183
2026-04-06 22:51:23,814 - INFO -   Epoch [100/132] Loss: 0.5504
2026-04-06 22:51:26,948 - INFO -   Epoch [110/132] Loss: 0.7503
2026-04-06 22:51:29,923 - INFO -   Epoch [120/132] Loss: 0.3958
2026-04-06 22:51:33,071 - INFO -   Epoch [130/132] Loss: 0.7300
2026-04-06 22:51:34,850 - INFO -   Train Loss: 0.5531
2026-04-06 22:51:34,850 - INFO -   Train Accuracy: 79.24%
2026-04-06 22:51:34,850 - INFO -   Val Loss: 0.5492
2026-04-06 22:51:34,851 - INFO -   Val Accuracy: 76.89% | F1: 0.7681
2026-04-06 22:51:34,851 - INFO -   LR: 0.000006
2026-04-06 22:51:34,851 - INFO -   Patience: 30/30
2026-04-06 22:51:34,851 - INFO - 
✓ Early stopping at epoch 50
2026-04-06 22:51:34,851 - INFO - 
✓ Training completed!
2026-04-06 22:51:34,851 - INFO -   Best Accuracy: 79.11%
2026-04-06 22:51:34,851 - INFO - 
================================================================================
2026-04-06 22:51:34,851 - INFO - Step 7: Testing
2026-04-06 22:51:34,851 - INFO - ================================================================================
/workspace/Graph_Deep_Learning/20251001-PRD_18-21-24-mobility_change_pattern/analysis/PRD-Mobility-Change-Pattern/train_multiscale_temporal.py:930: FutureWarning: You are using `torch.load` with `weights_only=False` (the current default value), which uses the default pickle module implicitly. It is possible to construct malicious pickle data which will execute arbitrary code during unpickling (See https://github.com/pytorch/pytorch/blob/main/SECURITY.md#untrusted-models for more details). In a future release, the default value for `weights_only` will be flipped to `True`. This limits the functions that could be executed during unpickling. Arbitrary objects will no longer be allowed to be loaded via this mode unless they are explicitly allowlisted by the user via `torch.serialization.add_safe_globals`. We recommend you start setting `weights_only=True` for any use case where you don't have full control of the loaded file. Please open an issue on GitHub for any issues related to this experimental feature.
  checkpoint = torch.load(f"{output_dir}/models/best_model.pth")
2026-04-06 22:51:35,114 - INFO - ✓ Loaded best model from epoch 20
2026-04-06 22:51:37,376 - INFO - 
Test Results:
2026-04-06 22:51:37,376 - INFO -   - Accuracy: 74.00%
2026-04-06 22:51:37,376 - INFO -   - F1 Score: 0.7388
2026-04-06 22:51:37,378 - INFO -   - Kappa: 0.7070
2026-04-06 22:51:37,386 - INFO - 
✓ All results saved to outputs/multiscale_temporal_20260406_221825_sampled_labels_spc250_seed202_reconstructed_phase49_spc250_diff_fusion/metrics/
2026-04-06 22:51:37,386 - INFO -   - test_results.json
2026-04-06 22:51:37,386 - INFO -   - classification_report.txt
2026-04-06 22:51:37,386 - INFO -   - confusion_matrix.npy
2026-04-06 22:51:37,387 - INFO - 
================================================================================
2026-04-06 22:51:37,387 - INFO - Training Time Statistics
2026-04-06 22:51:37,387 - INFO - ================================================================================
2026-04-06 22:51:37,387 - INFO - Start time:    2026-04-06 22:18:25
2026-04-06 22:51:37,387 - INFO - End time:      2026-04-06 22:51:37
2026-04-06 22:51:37,387 - INFO - Total time:    00:33:12 (1992.19 seconds)
2026-04-06 22:51:37,387 - INFO -                (33.20 minutes, 0.55 hours)
2026-04-06 22:51:37,387 - INFO - ================================================================================
2026-04-06 22:51:37,387 - INFO - ✓ Timing info saved to outputs/multiscale_temporal_20260406_221825_sampled_labels_spc250_seed202_reconstructed_phase49_spc250_diff_fusion/metrics/timing_info.json
2026-04-06 22:51:37,387 - INFO - ================================================================================
[LapPE] Loading from cache: outputs/.laplacian_pe_cache/lpe_n65049_k8_topk20x20.pt
[LapPE] Loaded: torch.Size([65049, 8])
