2026-04-06 22:18:32,662 - INFO - ================================================================================
2026-04-06 22:18:32,662 - INFO - Multi-Scale Temporal Branch Training
2026-04-06 22:18:32,662 - INFO - ================================================================================
2026-04-06 22:18:32,662 - INFO - Training started at: 2026-04-06 22:18:32
2026-04-06 22:18:32,662 - INFO - 
Improvement: Multi-Scale Temporal Branch (hourly + daily + weekly)
2026-04-06 22:18:32,662 - INFO - Dataset: data/labels_sgh_entropy_0.05_per_450.csv with flow threshold 0.0 and 168 time steps
2026-04-06 22:18:32,662 - INFO - Runtime overrides | spatial_model=GINE, samples_per_class=None, epochs=300, batch_size=12, lr=0.0001, grad_accum=4, early_stop=30, use_cache=True
2026-04-06 22:18:32,662 - INFO - Temporal override | temporal_model=TRANSFORMER
2026-04-06 22:18:32,662 - INFO - Temporal layer override | layers=3
2026-04-06 22:18:32,662 - INFO - Graph overrides | topk_out=20, topk_in=20, topk_enabled=True
2026-04-06 22:18:32,662 - INFO - Graph temporal mode | mode=static
2026-04-06 22:18:32,662 - INFO - Seed override | random_seed=202
2026-04-06 22:18:32,662 - INFO - Spatial node feature mode | mode=raw_temporal_mean
2026-04-06 22:18:32,662 - INFO - GINE edge feature mode | mode=flow_distance_direction
2026-04-06 22:18:32,662 - INFO - Temporal feature mode | mode=inflow_outflow
2026-04-06 22:18:32,662 - INFO - Split manifest | load=None, export=None
2026-04-06 22:18:32,662 - INFO - Branch ablation mode | mode=full
2026-04-06 22:18:32,662 - INFO - Fusion ablation mode | mode=gated
2026-04-06 22:18:32,664 - INFO - 
Output directory: outputs/multiscale_temporal_20260406_221832_labels_sgh_entropy_0.05_per_450_phase49_entropy005_diff_fusion
2026-04-06 22:18:32,664 - INFO - Log file: outputs/multiscale_temporal_20260406_221832_labels_sgh_entropy_0.05_per_450_phase49_entropy005_diff_fusion/training.log
2026-04-06 22:18:32,664 - INFO - 
================================================================================
2026-04-06 22:18:32,664 - INFO - Step 1: Loading data
2026-04-06 22:18:32,664 - INFO - ================================================================================
2026-04-06 22:18:32,666 - INFO - ================================================================================
2026-04-06 22:18:32,666 - INFO - Dual-Year Experiment Data Preparation
2026-04-06 22:18:32,666 - INFO - ================================================================================
2026-04-06 22:18:32,666 - INFO - Label file: data/labels_sgh_entropy_0.05_per_450.csv
2026-04-06 22:18:32,666 - INFO - Samples per class: ALL
2026-04-06 22:18:32,666 - INFO - 
2026-04-06 22:18:32,666 - INFO - Loading grid metadata...
2026-04-06 22:18:32,666 - INFO - Loading grid metadata from data/grid_metadata/sgh_grid_metadata.csv
2026-04-06 22:18:32,730 - INFO - Loaded 65049 valid grid cells
2026-04-06 22:18:32,736 - INFO - ================================================================================
2026-04-06 22:18:32,736 - INFO - Loading Feature Cache (Level-1)
2026-04-06 22:18:32,736 - INFO - ================================================================================
2026-04-06 22:18:32,736 - INFO - Feature cache file: data/cache/features/dual_year_features_cb92786c4c45.pkl
/opt/conda/lib/python3.11/site-packages/torch/storage.py:414: FutureWarning: You are using `torch.load` with `weights_only=False` (the current default value), which uses the default pickle module implicitly. It is possible to construct malicious pickle data which will execute arbitrary code during unpickling (See https://github.com/pytorch/pytorch/blob/main/SECURITY.md#untrusted-models for more details). In a future release, the default value for `weights_only` will be flipped to `True`. This limits the functions that could be executed during unpickling. Arbitrary objects will no longer be allowed to be loaded via this mode unless they are explicitly allowlisted by the user via `torch.serialization.add_safe_globals`. We recommend you start setting `weights_only=True` for any use case where you don't have full control of the loaded file. Please open an issue on GitHub for any issues related to this experimental feature.
  return torch.load(io.BytesIO(b))
2026-04-06 22:18:32,801 - INFO - ✓ Feature cache hit
2026-04-06 22:18:32,801 - INFO -   - Total labeled grids: 4050
2026-04-06 22:18:32,801 - INFO - Building/loading spatial graphs...
2026-04-06 22:18:32,801 - INFO - CRITICAL FIX: Using GLOBAL metadata (all 65049 grids)
2026-04-06 22:18:32,908 - INFO - ================================================================================
2026-04-06 22:18:32,908 - INFO - Loading Graph Cache (Level-2 variant)
2026-04-06 22:18:32,908 - INFO - ================================================================================
2026-04-06 22:18:32,908 - INFO - Graph cache file: data/cache/graphs/dual_year_graph_variant_0e1f7f20f21e.pkl
2026-04-06 22:18:32,973 - INFO - ✓ Graph variant cache hit
2026-04-06 22:18:32,973 - INFO - 
✓ CRITICAL FIX APPLIED:
2026-04-06 22:18:32,973 - INFO -   - Global graph nodes: 65049 (from 65049 metadata)
2026-04-06 22:18:32,973 - INFO -   - Labeled nodes for training: 4050
2026-04-06 22:18:32,973 - INFO -   - Unlabeled nodes in graph: 60999
2026-04-06 22:18:32,973 - INFO -   - Graph temporal mode: static
2026-04-06 22:18:32,973 - INFO -   - Graph edge feature mode: flow_distance_direction
2026-04-06 22:18:32,973 - INFO -   - Graph snapshots per year: 1
2026-04-06 22:18:32,973 - INFO -   - Graph 2021 edges (snapshot0): 1034676
2026-04-06 22:18:32,973 - INFO -   - Graph 2024 edges (snapshot0): 1179275
2026-04-06 22:18:32,973 - INFO - 
Architecture:
2026-04-06 22:18:32,973 - INFO -   - Temporal Branch (LSTM): Uses 4050 labeled nodes with (168, 2) features
2026-04-06 22:18:32,973 - INFO -   - Spatial Branch (GCN/SAGE): Uses 65049 nodes with all-1 features
2026-04-06 22:18:32,973 - INFO -   - Feature dimension per labeled node: (168, 4)
2026-04-06 22:18:32,974 - INFO - 
Two-level cache summary:
2026-04-06 22:18:32,974 - INFO -   - Feature cache: data/cache/features/dual_year_features_cb92786c4c45.pkl
2026-04-06 22:18:32,974 - INFO -   - Graph base cache: data/cache/graphs/dual_year_graph_base_d4d046bfdc14.pkl
2026-04-06 22:18:32,974 - INFO -   - Graph variant cache: data/cache/graphs/dual_year_graph_variant_0e1f7f20f21e.pkl
2026-04-06 22:18:32,981 - INFO - ✓ Data loaded successfully
2026-04-06 22:18:32,981 - INFO -   - Total grids: 4050
2026-04-06 22:18:32,981 - INFO -   - Feature shape: (168, 4)
2026-04-06 22:18:32,981 - INFO -   - Graph 2021 edges: 1034676
2026-04-06 22:18:32,981 - INFO -   - Graph 2024 edges: 1179275
2026-04-06 22:18:32,981 - INFO -   - Graph edge feature mode: flow_distance_direction
2026-04-06 22:18:32,981 - INFO - 
================================================================================
2026-04-06 22:18:32,981 - INFO - Step 2: Preparing temporal features
2026-04-06 22:18:32,981 - INFO - ================================================================================
2026-04-06 22:18:33,027 - INFO - ✓ Temporal features prepared
2026-04-06 22:18:33,027 - INFO - 
================================================================================
2026-04-06 22:18:33,027 - INFO - Step 3: Creating dataset
2026-04-06 22:18:33,027 - INFO - ================================================================================
2026-04-06 22:18:33,028 - INFO - ✓ Dataset created: 4050 samples
2026-04-06 22:18:33,032 - INFO -   - Split Source: seeded_random_split
2026-04-06 22:18:33,032 - INFO -   - Wrote Split Manifest: outputs/multiscale_temporal_20260406_221832_labels_sgh_entropy_0.05_per_450_phase49_entropy005_diff_fusion/metrics/split_manifest.json
2026-04-06 22:18:33,032 - INFO -   - Train: 2835 samples
2026-04-06 22:18:33,032 - INFO -   - Val: 405 samples
2026-04-06 22:18:33,032 - INFO -   - Test: 810 samples
2026-04-06 22:18:33,313 - INFO - ✓ Data loaders created
2026-04-06 22:18:33,313 - INFO - 
================================================================================
2026-04-06 22:18:33,314 - INFO - Step 4: Creating Enhanced Model
2026-04-06 22:18:33,314 - INFO - ================================================================================
2026-04-06 22:18:33,314 - INFO - Using device: cuda
2026-04-06 22:18:33,314 - INFO - Spatial model: GINE
2026-04-06 22:18:33,314 - INFO - Temporal model: TRANSFORMER
2026-04-06 22:18:35,527 - INFO -   - Registered spatial coordinates for GINE node features (torch.Size([65049, 2]))
2026-04-06 22:18:35,965 - INFO - ✓ Enhanced model created
2026-04-06 22:18:35,965 - INFO -   - Total parameters: 5,041,038
2026-04-06 22:18:35,965 - INFO -   - Trainable parameters: 5,041,038
2026-04-06 22:18:35,965 - INFO -   - Multi-scale temporal: Hourly + Daily + Weekly
2026-04-06 22:18:35,965 - INFO -   - Temporal branch model: TRANSFORMER
2026-04-06 22:18:35,965 - INFO -   - Spatial branch: GINE
2026-04-06 22:18:35,965 - INFO -   - Laplacian PE dimension: 8
2026-04-06 22:18:35,965 - INFO -   - Branch ablation mode: full
2026-04-06 22:18:35,965 - INFO -   - Fusion ablation mode: gated
2026-04-06 22:18:35,965 - INFO - 
================================================================================
2026-04-06 22:18:35,965 - INFO - Step 5: Setting up training
2026-04-06 22:18:35,965 - INFO - ================================================================================
/opt/conda/lib/python3.11/site-packages/torch/optim/lr_scheduler.py:60: UserWarning: The verbose parameter is deprecated. Please use get_last_lr() to access the learning rate.
  warnings.warn(
2026-04-06 22:18:35,967 - INFO - ✓ Training setup complete
2026-04-06 22:18:35,968 - INFO -   - Optimizer: Adam (lr=0.0001, wd=0.001)
2026-04-06 22:18:35,968 - INFO -   - Scheduler: ReduceLROnPlateau (patience=5, factor=0.5)
2026-04-06 22:18:35,968 - INFO -   - Loss: Weighted CrossEntropy
2026-04-06 22:18:35,968 - INFO - 
================================================================================
2026-04-06 22:18:35,968 - INFO - Step 6: Training
2026-04-06 22:18:35,968 - INFO - ================================================================================
2026-04-06 22:18:35,968 - INFO - 
Epoch 1/300
/workspace/Graph_Deep_Learning/20251001-PRD_18-21-24-mobility_change_pattern/analysis/PRD-Mobility-Change-Pattern/src/models/enhanced_dual_branch_model.py:512: FutureWarning: You are using `torch.load` with `weights_only=False` (the current default value), which uses the default pickle module implicitly. It is possible to construct malicious pickle data which will execute arbitrary code during unpickling (See https://github.com/pytorch/pytorch/blob/main/SECURITY.md#untrusted-models for more details). In a future release, the default value for `weights_only` will be flipped to `True`. This limits the functions that could be executed during unpickling. Arbitrary objects will no longer be allowed to be loaded via this mode unless they are explicitly allowlisted by the user via `torch.serialization.add_safe_globals`. We recommend you start setting `weights_only=True` for any use case where you don't have full control of the loaded file. Please open an issue on GitHub for any issues related to this experimental feature.
  cached = torch.load(cache_path, map_location='cpu')
2026-04-06 22:18:39,408 - INFO -   Epoch [10/237] Loss: 2.1283
2026-04-06 22:18:42,055 - INFO -   Epoch [20/237] Loss: 2.0375
2026-04-06 22:18:44,654 - INFO -   Epoch [30/237] Loss: 2.0072
2026-04-06 22:18:47,297 - INFO -   Epoch [40/237] Loss: 2.1209
2026-04-06 22:18:49,934 - INFO -   Epoch [50/237] Loss: 2.0773
2026-04-06 22:18:52,521 - INFO -   Epoch [60/237] Loss: 2.0354
2026-04-06 22:18:55,162 - INFO -   Epoch [70/237] Loss: 2.1294
2026-04-06 22:18:58,152 - INFO -   Epoch [80/237] Loss: 2.2710
2026-04-06 22:19:00,978 - INFO -   Epoch [90/237] Loss: 2.0013
2026-04-06 22:19:03,400 - INFO -   Epoch [100/237] Loss: 1.9039
2026-04-06 22:19:06,333 - INFO -   Epoch [110/237] Loss: 1.9546
2026-04-06 22:19:09,457 - INFO -   Epoch [120/237] Loss: 2.1114
2026-04-06 22:19:12,602 - INFO -   Epoch [130/237] Loss: 2.0703
2026-04-06 22:19:15,735 - INFO -   Epoch [140/237] Loss: 1.6210
2026-04-06 22:19:18,673 - INFO -   Epoch [150/237] Loss: 1.8252
2026-04-06 22:19:21,688 - INFO -   Epoch [160/237] Loss: 1.8201
2026-04-06 22:19:24,833 - INFO -   Epoch [170/237] Loss: 1.7737
2026-04-06 22:19:27,977 - INFO -   Epoch [180/237] Loss: 1.9076
2026-04-06 22:19:31,117 - INFO -   Epoch [190/237] Loss: 1.9778
2026-04-06 22:19:34,275 - INFO -   Epoch [200/237] Loss: 1.8587
2026-04-06 22:19:37,422 - INFO -   Epoch [210/237] Loss: 1.6871
2026-04-06 22:19:40,558 - INFO -   Epoch [220/237] Loss: 2.0636
2026-04-06 22:19:43,105 - INFO -   Epoch [230/237] Loss: 2.1488
2026-04-06 22:19:46,852 - INFO -   Train Loss: 1.9582
2026-04-06 22:19:46,852 - INFO -   Train Accuracy: 26.31%
2026-04-06 22:19:46,852 - INFO -   Val Loss: 1.6275
2026-04-06 22:19:46,852 - INFO -   Val Accuracy: 40.49% | F1: 0.3592
2026-04-06 22:19:46,852 - INFO -   LR: 0.000100
2026-04-06 22:19:46,958 - INFO -   ✓ New best model saved! (Acc: 40.49%)
2026-04-06 22:19:46,958 - INFO -   Patience: 0/30
2026-04-06 22:19:46,958 - INFO - 
Epoch 2/300
2026-04-06 22:19:49,949 - INFO -   Epoch [10/237] Loss: 2.0202
2026-04-06 22:19:53,093 - INFO -   Epoch [20/237] Loss: 1.5817
2026-04-06 22:19:56,331 - INFO -   Epoch [30/237] Loss: 1.6062
2026-04-06 22:19:59,475 - INFO -   Epoch [40/237] Loss: 1.6719
2026-04-06 22:20:02,609 - INFO -   Epoch [50/237] Loss: 1.8632
2026-04-06 22:20:05,755 - INFO -   Epoch [60/237] Loss: 1.5483
2026-04-06 22:20:08,899 - INFO -   Epoch [70/237] Loss: 1.8927
2026-04-06 22:20:12,029 - INFO -   Epoch [80/237] Loss: 1.8580
2026-04-06 22:20:15,176 - INFO -   Epoch [90/237] Loss: 1.8903
2026-04-06 22:20:18,327 - INFO -   Epoch [100/237] Loss: 1.6154
2026-04-06 22:20:21,493 - INFO -   Epoch [110/237] Loss: 1.6349
2026-04-06 22:20:24,399 - INFO -   Epoch [120/237] Loss: 1.7461
2026-04-06 22:20:26,593 - INFO -   Epoch [130/237] Loss: 1.8604
2026-04-06 22:20:29,741 - INFO -   Epoch [140/237] Loss: 1.8028
2026-04-06 22:20:32,927 - INFO -   Epoch [150/237] Loss: 1.7047
2026-04-06 22:20:36,058 - INFO -   Epoch [160/237] Loss: 1.6212
2026-04-06 22:20:39,247 - INFO -   Epoch [170/237] Loss: 1.7077
2026-04-06 22:20:42,382 - INFO -   Epoch [180/237] Loss: 1.7046
2026-04-06 22:20:45,513 - INFO -   Epoch [190/237] Loss: 1.5792
2026-04-06 22:20:48,702 - INFO -   Epoch [200/237] Loss: 1.9326
2026-04-06 22:20:51,833 - INFO -   Epoch [210/237] Loss: 1.6784
2026-04-06 22:20:54,977 - INFO -   Epoch [220/237] Loss: 1.4468
2026-04-06 22:20:58,125 - INFO -   Epoch [230/237] Loss: 1.5950
2026-04-06 22:21:02,264 - INFO -   Train Loss: 1.7081
2026-04-06 22:21:02,264 - INFO -   Train Accuracy: 34.64%
2026-04-06 22:21:02,264 - INFO -   Val Loss: 1.4505
2026-04-06 22:21:02,264 - INFO -   Val Accuracy: 47.90% | F1: 0.4689
2026-04-06 22:21:02,264 - INFO -   LR: 0.000100
2026-04-06 22:21:03,551 - INFO -   ✓ New best model saved! (Acc: 47.90%)
2026-04-06 22:21:03,551 - INFO -   Patience: 0/30
2026-04-06 22:21:03,551 - INFO - 
Epoch 3/300
2026-04-06 22:21:05,759 - INFO -   Epoch [10/237] Loss: 1.4524
2026-04-06 22:21:08,209 - INFO -   Epoch [20/237] Loss: 1.4299
2026-04-06 22:21:11,354 - INFO -   Epoch [30/237] Loss: 1.7997
2026-04-06 22:21:14,486 - INFO -   Epoch [40/237] Loss: 1.6638
2026-04-06 22:21:17,624 - INFO -   Epoch [50/237] Loss: 1.6185
2026-04-06 22:21:20,774 - INFO -   Epoch [60/237] Loss: 1.4278
2026-04-06 22:21:23,899 - INFO -   Epoch [70/237] Loss: 1.3854
2026-04-06 22:21:26,825 - INFO -   Epoch [80/237] Loss: 1.6171
2026-04-06 22:21:29,450 - INFO -   Epoch [90/237] Loss: 1.6711
2026-04-06 22:21:32,052 - INFO -   Epoch [100/237] Loss: 1.5086
2026-04-06 22:21:35,077 - INFO -   Epoch [110/237] Loss: 1.9392
2026-04-06 22:21:38,217 - INFO -   Epoch [120/237] Loss: 1.6551
2026-04-06 22:21:41,326 - INFO -   Epoch [130/237] Loss: 1.8726
2026-04-06 22:21:44,268 - INFO -   Epoch [140/237] Loss: 1.2118
2026-04-06 22:21:46,621 - INFO -   Epoch [150/237] Loss: 1.6342
2026-04-06 22:21:49,488 - INFO -   Epoch [160/237] Loss: 1.8060
2026-04-06 22:21:52,653 - INFO -   Epoch [170/237] Loss: 1.4450
2026-04-06 22:21:55,859 - INFO -   Epoch [180/237] Loss: 1.4408
2026-04-06 22:21:58,975 - INFO -   Epoch [190/237] Loss: 1.6053
2026-04-06 22:22:02,124 - INFO -   Epoch [200/237] Loss: 1.6455
2026-04-06 22:22:05,271 - INFO -   Epoch [210/237] Loss: 1.3754
2026-04-06 22:22:08,406 - INFO -   Epoch [220/237] Loss: 1.3304
2026-04-06 22:22:11,556 - INFO -   Epoch [230/237] Loss: 1.9253
2026-04-06 22:22:15,673 - INFO -   Train Loss: 1.5959
2026-04-06 22:22:15,673 - INFO -   Train Accuracy: 38.84%
2026-04-06 22:22:15,673 - INFO -   Val Loss: 1.3713
2026-04-06 22:22:15,673 - INFO -   Val Accuracy: 47.16% | F1: 0.4524
2026-04-06 22:22:15,673 - INFO -   LR: 0.000100
2026-04-06 22:22:15,673 - INFO -   Patience: 1/30
2026-04-06 22:22:15,673 - INFO - 
Epoch 4/300
2026-04-06 22:22:18,313 - INFO -   Epoch [10/237] Loss: 1.8554
2026-04-06 22:22:20,952 - INFO -   Epoch [20/237] Loss: 1.4115
2026-04-06 22:22:23,575 - INFO -   Epoch [30/237] Loss: 1.3117
2026-04-06 22:22:25,924 - INFO -   Epoch [40/237] Loss: 1.3446
2026-04-06 22:22:28,086 - INFO -   Epoch [50/237] Loss: 1.8069
2026-04-06 22:22:30,721 - INFO -   Epoch [60/237] Loss: 1.7012
2026-04-06 22:22:33,297 - INFO -   Epoch [70/237] Loss: 1.5339
2026-04-06 22:22:35,946 - INFO -   Epoch [80/237] Loss: 1.3234
2026-04-06 22:22:38,577 - INFO -   Epoch [90/237] Loss: 1.6139
2026-04-06 22:22:41,157 - INFO -   Epoch [100/237] Loss: 1.6272
2026-04-06 22:22:43,794 - INFO -   Epoch [110/237] Loss: 1.5670
2026-04-06 22:22:46,532 - INFO -   Epoch [120/237] Loss: 1.6877
2026-04-06 22:22:49,673 - INFO -   Epoch [130/237] Loss: 1.2479
2026-04-06 22:22:52,816 - INFO -   Epoch [140/237] Loss: 1.8063
2026-04-06 22:22:55,958 - INFO -   Epoch [150/237] Loss: 1.5647
2026-04-06 22:22:59,077 - INFO -   Epoch [160/237] Loss: 1.4998
2026-04-06 22:23:02,220 - INFO -   Epoch [170/237] Loss: 1.3688
2026-04-06 22:23:05,118 - INFO -   Epoch [180/237] Loss: 1.2779
2026-04-06 22:23:07,184 - INFO -   Epoch [190/237] Loss: 1.6883
2026-04-06 22:23:10,368 - INFO -   Epoch [200/237] Loss: 1.6355
2026-04-06 22:23:13,517 - INFO -   Epoch [210/237] Loss: 1.3592
2026-04-06 22:23:16,062 - INFO -   Epoch [220/237] Loss: 1.5301
2026-04-06 22:23:18,686 - INFO -   Epoch [230/237] Loss: 1.2351
2026-04-06 22:23:22,490 - INFO -   Train Loss: 1.5487
2026-04-06 22:23:22,490 - INFO -   Train Accuracy: 40.28%
2026-04-06 22:23:22,490 - INFO -   Val Loss: 1.3391
2026-04-06 22:23:22,490 - INFO -   Val Accuracy: 48.64% | F1: 0.4837
2026-04-06 22:23:22,490 - INFO -   LR: 0.000100
2026-04-06 22:23:23,189 - INFO -   ✓ New best model saved! (Acc: 48.64%)
2026-04-06 22:23:23,189 - INFO -   Patience: 0/30
2026-04-06 22:23:23,189 - INFO - 
Epoch 5/300
2026-04-06 22:23:26,185 - INFO -   Epoch [10/237] Loss: 1.7433
2026-04-06 22:23:29,330 - INFO -   Epoch [20/237] Loss: 1.2859
2026-04-06 22:23:32,447 - INFO -   Epoch [30/237] Loss: 1.1843
2026-04-06 22:23:35,594 - INFO -   Epoch [40/237] Loss: 1.2950
2026-04-06 22:23:38,744 - INFO -   Epoch [50/237] Loss: 1.5530
2026-04-06 22:23:41,866 - INFO -   Epoch [60/237] Loss: 1.7784
2026-04-06 22:23:44,767 - INFO -   Epoch [70/237] Loss: 1.9226
2026-04-06 22:23:47,187 - INFO -   Epoch [80/237] Loss: 1.5856
2026-04-06 22:23:50,004 - INFO -   Epoch [90/237] Loss: 1.6002
2026-04-06 22:23:53,170 - INFO -   Epoch [100/237] Loss: 1.2737
2026-04-06 22:23:56,311 - INFO -   Epoch [110/237] Loss: 1.5637
2026-04-06 22:23:59,424 - INFO -   Epoch [120/237] Loss: 1.6614
2026-04-06 22:24:02,538 - INFO -   Epoch [130/237] Loss: 1.4529
2026-04-06 22:24:05,673 - INFO -   Epoch [140/237] Loss: 2.0285
2026-04-06 22:24:08,808 - INFO -   Epoch [150/237] Loss: 1.5747
2026-04-06 22:24:12,028 - INFO -   Epoch [160/237] Loss: 1.6813
2026-04-06 22:24:15,166 - INFO -   Epoch [170/237] Loss: 1.7194
2026-04-06 22:24:18,311 - INFO -   Epoch [180/237] Loss: 1.2387
2026-04-06 22:24:21,454 - INFO -   Epoch [190/237] Loss: 1.3980
2026-04-06 22:24:24,571 - INFO -   Epoch [200/237] Loss: 1.4103
2026-04-06 22:24:27,104 - INFO -   Epoch [210/237] Loss: 1.1990
2026-04-06 22:24:29,739 - INFO -   Epoch [220/237] Loss: 1.0313
2026-04-06 22:24:32,853 - INFO -   Epoch [230/237] Loss: 1.5896
2026-04-06 22:24:37,004 - INFO -   Train Loss: 1.5087
2026-04-06 22:24:37,005 - INFO -   Train Accuracy: 41.23%
2026-04-06 22:24:37,005 - INFO -   Val Loss: 1.3015
2026-04-06 22:24:37,005 - INFO -   Val Accuracy: 50.37% | F1: 0.4983
2026-04-06 22:24:37,005 - INFO -   LR: 0.000100
2026-04-06 22:24:37,566 - INFO -   ✓ New best model saved! (Acc: 50.37%)
2026-04-06 22:24:37,566 - INFO -   Patience: 0/30
2026-04-06 22:24:37,566 - INFO - 
Epoch 6/300
2026-04-06 22:24:40,417 - INFO -   Epoch [10/237] Loss: 1.6489
2026-04-06 22:24:43,570 - INFO -   Epoch [20/237] Loss: 1.4290
2026-04-06 22:24:46,710 - INFO -   Epoch [30/237] Loss: 1.6733
2026-04-06 22:24:49,840 - INFO -   Epoch [40/237] Loss: 1.3874
2026-04-06 22:24:52,982 - INFO -   Epoch [50/237] Loss: 1.7428
2026-04-06 22:24:56,114 - INFO -   Epoch [60/237] Loss: 1.0478
2026-04-06 22:24:59,257 - INFO -   Epoch [70/237] Loss: 1.4270
2026-04-06 22:25:02,407 - INFO -   Epoch [80/237] Loss: 1.4103
2026-04-06 22:25:05,527 - INFO -   Epoch [90/237] Loss: 1.5719
2026-04-06 22:25:08,178 - INFO -   Epoch [100/237] Loss: 1.5024
2026-04-06 22:25:10,683 - INFO -   Epoch [110/237] Loss: 1.3889
2026-04-06 22:25:13,270 - INFO -   Epoch [120/237] Loss: 1.1787
2026-04-06 22:25:15,908 - INFO -   Epoch [130/237] Loss: 1.4218
2026-04-06 22:25:18,522 - INFO -   Epoch [140/237] Loss: 1.1731
2026-04-06 22:25:21,133 - INFO -   Epoch [150/237] Loss: 1.4130
2026-04-06 22:25:23,730 - INFO -   Epoch [160/237] Loss: 1.1048
2026-04-06 22:25:26,365 - INFO -   Epoch [170/237] Loss: 1.4474
2026-04-06 22:25:29,013 - INFO -   Epoch [180/237] Loss: 1.3048
2026-04-06 22:25:31,594 - INFO -   Epoch [190/237] Loss: 1.3598
2026-04-06 22:25:34,239 - INFO -   Epoch [200/237] Loss: 1.6444
2026-04-06 22:25:36,880 - INFO -   Epoch [210/237] Loss: 1.1958
2026-04-06 22:25:39,459 - INFO -   Epoch [220/237] Loss: 1.3937
2026-04-06 22:25:42,106 - INFO -   Epoch [230/237] Loss: 1.5786
2026-04-06 22:25:45,729 - INFO -   Train Loss: 1.4662
2026-04-06 22:25:45,729 - INFO -   Train Accuracy: 43.35%
2026-04-06 22:25:45,729 - INFO -   Val Loss: 1.2592
2026-04-06 22:25:45,729 - INFO -   Val Accuracy: 53.33% | F1: 0.5334
2026-04-06 22:25:45,729 - INFO -   LR: 0.000100
2026-04-06 22:25:46,649 - INFO -   ✓ New best model saved! (Acc: 53.33%)
2026-04-06 22:25:46,650 - INFO -   Patience: 0/30
2026-04-06 22:25:46,650 - INFO - 
Epoch 7/300
2026-04-06 22:25:49,285 - INFO -   Epoch [10/237] Loss: 1.8762
2026-04-06 22:25:51,931 - INFO -   Epoch [20/237] Loss: 1.6131
2026-04-06 22:25:54,528 - INFO -   Epoch [30/237] Loss: 1.4666
2026-04-06 22:25:57,137 - INFO -   Epoch [40/237] Loss: 1.4104
2026-04-06 22:26:00,049 - INFO -   Epoch [50/237] Loss: 1.3630
2026-04-06 22:26:03,188 - INFO -   Epoch [60/237] Loss: 2.0739
2026-04-06 22:26:06,325 - INFO -   Epoch [70/237] Loss: 1.7033
2026-04-06 22:26:09,467 - INFO -   Epoch [80/237] Loss: 1.4804
2026-04-06 22:26:12,615 - INFO -   Epoch [90/237] Loss: 1.9887
2026-04-06 22:26:15,759 - INFO -   Epoch [100/237] Loss: 1.3993
2026-04-06 22:26:18,889 - INFO -   Epoch [110/237] Loss: 1.6216
2026-04-06 22:26:21,640 - INFO -   Epoch [120/237] Loss: 1.5159
2026-04-06 22:26:23,965 - INFO -   Epoch [130/237] Loss: 1.1967
2026-04-06 22:26:27,089 - INFO -   Epoch [140/237] Loss: 1.2855
2026-04-06 22:26:30,232 - INFO -   Epoch [150/237] Loss: 1.2155
2026-04-06 22:26:33,391 - INFO -   Epoch [160/237] Loss: 1.6608
2026-04-06 22:26:36,507 - INFO -   Epoch [170/237] Loss: 1.0397
2026-04-06 22:26:39,649 - INFO -   Epoch [180/237] Loss: 1.7911
2026-04-06 22:26:42,785 - INFO -   Epoch [190/237] Loss: 1.7761
2026-04-06 22:26:45,907 - INFO -   Epoch [200/237] Loss: 1.6882
2026-04-06 22:26:49,055 - INFO -   Epoch [210/237] Loss: 1.7291
2026-04-06 22:26:52,181 - INFO -   Epoch [220/237] Loss: 1.3019
2026-04-06 22:26:55,323 - INFO -   Epoch [230/237] Loss: 1.7504
2026-04-06 22:26:59,521 - INFO -   Train Loss: 1.4225
2026-04-06 22:26:59,521 - INFO -   Train Accuracy: 46.03%
2026-04-06 22:26:59,521 - INFO -   Val Loss: 1.2628
2026-04-06 22:26:59,522 - INFO -   Val Accuracy: 51.60% | F1: 0.5119
2026-04-06 22:26:59,522 - INFO -   LR: 0.000100
2026-04-06 22:26:59,522 - INFO -   Patience: 1/30
2026-04-06 22:26:59,522 - INFO - 
Epoch 8/300
2026-04-06 22:27:02,573 - INFO -   Epoch [10/237] Loss: 1.1269
2026-04-06 22:27:05,084 - INFO -   Epoch [20/237] Loss: 1.5332
2026-04-06 22:27:08,200 - INFO -   Epoch [30/237] Loss: 0.9736
2026-04-06 22:27:11,393 - INFO -   Epoch [40/237] Loss: 1.5124
2026-04-06 22:27:14,535 - INFO -   Epoch [50/237] Loss: 1.5053
2026-04-06 22:27:17,653 - INFO -   Epoch [60/237] Loss: 1.2460
2026-04-06 22:27:20,818 - INFO -   Epoch [70/237] Loss: 1.2728
2026-04-06 22:27:23,954 - INFO -   Epoch [80/237] Loss: 1.6308
2026-04-06 22:27:27,071 - INFO -   Epoch [90/237] Loss: 1.5553
2026-04-06 22:27:30,218 - INFO -   Epoch [100/237] Loss: 1.1140
2026-04-06 22:27:33,330 - INFO -   Epoch [110/237] Loss: 1.8132
2026-04-06 22:27:36,481 - INFO -   Epoch [120/237] Loss: 1.2565
2026-04-06 22:27:39,622 - INFO -   Epoch [130/237] Loss: 1.6442
2026-04-06 22:27:42,737 - INFO -   Epoch [140/237] Loss: 1.7275
2026-04-06 22:27:45,505 - INFO -   Epoch [150/237] Loss: 1.5081
2026-04-06 22:27:47,704 - INFO -   Epoch [160/237] Loss: 1.1569
2026-04-06 22:27:50,268 - INFO -   Epoch [170/237] Loss: 1.2946
2026-04-06 22:27:52,922 - INFO -   Epoch [180/237] Loss: 1.1714
2026-04-06 22:27:55,562 - INFO -   Epoch [190/237] Loss: 1.3833
2026-04-06 22:27:58,113 - INFO -   Epoch [200/237] Loss: 1.8542
2026-04-06 22:28:00,751 - INFO -   Epoch [210/237] Loss: 1.1706
2026-04-06 22:28:03,395 - INFO -   Epoch [220/237] Loss: 1.3430
2026-04-06 22:28:06,019 - INFO -   Epoch [230/237] Loss: 1.5619
2026-04-06 22:28:10,080 - INFO -   Train Loss: 1.3771
2026-04-06 22:28:10,080 - INFO -   Train Accuracy: 46.53%
2026-04-06 22:28:10,080 - INFO -   Val Loss: 1.2158
2026-04-06 22:28:10,080 - INFO -   Val Accuracy: 52.59% | F1: 0.5272
2026-04-06 22:28:10,080 - INFO -   LR: 0.000100
2026-04-06 22:28:10,080 - INFO -   Patience: 2/30
2026-04-06 22:28:10,080 - INFO - 
Epoch 9/300
2026-04-06 22:28:12,717 - INFO -   Epoch [10/237] Loss: 1.5824
2026-04-06 22:28:15,248 - INFO -   Epoch [20/237] Loss: 1.9454
2026-04-06 22:28:17,886 - INFO -   Epoch [30/237] Loss: 0.9261
2026-04-06 22:28:20,496 - INFO -   Epoch [40/237] Loss: 1.6925
2026-04-06 22:28:22,972 - INFO -   Epoch [50/237] Loss: 1.7792
2026-04-06 22:28:26,134 - INFO -   Epoch [60/237] Loss: 1.7001
2026-04-06 22:28:29,280 - INFO -   Epoch [70/237] Loss: 1.1415
2026-04-06 22:28:32,402 - INFO -   Epoch [80/237] Loss: 1.4317
2026-04-06 22:28:35,554 - INFO -   Epoch [90/237] Loss: 1.0935
2026-04-06 22:28:38,689 - INFO -   Epoch [100/237] Loss: 1.2644
2026-04-06 22:28:41,820 - INFO -   Epoch [110/237] Loss: 1.2085
2026-04-06 22:28:44,982 - INFO -   Epoch [120/237] Loss: 1.5940
2026-04-06 22:28:48,107 - INFO -   Epoch [130/237] Loss: 1.3729
2026-04-06 22:28:51,246 - INFO -   Epoch [140/237] Loss: 1.1163
2026-04-06 22:28:54,392 - INFO -   Epoch [150/237] Loss: 1.1597
2026-04-06 22:28:57,505 - INFO -   Epoch [160/237] Loss: 1.4698
2026-04-06 22:29:00,652 - INFO -   Epoch [170/237] Loss: 1.2182
2026-04-06 22:29:03,435 - INFO -   Epoch [180/237] Loss: 1.3612
2026-04-06 22:29:06,065 - INFO -   Epoch [190/237] Loss: 1.3531
2026-04-06 22:29:09,238 - INFO -   Epoch [200/237] Loss: 1.3272
2026-04-06 22:29:12,366 - INFO -   Epoch [210/237] Loss: 1.3162
2026-04-06 22:29:15,493 - INFO -   Epoch [220/237] Loss: 1.6169
2026-04-06 22:29:18,633 - INFO -   Epoch [230/237] Loss: 1.5738
2026-04-06 22:29:22,880 - INFO -   Train Loss: 1.3389
2026-04-06 22:29:22,880 - INFO -   Train Accuracy: 48.01%
2026-04-06 22:29:22,880 - INFO -   Val Loss: 1.1921
2026-04-06 22:29:22,880 - INFO -   Val Accuracy: 53.83% | F1: 0.5359
2026-04-06 22:29:22,880 - INFO -   LR: 0.000100
2026-04-06 22:29:23,637 - INFO -   ✓ New best model saved! (Acc: 53.83%)
2026-04-06 22:29:23,637 - INFO -   Patience: 0/30
2026-04-06 22:29:23,637 - INFO - 
Epoch 10/300
2026-04-06 22:29:26,281 - INFO -   Epoch [10/237] Loss: 1.7545
2026-04-06 22:29:29,298 - INFO -   Epoch [20/237] Loss: 1.2987
2026-04-06 22:29:32,434 - INFO -   Epoch [30/237] Loss: 1.8201
2026-04-06 22:29:35,573 - INFO -   Epoch [40/237] Loss: 1.0396
2026-04-06 22:29:38,692 - INFO -   Epoch [50/237] Loss: 1.3286
2026-04-06 22:29:41,837 - INFO -   Epoch [60/237] Loss: 1.2795
2026-04-06 22:29:44,195 - INFO -   Epoch [70/237] Loss: 1.2247
2026-04-06 22:29:47,334 - INFO -   Epoch [80/237] Loss: 1.1615
2026-04-06 22:29:50,481 - INFO -   Epoch [90/237] Loss: 1.1194
2026-04-06 22:29:53,590 - INFO -   Epoch [100/237] Loss: 1.6909
2026-04-06 22:29:56,742 - INFO -   Epoch [110/237] Loss: 1.0195
2026-04-06 22:29:59,870 - INFO -   Epoch [120/237] Loss: 1.3443
2026-04-06 22:30:03,002 - INFO -   Epoch [130/237] Loss: 1.2290
2026-04-06 22:30:06,186 - INFO -   Epoch [140/237] Loss: 1.6735
2026-04-06 22:30:09,299 - INFO -   Epoch [150/237] Loss: 1.1479
2026-04-06 22:30:12,449 - INFO -   Epoch [160/237] Loss: 1.5586
2026-04-06 22:30:15,600 - INFO -   Epoch [170/237] Loss: 1.6865
2026-04-06 22:30:18,726 - INFO -   Epoch [180/237] Loss: 1.0665
2026-04-06 22:30:21,876 - INFO -   Epoch [190/237] Loss: 1.2633
2026-04-06 22:30:25,001 - INFO -   Epoch [200/237] Loss: 0.9567
2026-04-06 22:30:27,243 - INFO -   Epoch [210/237] Loss: 1.5992
2026-04-06 22:30:30,008 - INFO -   Epoch [220/237] Loss: 1.4895
2026-04-06 22:30:33,140 - INFO -   Epoch [230/237] Loss: 1.5305
2026-04-06 22:30:37,336 - INFO -   Train Loss: 1.3432
2026-04-06 22:30:37,336 - INFO -   Train Accuracy: 47.37%
2026-04-06 22:30:37,336 - INFO -   Val Loss: 1.1885
2026-04-06 22:30:37,337 - INFO -   Val Accuracy: 52.35% | F1: 0.5177
2026-04-06 22:30:37,337 - INFO -   LR: 0.000100
2026-04-06 22:30:37,337 - INFO -   Patience: 1/30
2026-04-06 22:30:37,337 - INFO - 
Epoch 11/300
2026-04-06 22:30:40,384 - INFO -   Epoch [10/237] Loss: 1.4030
2026-04-06 22:30:43,498 - INFO -   Epoch [20/237] Loss: 1.2700
2026-04-06 22:30:46,648 - INFO -   Epoch [30/237] Loss: 1.4739
2026-04-06 22:30:49,776 - INFO -   Epoch [40/237] Loss: 1.2974
2026-04-06 22:30:52,909 - INFO -   Epoch [50/237] Loss: 1.0878
2026-04-06 22:30:56,055 - INFO -   Epoch [60/237] Loss: 1.3881
2026-04-06 22:30:59,188 - INFO -   Epoch [70/237] Loss: 1.4392
2026-04-06 22:31:02,328 - INFO -   Epoch [80/237] Loss: 1.0357
2026-04-06 22:31:05,472 - INFO -   Epoch [90/237] Loss: 1.2108
2026-04-06 22:31:07,544 - INFO -   Epoch [100/237] Loss: 1.2034
2026-04-06 22:31:10,574 - INFO -   Epoch [110/237] Loss: 1.5765
2026-04-06 22:31:13,725 - INFO -   Epoch [120/237] Loss: 1.5877
2026-04-06 22:31:16,843 - INFO -   Epoch [130/237] Loss: 1.2113
2026-04-06 22:31:19,994 - INFO -   Epoch [140/237] Loss: 1.5983
2026-04-06 22:31:23,138 - INFO -   Epoch [150/237] Loss: 1.1300
2026-04-06 22:31:26,257 - INFO -   Epoch [160/237] Loss: 1.0555
2026-04-06 22:31:29,406 - INFO -   Epoch [170/237] Loss: 1.6925
2026-04-06 22:31:32,542 - INFO -   Epoch [180/237] Loss: 0.9890
2026-04-06 22:31:35,680 - INFO -   Epoch [190/237] Loss: 1.1524
2026-04-06 22:31:38,833 - INFO -   Epoch [200/237] Loss: 1.1528
2026-04-06 22:31:41,953 - INFO -   Epoch [210/237] Loss: 0.9542
2026-04-06 22:31:45,102 - INFO -   Epoch [220/237] Loss: 1.6352
2026-04-06 22:31:48,248 - INFO -   Epoch [230/237] Loss: 1.3316
2026-04-06 22:31:51,657 - INFO -   Train Loss: 1.3098
2026-04-06 22:31:51,657 - INFO -   Train Accuracy: 48.57%
2026-04-06 22:31:51,657 - INFO -   Val Loss: 1.1764
2026-04-06 22:31:51,658 - INFO -   Val Accuracy: 53.58% | F1: 0.5356
2026-04-06 22:31:51,658 - INFO -   LR: 0.000100
2026-04-06 22:31:51,658 - INFO -   Patience: 2/30
2026-04-06 22:31:51,658 - INFO - 
Epoch 12/300
2026-04-06 22:31:54,618 - INFO -   Epoch [10/237] Loss: 1.4057
2026-04-06 22:31:57,736 - INFO -   Epoch [20/237] Loss: 1.3441
2026-04-06 22:32:00,873 - INFO -   Epoch [30/237] Loss: 1.2473
2026-04-06 22:32:04,028 - INFO -   Epoch [40/237] Loss: 1.4099
2026-04-06 22:32:07,181 - INFO -   Epoch [50/237] Loss: 1.0378
2026-04-06 22:32:10,331 - INFO -   Epoch [60/237] Loss: 1.0040
2026-04-06 22:32:13,478 - INFO -   Epoch [70/237] Loss: 0.9875
2026-04-06 22:32:16,591 - INFO -   Epoch [80/237] Loss: 0.9292
2026-04-06 22:32:19,731 - INFO -   Epoch [90/237] Loss: 1.0194
2026-04-06 22:32:22,877 - INFO -   Epoch [100/237] Loss: 1.1520
2026-04-06 22:32:25,988 - INFO -   Epoch [110/237] Loss: 1.2890
2026-04-06 22:32:29,128 - INFO -   Epoch [120/237] Loss: 1.2398
2026-04-06 22:32:31,773 - INFO -   Epoch [130/237] Loss: 1.0120
2026-04-06 22:32:34,197 - INFO -   Epoch [140/237] Loss: 1.2084
2026-04-06 22:32:36,931 - INFO -   Epoch [150/237] Loss: 0.9885
2026-04-06 22:32:40,072 - INFO -   Epoch [160/237] Loss: 1.3985
2026-04-06 22:32:43,182 - INFO -   Epoch [170/237] Loss: 1.2270
2026-04-06 22:32:46,328 - INFO -   Epoch [180/237] Loss: 1.7890
2026-04-06 22:32:49,468 - INFO -   Epoch [190/237] Loss: 0.9768
2026-04-06 22:32:52,587 - INFO -   Epoch [200/237] Loss: 1.3352
2026-04-06 22:32:55,725 - INFO -   Epoch [210/237] Loss: 1.0996
2026-04-06 22:32:58,852 - INFO -   Epoch [220/237] Loss: 1.5576
2026-04-06 22:33:01,983 - INFO -   Epoch [230/237] Loss: 1.3601
2026-04-06 22:33:06,118 - INFO -   Train Loss: 1.2676
2026-04-06 22:33:06,119 - INFO -   Train Accuracy: 50.51%
2026-04-06 22:33:06,119 - INFO -   Val Loss: 1.1757
2026-04-06 22:33:06,119 - INFO -   Val Accuracy: 51.60% | F1: 0.5146
2026-04-06 22:33:06,119 - INFO -   LR: 0.000100
2026-04-06 22:33:06,119 - INFO -   Patience: 3/30
2026-04-06 22:33:06,119 - INFO - 
Epoch 13/300
2026-04-06 22:33:09,185 - INFO -   Epoch [10/237] Loss: 1.1030
2026-04-06 22:33:11,961 - INFO -   Epoch [20/237] Loss: 1.3583
2026-04-06 22:33:14,392 - INFO -   Epoch [30/237] Loss: 1.2201
2026-04-06 22:33:16,972 - INFO -   Epoch [40/237] Loss: 1.5234
2026-04-06 22:33:19,581 - INFO -   Epoch [50/237] Loss: 0.8103
2026-04-06 22:33:22,543 - INFO -   Epoch [60/237] Loss: 1.6758
2026-04-06 22:33:25,650 - INFO -   Epoch [70/237] Loss: 1.1563
2026-04-06 22:33:28,794 - INFO -   Epoch [80/237] Loss: 1.3022
2026-04-06 22:33:31,937 - INFO -   Epoch [90/237] Loss: 0.9927
2026-04-06 22:33:35,048 - INFO -   Epoch [100/237] Loss: 1.1818
2026-04-06 22:33:38,197 - INFO -   Epoch [110/237] Loss: 1.2350
2026-04-06 22:33:41,322 - INFO -   Epoch [120/237] Loss: 1.2962
2026-04-06 22:33:44,452 - INFO -   Epoch [130/237] Loss: 1.4030
2026-04-06 22:33:47,594 - INFO -   Epoch [140/237] Loss: 1.2628
2026-04-06 22:33:50,704 - INFO -   Epoch [150/237] Loss: 0.9852
2026-04-06 22:33:53,250 - INFO -   Epoch [160/237] Loss: 1.1184
2026-04-06 22:33:55,863 - INFO -   Epoch [170/237] Loss: 1.2206
2026-04-06 22:33:58,454 - INFO -   Epoch [180/237] Loss: 1.3225
2026-04-06 22:34:01,064 - INFO -   Epoch [190/237] Loss: 1.2976
2026-04-06 22:34:03,698 - INFO -   Epoch [200/237] Loss: 1.5670
2026-04-06 22:34:06,322 - INFO -   Epoch [210/237] Loss: 1.1988
2026-04-06 22:34:08,870 - INFO -   Epoch [220/237] Loss: 1.3027
2026-04-06 22:34:11,489 - INFO -   Epoch [230/237] Loss: 1.1441
2026-04-06 22:34:15,248 - INFO -   Train Loss: 1.2441
2026-04-06 22:34:15,248 - INFO -   Train Accuracy: 50.83%
2026-04-06 22:34:15,248 - INFO -   Val Loss: 1.1529
2026-04-06 22:34:15,248 - INFO -   Val Accuracy: 53.83% | F1: 0.5388
2026-04-06 22:34:15,248 - INFO -   LR: 0.000100
2026-04-06 22:34:15,248 - INFO -   Patience: 4/30
2026-04-06 22:34:15,248 - INFO - 
Epoch 14/300
2026-04-06 22:34:17,796 - INFO -   Epoch [10/237] Loss: 1.6427
2026-04-06 22:34:20,442 - INFO -   Epoch [20/237] Loss: 1.1784
2026-04-06 22:34:23,085 - INFO -   Epoch [30/237] Loss: 1.2160
2026-04-06 22:34:25,685 - INFO -   Epoch [40/237] Loss: 1.2556
2026-04-06 22:34:27,941 - INFO -   Epoch [50/237] Loss: 1.5501
2026-04-06 22:34:30,922 - INFO -   Epoch [60/237] Loss: 1.2032
2026-04-06 22:34:34,046 - INFO -   Epoch [70/237] Loss: 1.6009
2026-04-06 22:34:37,177 - INFO -   Epoch [80/237] Loss: 1.1036
2026-04-06 22:34:40,307 - INFO -   Epoch [90/237] Loss: 1.1288
2026-04-06 22:34:43,427 - INFO -   Epoch [100/237] Loss: 1.1792
2026-04-06 22:34:46,572 - INFO -   Epoch [110/237] Loss: 1.3436
2026-04-06 22:34:49,723 - INFO -   Epoch [120/237] Loss: 1.1577
2026-04-06 22:34:52,842 - INFO -   Epoch [130/237] Loss: 1.3536
2026-04-06 22:34:55,988 - INFO -   Epoch [140/237] Loss: 1.4235
2026-04-06 22:34:59,137 - INFO -   Epoch [150/237] Loss: 1.1664
2026-04-06 22:35:02,251 - INFO -   Epoch [160/237] Loss: 1.4127
2026-04-06 22:35:05,397 - INFO -   Epoch [170/237] Loss: 1.2429
2026-04-06 22:35:08,527 - INFO -   Epoch [180/237] Loss: 1.0307
2026-04-06 22:35:10,887 - INFO -   Epoch [190/237] Loss: 1.3162
2026-04-06 22:35:13,530 - INFO -   Epoch [200/237] Loss: 2.0051
2026-04-06 22:35:16,176 - INFO -   Epoch [210/237] Loss: 1.4847
2026-04-06 22:35:18,723 - INFO -   Epoch [220/237] Loss: 0.8328
2026-04-06 22:35:21,372 - INFO -   Epoch [230/237] Loss: 1.3515
2026-04-06 22:35:25,142 - INFO -   Train Loss: 1.2449
2026-04-06 22:35:25,143 - INFO -   Train Accuracy: 51.08%
2026-04-06 22:35:25,143 - INFO -   Val Loss: 1.1715
2026-04-06 22:35:25,143 - INFO -   Val Accuracy: 51.36% | F1: 0.5089
2026-04-06 22:35:25,143 - INFO -   LR: 0.000100
2026-04-06 22:35:25,143 - INFO -   Patience: 5/30
2026-04-06 22:35:25,143 - INFO - 
Epoch 15/300
2026-04-06 22:35:27,722 - INFO -   Epoch [10/237] Loss: 1.1866
2026-04-06 22:35:30,379 - INFO -   Epoch [20/237] Loss: 1.4827
2026-04-06 22:35:33,427 - INFO -   Epoch [30/237] Loss: 1.4985
2026-04-06 22:35:36,412 - INFO -   Epoch [40/237] Loss: 1.0598
2026-04-06 22:35:39,555 - INFO -   Epoch [50/237] Loss: 1.4876
2026-04-06 22:35:42,698 - INFO -   Epoch [60/237] Loss: 1.1292
2026-04-06 22:35:45,815 - INFO -   Epoch [70/237] Loss: 1.6260
2026-04-06 22:35:48,203 - INFO -   Epoch [80/237] Loss: 1.1689
2026-04-06 22:35:50,839 - INFO -   Epoch [90/237] Loss: 1.1996
2026-04-06 22:35:53,395 - INFO -   Epoch [100/237] Loss: 1.1029
2026-04-06 22:35:56,016 - INFO -   Epoch [110/237] Loss: 1.1247
2026-04-06 22:35:58,644 - INFO -   Epoch [120/237] Loss: 1.5126
2026-04-06 22:36:01,267 - INFO -   Epoch [130/237] Loss: 1.1862
2026-04-06 22:36:03,853 - INFO -   Epoch [140/237] Loss: 1.2158
2026-04-06 22:36:06,490 - INFO -   Epoch [150/237] Loss: 1.1591
2026-04-06 22:36:09,138 - INFO -   Epoch [160/237] Loss: 1.0222
2026-04-06 22:36:11,701 - INFO -   Epoch [170/237] Loss: 1.1070
2026-04-06 22:36:14,331 - INFO -   Epoch [180/237] Loss: 0.8818
2026-04-06 22:36:16,967 - INFO -   Epoch [190/237] Loss: 1.9574
2026-04-06 22:36:19,603 - INFO -   Epoch [200/237] Loss: 1.6337
2026-04-06 22:36:22,158 - INFO -   Epoch [210/237] Loss: 0.9915
2026-04-06 22:36:24,579 - INFO -   Epoch [220/237] Loss: 1.4543
2026-04-06 22:36:27,719 - INFO -   Epoch [230/237] Loss: 0.9655
2026-04-06 22:36:31,946 - INFO -   Train Loss: 1.2334
2026-04-06 22:36:31,946 - INFO -   Train Accuracy: 50.79%
2026-04-06 22:36:31,946 - INFO -   Val Loss: 1.1732
2026-04-06 22:36:31,946 - INFO -   Val Accuracy: 54.32% | F1: 0.5446
2026-04-06 22:36:31,946 - INFO -   LR: 0.000100
2026-04-06 22:36:32,762 - INFO -   ✓ New best model saved! (Acc: 54.32%)
2026-04-06 22:36:32,762 - INFO -   Patience: 0/30
2026-04-06 22:36:32,762 - INFO - 
Epoch 16/300
2026-04-06 22:36:35,949 - INFO -   Epoch [10/237] Loss: 0.8796
2026-04-06 22:36:39,065 - INFO -   Epoch [20/237] Loss: 1.2058
2026-04-06 22:36:42,215 - INFO -   Epoch [30/237] Loss: 0.8310
2026-04-06 22:36:45,353 - INFO -   Epoch [40/237] Loss: 1.0886
2026-04-06 22:36:48,476 - INFO -   Epoch [50/237] Loss: 0.8690
2026-04-06 22:36:51,622 - INFO -   Epoch [60/237] Loss: 1.1098
2026-04-06 22:36:54,740 - INFO -   Epoch [70/237] Loss: 1.7673
2026-04-06 22:36:57,879 - INFO -   Epoch [80/237] Loss: 1.0592
2026-04-06 22:37:01,029 - INFO -   Epoch [90/237] Loss: 1.0400
2026-04-06 22:37:03,665 - INFO -   Epoch [100/237] Loss: 1.3914
2026-04-06 22:37:06,482 - INFO -   Epoch [110/237] Loss: 1.3706
2026-04-06 22:37:09,632 - INFO -   Epoch [120/237] Loss: 1.3133
2026-04-06 22:37:12,757 - INFO -   Epoch [130/237] Loss: 1.5299
2026-04-06 22:37:15,892 - INFO -   Epoch [140/237] Loss: 1.1147
2026-04-06 22:37:19,035 - INFO -   Epoch [150/237] Loss: 1.1529
2026-04-06 22:37:22,179 - INFO -   Epoch [160/237] Loss: 1.1782
2026-04-06 22:37:25,322 - INFO -   Epoch [170/237] Loss: 0.8282
2026-04-06 22:37:28,478 - INFO -   Epoch [180/237] Loss: 1.4346
2026-04-06 22:37:31,600 - INFO -   Epoch [190/237] Loss: 1.4630
2026-04-06 22:37:34,749 - INFO -   Epoch [200/237] Loss: 1.1210
2026-04-06 22:37:37,889 - INFO -   Epoch [210/237] Loss: 1.1720
2026-04-06 22:37:40,994 - INFO -   Epoch [220/237] Loss: 1.1276
2026-04-06 22:37:44,139 - INFO -   Epoch [230/237] Loss: 1.2126
2026-04-06 22:37:48,022 - INFO -   Train Loss: 1.2190
2026-04-06 22:37:48,023 - INFO -   Train Accuracy: 50.93%
2026-04-06 22:37:48,023 - INFO -   Val Loss: 1.1587
2026-04-06 22:37:48,023 - INFO -   Val Accuracy: 54.57% | F1: 0.5476
2026-04-06 22:37:48,023 - INFO -   LR: 0.000100
2026-04-06 22:37:48,829 - INFO -   ✓ New best model saved! (Acc: 54.57%)
2026-04-06 22:37:48,829 - INFO -   Patience: 0/30
2026-04-06 22:37:48,829 - INFO - 
Epoch 17/300
2026-04-06 22:37:51,468 - INFO -   Epoch [10/237] Loss: 0.9837
2026-04-06 22:37:54,083 - INFO -   Epoch [20/237] Loss: 0.9571
2026-04-06 22:37:56,683 - INFO -   Epoch [30/237] Loss: 1.0319
2026-04-06 22:37:59,325 - INFO -   Epoch [40/237] Loss: 0.8264
2026-04-06 22:38:01,965 - INFO -   Epoch [50/237] Loss: 1.1235
2026-04-06 22:38:04,584 - INFO -   Epoch [60/237] Loss: 1.2700
2026-04-06 22:38:07,137 - INFO -   Epoch [70/237] Loss: 0.9371
2026-04-06 22:38:09,774 - INFO -   Epoch [80/237] Loss: 1.5926
2026-04-06 22:38:12,393 - INFO -   Epoch [90/237] Loss: 1.1337
2026-04-06 22:38:14,989 - INFO -   Epoch [100/237] Loss: 1.0954
2026-04-06 22:38:17,582 - INFO -   Epoch [110/237] Loss: 1.5523
2026-04-06 22:38:20,153 - INFO -   Epoch [120/237] Loss: 1.1703
2026-04-06 22:38:22,691 - INFO -   Epoch [130/237] Loss: 1.1522
2026-04-06 22:38:25,815 - INFO -   Epoch [140/237] Loss: 0.6498
2026-04-06 22:38:28,965 - INFO -   Epoch [150/237] Loss: 1.1472
2026-04-06 22:38:32,114 - INFO -   Epoch [160/237] Loss: 1.0935
2026-04-06 22:38:35,238 - INFO -   Epoch [170/237] Loss: 1.0082
2026-04-06 22:38:38,380 - INFO -   Epoch [180/237] Loss: 1.0310
2026-04-06 22:38:41,518 - INFO -   Epoch [190/237] Loss: 1.3327
2026-04-06 22:38:44,655 - INFO -   Epoch [200/237] Loss: 0.9309
2026-04-06 22:38:47,804 - INFO -   Epoch [210/237] Loss: 1.2267
2026-04-06 22:38:50,957 - INFO -   Epoch [220/237] Loss: 1.2313
2026-04-06 22:38:53,964 - INFO -   Epoch [230/237] Loss: 1.4927
2026-04-06 22:38:57,825 - INFO -   Train Loss: 1.2240
2026-04-06 22:38:57,825 - INFO -   Train Accuracy: 52.06%
2026-04-06 22:38:57,825 - INFO -   Val Loss: 1.1557
2026-04-06 22:38:57,825 - INFO -   Val Accuracy: 54.07% | F1: 0.5401
2026-04-06 22:38:57,825 - INFO -   LR: 0.000100
2026-04-06 22:38:57,825 - INFO -   Patience: 1/30
2026-04-06 22:38:57,825 - INFO - 
Epoch 18/300
2026-04-06 22:39:00,797 - INFO -   Epoch [10/237] Loss: 1.1259
2026-04-06 22:39:03,134 - INFO -   Epoch [20/237] Loss: 1.3522
2026-04-06 22:39:05,765 - INFO -   Epoch [30/237] Loss: 1.4437
2026-04-06 22:39:08,352 - INFO -   Epoch [40/237] Loss: 1.6714
2026-04-06 22:39:10,973 - INFO -   Epoch [50/237] Loss: 0.9353
2026-04-06 22:39:13,597 - INFO -   Epoch [60/237] Loss: 0.9125
2026-04-06 22:39:16,226 - INFO -   Epoch [70/237] Loss: 1.1807
2026-04-06 22:39:18,796 - INFO -   Epoch [80/237] Loss: 1.2765
2026-04-06 22:39:21,425 - INFO -   Epoch [90/237] Loss: 0.9920
2026-04-06 22:39:24,058 - INFO -   Epoch [100/237] Loss: 1.3753
2026-04-06 22:39:26,639 - INFO -   Epoch [110/237] Loss: 0.9096
2026-04-06 22:39:29,261 - INFO -   Epoch [120/237] Loss: 1.7207
2026-04-06 22:39:31,901 - INFO -   Epoch [130/237] Loss: 0.7273
2026-04-06 22:39:34,532 - INFO -   Epoch [140/237] Loss: 1.1992
2026-04-06 22:39:36,833 - INFO -   Epoch [150/237] Loss: 0.6860
2026-04-06 22:39:39,695 - INFO -   Epoch [160/237] Loss: 1.8755
2026-04-06 22:39:42,843 - INFO -   Epoch [170/237] Loss: 1.3037
2026-04-06 22:39:45,970 - INFO -   Epoch [180/237] Loss: 1.3150
2026-04-06 22:39:49,036 - INFO -   Epoch [190/237] Loss: 1.1193
2026-04-06 22:39:52,186 - INFO -   Epoch [200/237] Loss: 1.5296
2026-04-06 22:39:55,315 - INFO -   Epoch [210/237] Loss: 1.5975
2026-04-06 22:39:58,464 - INFO -   Epoch [220/237] Loss: 1.1464
2026-04-06 22:40:01,604 - INFO -   Epoch [230/237] Loss: 1.1340
2026-04-06 22:40:05,787 - INFO -   Train Loss: 1.2046
2026-04-06 22:40:05,787 - INFO -   Train Accuracy: 52.73%
2026-04-06 22:40:05,787 - INFO -   Val Loss: 1.1710
2026-04-06 22:40:05,787 - INFO -   Val Accuracy: 52.59% | F1: 0.5230
2026-04-06 22:40:05,787 - INFO -   LR: 0.000100
2026-04-06 22:40:05,787 - INFO -   Patience: 2/30
2026-04-06 22:40:05,787 - INFO - 
Epoch 19/300
2026-04-06 22:40:08,425 - INFO -   Epoch [10/237] Loss: 1.3306
2026-04-06 22:40:11,059 - INFO -   Epoch [20/237] Loss: 1.6449
2026-04-06 22:40:13,752 - INFO -   Epoch [30/237] Loss: 0.8803
2026-04-06 22:40:16,417 - INFO -   Epoch [40/237] Loss: 1.0457
2026-04-06 22:40:18,925 - INFO -   Epoch [50/237] Loss: 1.3078
2026-04-06 22:40:21,499 - INFO -   Epoch [60/237] Loss: 1.1876
2026-04-06 22:40:24,128 - INFO -   Epoch [70/237] Loss: 1.0850
2026-04-06 22:40:26,773 - INFO -   Epoch [80/237] Loss: 1.3869
2026-04-06 22:40:29,418 - INFO -   Epoch [90/237] Loss: 1.5173
2026-04-06 22:40:31,946 - INFO -   Epoch [100/237] Loss: 1.3595
2026-04-06 22:40:34,562 - INFO -   Epoch [110/237] Loss: 1.2806
2026-04-06 22:40:37,179 - INFO -   Epoch [120/237] Loss: 0.6873
2026-04-06 22:40:39,801 - INFO -   Epoch [130/237] Loss: 1.3937
2026-04-06 22:40:42,366 - INFO -   Epoch [140/237] Loss: 0.8931
2026-04-06 22:40:45,007 - INFO -   Epoch [150/237] Loss: 1.6018
2026-04-06 22:40:47,668 - INFO -   Epoch [160/237] Loss: 1.4773
2026-04-06 22:40:50,246 - INFO -   Epoch [170/237] Loss: 1.1220
2026-04-06 22:40:52,461 - INFO -   Epoch [180/237] Loss: 1.0985
2026-04-06 22:40:55,568 - INFO -   Epoch [190/237] Loss: 1.5738
2026-04-06 22:40:58,702 - INFO -   Epoch [200/237] Loss: 1.2696
2026-04-06 22:41:01,812 - INFO -   Epoch [210/237] Loss: 1.3676
2026-04-06 22:41:04,958 - INFO -   Epoch [220/237] Loss: 1.2533
2026-04-06 22:41:08,095 - INFO -   Epoch [230/237] Loss: 1.1012
2026-04-06 22:41:12,200 - INFO -   Train Loss: 1.2012
2026-04-06 22:41:12,200 - INFO -   Train Accuracy: 51.82%
2026-04-06 22:41:12,200 - INFO -   Val Loss: 1.1787
2026-04-06 22:41:12,200 - INFO -   Val Accuracy: 53.09% | F1: 0.5233
2026-04-06 22:41:12,200 - INFO -   LR: 0.000100
2026-04-06 22:41:12,200 - INFO -   Patience: 3/30
2026-04-06 22:41:12,200 - INFO - 
Epoch 20/300
2026-04-06 22:41:15,333 - INFO -   Epoch [10/237] Loss: 1.5397
2026-04-06 22:41:18,440 - INFO -   Epoch [20/237] Loss: 0.8513
2026-04-06 22:41:21,586 - INFO -   Epoch [30/237] Loss: 1.1771
2026-04-06 22:41:24,738 - INFO -   Epoch [40/237] Loss: 1.3451
2026-04-06 22:41:27,827 - INFO -   Epoch [50/237] Loss: 1.2726
2026-04-06 22:41:30,983 - INFO -   Epoch [60/237] Loss: 1.6253
2026-04-06 22:41:33,412 - INFO -   Epoch [70/237] Loss: 1.2784
2026-04-06 22:41:36,019 - INFO -   Epoch [80/237] Loss: 1.5503
2026-04-06 22:41:38,598 - INFO -   Epoch [90/237] Loss: 1.1171
2026-04-06 22:41:41,245 - INFO -   Epoch [100/237] Loss: 1.5510
2026-04-06 22:41:43,880 - INFO -   Epoch [110/237] Loss: 1.8916
2026-04-06 22:41:46,447 - INFO -   Epoch [120/237] Loss: 1.4936
2026-04-06 22:41:49,035 - INFO -   Epoch [130/237] Loss: 1.0657
2026-04-06 22:41:51,675 - INFO -   Epoch [140/237] Loss: 1.0404
2026-04-06 22:41:54,343 - INFO -   Epoch [150/237] Loss: 1.3201
2026-04-06 22:41:56,873 - INFO -   Epoch [160/237] Loss: 0.8628
2026-04-06 22:41:59,502 - INFO -   Epoch [170/237] Loss: 1.3632
2026-04-06 22:42:02,137 - INFO -   Epoch [180/237] Loss: 0.9812
2026-04-06 22:42:04,754 - INFO -   Epoch [190/237] Loss: 1.2332
2026-04-06 22:42:07,316 - INFO -   Epoch [200/237] Loss: 1.1562
2026-04-06 22:42:09,574 - INFO -   Epoch [210/237] Loss: 1.0382
2026-04-06 22:42:12,608 - INFO -   Epoch [220/237] Loss: 1.4940
2026-04-06 22:42:15,729 - INFO -   Epoch [230/237] Loss: 0.8578
2026-04-06 22:42:19,855 - INFO -   Train Loss: 1.1735
2026-04-06 22:42:19,855 - INFO -   Train Accuracy: 53.62%
2026-04-06 22:42:19,855 - INFO -   Val Loss: 1.1614
2026-04-06 22:42:19,855 - INFO -   Val Accuracy: 54.07% | F1: 0.5371
2026-04-06 22:42:19,855 - INFO -   LR: 0.000100
2026-04-06 22:42:19,855 - INFO -   Patience: 4/30
2026-04-06 22:42:19,855 - INFO - 
Epoch 21/300
2026-04-06 22:42:22,966 - INFO -   Epoch [10/237] Loss: 0.9917
2026-04-06 22:42:26,092 - INFO -   Epoch [20/237] Loss: 1.5017
2026-04-06 22:42:29,232 - INFO -   Epoch [30/237] Loss: 1.2953
2026-04-06 22:42:32,354 - INFO -   Epoch [40/237] Loss: 1.5452
2026-04-06 22:42:35,487 - INFO -   Epoch [50/237] Loss: 0.9412
2026-04-06 22:42:38,633 - INFO -   Epoch [60/237] Loss: 1.3648
2026-04-06 22:42:41,759 - INFO -   Epoch [70/237] Loss: 1.1497
2026-04-06 22:42:44,894 - INFO -   Epoch [80/237] Loss: 0.7627
2026-04-06 22:42:48,034 - INFO -   Epoch [90/237] Loss: 0.6152
2026-04-06 22:42:50,329 - INFO -   Epoch [100/237] Loss: 1.4791
2026-04-06 22:42:53,430 - INFO -   Epoch [110/237] Loss: 0.9885
2026-04-06 22:42:56,571 - INFO -   Epoch [120/237] Loss: 1.2646
2026-04-06 22:42:59,685 - INFO -   Epoch [130/237] Loss: 1.4393
2026-04-06 22:43:02,824 - INFO -   Epoch [140/237] Loss: 1.4218
2026-04-06 22:43:05,959 - INFO -   Epoch [150/237] Loss: 1.3486
2026-04-06 22:43:09,107 - INFO -   Epoch [160/237] Loss: 1.3347
2026-04-06 22:43:12,247 - INFO -   Epoch [170/237] Loss: 1.1002
2026-04-06 22:43:15,390 - INFO -   Epoch [180/237] Loss: 0.7963
2026-04-06 22:43:18,514 - INFO -   Epoch [190/237] Loss: 0.9360
2026-04-06 22:43:21,655 - INFO -   Epoch [200/237] Loss: 0.8952
2026-04-06 22:43:24,798 - INFO -   Epoch [210/237] Loss: 1.4332
2026-04-06 22:43:27,915 - INFO -   Epoch [220/237] Loss: 0.8152
2026-04-06 22:43:31,060 - INFO -   Epoch [230/237] Loss: 1.2311
2026-04-06 22:43:34,468 - INFO -   Train Loss: 1.1623
2026-04-06 22:43:34,469 - INFO -   Train Accuracy: 53.79%
2026-04-06 22:43:34,469 - INFO -   Val Loss: 1.1820
2026-04-06 22:43:34,469 - INFO -   Val Accuracy: 54.57% | F1: 0.5454
2026-04-06 22:43:34,469 - INFO -   LR: 0.000100
2026-04-06 22:43:34,469 - INFO -   Patience: 5/30
2026-04-06 22:43:34,469 - INFO - 
Epoch 22/300
2026-04-06 22:43:37,448 - INFO -   Epoch [10/237] Loss: 1.6769
2026-04-06 22:43:40,594 - INFO -   Epoch [20/237] Loss: 1.3035
2026-04-06 22:43:43,740 - INFO -   Epoch [30/237] Loss: 1.0438
2026-04-06 22:43:46,811 - INFO -   Epoch [40/237] Loss: 0.6955
2026-04-06 22:43:49,953 - INFO -   Epoch [50/237] Loss: 1.1137
2026-04-06 22:43:53,098 - INFO -   Epoch [60/237] Loss: 1.1137
2026-04-06 22:43:56,214 - INFO -   Epoch [70/237] Loss: 1.8041
2026-04-06 22:43:59,355 - INFO -   Epoch [80/237] Loss: 1.0178
2026-04-06 22:44:02,441 - INFO -   Epoch [90/237] Loss: 0.9468
2026-04-06 22:44:05,388 - INFO -   Epoch [100/237] Loss: 1.5169
2026-04-06 22:44:08,350 - INFO -   Epoch [110/237] Loss: 0.8007
2026-04-06 22:44:11,411 - INFO -   Epoch [120/237] Loss: 1.0540
2026-04-06 22:44:13,603 - INFO -   Epoch [130/237] Loss: 1.2158
2026-04-06 22:44:16,612 - INFO -   Epoch [140/237] Loss: 0.6977
2026-04-06 22:44:19,722 - INFO -   Epoch [150/237] Loss: 1.1960
2026-04-06 22:44:22,842 - INFO -   Epoch [160/237] Loss: 1.2875
2026-04-06 22:44:25,971 - INFO -   Epoch [170/237] Loss: 1.2192
2026-04-06 22:44:29,105 - INFO -   Epoch [180/237] Loss: 0.9499
2026-04-06 22:44:32,215 - INFO -   Epoch [190/237] Loss: 1.4363
2026-04-06 22:44:35,363 - INFO -   Epoch [200/237] Loss: 0.9336
2026-04-06 22:44:38,509 - INFO -   Epoch [210/237] Loss: 0.9240
2026-04-06 22:44:41,642 - INFO -   Epoch [220/237] Loss: 0.7264
2026-04-06 22:44:44,766 - INFO -   Epoch [230/237] Loss: 0.9825
2026-04-06 22:44:48,940 - INFO -   Train Loss: 1.1699
2026-04-06 22:44:48,941 - INFO -   Train Accuracy: 54.36%
2026-04-06 22:44:48,941 - INFO -   Val Loss: 1.1662
2026-04-06 22:44:48,941 - INFO -   Val Accuracy: 54.32% | F1: 0.5429
2026-04-06 22:44:48,941 - INFO -   LR: 0.000100
2026-04-06 22:44:48,941 - INFO -   Patience: 6/30
2026-04-06 22:44:48,941 - INFO - 
Epoch 23/300
2026-04-06 22:44:51,920 - INFO -   Epoch [10/237] Loss: 1.2340
2026-04-06 22:44:54,147 - INFO -   Epoch [20/237] Loss: 1.3347
2026-04-06 22:44:56,783 - INFO -   Epoch [30/237] Loss: 1.4288
2026-04-06 22:44:59,391 - INFO -   Epoch [40/237] Loss: 0.6661
2026-04-06 22:45:02,395 - INFO -   Epoch [50/237] Loss: 1.3035
2026-04-06 22:45:05,535 - INFO -   Epoch [60/237] Loss: 0.9843
2026-04-06 22:45:08,671 - INFO -   Epoch [70/237] Loss: 1.1209
2026-04-06 22:45:11,781 - INFO -   Epoch [80/237] Loss: 0.8609
2026-04-06 22:45:14,902 - INFO -   Epoch [90/237] Loss: 0.9689
2026-04-06 22:45:18,050 - INFO -   Epoch [100/237] Loss: 1.2464
2026-04-06 22:45:21,169 - INFO -   Epoch [110/237] Loss: 1.5679
2026-04-06 22:45:24,295 - INFO -   Epoch [120/237] Loss: 1.1371
2026-04-06 22:45:27,427 - INFO -   Epoch [130/237] Loss: 0.7909
2026-04-06 22:45:30,481 - INFO -   Epoch [140/237] Loss: 0.9967
2026-04-06 22:45:33,362 - INFO -   Epoch [150/237] Loss: 1.0708
2026-04-06 22:45:35,774 - INFO -   Epoch [160/237] Loss: 1.3555
2026-04-06 22:45:38,871 - INFO -   Epoch [170/237] Loss: 0.9575
2026-04-06 22:45:41,892 - INFO -   Epoch [180/237] Loss: 0.7349
2026-04-06 22:45:45,013 - INFO -   Epoch [190/237] Loss: 0.7447
2026-04-06 22:45:48,180 - INFO -   Epoch [200/237] Loss: 0.9803
2026-04-06 22:45:51,312 - INFO -   Epoch [210/237] Loss: 1.3958
2026-04-06 22:45:54,473 - INFO -   Epoch [220/237] Loss: 1.1046
2026-04-06 22:45:57,620 - INFO -   Epoch [230/237] Loss: 1.4279
2026-04-06 22:46:01,788 - INFO -   Train Loss: 1.1568
2026-04-06 22:46:01,788 - INFO -   Train Accuracy: 53.47%
2026-04-06 22:46:01,788 - INFO -   Val Loss: 1.1951
2026-04-06 22:46:01,788 - INFO -   Val Accuracy: 52.35% | F1: 0.5189
2026-04-06 22:46:01,788 - INFO -   LR: 0.000050
2026-04-06 22:46:01,788 - INFO -   Patience: 7/30
2026-04-06 22:46:01,788 - INFO - 
Epoch 24/300
2026-04-06 22:46:04,794 - INFO -   Epoch [10/237] Loss: 1.2657
2026-04-06 22:46:07,960 - INFO -   Epoch [20/237] Loss: 0.8992
2026-04-06 22:46:11,039 - INFO -   Epoch [30/237] Loss: 1.0526
2026-04-06 22:46:13,800 - INFO -   Epoch [40/237] Loss: 1.6027
2026-04-06 22:46:16,261 - INFO -   Epoch [50/237] Loss: 0.8901
2026-04-06 22:46:18,931 - INFO -   Epoch [60/237] Loss: 1.4744
2026-04-06 22:46:21,702 - INFO -   Epoch [70/237] Loss: 1.0640
2026-04-06 22:46:24,854 - INFO -   Epoch [80/237] Loss: 1.1911
2026-04-06 22:46:27,998 - INFO -   Epoch [90/237] Loss: 1.3334
2026-04-06 22:46:31,122 - INFO -   Epoch [100/237] Loss: 0.7401
2026-04-06 22:46:34,242 - INFO -   Epoch [110/237] Loss: 1.3458
2026-04-06 22:46:37,410 - INFO -   Epoch [120/237] Loss: 1.1482
2026-04-06 22:46:40,556 - INFO -   Epoch [130/237] Loss: 0.7605
2026-04-06 22:46:43,694 - INFO -   Epoch [140/237] Loss: 1.4814
2026-04-06 22:46:46,834 - INFO -   Epoch [150/237] Loss: 1.0422
2026-04-06 22:46:49,982 - INFO -   Epoch [160/237] Loss: 0.9726
2026-04-06 22:46:53,109 - INFO -   Epoch [170/237] Loss: 0.9408
2026-04-06 22:46:55,550 - INFO -   Epoch [180/237] Loss: 1.1286
2026-04-06 22:46:58,193 - INFO -   Epoch [190/237] Loss: 1.1069
2026-04-06 22:47:00,825 - INFO -   Epoch [200/237] Loss: 0.9648
2026-04-06 22:47:03,460 - INFO -   Epoch [210/237] Loss: 0.9783
2026-04-06 22:47:06,081 - INFO -   Epoch [220/237] Loss: 1.1636
2026-04-06 22:47:08,730 - INFO -   Epoch [230/237] Loss: 1.1523
2026-04-06 22:47:12,525 - INFO -   Train Loss: 1.1443
2026-04-06 22:47:12,525 - INFO -   Train Accuracy: 55.56%
2026-04-06 22:47:12,525 - INFO -   Val Loss: 1.1892
2026-04-06 22:47:12,525 - INFO -   Val Accuracy: 53.33% | F1: 0.5326
2026-04-06 22:47:12,525 - INFO -   LR: 0.000050
2026-04-06 22:47:12,525 - INFO -   Patience: 8/30
2026-04-06 22:47:12,526 - INFO - 
Epoch 25/300
2026-04-06 22:47:15,285 - INFO -   Epoch [10/237] Loss: 0.9398
2026-04-06 22:47:18,425 - INFO -   Epoch [20/237] Loss: 1.5025
2026-04-06 22:47:21,567 - INFO -   Epoch [30/237] Loss: 1.6451
2026-04-06 22:47:24,712 - INFO -   Epoch [40/237] Loss: 1.0948
2026-04-06 22:47:27,849 - INFO -   Epoch [50/237] Loss: 1.1936
2026-04-06 22:47:31,006 - INFO -   Epoch [60/237] Loss: 1.3053
2026-04-06 22:47:33,439 - INFO -   Epoch [70/237] Loss: 1.3061
2026-04-06 22:47:36,084 - INFO -   Epoch [80/237] Loss: 1.0786
2026-04-06 22:47:38,728 - INFO -   Epoch [90/237] Loss: 1.2621
2026-04-06 22:47:41,358 - INFO -   Epoch [100/237] Loss: 1.1129
2026-04-06 22:47:44,006 - INFO -   Epoch [110/237] Loss: 0.7214
2026-04-06 22:47:46,638 - INFO -   Epoch [120/237] Loss: 1.1715
2026-04-06 22:47:49,436 - INFO -   Epoch [130/237] Loss: 1.1041
2026-04-06 22:47:52,579 - INFO -   Epoch [140/237] Loss: 1.0423
2026-04-06 22:47:55,712 - INFO -   Epoch [150/237] Loss: 1.0473
2026-04-06 22:47:58,861 - INFO -   Epoch [160/237] Loss: 0.8053
2026-04-06 22:48:02,011 - INFO -   Epoch [170/237] Loss: 1.6565
2026-04-06 22:48:05,152 - INFO -   Epoch [180/237] Loss: 1.2196
2026-04-06 22:48:08,289 - INFO -   Epoch [190/237] Loss: 1.1825
2026-04-06 22:48:11,426 - INFO -   Epoch [200/237] Loss: 1.5816
2026-04-06 22:48:13,705 - INFO -   Epoch [210/237] Loss: 0.8099
2026-04-06 22:48:16,347 - INFO -   Epoch [220/237] Loss: 1.3763
2026-04-06 22:48:18,956 - INFO -   Epoch [230/237] Loss: 1.4638
2026-04-06 22:48:22,721 - INFO -   Train Loss: 1.1387
2026-04-06 22:48:22,722 - INFO -   Train Accuracy: 55.73%
2026-04-06 22:48:22,722 - INFO -   Val Loss: 1.1956
2026-04-06 22:48:22,722 - INFO -   Val Accuracy: 52.84% | F1: 0.5271
2026-04-06 22:48:22,722 - INFO -   LR: 0.000050
2026-04-06 22:48:22,722 - INFO -   Patience: 9/30
2026-04-06 22:48:22,722 - INFO - 
Epoch 26/300
2026-04-06 22:48:25,694 - INFO -   Epoch [10/237] Loss: 1.3873
2026-04-06 22:48:28,835 - INFO -   Epoch [20/237] Loss: 1.1277
2026-04-06 22:48:31,978 - INFO -   Epoch [30/237] Loss: 0.8884
2026-04-06 22:48:35,129 - INFO -   Epoch [40/237] Loss: 1.3039
2026-04-06 22:48:38,273 - INFO -   Epoch [50/237] Loss: 0.9466
2026-04-06 22:48:41,421 - INFO -   Epoch [60/237] Loss: 0.9566
2026-04-06 22:48:44,575 - INFO -   Epoch [70/237] Loss: 1.4301
2026-04-06 22:48:47,718 - INFO -   Epoch [80/237] Loss: 1.2822
2026-04-06 22:48:50,862 - INFO -   Epoch [90/237] Loss: 1.1862
2026-04-06 22:48:53,204 - INFO -   Epoch [100/237] Loss: 0.7204
2026-04-06 22:48:56,013 - INFO -   Epoch [110/237] Loss: 0.8473
2026-04-06 22:48:59,172 - INFO -   Epoch [120/237] Loss: 1.4836
2026-04-06 22:49:02,323 - INFO -   Epoch [130/237] Loss: 1.2121
2026-04-06 22:49:05,393 - INFO -   Epoch [140/237] Loss: 1.3674
2026-04-06 22:49:08,534 - INFO -   Epoch [150/237] Loss: 1.5904
2026-04-06 22:49:11,678 - INFO -   Epoch [160/237] Loss: 0.8883
2026-04-06 22:49:14,818 - INFO -   Epoch [170/237] Loss: 0.8619
2026-04-06 22:49:17,967 - INFO -   Epoch [180/237] Loss: 1.2914
2026-04-06 22:49:21,116 - INFO -   Epoch [190/237] Loss: 0.8617
2026-04-06 22:49:24,250 - INFO -   Epoch [200/237] Loss: 1.4244
2026-04-06 22:49:27,395 - INFO -   Epoch [210/237] Loss: 1.5489
2026-04-06 22:49:30,537 - INFO -   Epoch [220/237] Loss: 0.9991
2026-04-06 22:49:33,558 - INFO -   Epoch [230/237] Loss: 1.3873
2026-04-06 22:49:37,100 - INFO -   Train Loss: 1.1147
2026-04-06 22:49:37,100 - INFO -   Train Accuracy: 56.19%
2026-04-06 22:49:37,100 - INFO -   Val Loss: 1.1906
2026-04-06 22:49:37,100 - INFO -   Val Accuracy: 53.09% | F1: 0.5276
2026-04-06 22:49:37,100 - INFO -   LR: 0.000050
2026-04-06 22:49:37,100 - INFO -   Patience: 10/30
2026-04-06 22:49:37,100 - INFO - 
Epoch 27/300
2026-04-06 22:49:40,244 - INFO -   Epoch [10/237] Loss: 1.0534
2026-04-06 22:49:43,387 - INFO -   Epoch [20/237] Loss: 0.9352
2026-04-06 22:49:46,529 - INFO -   Epoch [30/237] Loss: 1.0577
2026-04-06 22:49:49,677 - INFO -   Epoch [40/237] Loss: 1.3379
2026-04-06 22:49:52,817 - INFO -   Epoch [50/237] Loss: 1.4109
2026-04-06 22:49:55,913 - INFO -   Epoch [60/237] Loss: 1.2013
2026-04-06 22:49:58,993 - INFO -   Epoch [70/237] Loss: 0.8868
2026-04-06 22:50:02,122 - INFO -   Epoch [80/237] Loss: 1.1133
2026-04-06 22:50:05,211 - INFO -   Epoch [90/237] Loss: 1.2066
2026-04-06 22:50:08,337 - INFO -   Epoch [100/237] Loss: 1.0725
2026-04-06 22:50:11,483 - INFO -   Epoch [110/237] Loss: 1.0212
2026-04-06 22:50:14,502 - INFO -   Epoch [120/237] Loss: 1.3363
2026-04-06 22:50:16,845 - INFO -   Epoch [130/237] Loss: 1.3313
2026-04-06 22:50:19,497 - INFO -   Epoch [140/237] Loss: 1.0367
2026-04-06 22:50:22,130 - INFO -   Epoch [150/237] Loss: 1.1777
2026-04-06 22:50:24,781 - INFO -   Epoch [160/237] Loss: 1.3190
2026-04-06 22:50:27,420 - INFO -   Epoch [170/237] Loss: 1.2409
2026-04-06 22:50:30,061 - INFO -   Epoch [180/237] Loss: 1.0079
2026-04-06 22:50:33,029 - INFO -   Epoch [190/237] Loss: 1.1320
2026-04-06 22:50:36,168 - INFO -   Epoch [200/237] Loss: 0.8512
2026-04-06 22:50:39,311 - INFO -   Epoch [210/237] Loss: 0.6214
2026-04-06 22:50:42,505 - INFO -   Epoch [220/237] Loss: 0.9084
2026-04-06 22:50:45,645 - INFO -   Epoch [230/237] Loss: 0.8371
2026-04-06 22:50:49,761 - INFO -   Train Loss: 1.1191
2026-04-06 22:50:49,761 - INFO -   Train Accuracy: 56.30%
2026-04-06 22:50:49,761 - INFO -   Val Loss: 1.1891
2026-04-06 22:50:49,761 - INFO -   Val Accuracy: 52.84% | F1: 0.5255
2026-04-06 22:50:49,761 - INFO -   LR: 0.000050
2026-04-06 22:50:49,761 - INFO -   Patience: 11/30
2026-04-06 22:50:49,761 - INFO - 
Epoch 28/300
2026-04-06 22:50:52,778 - INFO -   Epoch [10/237] Loss: 1.0361
2026-04-06 22:50:55,081 - INFO -   Epoch [20/237] Loss: 1.4275
2026-04-06 22:50:57,720 - INFO -   Epoch [30/237] Loss: 1.1777
2026-04-06 22:51:00,329 - INFO -   Epoch [40/237] Loss: 0.7996
2026-04-06 22:51:03,386 - INFO -   Epoch [50/237] Loss: 1.1168
2026-04-06 22:51:06,528 - INFO -   Epoch [60/237] Loss: 1.0253
2026-04-06 22:51:09,674 - INFO -   Epoch [70/237] Loss: 1.3169
2026-04-06 22:51:12,815 - INFO -   Epoch [80/237] Loss: 1.1763
2026-04-06 22:51:15,957 - INFO -   Epoch [90/237] Loss: 0.9537
2026-04-06 22:51:19,100 - INFO -   Epoch [100/237] Loss: 1.1252
2026-04-06 22:51:22,245 - INFO -   Epoch [110/237] Loss: 1.2216
2026-04-06 22:51:25,381 - INFO -   Epoch [120/237] Loss: 0.9413
2026-04-06 22:51:28,509 - INFO -   Epoch [130/237] Loss: 0.7047
2026-04-06 22:51:31,505 - INFO -   Epoch [140/237] Loss: 1.3384
2026-04-06 22:51:34,248 - INFO -   Epoch [150/237] Loss: 1.1985
2026-04-06 22:51:36,159 - INFO -   Epoch [160/237] Loss: 1.0844
2026-04-06 22:51:38,038 - INFO -   Epoch [170/237] Loss: 0.8235
2026-04-06 22:51:39,953 - INFO -   Epoch [180/237] Loss: 0.7411
2026-04-06 22:51:41,737 - INFO -   Epoch [190/237] Loss: 0.8016
2026-04-06 22:51:43,528 - INFO -   Epoch [200/237] Loss: 1.1196
2026-04-06 22:51:45,303 - INFO -   Epoch [210/237] Loss: 0.9429
2026-04-06 22:51:47,088 - INFO -   Epoch [220/237] Loss: 1.3279
2026-04-06 22:51:48,869 - INFO -   Epoch [230/237] Loss: 0.8184
2026-04-06 22:51:51,867 - INFO -   Train Loss: 1.1207
2026-04-06 22:51:51,867 - INFO -   Train Accuracy: 55.38%
2026-04-06 22:51:51,867 - INFO -   Val Loss: 1.2127
2026-04-06 22:51:51,867 - INFO -   Val Accuracy: 52.59% | F1: 0.5227
2026-04-06 22:51:51,867 - INFO -   LR: 0.000050
2026-04-06 22:51:51,867 - INFO -   Patience: 12/30
2026-04-06 22:51:51,867 - INFO - 
Epoch 29/300
2026-04-06 22:51:53,644 - INFO -   Epoch [10/237] Loss: 0.8466
2026-04-06 22:51:55,432 - INFO -   Epoch [20/237] Loss: 1.0305
2026-04-06 22:51:57,224 - INFO -   Epoch [30/237] Loss: 1.3177
2026-04-06 22:51:59,124 - INFO -   Epoch [40/237] Loss: 1.2928
2026-04-06 22:52:01,031 - INFO -   Epoch [50/237] Loss: 0.9230
2026-04-06 22:52:02,891 - INFO -   Epoch [60/237] Loss: 0.9132
2026-04-06 22:52:04,741 - INFO -   Epoch [70/237] Loss: 1.0463
2026-04-06 22:52:06,618 - INFO -   Epoch [80/237] Loss: 0.7236
2026-04-06 22:52:08,426 - INFO -   Epoch [90/237] Loss: 0.8306
2026-04-06 22:52:10,290 - INFO -   Epoch [100/237] Loss: 0.9333
2026-04-06 22:52:12,119 - INFO -   Epoch [110/237] Loss: 1.3687
2026-04-06 22:52:13,900 - INFO -   Epoch [120/237] Loss: 1.1734
2026-04-06 22:52:15,808 - INFO -   Epoch [130/237] Loss: 0.7310
2026-04-06 22:52:17,595 - INFO -   Epoch [140/237] Loss: 0.9440
2026-04-06 22:52:19,371 - INFO -   Epoch [150/237] Loss: 0.7597
2026-04-06 22:52:21,233 - INFO -   Epoch [160/237] Loss: 1.4498
2026-04-06 22:52:23,005 - INFO -   Epoch [170/237] Loss: 1.6189
2026-04-06 22:52:24,819 - INFO -   Epoch [180/237] Loss: 1.0300
2026-04-06 22:52:26,601 - INFO -   Epoch [190/237] Loss: 0.9990
2026-04-06 22:52:28,383 - INFO -   Epoch [200/237] Loss: 1.4313
2026-04-06 22:52:30,188 - INFO -   Epoch [210/237] Loss: 1.0981
2026-04-06 22:52:31,974 - INFO -   Epoch [220/237] Loss: 1.1038
2026-04-06 22:52:33,727 - INFO -   Epoch [230/237] Loss: 1.3329
2026-04-06 22:52:36,668 - INFO -   Train Loss: 1.1113
2026-04-06 22:52:36,668 - INFO -   Train Accuracy: 56.01%
2026-04-06 22:52:36,668 - INFO -   Val Loss: 1.1882
2026-04-06 22:52:36,668 - INFO -   Val Accuracy: 52.84% | F1: 0.5272
2026-04-06 22:52:36,668 - INFO -   LR: 0.000025
2026-04-06 22:52:36,668 - INFO -   Patience: 13/30
2026-04-06 22:52:36,669 - INFO - 
Epoch 30/300
2026-04-06 22:52:38,450 - INFO -   Epoch [10/237] Loss: 0.9353
2026-04-06 22:52:40,225 - INFO -   Epoch [20/237] Loss: 0.9722
2026-04-06 22:52:42,006 - INFO -   Epoch [30/237] Loss: 1.3821
2026-04-06 22:52:43,763 - INFO -   Epoch [40/237] Loss: 1.2629
2026-04-06 22:52:45,558 - INFO -   Epoch [50/237] Loss: 1.0979
2026-04-06 22:52:47,361 - INFO -   Epoch [60/237] Loss: 0.9882
2026-04-06 22:52:49,216 - INFO -   Epoch [70/237] Loss: 1.0566
2026-04-06 22:52:51,052 - INFO -   Epoch [80/237] Loss: 1.2289
2026-04-06 22:52:52,809 - INFO -   Epoch [90/237] Loss: 1.5243
2026-04-06 22:52:54,572 - INFO -   Epoch [100/237] Loss: 1.2699
2026-04-06 22:52:56,347 - INFO -   Epoch [110/237] Loss: 1.1919
2026-04-06 22:52:58,131 - INFO -   Epoch [120/237] Loss: 0.7804
2026-04-06 22:53:00,000 - INFO -   Epoch [130/237] Loss: 1.1382
2026-04-06 22:53:01,837 - INFO -   Epoch [140/237] Loss: 0.9776
2026-04-06 22:53:03,610 - INFO -   Epoch [150/237] Loss: 1.6240
2026-04-06 22:53:05,393 - INFO -   Epoch [160/237] Loss: 0.6537
2026-04-06 22:53:07,171 - INFO -   Epoch [170/237] Loss: 1.0431
2026-04-06 22:53:08,950 - INFO -   Epoch [180/237] Loss: 1.0449
2026-04-06 22:53:10,725 - INFO -   Epoch [190/237] Loss: 1.0472
2026-04-06 22:53:12,514 - INFO -   Epoch [200/237] Loss: 1.5248
2026-04-06 22:53:14,254 - INFO -   Epoch [210/237] Loss: 1.1163
2026-04-06 22:53:16,021 - INFO -   Epoch [220/237] Loss: 1.2305
2026-04-06 22:53:17,799 - INFO -   Epoch [230/237] Loss: 0.8201
2026-04-06 22:53:20,769 - INFO -   Train Loss: 1.0868
2026-04-06 22:53:20,769 - INFO -   Train Accuracy: 56.40%
2026-04-06 22:53:20,769 - INFO -   Val Loss: 1.1890
2026-04-06 22:53:20,770 - INFO -   Val Accuracy: 53.58% | F1: 0.5348
2026-04-06 22:53:20,770 - INFO -   LR: 0.000025
2026-04-06 22:53:20,770 - INFO -   Patience: 14/30
2026-04-06 22:53:20,770 - INFO - 
Epoch 31/300
2026-04-06 22:53:22,512 - INFO -   Epoch [10/237] Loss: 1.2655
2026-04-06 22:53:24,285 - INFO -   Epoch [20/237] Loss: 0.9971
2026-04-06 22:53:26,057 - INFO -   Epoch [30/237] Loss: 0.9902
2026-04-06 22:53:27,836 - INFO -   Epoch [40/237] Loss: 1.1663
2026-04-06 22:53:29,625 - INFO -   Epoch [50/237] Loss: 1.2115
2026-04-06 22:53:31,406 - INFO -   Epoch [60/237] Loss: 0.8178
2026-04-06 22:53:33,121 - INFO -   Epoch [70/237] Loss: 1.2087
2026-04-06 22:53:34,914 - INFO -   Epoch [80/237] Loss: 1.0424
2026-04-06 22:53:36,708 - INFO -   Epoch [90/237] Loss: 1.1797
2026-04-06 22:53:38,549 - INFO -   Epoch [100/237] Loss: 1.3420
2026-04-06 22:53:40,366 - INFO -   Epoch [110/237] Loss: 0.8546
2026-04-06 22:53:42,158 - INFO -   Epoch [120/237] Loss: 1.3114
2026-04-06 22:53:43,855 - INFO -   Epoch [130/237] Loss: 1.3507
2026-04-06 22:53:45,636 - INFO -   Epoch [140/237] Loss: 1.1421
2026-04-06 22:53:47,410 - INFO -   Epoch [150/237] Loss: 0.9438
2026-04-06 22:53:49,180 - INFO -   Epoch [160/237] Loss: 1.0502
2026-04-06 22:53:50,954 - INFO -   Epoch [170/237] Loss: 1.2211
2026-04-06 22:53:52,737 - INFO -   Epoch [180/237] Loss: 1.1570
2026-04-06 22:53:54,440 - INFO -   Epoch [190/237] Loss: 1.1529
2026-04-06 22:53:56,303 - INFO -   Epoch [200/237] Loss: 1.3316
2026-04-06 22:53:58,081 - INFO -   Epoch [210/237] Loss: 1.5573
2026-04-06 22:53:59,894 - INFO -   Epoch [220/237] Loss: 1.0572
2026-04-06 22:54:01,691 - INFO -   Epoch [230/237] Loss: 0.6938
2026-04-06 22:54:04,631 - INFO -   Train Loss: 1.0919
2026-04-06 22:54:04,631 - INFO -   Train Accuracy: 57.43%
2026-04-06 22:54:04,631 - INFO -   Val Loss: 1.1980
2026-04-06 22:54:04,631 - INFO -   Val Accuracy: 52.59% | F1: 0.5234
2026-04-06 22:54:04,631 - INFO -   LR: 0.000025
2026-04-06 22:54:04,631 - INFO -   Patience: 15/30
2026-04-06 22:54:04,631 - INFO - 
Epoch 32/300
2026-04-06 22:54:06,415 - INFO -   Epoch [10/237] Loss: 1.3834
2026-04-06 22:54:08,209 - INFO -   Epoch [20/237] Loss: 1.1156
2026-04-06 22:54:09,988 - INFO -   Epoch [30/237] Loss: 1.1615
2026-04-06 22:54:11,781 - INFO -   Epoch [40/237] Loss: 0.7739
2026-04-06 22:54:13,555 - INFO -   Epoch [50/237] Loss: 0.9732
2026-04-06 22:54:15,236 - INFO -   Epoch [60/237] Loss: 1.1343
2026-04-06 22:54:17,008 - INFO -   Epoch [70/237] Loss: 0.9260
2026-04-06 22:54:18,781 - INFO -   Epoch [80/237] Loss: 1.0813
2026-04-06 22:54:20,545 - INFO -   Epoch [90/237] Loss: 0.8094
2026-04-06 22:54:22,339 - INFO -   Epoch [100/237] Loss: 0.9324
2026-04-06 22:54:24,136 - INFO -   Epoch [110/237] Loss: 0.5934
2026-04-06 22:54:25,842 - INFO -   Epoch [120/237] Loss: 1.2546
2026-04-06 22:54:27,594 - INFO -   Epoch [130/237] Loss: 1.2013
2026-04-06 22:54:29,370 - INFO -   Epoch [140/237] Loss: 1.1278
2026-04-06 22:54:31,144 - INFO -   Epoch [150/237] Loss: 1.3937
2026-04-06 22:54:32,936 - INFO -   Epoch [160/237] Loss: 1.1690
2026-04-06 22:54:34,733 - INFO -   Epoch [170/237] Loss: 1.1799
2026-04-06 22:54:36,445 - INFO -   Epoch [180/237] Loss: 1.5644
2026-04-06 22:54:38,173 - INFO -   Epoch [190/237] Loss: 0.7833
2026-04-06 22:54:39,948 - INFO -   Epoch [200/237] Loss: 0.9089
2026-04-06 22:54:41,722 - INFO -   Epoch [210/237] Loss: 0.7563
2026-04-06 22:54:43,513 - INFO -   Epoch [220/237] Loss: 1.0060
2026-04-06 22:54:45,284 - INFO -   Epoch [230/237] Loss: 1.4481
2026-04-06 22:54:48,211 - INFO -   Train Loss: 1.0994
2026-04-06 22:54:48,211 - INFO -   Train Accuracy: 56.37%
2026-04-06 22:54:48,211 - INFO -   Val Loss: 1.2030
2026-04-06 22:54:48,211 - INFO -   Val Accuracy: 52.10% | F1: 0.5192
2026-04-06 22:54:48,212 - INFO -   LR: 0.000025
2026-04-06 22:54:48,212 - INFO -   Patience: 16/30
2026-04-06 22:54:48,212 - INFO - 
Epoch 33/300
2026-04-06 22:54:49,997 - INFO -   Epoch [10/237] Loss: 0.7855
2026-04-06 22:54:51,801 - INFO -   Epoch [20/237] Loss: 0.9561
2026-04-06 22:54:53,597 - INFO -   Epoch [30/237] Loss: 0.9783
2026-04-06 22:54:55,374 - INFO -   Epoch [40/237] Loss: 0.6938
2026-04-06 22:54:57,110 - INFO -   Epoch [50/237] Loss: 1.0494
2026-04-06 22:54:58,822 - INFO -   Epoch [60/237] Loss: 1.1329
2026-04-06 22:55:00,600 - INFO -   Epoch [70/237] Loss: 1.0126
2026-04-06 22:55:02,376 - INFO -   Epoch [80/237] Loss: 1.2739
2026-04-06 22:55:04,153 - INFO -   Epoch [90/237] Loss: 0.9261
2026-04-06 22:55:05,934 - INFO -   Epoch [100/237] Loss: 1.1136
2026-04-06 22:55:07,671 - INFO -   Epoch [110/237] Loss: 0.8610
2026-04-06 22:55:09,394 - INFO -   Epoch [120/237] Loss: 1.0664
2026-04-06 22:55:11,254 - INFO -   Epoch [130/237] Loss: 0.9830
2026-04-06 22:55:13,033 - INFO -   Epoch [140/237] Loss: 1.3407
2026-04-06 22:55:14,860 - INFO -   Epoch [150/237] Loss: 0.9472
2026-04-06 22:55:16,639 - INFO -   Epoch [160/237] Loss: 1.0193
2026-04-06 22:55:18,365 - INFO -   Epoch [170/237] Loss: 1.2024
2026-04-06 22:55:20,094 - INFO -   Epoch [180/237] Loss: 0.9069
2026-04-06 22:55:21,875 - INFO -   Epoch [190/237] Loss: 0.8143
2026-04-06 22:55:23,647 - INFO -   Epoch [200/237] Loss: 0.7231
2026-04-06 22:55:25,420 - INFO -   Epoch [210/237] Loss: 0.9208
2026-04-06 22:55:27,201 - INFO -   Epoch [220/237] Loss: 0.8325
2026-04-06 22:55:28,901 - INFO -   Epoch [230/237] Loss: 1.5772
2026-04-06 22:55:31,815 - INFO -   Train Loss: 1.0935
2026-04-06 22:55:31,815 - INFO -   Train Accuracy: 57.14%
2026-04-06 22:55:31,816 - INFO -   Val Loss: 1.1915
2026-04-06 22:55:31,816 - INFO -   Val Accuracy: 53.33% | F1: 0.5328
2026-04-06 22:55:31,816 - INFO -   LR: 0.000025
2026-04-06 22:55:31,816 - INFO -   Patience: 17/30
2026-04-06 22:55:31,816 - INFO - 
Epoch 34/300
2026-04-06 22:55:33,600 - INFO -   Epoch [10/237] Loss: 0.6000
2026-04-06 22:55:35,369 - INFO -   Epoch [20/237] Loss: 1.1316
2026-04-06 22:55:37,153 - INFO -   Epoch [30/237] Loss: 0.9724
2026-04-06 22:55:38,911 - INFO -   Epoch [40/237] Loss: 1.4969
2026-04-06 22:55:40,684 - INFO -   Epoch [50/237] Loss: 1.3281
2026-04-06 22:55:42,472 - INFO -   Epoch [60/237] Loss: 0.9450
2026-04-06 22:55:44,288 - INFO -   Epoch [70/237] Loss: 1.4959
2026-04-06 22:55:46,062 - INFO -   Epoch [80/237] Loss: 1.3497
2026-04-06 22:55:47,799 - INFO -   Epoch [90/237] Loss: 1.1341
2026-04-06 22:55:49,548 - INFO -   Epoch [100/237] Loss: 0.8187
2026-04-06 22:55:51,293 - INFO -   Epoch [110/237] Loss: 1.1475
2026-04-06 22:55:53,071 - INFO -   Epoch [120/237] Loss: 0.8502
2026-04-06 22:55:54,841 - INFO -   Epoch [130/237] Loss: 0.8095
2026-04-06 22:55:56,615 - INFO -   Epoch [140/237] Loss: 1.0480
2026-04-06 22:55:58,296 - INFO -   Epoch [150/237] Loss: 0.7071
2026-04-06 22:56:00,072 - INFO -   Epoch [160/237] Loss: 1.2059
2026-04-06 22:56:01,847 - INFO -   Epoch [170/237] Loss: 1.9059
2026-04-06 22:56:03,617 - INFO -   Epoch [180/237] Loss: 0.8537
2026-04-06 22:56:05,364 - INFO -   Epoch [190/237] Loss: 1.3069
2026-04-06 22:56:07,083 - INFO -   Epoch [200/237] Loss: 1.1730
2026-04-06 22:56:08,858 - INFO -   Epoch [210/237] Loss: 1.0310
2026-04-06 22:56:10,642 - INFO -   Epoch [220/237] Loss: 1.6516
2026-04-06 22:56:12,442 - INFO -   Epoch [230/237] Loss: 1.1432
2026-04-06 22:56:15,401 - INFO -   Train Loss: 1.0994
2026-04-06 22:56:15,401 - INFO -   Train Accuracy: 55.63%
2026-04-06 22:56:15,401 - INFO -   Val Loss: 1.2128
2026-04-06 22:56:15,401 - INFO -   Val Accuracy: 51.85% | F1: 0.5169
2026-04-06 22:56:15,401 - INFO -   LR: 0.000025
2026-04-06 22:56:15,401 - INFO -   Patience: 18/30
2026-04-06 22:56:15,401 - INFO - 
Epoch 35/300
2026-04-06 22:56:17,188 - INFO -   Epoch [10/237] Loss: 1.2809
2026-04-06 22:56:18,974 - INFO -   Epoch [20/237] Loss: 1.1918
2026-04-06 22:56:20,724 - INFO -   Epoch [30/237] Loss: 0.7013
2026-04-06 22:56:22,460 - INFO -   Epoch [40/237] Loss: 1.1090
2026-04-06 22:56:24,246 - INFO -   Epoch [50/237] Loss: 0.8401
2026-04-06 22:56:26,036 - INFO -   Epoch [60/237] Loss: 0.9292
2026-04-06 22:56:27,802 - INFO -   Epoch [70/237] Loss: 1.0031
2026-04-06 22:56:29,518 - INFO -   Epoch [80/237] Loss: 1.2742
2026-04-06 22:56:31,302 - INFO -   Epoch [90/237] Loss: 1.3727
2026-04-06 22:56:33,081 - INFO -   Epoch [100/237] Loss: 0.9001
2026-04-06 22:56:34,871 - INFO -   Epoch [110/237] Loss: 1.5697
2026-04-06 22:56:36,602 - INFO -   Epoch [120/237] Loss: 0.6676
2026-04-06 22:56:38,399 - INFO -   Epoch [130/237] Loss: 1.1621
2026-04-06 22:56:40,183 - INFO -   Epoch [140/237] Loss: 1.3317
2026-04-06 22:56:41,956 - INFO -   Epoch [150/237] Loss: 1.3226
2026-04-06 22:56:43,668 - INFO -   Epoch [160/237] Loss: 1.1758
2026-04-06 22:56:45,446 - INFO -   Epoch [170/237] Loss: 0.7912
2026-04-06 22:56:47,208 - INFO -   Epoch [180/237] Loss: 1.0747
2026-04-06 22:56:48,968 - INFO -   Epoch [190/237] Loss: 1.0259
2026-04-06 22:56:50,696 - INFO -   Epoch [200/237] Loss: 0.6637
2026-04-06 22:56:52,475 - INFO -   Epoch [210/237] Loss: 0.8686
2026-04-06 22:56:54,263 - INFO -   Epoch [220/237] Loss: 0.6481
2026-04-06 22:56:56,018 - INFO -   Epoch [230/237] Loss: 1.0432
2026-04-06 22:56:58,958 - INFO -   Train Loss: 1.0794
2026-04-06 22:56:58,958 - INFO -   Train Accuracy: 57.60%
2026-04-06 22:56:58,958 - INFO -   Val Loss: 1.1984
2026-04-06 22:56:58,958 - INFO -   Val Accuracy: 52.10% | F1: 0.5200
2026-04-06 22:56:58,958 - INFO -   LR: 0.000013
2026-04-06 22:56:58,958 - INFO -   Patience: 19/30
2026-04-06 22:56:58,958 - INFO - 
Epoch 36/300
2026-04-06 22:57:00,742 - INFO -   Epoch [10/237] Loss: 0.9052
2026-04-06 22:57:02,515 - INFO -   Epoch [20/237] Loss: 0.8243
2026-04-06 22:57:04,272 - INFO -   Epoch [30/237] Loss: 1.0704
2026-04-06 22:57:06,044 - INFO -   Epoch [40/237] Loss: 1.1668
2026-04-06 22:57:07,815 - INFO -   Epoch [50/237] Loss: 1.2672
2026-04-06 22:57:09,592 - INFO -   Epoch [60/237] Loss: 0.6658
2026-04-06 22:57:11,322 - INFO -   Epoch [70/237] Loss: 0.7654
2026-04-06 22:57:13,099 - INFO -   Epoch [80/237] Loss: 0.9366
2026-04-06 22:57:14,872 - INFO -   Epoch [90/237] Loss: 1.6252
2026-04-06 22:57:16,645 - INFO -   Epoch [100/237] Loss: 1.0168
2026-04-06 22:57:18,397 - INFO -   Epoch [110/237] Loss: 1.0850
2026-04-06 22:57:20,168 - INFO -   Epoch [120/237] Loss: 0.9659
2026-04-06 22:57:21,958 - INFO -   Epoch [130/237] Loss: 1.1552
2026-04-06 22:57:23,740 - INFO -   Epoch [140/237] Loss: 1.0984
2026-04-06 22:57:25,481 - INFO -   Epoch [150/237] Loss: 0.9776
2026-04-06 22:57:27,279 - INFO -   Epoch [160/237] Loss: 1.2997
2026-04-06 22:57:29,077 - INFO -   Epoch [170/237] Loss: 0.6118
2026-04-06 22:57:30,870 - INFO -   Epoch [180/237] Loss: 1.0484
2026-04-06 22:57:32,597 - INFO -   Epoch [190/237] Loss: 0.7654
2026-04-06 22:57:34,380 - INFO -   Epoch [200/237] Loss: 0.9034
2026-04-06 22:57:36,166 - INFO -   Epoch [210/237] Loss: 0.9512
2026-04-06 22:57:37,953 - INFO -   Epoch [220/237] Loss: 1.1439
2026-04-06 22:57:39,689 - INFO -   Epoch [230/237] Loss: 1.2097
2026-04-06 22:57:42,778 - INFO -   Train Loss: 1.0624
2026-04-06 22:57:42,778 - INFO -   Train Accuracy: 57.18%
2026-04-06 22:57:42,778 - INFO -   Val Loss: 1.2019
2026-04-06 22:57:42,778 - INFO -   Val Accuracy: 52.84% | F1: 0.5272
2026-04-06 22:57:42,778 - INFO -   LR: 0.000013
2026-04-06 22:57:42,779 - INFO -   Patience: 20/30
2026-04-06 22:57:42,779 - INFO - 
Epoch 37/300
2026-04-06 22:57:44,555 - INFO -   Epoch [10/237] Loss: 1.1061
2026-04-06 22:57:46,318 - INFO -   Epoch [20/237] Loss: 1.3722
2026-04-06 22:57:48,081 - INFO -   Epoch [30/237] Loss: 0.7678
2026-04-06 22:57:49,863 - INFO -   Epoch [40/237] Loss: 0.7502
2026-04-06 22:57:51,639 - INFO -   Epoch [50/237] Loss: 1.0268
2026-04-06 22:57:53,422 - INFO -   Epoch [60/237] Loss: 1.1827
2026-04-06 22:57:55,143 - INFO -   Epoch [70/237] Loss: 1.0421
2026-04-06 22:57:56,916 - INFO -   Epoch [80/237] Loss: 1.8132
2026-04-06 22:57:58,688 - INFO -   Epoch [90/237] Loss: 1.3997
2026-04-06 22:58:00,457 - INFO -   Epoch [100/237] Loss: 1.0534
2026-04-06 22:58:02,196 - INFO -   Epoch [110/237] Loss: 1.4312
2026-04-06 22:58:03,986 - INFO -   Epoch [120/237] Loss: 1.0208
2026-04-06 22:58:05,762 - INFO -   Epoch [130/237] Loss: 1.4388
2026-04-06 22:58:07,539 - INFO -   Epoch [140/237] Loss: 1.3061
2026-04-06 22:58:09,281 - INFO -   Epoch [150/237] Loss: 1.0040
2026-04-06 22:58:11,046 - INFO -   Epoch [160/237] Loss: 1.0688
2026-04-06 22:58:12,838 - INFO -   Epoch [170/237] Loss: 1.1814
2026-04-06 22:58:14,623 - INFO -   Epoch [180/237] Loss: 0.7797
2026-04-06 22:58:16,396 - INFO -   Epoch [190/237] Loss: 0.7700
2026-04-06 22:58:18,158 - INFO -   Epoch [200/237] Loss: 1.0708
2026-04-06 22:58:19,944 - INFO -   Epoch [210/237] Loss: 1.3640
2026-04-06 22:58:21,724 - INFO -   Epoch [220/237] Loss: 1.0043
2026-04-06 22:58:23,505 - INFO -   Epoch [230/237] Loss: 1.1729
2026-04-06 22:58:26,524 - INFO -   Train Loss: 1.0652
2026-04-06 22:58:26,525 - INFO -   Train Accuracy: 57.92%
2026-04-06 22:58:26,525 - INFO -   Val Loss: 1.2032
2026-04-06 22:58:26,525 - INFO -   Val Accuracy: 52.35% | F1: 0.5220
2026-04-06 22:58:26,525 - INFO -   LR: 0.000013
2026-04-06 22:58:26,525 - INFO -   Patience: 21/30
2026-04-06 22:58:26,525 - INFO - 
Epoch 38/300
2026-04-06 22:58:28,304 - INFO -   Epoch [10/237] Loss: 1.1663
2026-04-06 22:58:30,081 - INFO -   Epoch [20/237] Loss: 1.2215
2026-04-06 22:58:31,815 - INFO -   Epoch [30/237] Loss: 1.3142
2026-04-06 22:58:33,597 - INFO -   Epoch [40/237] Loss: 0.9944
2026-04-06 22:58:35,425 - INFO -   Epoch [50/237] Loss: 1.0725
2026-04-06 22:58:37,212 - INFO -   Epoch [60/237] Loss: 0.6751
2026-04-06 22:58:38,953 - INFO -   Epoch [70/237] Loss: 1.0020
2026-04-06 22:58:40,731 - INFO -   Epoch [80/237] Loss: 0.7540
2026-04-06 22:58:42,519 - INFO -   Epoch [90/237] Loss: 1.3572
2026-04-06 22:58:44,315 - INFO -   Epoch [100/237] Loss: 0.8567
2026-04-06 22:58:46,066 - INFO -   Epoch [110/237] Loss: 1.0083
2026-04-06 22:58:47,840 - INFO -   Epoch [120/237] Loss: 1.4094
2026-04-06 22:58:49,634 - INFO -   Epoch [130/237] Loss: 0.9718
2026-04-06 22:58:51,421 - INFO -   Epoch [140/237] Loss: 1.1377
2026-04-06 22:58:53,171 - INFO -   Epoch [150/237] Loss: 1.1207
2026-04-06 22:58:54,948 - INFO -   Epoch [160/237] Loss: 0.9741
2026-04-06 22:58:56,726 - INFO -   Epoch [170/237] Loss: 1.1170
2026-04-06 22:58:58,510 - INFO -   Epoch [180/237] Loss: 1.0615
2026-04-06 22:59:00,271 - INFO -   Epoch [190/237] Loss: 0.9848
2026-04-06 22:59:02,064 - INFO -   Epoch [200/237] Loss: 0.9073
2026-04-06 22:59:03,842 - INFO -   Epoch [210/237] Loss: 0.8684
2026-04-06 22:59:05,635 - INFO -   Epoch [220/237] Loss: 0.7730
2026-04-06 22:59:07,381 - INFO -   Epoch [230/237] Loss: 1.4380
2026-04-06 22:59:10,350 - INFO -   Train Loss: 1.0780
2026-04-06 22:59:10,351 - INFO -   Train Accuracy: 57.81%
2026-04-06 22:59:10,351 - INFO -   Val Loss: 1.2025
2026-04-06 22:59:10,351 - INFO -   Val Accuracy: 52.35% | F1: 0.5219
2026-04-06 22:59:10,351 - INFO -   LR: 0.000013
2026-04-06 22:59:10,351 - INFO -   Patience: 22/30
2026-04-06 22:59:10,351 - INFO - 
Epoch 39/300
2026-04-06 22:59:12,124 - INFO -   Epoch [10/237] Loss: 1.2165
2026-04-06 22:59:13,897 - INFO -   Epoch [20/237] Loss: 0.7329
2026-04-06 22:59:15,693 - INFO -   Epoch [30/237] Loss: 0.9322
2026-04-06 22:59:17,489 - INFO -   Epoch [40/237] Loss: 0.9863
2026-04-06 22:59:19,263 - INFO -   Epoch [50/237] Loss: 1.0872
2026-04-06 22:59:21,033 - INFO -   Epoch [60/237] Loss: 1.2563
2026-04-06 22:59:22,803 - INFO -   Epoch [70/237] Loss: 1.1787
2026-04-06 22:59:24,602 - INFO -   Epoch [80/237] Loss: 0.8643
2026-04-06 22:59:26,354 - INFO -   Epoch [90/237] Loss: 1.0118
2026-04-06 22:59:28,148 - INFO -   Epoch [100/237] Loss: 1.2382
2026-04-06 22:59:29,951 - INFO -   Epoch [110/237] Loss: 1.3249
2026-04-06 22:59:31,760 - INFO -   Epoch [120/237] Loss: 1.1162
2026-04-06 22:59:33,525 - INFO -   Epoch [130/237] Loss: 0.8526
2026-04-06 22:59:35,315 - INFO -   Epoch [140/237] Loss: 1.3408
2026-04-06 22:59:37,099 - INFO -   Epoch [150/237] Loss: 1.1185
2026-04-06 22:59:38,893 - INFO -   Epoch [160/237] Loss: 0.8777
2026-04-06 22:59:40,660 - INFO -   Epoch [170/237] Loss: 0.8634
2026-04-06 22:59:42,472 - INFO -   Epoch [180/237] Loss: 1.3624
2026-04-06 22:59:44,260 - INFO -   Epoch [190/237] Loss: 1.1405
2026-04-06 22:59:46,049 - INFO -   Epoch [200/237] Loss: 1.1006
2026-04-06 22:59:47,799 - INFO -   Epoch [210/237] Loss: 1.0200
2026-04-06 22:59:49,579 - INFO -   Epoch [220/237] Loss: 1.0454
2026-04-06 22:59:51,376 - INFO -   Epoch [230/237] Loss: 0.9773
2026-04-06 22:59:54,352 - INFO -   Train Loss: 1.0823
2026-04-06 22:59:54,352 - INFO -   Train Accuracy: 57.88%
2026-04-06 22:59:54,352 - INFO -   Val Loss: 1.1999
2026-04-06 22:59:54,352 - INFO -   Val Accuracy: 52.10% | F1: 0.5196
2026-04-06 22:59:54,352 - INFO -   LR: 0.000013
2026-04-06 22:59:54,353 - INFO -   Patience: 23/30
2026-04-06 22:59:54,353 - INFO - 
Epoch 40/300
2026-04-06 22:59:56,130 - INFO -   Epoch [10/237] Loss: 0.8911
2026-04-06 22:59:57,921 - INFO -   Epoch [20/237] Loss: 1.4285
2026-04-06 22:59:59,698 - INFO -   Epoch [30/237] Loss: 1.1109
2026-04-06 23:00:01,476 - INFO -   Epoch [40/237] Loss: 0.8287
2026-04-06 23:00:03,239 - INFO -   Epoch [50/237] Loss: 0.8337
2026-04-06 23:00:05,027 - INFO -   Epoch [60/237] Loss: 1.7237
2026-04-06 23:00:06,804 - INFO -   Epoch [70/237] Loss: 1.0284
2026-04-06 23:00:08,581 - INFO -   Epoch [80/237] Loss: 1.0475
2026-04-06 23:00:10,335 - INFO -   Epoch [90/237] Loss: 1.5496
2026-04-06 23:00:12,112 - INFO -   Epoch [100/237] Loss: 0.8981
2026-04-06 23:00:13,897 - INFO -   Epoch [110/237] Loss: 1.5377
2026-04-06 23:00:15,680 - INFO -   Epoch [120/237] Loss: 1.2722
2026-04-06 23:00:17,418 - INFO -   Epoch [130/237] Loss: 0.8783
2026-04-06 23:00:19,197 - INFO -   Epoch [140/237] Loss: 1.1440
2026-04-06 23:00:20,996 - INFO -   Epoch [150/237] Loss: 1.2970
2026-04-06 23:00:22,789 - INFO -   Epoch [160/237] Loss: 1.4049
2026-04-06 23:00:24,538 - INFO -   Epoch [170/237] Loss: 1.0789
2026-04-06 23:00:26,333 - INFO -   Epoch [180/237] Loss: 0.8135
2026-04-06 23:00:28,125 - INFO -   Epoch [190/237] Loss: 0.8775
2026-04-06 23:00:29,916 - INFO -   Epoch [200/237] Loss: 1.2185
2026-04-06 23:00:31,680 - INFO -   Epoch [210/237] Loss: 1.1340
2026-04-06 23:00:33,452 - INFO -   Epoch [220/237] Loss: 0.9682
2026-04-06 23:00:35,238 - INFO -   Epoch [230/237] Loss: 0.6634
2026-04-06 23:00:38,212 - INFO -   Train Loss: 1.0668
2026-04-06 23:00:38,212 - INFO -   Train Accuracy: 57.28%
2026-04-06 23:00:38,212 - INFO -   Val Loss: 1.1972
2026-04-06 23:00:38,212 - INFO -   Val Accuracy: 53.09% | F1: 0.5310
2026-04-06 23:00:38,212 - INFO -   LR: 0.000013
2026-04-06 23:00:38,212 - INFO -   Patience: 24/30
2026-04-06 23:00:38,212 - INFO - 
Epoch 41/300
2026-04-06 23:00:39,965 - INFO -   Epoch [10/237] Loss: 1.3702
2026-04-06 23:00:41,764 - INFO -   Epoch [20/237] Loss: 1.4746
2026-04-06 23:00:43,554 - INFO -   Epoch [30/237] Loss: 1.1062
2026-04-06 23:00:45,352 - INFO -   Epoch [40/237] Loss: 0.4244
2026-04-06 23:00:47,110 - INFO -   Epoch [50/237] Loss: 1.1648
2026-04-06 23:00:48,900 - INFO -   Epoch [60/237] Loss: 1.0036
2026-04-06 23:00:50,701 - INFO -   Epoch [70/237] Loss: 0.9973
2026-04-06 23:00:52,488 - INFO -   Epoch [80/237] Loss: 1.0279
2026-04-06 23:00:54,239 - INFO -   Epoch [90/237] Loss: 1.1585
2026-04-06 23:00:56,029 - INFO -   Epoch [100/237] Loss: 1.3189
2026-04-06 23:00:57,812 - INFO -   Epoch [110/237] Loss: 0.7747
2026-04-06 23:00:59,597 - INFO -   Epoch [120/237] Loss: 1.0815
2026-04-06 23:01:01,349 - INFO -   Epoch [130/237] Loss: 0.9873
2026-04-06 23:01:03,125 - INFO -   Epoch [140/237] Loss: 0.8381
2026-04-06 23:01:04,899 - INFO -   Epoch [150/237] Loss: 1.1308
2026-04-06 23:01:06,690 - INFO -   Epoch [160/237] Loss: 1.2171
2026-04-06 23:01:08,457 - INFO -   Epoch [170/237] Loss: 1.1023
2026-04-06 23:01:10,256 - INFO -   Epoch [180/237] Loss: 1.3329
2026-04-06 23:01:12,039 - INFO -   Epoch [190/237] Loss: 1.0881
2026-04-06 23:01:13,825 - INFO -   Epoch [200/237] Loss: 1.0941
2026-04-06 23:01:15,601 - INFO -   Epoch [210/237] Loss: 1.1507
2026-04-06 23:01:17,350 - INFO -   Epoch [220/237] Loss: 1.0387
2026-04-06 23:01:19,213 - INFO -   Epoch [230/237] Loss: 0.6503
2026-04-06 23:01:22,246 - INFO -   Train Loss: 1.0649
2026-04-06 23:01:22,246 - INFO -   Train Accuracy: 57.50%
2026-04-06 23:01:22,246 - INFO -   Val Loss: 1.2007
2026-04-06 23:01:22,246 - INFO -   Val Accuracy: 52.59% | F1: 0.5245
2026-04-06 23:01:22,246 - INFO -   LR: 0.000006
2026-04-06 23:01:22,246 - INFO -   Patience: 25/30
2026-04-06 23:01:22,246 - INFO - 
Epoch 42/300
2026-04-06 23:01:24,009 - INFO -   Epoch [10/237] Loss: 1.4755
2026-04-06 23:01:25,807 - INFO -   Epoch [20/237] Loss: 0.9858
2026-04-06 23:01:27,589 - INFO -   Epoch [30/237] Loss: 0.6333
2026-04-06 23:01:29,418 - INFO -   Epoch [40/237] Loss: 1.2804
2026-04-06 23:01:31,140 - INFO -   Epoch [50/237] Loss: 0.9061
2026-04-06 23:01:32,936 - INFO -   Epoch [60/237] Loss: 0.4842
2026-04-06 23:01:34,725 - INFO -   Epoch [70/237] Loss: 1.0564
2026-04-06 23:01:36,529 - INFO -   Epoch [80/237] Loss: 0.9489
2026-04-06 23:01:38,305 - INFO -   Epoch [90/237] Loss: 1.0743
2026-04-06 23:01:40,059 - INFO -   Epoch [100/237] Loss: 0.9794
2026-04-06 23:01:41,828 - INFO -   Epoch [110/237] Loss: 1.1853
2026-04-06 23:01:43,598 - INFO -   Epoch [120/237] Loss: 1.0938
2026-04-06 23:01:45,373 - INFO -   Epoch [130/237] Loss: 1.3562
2026-04-06 23:01:47,106 - INFO -   Epoch [140/237] Loss: 1.5196
2026-04-06 23:01:48,893 - INFO -   Epoch [150/237] Loss: 1.2338
2026-04-06 23:01:50,678 - INFO -   Epoch [160/237] Loss: 1.0336
2026-04-06 23:01:52,459 - INFO -   Epoch [170/237] Loss: 1.1088
2026-04-06 23:01:54,226 - INFO -   Epoch [180/237] Loss: 0.9922
2026-04-06 23:01:55,987 - INFO -   Epoch [190/237] Loss: 0.7329
2026-04-06 23:01:57,767 - INFO -   Epoch [200/237] Loss: 1.1832
2026-04-06 23:01:59,551 - INFO -   Epoch [210/237] Loss: 0.6879
2026-04-06 23:02:01,334 - INFO -   Epoch [220/237] Loss: 0.9879
2026-04-06 23:02:03,066 - INFO -   Epoch [230/237] Loss: 0.7934
2026-04-06 23:02:06,003 - INFO -   Train Loss: 1.0586
2026-04-06 23:02:06,003 - INFO -   Train Accuracy: 58.80%
2026-04-06 23:02:06,003 - INFO -   Val Loss: 1.2038
2026-04-06 23:02:06,003 - INFO -   Val Accuracy: 52.10% | F1: 0.5198
2026-04-06 23:02:06,003 - INFO -   LR: 0.000006
2026-04-06 23:02:06,003 - INFO -   Patience: 26/30
2026-04-06 23:02:06,003 - INFO - 
Epoch 43/300
2026-04-06 23:02:07,795 - INFO -   Epoch [10/237] Loss: 1.1029
2026-04-06 23:02:09,578 - INFO -   Epoch [20/237] Loss: 1.2289
2026-04-06 23:02:11,336 - INFO -   Epoch [30/237] Loss: 0.7861
2026-04-06 23:02:13,112 - INFO -   Epoch [40/237] Loss: 0.9703
2026-04-06 23:02:14,892 - INFO -   Epoch [50/237] Loss: 1.0287
2026-04-06 23:02:16,680 - INFO -   Epoch [60/237] Loss: 0.9983
2026-04-06 23:02:18,426 - INFO -   Epoch [70/237] Loss: 0.8178
2026-04-06 23:02:20,280 - INFO -   Epoch [80/237] Loss: 1.3717
2026-04-06 23:02:22,059 - INFO -   Epoch [90/237] Loss: 1.3931
2026-04-06 23:02:23,843 - INFO -   Epoch [100/237] Loss: 1.0182
2026-04-06 23:02:25,628 - INFO -   Epoch [110/237] Loss: 0.7980
2026-04-06 23:02:27,370 - INFO -   Epoch [120/237] Loss: 1.3373
2026-04-06 23:02:29,146 - INFO -   Epoch [130/237] Loss: 0.9589
2026-04-06 23:02:30,976 - INFO -   Epoch [140/237] Loss: 0.8635
2026-04-06 23:02:32,766 - INFO -   Epoch [150/237] Loss: 1.7160
2026-04-06 23:02:34,496 - INFO -   Epoch [160/237] Loss: 0.8368
2026-04-06 23:02:36,277 - INFO -   Epoch [170/237] Loss: 1.0355
2026-04-06 23:02:38,080 - INFO -   Epoch [180/237] Loss: 1.0096
2026-04-06 23:02:39,864 - INFO -   Epoch [190/237] Loss: 0.7968
2026-04-06 23:02:41,650 - INFO -   Epoch [200/237] Loss: 1.0506
2026-04-06 23:02:43,402 - INFO -   Epoch [210/237] Loss: 1.0569
2026-04-06 23:02:45,179 - INFO -   Epoch [220/237] Loss: 1.0525
2026-04-06 23:02:46,959 - INFO -   Epoch [230/237] Loss: 1.4585
2026-04-06 23:02:49,961 - INFO -   Train Loss: 1.0616
2026-04-06 23:02:49,962 - INFO -   Train Accuracy: 58.48%
2026-04-06 23:02:49,962 - INFO -   Val Loss: 1.2044
2026-04-06 23:02:49,962 - INFO -   Val Accuracy: 52.35% | F1: 0.5231
2026-04-06 23:02:49,962 - INFO -   LR: 0.000006
2026-04-06 23:02:49,962 - INFO -   Patience: 27/30
2026-04-06 23:02:49,962 - INFO - 
Epoch 44/300
2026-04-06 23:02:51,714 - INFO -   Epoch [10/237] Loss: 1.0888
2026-04-06 23:02:53,465 - INFO -   Epoch [20/237] Loss: 1.0192
2026-04-06 23:02:55,254 - INFO -   Epoch [30/237] Loss: 0.8426
2026-04-06 23:02:57,041 - INFO -   Epoch [40/237] Loss: 0.8924
2026-04-06 23:02:58,822 - INFO -   Epoch [50/237] Loss: 1.3077
2026-04-06 23:03:00,567 - INFO -   Epoch [60/237] Loss: 1.0484
2026-04-06 23:03:02,353 - INFO -   Epoch [70/237] Loss: 0.8871
2026-04-06 23:03:04,144 - INFO -   Epoch [80/237] Loss: 0.9525
2026-04-06 23:03:05,930 - INFO -   Epoch [90/237] Loss: 0.5869
2026-04-06 23:03:07,693 - INFO -   Epoch [100/237] Loss: 0.6495
2026-04-06 23:03:09,471 - INFO -   Epoch [110/237] Loss: 1.0783
2026-04-06 23:03:11,251 - INFO -   Epoch [120/237] Loss: 1.5576
2026-04-06 23:03:13,030 - INFO -   Epoch [130/237] Loss: 1.3332
2026-04-06 23:03:14,810 - INFO -   Epoch [140/237] Loss: 1.3508
2026-04-06 23:03:16,552 - INFO -   Epoch [150/237] Loss: 1.2317
2026-04-06 23:03:18,329 - INFO -   Epoch [160/237] Loss: 0.8509
2026-04-06 23:03:20,101 - INFO -   Epoch [170/237] Loss: 0.9674
2026-04-06 23:03:21,876 - INFO -   Epoch [180/237] Loss: 0.9011
2026-04-06 23:03:23,663 - INFO -   Epoch [190/237] Loss: 0.8787
2026-04-06 23:03:25,410 - INFO -   Epoch [200/237] Loss: 1.0714
2026-04-06 23:03:27,189 - INFO -   Epoch [210/237] Loss: 0.9374
2026-04-06 23:03:28,977 - INFO -   Epoch [220/237] Loss: 1.0622
2026-04-06 23:03:30,752 - INFO -   Epoch [230/237] Loss: 1.3080
2026-04-06 23:03:33,818 - INFO -   Train Loss: 1.0636
2026-04-06 23:03:33,818 - INFO -   Train Accuracy: 57.39%
2026-04-06 23:03:33,819 - INFO -   Val Loss: 1.2072
2026-04-06 23:03:33,819 - INFO -   Val Accuracy: 52.59% | F1: 0.5241
2026-04-06 23:03:33,819 - INFO -   LR: 0.000006
2026-04-06 23:03:33,819 - INFO -   Patience: 28/30
2026-04-06 23:03:33,819 - INFO - 
Epoch 45/300
2026-04-06 23:03:35,600 - INFO -   Epoch [10/237] Loss: 0.9102
2026-04-06 23:03:37,376 - INFO -   Epoch [20/237] Loss: 0.7729
2026-04-06 23:03:39,151 - INFO -   Epoch [30/237] Loss: 0.7928
2026-04-06 23:03:40,887 - INFO -   Epoch [40/237] Loss: 0.7955
2026-04-06 23:03:42,658 - INFO -   Epoch [50/237] Loss: 1.4849
2026-04-06 23:03:44,435 - INFO -   Epoch [60/237] Loss: 1.1454
2026-04-06 23:03:46,209 - INFO -   Epoch [70/237] Loss: 1.1624
2026-04-06 23:03:47,991 - INFO -   Epoch [80/237] Loss: 0.7197
2026-04-06 23:03:49,736 - INFO -   Epoch [90/237] Loss: 1.1343
2026-04-06 23:03:51,514 - INFO -   Epoch [100/237] Loss: 1.0502
2026-04-06 23:03:53,306 - INFO -   Epoch [110/237] Loss: 1.0011
2026-04-06 23:03:55,087 - INFO -   Epoch [120/237] Loss: 0.8218
2026-04-06 23:03:56,856 - INFO -   Epoch [130/237] Loss: 0.8970
2026-04-06 23:03:58,596 - INFO -   Epoch [140/237] Loss: 1.2302
2026-04-06 23:04:00,376 - INFO -   Epoch [150/237] Loss: 1.2106
2026-04-06 23:04:02,144 - INFO -   Epoch [160/237] Loss: 1.0039
2026-04-06 23:04:03,917 - INFO -   Epoch [170/237] Loss: 1.2328
2026-04-06 23:04:05,697 - INFO -   Epoch [180/237] Loss: 1.1456
2026-04-06 23:04:07,445 - INFO -   Epoch [190/237] Loss: 0.8010
2026-04-06 23:04:09,227 - INFO -   Epoch [200/237] Loss: 1.2956
2026-04-06 23:04:11,018 - INFO -   Epoch [210/237] Loss: 0.8948
2026-04-06 23:04:12,796 - INFO -   Epoch [220/237] Loss: 1.2867
2026-04-06 23:04:14,580 - INFO -   Epoch [230/237] Loss: 0.9401
2026-04-06 23:04:17,520 - INFO -   Train Loss: 1.0711
2026-04-06 23:04:17,520 - INFO -   Train Accuracy: 57.78%
2026-04-06 23:04:17,520 - INFO -   Val Loss: 1.2042
2026-04-06 23:04:17,520 - INFO -   Val Accuracy: 52.59% | F1: 0.5253
2026-04-06 23:04:17,520 - INFO -   LR: 0.000006
2026-04-06 23:04:17,521 - INFO -   Patience: 29/30
2026-04-06 23:04:17,521 - INFO - 
Epoch 46/300
2026-04-06 23:04:19,338 - INFO -   Epoch [10/237] Loss: 0.6440
2026-04-06 23:04:21,133 - INFO -   Epoch [20/237] Loss: 1.1642
2026-04-06 23:04:22,911 - INFO -   Epoch [30/237] Loss: 0.9261
2026-04-06 23:04:24,670 - INFO -   Epoch [40/237] Loss: 1.8427
2026-04-06 23:04:26,465 - INFO -   Epoch [50/237] Loss: 0.8538
2026-04-06 23:04:28,250 - INFO -   Epoch [60/237] Loss: 0.4935
2026-04-06 23:04:30,022 - INFO -   Epoch [70/237] Loss: 0.8905
2026-04-06 23:04:31,797 - INFO -   Epoch [80/237] Loss: 0.6236
2026-04-06 23:04:33,541 - INFO -   Epoch [90/237] Loss: 0.9138
2026-04-06 23:04:35,322 - INFO -   Epoch [100/237] Loss: 1.1436
2026-04-06 23:04:37,093 - INFO -   Epoch [110/237] Loss: 0.7125
2026-04-06 23:04:38,871 - INFO -   Epoch [120/237] Loss: 0.8876
2026-04-06 23:04:40,644 - INFO -   Epoch [130/237] Loss: 0.6549
2026-04-06 23:04:42,370 - INFO -   Epoch [140/237] Loss: 1.2071
2026-04-06 23:04:44,154 - INFO -   Epoch [150/237] Loss: 1.1457
2026-04-06 23:04:45,933 - INFO -   Epoch [160/237] Loss: 1.5692
2026-04-06 23:04:47,709 - INFO -   Epoch [170/237] Loss: 0.9514
2026-04-06 23:04:49,483 - INFO -   Epoch [180/237] Loss: 1.3031
2026-04-06 23:04:51,223 - INFO -   Epoch [190/237] Loss: 1.1758
2026-04-06 23:04:53,003 - INFO -   Epoch [200/237] Loss: 1.0645
2026-04-06 23:04:54,788 - INFO -   Epoch [210/237] Loss: 1.4546
2026-04-06 23:04:56,574 - INFO -   Epoch [220/237] Loss: 0.6120
2026-04-06 23:04:58,361 - INFO -   Epoch [230/237] Loss: 1.0378
2026-04-06 23:05:01,346 - INFO -   Train Loss: 1.0500
2026-04-06 23:05:01,346 - INFO -   Train Accuracy: 58.31%
2026-04-06 23:05:01,346 - INFO -   Val Loss: 1.2036
2026-04-06 23:05:01,346 - INFO -   Val Accuracy: 52.84% | F1: 0.5264
2026-04-06 23:05:01,346 - INFO -   LR: 0.000006
2026-04-06 23:05:01,346 - INFO -   Patience: 30/30
2026-04-06 23:05:01,346 - INFO - 
✓ Early stopping at epoch 46
2026-04-06 23:05:01,346 - INFO - 
✓ Training completed!
2026-04-06 23:05:01,346 - INFO -   Best Accuracy: 54.57%
2026-04-06 23:05:01,346 - INFO - 
================================================================================
2026-04-06 23:05:01,346 - INFO - Step 7: Testing
2026-04-06 23:05:01,346 - INFO - ================================================================================
/workspace/Graph_Deep_Learning/20251001-PRD_18-21-24-mobility_change_pattern/analysis/PRD-Mobility-Change-Pattern/train_multiscale_temporal.py:930: FutureWarning: You are using `torch.load` with `weights_only=False` (the current default value), which uses the default pickle module implicitly. It is possible to construct malicious pickle data which will execute arbitrary code during unpickling (See https://github.com/pytorch/pytorch/blob/main/SECURITY.md#untrusted-models for more details). In a future release, the default value for `weights_only` will be flipped to `True`. This limits the functions that could be executed during unpickling. Arbitrary objects will no longer be allowed to be loaded via this mode unless they are explicitly allowlisted by the user via `torch.serialization.add_safe_globals`. We recommend you start setting `weights_only=True` for any use case where you don't have full control of the loaded file. Please open an issue on GitHub for any issues related to this experimental feature.
  checkpoint = torch.load(f"{output_dir}/models/best_model.pth")
2026-04-06 23:05:01,441 - INFO - ✓ Loaded best model from epoch 16
2026-04-06 23:05:04,989 - INFO - 
Test Results:
2026-04-06 23:05:04,989 - INFO -   - Accuracy: 56.91%
2026-04-06 23:05:04,989 - INFO -   - F1 Score: 0.5630
2026-04-06 23:05:04,991 - INFO -   - Kappa: 0.5150
2026-04-06 23:05:04,999 - INFO - 
✓ All results saved to outputs/multiscale_temporal_20260406_221832_labels_sgh_entropy_0.05_per_450_phase49_entropy005_diff_fusion/metrics/
2026-04-06 23:05:05,000 - INFO -   - test_results.json
2026-04-06 23:05:05,000 - INFO -   - classification_report.txt
2026-04-06 23:05:05,000 - INFO -   - confusion_matrix.npy
2026-04-06 23:05:05,000 - INFO - 
================================================================================
2026-04-06 23:05:05,000 - INFO - Training Time Statistics
2026-04-06 23:05:05,000 - INFO - ================================================================================
2026-04-06 23:05:05,000 - INFO - Start time:    2026-04-06 22:18:32
2026-04-06 23:05:05,000 - INFO - End time:      2026-04-06 23:05:05
2026-04-06 23:05:05,000 - INFO - Total time:    00:46:32 (2792.34 seconds)
2026-04-06 23:05:05,000 - INFO -                (46.54 minutes, 0.78 hours)
2026-04-06 23:05:05,000 - INFO - ================================================================================
2026-04-06 23:05:05,000 - INFO - ✓ Timing info saved to outputs/multiscale_temporal_20260406_221832_labels_sgh_entropy_0.05_per_450_phase49_entropy005_diff_fusion/metrics/timing_info.json
2026-04-06 23:05:05,001 - INFO - ================================================================================
[LapPE] Loading from cache: outputs/.laplacian_pe_cache/lpe_n65049_k8_topk20x20.pt
[LapPE] Loaded: torch.Size([65049, 8])
