2026-04-05 17:01:27,693 - INFO - ================================================================================
2026-04-05 17:01:27,693 - INFO - Multi-Scale Temporal Branch Training
2026-04-05 17:01:27,693 - INFO - ================================================================================
2026-04-05 17:01:27,693 - INFO - Training started at: 2026-04-05 17:01:27
2026-04-05 17:01:27,693 - INFO - 
Improvement: Multi-Scale Temporal Branch (hourly + daily + weekly)
2026-04-05 17:01:27,693 - INFO - Dataset: data/labels_sgh_entropy_0.05_per_450.csv with flow threshold 0.0 and 168 time steps
2026-04-05 17:01:27,693 - INFO - Runtime overrides | spatial_model=GINE, samples_per_class=None, epochs=300, batch_size=12, lr=0.0001, grad_accum=4, early_stop=30, use_cache=True
2026-04-05 17:01:27,693 - INFO - Temporal override | temporal_model=TRANSFORMER
2026-04-05 17:01:27,693 - INFO - Temporal layer override | layers=3
2026-04-05 17:01:27,693 - INFO - Graph overrides | topk_out=20, topk_in=20, topk_enabled=True
2026-04-05 17:01:27,693 - INFO - Graph temporal mode | mode=static
2026-04-05 17:01:27,693 - INFO - Seed override | random_seed=202
2026-04-05 17:01:27,693 - INFO - Spatial node feature mode | mode=raw_temporal_mean
2026-04-05 17:01:27,693 - INFO - GINE edge feature mode | mode=flow_distance_direction
2026-04-05 17:01:27,693 - INFO - Temporal feature mode | mode=inflow_outflow
2026-04-05 17:01:27,693 - INFO - Split manifest | load=None, export=None
2026-04-05 17:01:27,693 - INFO - Branch ablation mode | mode=spatial_only
2026-04-05 17:01:27,693 - INFO - Fusion ablation mode | mode=gated
2026-04-05 17:01:27,693 - INFO - 
Output directory: outputs/multiscale_temporal_20260405_170127_labels_sgh_entropy_0.05_per_450_ablation_A4_spatial_only
2026-04-05 17:01:27,693 - INFO - Log file: outputs/multiscale_temporal_20260405_170127_labels_sgh_entropy_0.05_per_450_ablation_A4_spatial_only/training.log
2026-04-05 17:01:27,694 - INFO - 
================================================================================
2026-04-05 17:01:27,694 - INFO - Step 1: Loading data
2026-04-05 17:01:27,694 - INFO - ================================================================================
2026-04-05 17:01:27,695 - INFO - ================================================================================
2026-04-05 17:01:27,695 - INFO - Dual-Year Experiment Data Preparation
2026-04-05 17:01:27,695 - INFO - ================================================================================
2026-04-05 17:01:27,695 - INFO - Label file: data/labels_sgh_entropy_0.05_per_450.csv
2026-04-05 17:01:27,695 - INFO - Samples per class: ALL
2026-04-05 17:01:27,695 - INFO - 
2026-04-05 17:01:27,695 - INFO - Loading grid metadata...
2026-04-05 17:01:27,695 - INFO - Loading grid metadata from data/grid_metadata/sgh_grid_metadata.csv
2026-04-05 17:01:27,758 - INFO - Loaded 65049 valid grid cells
2026-04-05 17:01:27,764 - INFO - ================================================================================
2026-04-05 17:01:27,764 - INFO - Loading Feature Cache (Level-1)
2026-04-05 17:01:27,764 - INFO - ================================================================================
2026-04-05 17:01:27,764 - INFO - Feature cache file: data/cache/features/dual_year_features_cb92786c4c45.pkl
/opt/conda/lib/python3.11/site-packages/torch/storage.py:414: FutureWarning: You are using `torch.load` with `weights_only=False` (the current default value), which uses the default pickle module implicitly. It is possible to construct malicious pickle data which will execute arbitrary code during unpickling (See https://github.com/pytorch/pytorch/blob/main/SECURITY.md#untrusted-models for more details). In a future release, the default value for `weights_only` will be flipped to `True`. This limits the functions that could be executed during unpickling. Arbitrary objects will no longer be allowed to be loaded via this mode unless they are explicitly allowlisted by the user via `torch.serialization.add_safe_globals`. We recommend you start setting `weights_only=True` for any use case where you don't have full control of the loaded file. Please open an issue on GitHub for any issues related to this experimental feature.
  return torch.load(io.BytesIO(b))
2026-04-05 17:01:27,832 - INFO - ✓ Feature cache hit
2026-04-05 17:01:27,832 - INFO -   - Total labeled grids: 4050
2026-04-05 17:01:27,832 - INFO - Building/loading spatial graphs...
2026-04-05 17:01:27,832 - INFO - CRITICAL FIX: Using GLOBAL metadata (all 65049 grids)
2026-04-05 17:01:27,936 - INFO - ================================================================================
2026-04-05 17:01:27,937 - INFO - Loading Graph Cache (Level-2 variant)
2026-04-05 17:01:27,937 - INFO - ================================================================================
2026-04-05 17:01:27,937 - INFO - Graph cache file: data/cache/graphs/dual_year_graph_variant_0e1f7f20f21e.pkl
2026-04-05 17:01:27,995 - INFO - ✓ Graph variant cache hit
2026-04-05 17:01:27,995 - INFO - 
✓ CRITICAL FIX APPLIED:
2026-04-05 17:01:27,995 - INFO -   - Global graph nodes: 65049 (from 65049 metadata)
2026-04-05 17:01:27,995 - INFO -   - Labeled nodes for training: 4050
2026-04-05 17:01:27,995 - INFO -   - Unlabeled nodes in graph: 60999
2026-04-05 17:01:27,995 - INFO -   - Graph temporal mode: static
2026-04-05 17:01:27,995 - INFO -   - Graph edge feature mode: flow_distance_direction
2026-04-05 17:01:27,995 - INFO -   - Graph snapshots per year: 1
2026-04-05 17:01:27,995 - INFO -   - Graph 2021 edges (snapshot0): 1034676
2026-04-05 17:01:27,995 - INFO -   - Graph 2024 edges (snapshot0): 1179275
2026-04-05 17:01:27,995 - INFO - 
Architecture:
2026-04-05 17:01:27,996 - INFO -   - Temporal Branch (LSTM): Uses 4050 labeled nodes with (168, 2) features
2026-04-05 17:01:27,996 - INFO -   - Spatial Branch (GCN/SAGE): Uses 65049 nodes with all-1 features
2026-04-05 17:01:27,996 - INFO -   - Feature dimension per labeled node: (168, 4)
2026-04-05 17:01:27,996 - INFO - 
Two-level cache summary:
2026-04-05 17:01:27,996 - INFO -   - Feature cache: data/cache/features/dual_year_features_cb92786c4c45.pkl
2026-04-05 17:01:27,996 - INFO -   - Graph base cache: data/cache/graphs/dual_year_graph_base_d4d046bfdc14.pkl
2026-04-05 17:01:27,996 - INFO -   - Graph variant cache: data/cache/graphs/dual_year_graph_variant_0e1f7f20f21e.pkl
2026-04-05 17:01:28,003 - INFO - ✓ Data loaded successfully
2026-04-05 17:01:28,003 - INFO -   - Total grids: 4050
2026-04-05 17:01:28,003 - INFO -   - Feature shape: (168, 4)
2026-04-05 17:01:28,003 - INFO -   - Graph 2021 edges: 1034676
2026-04-05 17:01:28,003 - INFO -   - Graph 2024 edges: 1179275
2026-04-05 17:01:28,003 - INFO -   - Graph edge feature mode: flow_distance_direction
2026-04-05 17:01:28,003 - INFO - 
================================================================================
2026-04-05 17:01:28,003 - INFO - Step 2: Preparing temporal features
2026-04-05 17:01:28,004 - INFO - ================================================================================
2026-04-05 17:01:28,044 - INFO - ✓ Temporal features prepared
2026-04-05 17:01:28,044 - INFO - 
================================================================================
2026-04-05 17:01:28,044 - INFO - Step 3: Creating dataset
2026-04-05 17:01:28,044 - INFO - ================================================================================
2026-04-05 17:01:28,045 - INFO - ✓ Dataset created: 4050 samples
2026-04-05 17:01:28,048 - INFO -   - Split Source: seeded_random_split
2026-04-05 17:01:28,048 - INFO -   - Wrote Split Manifest: outputs/multiscale_temporal_20260405_170127_labels_sgh_entropy_0.05_per_450_ablation_A4_spatial_only/metrics/split_manifest.json
2026-04-05 17:01:28,048 - INFO -   - Train: 2835 samples
2026-04-05 17:01:28,048 - INFO -   - Val: 405 samples
2026-04-05 17:01:28,048 - INFO -   - Test: 810 samples
2026-04-05 17:01:28,345 - INFO - ✓ Data loaders created
2026-04-05 17:01:28,346 - INFO - 
================================================================================
2026-04-05 17:01:28,346 - INFO - Step 4: Creating Enhanced Model
2026-04-05 17:01:28,346 - INFO - ================================================================================
2026-04-05 17:01:28,346 - INFO - Using device: cuda
2026-04-05 17:01:28,346 - INFO - Spatial model: GINE
2026-04-05 17:01:28,346 - INFO - Temporal model: TRANSFORMER
2026-04-05 17:01:30,388 - INFO -   - Registered spatial coordinates for GINE node features (torch.Size([65049, 2]))
2026-04-05 17:01:30,629 - INFO - ✓ Enhanced model created
2026-04-05 17:01:30,630 - INFO -   - Total parameters: 4,844,174
2026-04-05 17:01:30,630 - INFO -   - Trainable parameters: 4,844,174
2026-04-05 17:01:30,630 - INFO -   - Multi-scale temporal: Hourly + Daily + Weekly
2026-04-05 17:01:30,630 - INFO -   - Temporal branch model: TRANSFORMER
2026-04-05 17:01:30,630 - INFO -   - Spatial branch: GINE
2026-04-05 17:01:30,630 - INFO -   - Laplacian PE dimension: 8
2026-04-05 17:01:30,630 - INFO -   - Branch ablation mode: spatial_only
2026-04-05 17:01:30,630 - INFO -   - Fusion ablation mode: gated
2026-04-05 17:01:30,630 - INFO - 
================================================================================
2026-04-05 17:01:30,630 - INFO - Step 5: Setting up training
2026-04-05 17:01:30,630 - INFO - ================================================================================
/opt/conda/lib/python3.11/site-packages/torch/optim/lr_scheduler.py:60: UserWarning: The verbose parameter is deprecated. Please use get_last_lr() to access the learning rate.
  warnings.warn(
2026-04-05 17:01:30,632 - INFO - ✓ Training setup complete
2026-04-05 17:01:30,632 - INFO -   - Optimizer: Adam (lr=0.0001, wd=0.001)
2026-04-05 17:01:30,632 - INFO -   - Scheduler: ReduceLROnPlateau (patience=5, factor=0.5)
2026-04-05 17:01:30,633 - INFO -   - Loss: Weighted CrossEntropy
2026-04-05 17:01:30,633 - INFO - 
================================================================================
2026-04-05 17:01:30,633 - INFO - Step 6: Training
2026-04-05 17:01:30,633 - INFO - ================================================================================
2026-04-05 17:01:30,633 - INFO - 
Epoch 1/300
/workspace/Graph_Deep_Learning/20251001-PRD_18-21-24-mobility_change_pattern/analysis/PRD-Mobility-Change-Pattern/src/models/enhanced_dual_branch_model.py:512: FutureWarning: You are using `torch.load` with `weights_only=False` (the current default value), which uses the default pickle module implicitly. It is possible to construct malicious pickle data which will execute arbitrary code during unpickling (See https://github.com/pytorch/pytorch/blob/main/SECURITY.md#untrusted-models for more details). In a future release, the default value for `weights_only` will be flipped to `True`. This limits the functions that could be executed during unpickling. Arbitrary objects will no longer be allowed to be loaded via this mode unless they are explicitly allowlisted by the user via `torch.serialization.add_safe_globals`. We recommend you start setting `weights_only=True` for any use case where you don't have full control of the loaded file. Please open an issue on GitHub for any issues related to this experimental feature.
  cached = torch.load(cache_path, map_location='cpu')
2026-04-05 17:01:33,051 - INFO -   Epoch [10/237] Loss: 2.2031
2026-04-05 17:01:34,852 - INFO -   Epoch [20/237] Loss: 2.1282
2026-04-05 17:01:36,659 - INFO -   Epoch [30/237] Loss: 2.0020
2026-04-05 17:01:38,463 - INFO -   Epoch [40/237] Loss: 2.1093
2026-04-05 17:01:40,261 - INFO -   Epoch [50/237] Loss: 2.1847
2026-04-05 17:01:42,065 - INFO -   Epoch [60/237] Loss: 2.1264
2026-04-05 17:01:43,894 - INFO -   Epoch [70/237] Loss: 1.9969
2026-04-05 17:01:45,720 - INFO -   Epoch [80/237] Loss: 2.0890
2026-04-05 17:01:47,526 - INFO -   Epoch [90/237] Loss: 2.0658
2026-04-05 17:01:49,336 - INFO -   Epoch [100/237] Loss: 2.0553
2026-04-05 17:01:51,142 - INFO -   Epoch [110/237] Loss: 2.1108
2026-04-05 17:01:52,948 - INFO -   Epoch [120/237] Loss: 2.0704
2026-04-05 17:01:54,759 - INFO -   Epoch [130/237] Loss: 2.0091
2026-04-05 17:01:56,567 - INFO -   Epoch [140/237] Loss: 2.0781
2026-04-05 17:01:58,386 - INFO -   Epoch [150/237] Loss: 2.1365
2026-04-05 17:02:00,200 - INFO -   Epoch [160/237] Loss: 2.0757
2026-04-05 17:02:02,011 - INFO -   Epoch [170/237] Loss: 1.7396
2026-04-05 17:02:03,825 - INFO -   Epoch [180/237] Loss: 2.0928
2026-04-05 17:02:05,642 - INFO -   Epoch [190/237] Loss: 1.7497
2026-04-05 17:02:07,449 - INFO -   Epoch [200/237] Loss: 1.7971
2026-04-05 17:02:09,256 - INFO -   Epoch [210/237] Loss: 2.2542
2026-04-05 17:02:11,074 - INFO -   Epoch [220/237] Loss: 1.9620
2026-04-05 17:02:12,882 - INFO -   Epoch [230/237] Loss: 1.8189
2026-04-05 17:02:16,356 - INFO -   Train Loss: 2.0690
2026-04-05 17:02:16,356 - INFO -   Train Accuracy: 21.66%
2026-04-05 17:02:16,356 - INFO -   Val Loss: 1.8774
2026-04-05 17:02:16,356 - INFO -   Val Accuracy: 33.58% | F1: 0.3111
2026-04-05 17:02:16,356 - INFO -   LR: 0.000100
2026-04-05 17:02:16,458 - INFO -   ✓ New best model saved! (Acc: 33.58%)
2026-04-05 17:02:16,459 - INFO -   Patience: 0/30
2026-04-05 17:02:16,459 - INFO - 
Epoch 2/300
2026-04-05 17:02:18,271 - INFO -   Epoch [10/237] Loss: 1.6445
2026-04-05 17:02:20,080 - INFO -   Epoch [20/237] Loss: 1.8832
2026-04-05 17:02:21,895 - INFO -   Epoch [30/237] Loss: 1.6200
2026-04-05 17:02:23,704 - INFO -   Epoch [40/237] Loss: 1.7381
2026-04-05 17:02:25,516 - INFO -   Epoch [50/237] Loss: 1.9224
2026-04-05 17:02:27,332 - INFO -   Epoch [60/237] Loss: 1.9675
2026-04-05 17:02:29,142 - INFO -   Epoch [70/237] Loss: 2.1602
2026-04-05 17:02:30,949 - INFO -   Epoch [80/237] Loss: 1.8836
2026-04-05 17:02:32,764 - INFO -   Epoch [90/237] Loss: 1.5576
2026-04-05 17:02:34,568 - INFO -   Epoch [100/237] Loss: 1.8383
2026-04-05 17:02:36,375 - INFO -   Epoch [110/237] Loss: 1.7191
2026-04-05 17:02:38,182 - INFO -   Epoch [120/237] Loss: 1.8957
2026-04-05 17:02:39,993 - INFO -   Epoch [130/237] Loss: 2.1639
2026-04-05 17:02:41,810 - INFO -   Epoch [140/237] Loss: 1.8765
2026-04-05 17:02:43,620 - INFO -   Epoch [150/237] Loss: 1.7505
2026-04-05 17:02:45,433 - INFO -   Epoch [160/237] Loss: 1.5380
2026-04-05 17:02:47,243 - INFO -   Epoch [170/237] Loss: 1.5588
2026-04-05 17:02:49,079 - INFO -   Epoch [180/237] Loss: 2.0252
2026-04-05 17:02:50,895 - INFO -   Epoch [190/237] Loss: 2.4071
2026-04-05 17:02:52,712 - INFO -   Epoch [200/237] Loss: 2.0523
2026-04-05 17:02:54,517 - INFO -   Epoch [210/237] Loss: 1.9727
2026-04-05 17:02:56,318 - INFO -   Epoch [220/237] Loss: 1.6356
2026-04-05 17:02:58,138 - INFO -   Epoch [230/237] Loss: 1.9368
2026-04-05 17:03:01,521 - INFO -   Train Loss: 1.8803
2026-04-05 17:03:01,522 - INFO -   Train Accuracy: 29.84%
2026-04-05 17:03:01,522 - INFO -   Val Loss: 1.7979
2026-04-05 17:03:01,522 - INFO -   Val Accuracy: 36.30% | F1: 0.3405
2026-04-05 17:03:01,522 - INFO -   LR: 0.000100
2026-04-05 17:03:01,949 - INFO -   ✓ New best model saved! (Acc: 36.30%)
2026-04-05 17:03:01,950 - INFO -   Patience: 0/30
2026-04-05 17:03:01,950 - INFO - 
Epoch 3/300
2026-04-05 17:03:03,759 - INFO -   Epoch [10/237] Loss: 1.7206
2026-04-05 17:03:05,572 - INFO -   Epoch [20/237] Loss: 1.8365
2026-04-05 17:03:07,379 - INFO -   Epoch [30/237] Loss: 1.7305
2026-04-05 17:03:09,197 - INFO -   Epoch [40/237] Loss: 1.6514
2026-04-05 17:03:10,992 - INFO -   Epoch [50/237] Loss: 1.8449
2026-04-05 17:03:12,796 - INFO -   Epoch [60/237] Loss: 1.8466
2026-04-05 17:03:14,587 - INFO -   Epoch [70/237] Loss: 1.5737
2026-04-05 17:03:16,386 - INFO -   Epoch [80/237] Loss: 1.7683
2026-04-05 17:03:18,189 - INFO -   Epoch [90/237] Loss: 1.6325
2026-04-05 17:03:20,008 - INFO -   Epoch [100/237] Loss: 2.2898
2026-04-05 17:03:21,821 - INFO -   Epoch [110/237] Loss: 1.5731
2026-04-05 17:03:23,635 - INFO -   Epoch [120/237] Loss: 1.6904
2026-04-05 17:03:25,437 - INFO -   Epoch [130/237] Loss: 1.3408
2026-04-05 17:03:27,242 - INFO -   Epoch [140/237] Loss: 2.1604
2026-04-05 17:03:29,053 - INFO -   Epoch [150/237] Loss: 1.5696
2026-04-05 17:03:30,854 - INFO -   Epoch [160/237] Loss: 1.5162
2026-04-05 17:03:32,669 - INFO -   Epoch [170/237] Loss: 1.3467
2026-04-05 17:03:34,478 - INFO -   Epoch [180/237] Loss: 1.8069
2026-04-05 17:03:36,288 - INFO -   Epoch [190/237] Loss: 1.9724
2026-04-05 17:03:38,100 - INFO -   Epoch [200/237] Loss: 1.9107
2026-04-05 17:03:39,897 - INFO -   Epoch [210/237] Loss: 1.8297
2026-04-05 17:03:41,718 - INFO -   Epoch [220/237] Loss: 1.9293
2026-04-05 17:03:43,524 - INFO -   Epoch [230/237] Loss: 1.8357
2026-04-05 17:03:46,917 - INFO -   Train Loss: 1.7923
2026-04-05 17:03:46,917 - INFO -   Train Accuracy: 32.28%
2026-04-05 17:03:46,917 - INFO -   Val Loss: 1.7713
2026-04-05 17:03:46,917 - INFO -   Val Accuracy: 37.53% | F1: 0.3496
2026-04-05 17:03:46,917 - INFO -   LR: 0.000100
2026-04-05 17:03:47,313 - INFO -   ✓ New best model saved! (Acc: 37.53%)
2026-04-05 17:03:47,314 - INFO -   Patience: 0/30
2026-04-05 17:03:47,314 - INFO - 
Epoch 4/300
2026-04-05 17:03:49,120 - INFO -   Epoch [10/237] Loss: 1.9472
2026-04-05 17:03:50,929 - INFO -   Epoch [20/237] Loss: 1.8653
2026-04-05 17:03:52,735 - INFO -   Epoch [30/237] Loss: 1.7640
2026-04-05 17:03:54,554 - INFO -   Epoch [40/237] Loss: 1.5588
2026-04-05 17:03:56,385 - INFO -   Epoch [50/237] Loss: 1.5859
2026-04-05 17:03:58,203 - INFO -   Epoch [60/237] Loss: 1.5080
2026-04-05 17:03:59,998 - INFO -   Epoch [70/237] Loss: 1.5763
2026-04-05 17:04:01,802 - INFO -   Epoch [80/237] Loss: 1.8598
2026-04-05 17:04:03,606 - INFO -   Epoch [90/237] Loss: 1.8501
2026-04-05 17:04:05,446 - INFO -   Epoch [100/237] Loss: 1.8751
2026-04-05 17:04:07,251 - INFO -   Epoch [110/237] Loss: 1.5483
2026-04-05 17:04:09,056 - INFO -   Epoch [120/237] Loss: 1.5657
2026-04-05 17:04:10,854 - INFO -   Epoch [130/237] Loss: 1.9238
2026-04-05 17:04:12,675 - INFO -   Epoch [140/237] Loss: 1.9085
2026-04-05 17:04:14,492 - INFO -   Epoch [150/237] Loss: 1.6873
2026-04-05 17:04:16,305 - INFO -   Epoch [160/237] Loss: 1.1299
2026-04-05 17:04:18,105 - INFO -   Epoch [170/237] Loss: 1.6453
2026-04-05 17:04:19,911 - INFO -   Epoch [180/237] Loss: 1.8458
2026-04-05 17:04:21,748 - INFO -   Epoch [190/237] Loss: 1.5013
2026-04-05 17:04:23,564 - INFO -   Epoch [200/237] Loss: 1.7856
2026-04-05 17:04:25,364 - INFO -   Epoch [210/237] Loss: 1.7172
2026-04-05 17:04:27,166 - INFO -   Epoch [220/237] Loss: 1.8837
2026-04-05 17:04:28,965 - INFO -   Epoch [230/237] Loss: 2.1075
2026-04-05 17:04:32,321 - INFO -   Train Loss: 1.7420
2026-04-05 17:04:32,321 - INFO -   Train Accuracy: 34.43%
2026-04-05 17:04:32,322 - INFO -   Val Loss: 1.7604
2026-04-05 17:04:32,322 - INFO -   Val Accuracy: 37.78% | F1: 0.3701
2026-04-05 17:04:32,322 - INFO -   LR: 0.000100
2026-04-05 17:04:32,611 - INFO -   ✓ New best model saved! (Acc: 37.78%)
2026-04-05 17:04:32,611 - INFO -   Patience: 0/30
2026-04-05 17:04:32,611 - INFO - 
Epoch 5/300
2026-04-05 17:04:34,415 - INFO -   Epoch [10/237] Loss: 1.7119
2026-04-05 17:04:36,214 - INFO -   Epoch [20/237] Loss: 1.8841
2026-04-05 17:04:38,012 - INFO -   Epoch [30/237] Loss: 1.2578
2026-04-05 17:04:39,824 - INFO -   Epoch [40/237] Loss: 1.5553
2026-04-05 17:04:41,641 - INFO -   Epoch [50/237] Loss: 1.3526
2026-04-05 17:04:43,446 - INFO -   Epoch [60/237] Loss: 1.8589
2026-04-05 17:04:45,249 - INFO -   Epoch [70/237] Loss: 1.4640
2026-04-05 17:04:47,071 - INFO -   Epoch [80/237] Loss: 1.7089
2026-04-05 17:04:48,882 - INFO -   Epoch [90/237] Loss: 1.4993
2026-04-05 17:04:50,689 - INFO -   Epoch [100/237] Loss: 2.0909
2026-04-05 17:04:52,492 - INFO -   Epoch [110/237] Loss: 1.3266
2026-04-05 17:04:54,319 - INFO -   Epoch [120/237] Loss: 1.3296
2026-04-05 17:04:56,159 - INFO -   Epoch [130/237] Loss: 1.9788
2026-04-05 17:04:57,972 - INFO -   Epoch [140/237] Loss: 1.5656
2026-04-05 17:04:59,788 - INFO -   Epoch [150/237] Loss: 1.7891
2026-04-05 17:05:01,614 - INFO -   Epoch [160/237] Loss: 1.6529
2026-04-05 17:05:03,422 - INFO -   Epoch [170/237] Loss: 1.5300
2026-04-05 17:05:05,240 - INFO -   Epoch [180/237] Loss: 1.7279
2026-04-05 17:05:07,046 - INFO -   Epoch [190/237] Loss: 1.7872
2026-04-05 17:05:08,857 - INFO -   Epoch [200/237] Loss: 1.5087
2026-04-05 17:05:10,657 - INFO -   Epoch [210/237] Loss: 1.6675
2026-04-05 17:05:12,453 - INFO -   Epoch [220/237] Loss: 1.2525
2026-04-05 17:05:14,247 - INFO -   Epoch [230/237] Loss: 1.4849
2026-04-05 17:05:17,608 - INFO -   Train Loss: 1.7166
2026-04-05 17:05:17,608 - INFO -   Train Accuracy: 35.52%
2026-04-05 17:05:17,608 - INFO -   Val Loss: 1.7447
2026-04-05 17:05:17,608 - INFO -   Val Accuracy: 38.02% | F1: 0.3676
2026-04-05 17:05:17,608 - INFO -   LR: 0.000100
2026-04-05 17:05:17,995 - INFO -   ✓ New best model saved! (Acc: 38.02%)
2026-04-05 17:05:17,996 - INFO -   Patience: 0/30
2026-04-05 17:05:17,996 - INFO - 
Epoch 6/300
2026-04-05 17:05:19,805 - INFO -   Epoch [10/237] Loss: 1.7915
2026-04-05 17:05:21,629 - INFO -   Epoch [20/237] Loss: 1.8895
2026-04-05 17:05:23,450 - INFO -   Epoch [30/237] Loss: 1.4389
2026-04-05 17:05:25,264 - INFO -   Epoch [40/237] Loss: 1.6151
2026-04-05 17:05:27,078 - INFO -   Epoch [50/237] Loss: 1.7900
2026-04-05 17:05:28,887 - INFO -   Epoch [60/237] Loss: 1.3334
2026-04-05 17:05:30,718 - INFO -   Epoch [70/237] Loss: 1.7236
2026-04-05 17:05:32,533 - INFO -   Epoch [80/237] Loss: 1.5161
2026-04-05 17:05:34,337 - INFO -   Epoch [90/237] Loss: 2.3117
2026-04-05 17:05:36,165 - INFO -   Epoch [100/237] Loss: 1.3061
2026-04-05 17:05:37,959 - INFO -   Epoch [110/237] Loss: 1.7327
2026-04-05 17:05:39,758 - INFO -   Epoch [120/237] Loss: 1.6361
2026-04-05 17:05:41,585 - INFO -   Epoch [130/237] Loss: 1.4423
2026-04-05 17:05:43,388 - INFO -   Epoch [140/237] Loss: 1.6271
2026-04-05 17:05:45,189 - INFO -   Epoch [150/237] Loss: 1.2914
2026-04-05 17:05:46,984 - INFO -   Epoch [160/237] Loss: 2.2886
2026-04-05 17:05:48,777 - INFO -   Epoch [170/237] Loss: 1.9004
2026-04-05 17:05:50,578 - INFO -   Epoch [180/237] Loss: 1.3822
2026-04-05 17:05:52,387 - INFO -   Epoch [190/237] Loss: 2.0925
2026-04-05 17:05:54,181 - INFO -   Epoch [200/237] Loss: 1.6015
2026-04-05 17:05:56,026 - INFO -   Epoch [210/237] Loss: 1.6021
2026-04-05 17:05:57,834 - INFO -   Epoch [220/237] Loss: 1.2063
2026-04-05 17:05:59,641 - INFO -   Epoch [230/237] Loss: 1.3213
2026-04-05 17:06:03,021 - INFO -   Train Loss: 1.6648
2026-04-05 17:06:03,021 - INFO -   Train Accuracy: 38.06%
2026-04-05 17:06:03,022 - INFO -   Val Loss: 1.7356
2026-04-05 17:06:03,022 - INFO -   Val Accuracy: 37.28% | F1: 0.3572
2026-04-05 17:06:03,022 - INFO -   LR: 0.000100
2026-04-05 17:06:03,022 - INFO -   Patience: 1/30
2026-04-05 17:06:03,022 - INFO - 
Epoch 7/300
2026-04-05 17:06:04,844 - INFO -   Epoch [10/237] Loss: 1.2052
2026-04-05 17:06:06,652 - INFO -   Epoch [20/237] Loss: 1.5243
2026-04-05 17:06:08,458 - INFO -   Epoch [30/237] Loss: 1.4370
2026-04-05 17:06:10,267 - INFO -   Epoch [40/237] Loss: 1.6364
2026-04-05 17:06:12,068 - INFO -   Epoch [50/237] Loss: 1.6408
2026-04-05 17:06:13,878 - INFO -   Epoch [60/237] Loss: 1.7471
2026-04-05 17:06:15,702 - INFO -   Epoch [70/237] Loss: 1.6935
2026-04-05 17:06:17,552 - INFO -   Epoch [80/237] Loss: 1.5417
2026-04-05 17:06:19,374 - INFO -   Epoch [90/237] Loss: 1.5829
2026-04-05 17:06:21,197 - INFO -   Epoch [100/237] Loss: 1.9460
2026-04-05 17:06:23,006 - INFO -   Epoch [110/237] Loss: 1.5601
2026-04-05 17:06:24,835 - INFO -   Epoch [120/237] Loss: 1.3730
2026-04-05 17:06:26,647 - INFO -   Epoch [130/237] Loss: 1.3847
2026-04-05 17:06:28,444 - INFO -   Epoch [140/237] Loss: 1.5846
2026-04-05 17:06:30,248 - INFO -   Epoch [150/237] Loss: 1.7157
2026-04-05 17:06:32,099 - INFO -   Epoch [160/237] Loss: 1.5150
2026-04-05 17:06:33,942 - INFO -   Epoch [170/237] Loss: 1.9178
2026-04-05 17:06:35,756 - INFO -   Epoch [180/237] Loss: 1.9622
2026-04-05 17:06:37,592 - INFO -   Epoch [190/237] Loss: 1.5416
2026-04-05 17:06:39,412 - INFO -   Epoch [200/237] Loss: 1.6469
2026-04-05 17:06:41,213 - INFO -   Epoch [210/237] Loss: 1.6310
2026-04-05 17:06:43,021 - INFO -   Epoch [220/237] Loss: 2.1196
2026-04-05 17:06:44,832 - INFO -   Epoch [230/237] Loss: 1.5825
2026-04-05 17:06:48,224 - INFO -   Train Loss: 1.6331
2026-04-05 17:06:48,224 - INFO -   Train Accuracy: 38.34%
2026-04-05 17:06:48,224 - INFO -   Val Loss: 1.7181
2026-04-05 17:06:48,224 - INFO -   Val Accuracy: 39.01% | F1: 0.3814
2026-04-05 17:06:48,224 - INFO -   LR: 0.000100
2026-04-05 17:06:48,628 - INFO -   ✓ New best model saved! (Acc: 39.01%)
2026-04-05 17:06:48,629 - INFO -   Patience: 0/30
2026-04-05 17:06:48,629 - INFO - 
Epoch 8/300
2026-04-05 17:06:50,433 - INFO -   Epoch [10/237] Loss: 1.7234
2026-04-05 17:06:52,246 - INFO -   Epoch [20/237] Loss: 2.0805
2026-04-05 17:06:54,039 - INFO -   Epoch [30/237] Loss: 1.7719
2026-04-05 17:06:55,852 - INFO -   Epoch [40/237] Loss: 1.7319
2026-04-05 17:06:57,668 - INFO -   Epoch [50/237] Loss: 1.7647
2026-04-05 17:06:59,473 - INFO -   Epoch [60/237] Loss: 1.4190
2026-04-05 17:07:01,279 - INFO -   Epoch [70/237] Loss: 1.7192
2026-04-05 17:07:03,085 - INFO -   Epoch [80/237] Loss: 1.7335
2026-04-05 17:07:04,902 - INFO -   Epoch [90/237] Loss: 1.5496
2026-04-05 17:07:06,705 - INFO -   Epoch [100/237] Loss: 1.9778
2026-04-05 17:07:08,522 - INFO -   Epoch [110/237] Loss: 1.7227
2026-04-05 17:07:10,323 - INFO -   Epoch [120/237] Loss: 1.8494
2026-04-05 17:07:12,125 - INFO -   Epoch [130/237] Loss: 1.7662
2026-04-05 17:07:13,932 - INFO -   Epoch [140/237] Loss: 1.8413
2026-04-05 17:07:15,732 - INFO -   Epoch [150/237] Loss: 1.3891
2026-04-05 17:07:17,534 - INFO -   Epoch [160/237] Loss: 1.5456
2026-04-05 17:07:19,337 - INFO -   Epoch [170/237] Loss: 1.7657
2026-04-05 17:07:21,139 - INFO -   Epoch [180/237] Loss: 1.7268
2026-04-05 17:07:22,945 - INFO -   Epoch [190/237] Loss: 1.5823
2026-04-05 17:07:24,745 - INFO -   Epoch [200/237] Loss: 1.1622
2026-04-05 17:07:26,547 - INFO -   Epoch [210/237] Loss: 1.5704
2026-04-05 17:07:28,353 - INFO -   Epoch [220/237] Loss: 1.8187
2026-04-05 17:07:30,152 - INFO -   Epoch [230/237] Loss: 1.9516
2026-04-05 17:07:33,563 - INFO -   Train Loss: 1.6226
2026-04-05 17:07:33,563 - INFO -   Train Accuracy: 38.66%
2026-04-05 17:07:33,563 - INFO -   Val Loss: 1.7144
2026-04-05 17:07:33,563 - INFO -   Val Accuracy: 39.26% | F1: 0.3809
2026-04-05 17:07:33,563 - INFO -   LR: 0.000100
2026-04-05 17:07:33,993 - INFO -   ✓ New best model saved! (Acc: 39.26%)
2026-04-05 17:07:33,993 - INFO -   Patience: 0/30
2026-04-05 17:07:33,994 - INFO - 
Epoch 9/300
2026-04-05 17:07:35,737 - INFO -   Epoch [10/237] Loss: 1.9585
2026-04-05 17:07:37,538 - INFO -   Epoch [20/237] Loss: 1.6684
2026-04-05 17:07:39,342 - INFO -   Epoch [30/237] Loss: 1.6504
2026-04-05 17:07:41,151 - INFO -   Epoch [40/237] Loss: 1.7602
2026-04-05 17:07:42,965 - INFO -   Epoch [50/237] Loss: 1.5376
2026-04-05 17:07:44,786 - INFO -   Epoch [60/237] Loss: 1.8241
2026-04-05 17:07:46,584 - INFO -   Epoch [70/237] Loss: 1.5080
2026-04-05 17:07:48,394 - INFO -   Epoch [80/237] Loss: 1.2713
2026-04-05 17:07:50,194 - INFO -   Epoch [90/237] Loss: 1.4127
2026-04-05 17:07:52,002 - INFO -   Epoch [100/237] Loss: 1.6754
2026-04-05 17:07:53,808 - INFO -   Epoch [110/237] Loss: 2.2803
2026-04-05 17:07:55,608 - INFO -   Epoch [120/237] Loss: 1.6241
2026-04-05 17:07:57,422 - INFO -   Epoch [130/237] Loss: 1.3018
2026-04-05 17:07:59,226 - INFO -   Epoch [140/237] Loss: 1.5257
2026-04-05 17:08:01,036 - INFO -   Epoch [150/237] Loss: 1.6935
2026-04-05 17:08:02,837 - INFO -   Epoch [160/237] Loss: 1.6462
2026-04-05 17:08:04,645 - INFO -   Epoch [170/237] Loss: 1.7609
2026-04-05 17:08:06,449 - INFO -   Epoch [180/237] Loss: 1.7105
2026-04-05 17:08:08,277 - INFO -   Epoch [190/237] Loss: 1.8972
2026-04-05 17:08:10,091 - INFO -   Epoch [200/237] Loss: 1.2473
2026-04-05 17:08:11,900 - INFO -   Epoch [210/237] Loss: 1.6502
2026-04-05 17:08:13,753 - INFO -   Epoch [220/237] Loss: 1.5642
2026-04-05 17:08:15,589 - INFO -   Epoch [230/237] Loss: 1.2108
2026-04-05 17:08:18,965 - INFO -   Train Loss: 1.6293
2026-04-05 17:08:18,966 - INFO -   Train Accuracy: 38.77%
2026-04-05 17:08:18,966 - INFO -   Val Loss: 1.7302
2026-04-05 17:08:18,966 - INFO -   Val Accuracy: 38.27% | F1: 0.3717
2026-04-05 17:08:18,966 - INFO -   LR: 0.000100
2026-04-05 17:08:18,966 - INFO -   Patience: 1/30
2026-04-05 17:08:18,966 - INFO - 
Epoch 10/300
2026-04-05 17:08:20,779 - INFO -   Epoch [10/237] Loss: 1.4206
2026-04-05 17:08:22,593 - INFO -   Epoch [20/237] Loss: 1.8144
2026-04-05 17:08:24,391 - INFO -   Epoch [30/237] Loss: 1.5286
2026-04-05 17:08:26,208 - INFO -   Epoch [40/237] Loss: 1.4682
2026-04-05 17:08:28,022 - INFO -   Epoch [50/237] Loss: 1.6149
2026-04-05 17:08:29,840 - INFO -   Epoch [60/237] Loss: 1.3961
2026-04-05 17:08:31,654 - INFO -   Epoch [70/237] Loss: 1.5947
2026-04-05 17:08:33,474 - INFO -   Epoch [80/237] Loss: 1.5676
2026-04-05 17:08:35,287 - INFO -   Epoch [90/237] Loss: 1.7016
2026-04-05 17:08:37,103 - INFO -   Epoch [100/237] Loss: 1.4957
2026-04-05 17:08:38,921 - INFO -   Epoch [110/237] Loss: 1.5274
2026-04-05 17:08:40,738 - INFO -   Epoch [120/237] Loss: 1.6088
2026-04-05 17:08:42,567 - INFO -   Epoch [130/237] Loss: 1.7772
2026-04-05 17:08:44,369 - INFO -   Epoch [140/237] Loss: 0.9629
2026-04-05 17:08:46,170 - INFO -   Epoch [150/237] Loss: 1.5826
2026-04-05 17:08:47,968 - INFO -   Epoch [160/237] Loss: 1.6931
2026-04-05 17:08:49,768 - INFO -   Epoch [170/237] Loss: 1.2430
2026-04-05 17:08:51,574 - INFO -   Epoch [180/237] Loss: 2.0693
2026-04-05 17:08:53,419 - INFO -   Epoch [190/237] Loss: 1.8946
2026-04-05 17:08:55,232 - INFO -   Epoch [200/237] Loss: 1.7373
2026-04-05 17:08:57,040 - INFO -   Epoch [210/237] Loss: 1.4334
2026-04-05 17:08:58,848 - INFO -   Epoch [220/237] Loss: 2.0084
2026-04-05 17:09:00,661 - INFO -   Epoch [230/237] Loss: 1.5275
2026-04-05 17:09:04,097 - INFO -   Train Loss: 1.5995
2026-04-05 17:09:04,098 - INFO -   Train Accuracy: 39.15%
2026-04-05 17:09:04,098 - INFO -   Val Loss: 1.7275
2026-04-05 17:09:04,098 - INFO -   Val Accuracy: 39.51% | F1: 0.3897
2026-04-05 17:09:04,098 - INFO -   LR: 0.000100
2026-04-05 17:09:04,557 - INFO -   ✓ New best model saved! (Acc: 39.51%)
2026-04-05 17:09:04,558 - INFO -   Patience: 0/30
2026-04-05 17:09:04,558 - INFO - 
Epoch 11/300
2026-04-05 17:09:06,311 - INFO -   Epoch [10/237] Loss: 1.2291
2026-04-05 17:09:08,154 - INFO -   Epoch [20/237] Loss: 1.2087
2026-04-05 17:09:10,009 - INFO -   Epoch [30/237] Loss: 1.3590
2026-04-05 17:09:11,852 - INFO -   Epoch [40/237] Loss: 1.3822
2026-04-05 17:09:13,630 - INFO -   Epoch [50/237] Loss: 1.5350
2026-04-05 17:09:15,454 - INFO -   Epoch [60/237] Loss: 1.7548
2026-04-05 17:09:17,281 - INFO -   Epoch [70/237] Loss: 1.6597
2026-04-05 17:09:19,058 - INFO -   Epoch [80/237] Loss: 1.3907
2026-04-05 17:09:20,904 - INFO -   Epoch [90/237] Loss: 2.2286
2026-04-05 17:09:22,656 - INFO -   Epoch [100/237] Loss: 1.4158
2026-04-05 17:09:24,483 - INFO -   Epoch [110/237] Loss: 2.0899
2026-04-05 17:09:26,234 - INFO -   Epoch [120/237] Loss: 2.0174
2026-04-05 17:09:28,099 - INFO -   Epoch [130/237] Loss: 1.4810
2026-04-05 17:09:29,867 - INFO -   Epoch [140/237] Loss: 1.8506
2026-04-05 17:09:31,639 - INFO -   Epoch [150/237] Loss: 1.1369
2026-04-05 17:09:33,464 - INFO -   Epoch [160/237] Loss: 1.7197
2026-04-05 17:09:35,212 - INFO -   Epoch [170/237] Loss: 1.5937
2026-04-05 17:09:36,961 - INFO -   Epoch [180/237] Loss: 1.8574
2026-04-05 17:09:38,791 - INFO -   Epoch [190/237] Loss: 2.4591
2026-04-05 17:09:40,544 - INFO -   Epoch [200/237] Loss: 2.0454
2026-04-05 17:09:42,307 - INFO -   Epoch [210/237] Loss: 1.6113
2026-04-05 17:09:44,064 - INFO -   Epoch [220/237] Loss: 1.3892
2026-04-05 17:09:45,809 - INFO -   Epoch [230/237] Loss: 1.8433
2026-04-05 17:09:48,924 - INFO -   Train Loss: 1.5861
2026-04-05 17:09:48,925 - INFO -   Train Accuracy: 39.89%
2026-04-05 17:09:48,925 - INFO -   Val Loss: 1.7252
2026-04-05 17:09:48,925 - INFO -   Val Accuracy: 38.52% | F1: 0.3827
2026-04-05 17:09:48,925 - INFO -   LR: 0.000100
2026-04-05 17:09:48,925 - INFO -   Patience: 1/30
2026-04-05 17:09:48,925 - INFO - 
Epoch 12/300
2026-04-05 17:09:50,675 - INFO -   Epoch [10/237] Loss: 1.2215
2026-04-05 17:09:52,467 - INFO -   Epoch [20/237] Loss: 1.6359
2026-04-05 17:09:54,225 - INFO -   Epoch [30/237] Loss: 2.0475
2026-04-05 17:09:55,973 - INFO -   Epoch [40/237] Loss: 1.8797
2026-04-05 17:09:57,718 - INFO -   Epoch [50/237] Loss: 1.7824
2026-04-05 17:09:59,494 - INFO -   Epoch [60/237] Loss: 1.9967
2026-04-05 17:10:01,340 - INFO -   Epoch [70/237] Loss: 0.9667
2026-04-05 17:10:03,221 - INFO -   Epoch [80/237] Loss: 1.1755
2026-04-05 17:10:05,026 - INFO -   Epoch [90/237] Loss: 1.4557
2026-04-05 17:10:06,865 - INFO -   Epoch [100/237] Loss: 0.8963
2026-04-05 17:10:08,715 - INFO -   Epoch [110/237] Loss: 2.2895
2026-04-05 17:10:10,475 - INFO -   Epoch [120/237] Loss: 1.2573
2026-04-05 17:10:12,302 - INFO -   Epoch [130/237] Loss: 1.3149
2026-04-05 17:10:14,052 - INFO -   Epoch [140/237] Loss: 1.3555
2026-04-05 17:10:15,880 - INFO -   Epoch [150/237] Loss: 1.6034
2026-04-05 17:10:17,645 - INFO -   Epoch [160/237] Loss: 1.8284
2026-04-05 17:10:19,473 - INFO -   Epoch [170/237] Loss: 1.7654
2026-04-05 17:10:21,228 - INFO -   Epoch [180/237] Loss: 1.3906
2026-04-05 17:10:22,999 - INFO -   Epoch [190/237] Loss: 1.6715
2026-04-05 17:10:24,872 - INFO -   Epoch [200/237] Loss: 1.2310
2026-04-05 17:10:26,628 - INFO -   Epoch [210/237] Loss: 1.4848
2026-04-05 17:10:28,353 - INFO -   Epoch [220/237] Loss: 1.6550
2026-04-05 17:10:30,075 - INFO -   Epoch [230/237] Loss: 1.5119
2026-04-05 17:10:33,115 - INFO -   Train Loss: 1.5659
2026-04-05 17:10:33,116 - INFO -   Train Accuracy: 40.49%
2026-04-05 17:10:33,116 - INFO -   Val Loss: 1.7266
2026-04-05 17:10:33,116 - INFO -   Val Accuracy: 38.77% | F1: 0.3831
2026-04-05 17:10:33,116 - INFO -   LR: 0.000100
2026-04-05 17:10:33,116 - INFO -   Patience: 2/30
2026-04-05 17:10:33,116 - INFO - 
Epoch 13/300
2026-04-05 17:10:34,843 - INFO -   Epoch [10/237] Loss: 1.6539
2026-04-05 17:10:36,581 - INFO -   Epoch [20/237] Loss: 1.4731
2026-04-05 17:10:38,437 - INFO -   Epoch [30/237] Loss: 2.1338
2026-04-05 17:10:40,207 - INFO -   Epoch [40/237] Loss: 1.6508
2026-04-05 17:10:41,975 - INFO -   Epoch [50/237] Loss: 1.5306
2026-04-05 17:10:43,735 - INFO -   Epoch [60/237] Loss: 1.1111
2026-04-05 17:10:45,494 - INFO -   Epoch [70/237] Loss: 2.0384
2026-04-05 17:10:47,263 - INFO -   Epoch [80/237] Loss: 1.9170
2026-04-05 17:10:49,041 - INFO -   Epoch [90/237] Loss: 1.6522
2026-04-05 17:10:50,866 - INFO -   Epoch [100/237] Loss: 1.9280
2026-04-05 17:10:52,631 - INFO -   Epoch [110/237] Loss: 1.3438
2026-04-05 17:10:54,363 - INFO -   Epoch [120/237] Loss: 1.4748
2026-04-05 17:10:56,125 - INFO -   Epoch [130/237] Loss: 1.5700
2026-04-05 17:10:57,857 - INFO -   Epoch [140/237] Loss: 1.7453
2026-04-05 17:10:59,655 - INFO -   Epoch [150/237] Loss: 1.1972
2026-04-05 17:11:01,387 - INFO -   Epoch [160/237] Loss: 1.6531
2026-04-05 17:11:03,121 - INFO -   Epoch [170/237] Loss: 1.5521
2026-04-05 17:11:04,901 - INFO -   Epoch [180/237] Loss: 1.8369
2026-04-05 17:11:06,650 - INFO -   Epoch [190/237] Loss: 1.2523
2026-04-05 17:11:08,364 - INFO -   Epoch [200/237] Loss: 1.8623
2026-04-05 17:11:10,084 - INFO -   Epoch [210/237] Loss: 1.4638
2026-04-05 17:11:11,810 - INFO -   Epoch [220/237] Loss: 1.4162
2026-04-05 17:11:13,535 - INFO -   Epoch [230/237] Loss: 1.4498
2026-04-05 17:11:16,602 - INFO -   Train Loss: 1.5687
2026-04-05 17:11:16,602 - INFO -   Train Accuracy: 40.00%
2026-04-05 17:11:16,603 - INFO -   Val Loss: 1.7305
2026-04-05 17:11:16,603 - INFO -   Val Accuracy: 37.53% | F1: 0.3645
2026-04-05 17:11:16,603 - INFO -   LR: 0.000100
2026-04-05 17:11:16,603 - INFO -   Patience: 3/30
2026-04-05 17:11:16,603 - INFO - 
Epoch 14/300
2026-04-05 17:11:18,342 - INFO -   Epoch [10/237] Loss: 1.5557
2026-04-05 17:11:20,114 - INFO -   Epoch [20/237] Loss: 1.5147
2026-04-05 17:11:21,829 - INFO -   Epoch [30/237] Loss: 1.1964
2026-04-05 17:11:23,612 - INFO -   Epoch [40/237] Loss: 0.9343
2026-04-05 17:11:25,404 - INFO -   Epoch [50/237] Loss: 2.0577
2026-04-05 17:11:27,173 - INFO -   Epoch [60/237] Loss: 1.3044
2026-04-05 17:11:28,940 - INFO -   Epoch [70/237] Loss: 1.5531
2026-04-05 17:11:30,712 - INFO -   Epoch [80/237] Loss: 1.6838
2026-04-05 17:11:32,507 - INFO -   Epoch [90/237] Loss: 1.2713
2026-04-05 17:11:34,269 - INFO -   Epoch [100/237] Loss: 1.2731
2026-04-05 17:11:35,994 - INFO -   Epoch [110/237] Loss: 1.5697
2026-04-05 17:11:37,758 - INFO -   Epoch [120/237] Loss: 1.4681
2026-04-05 17:11:39,483 - INFO -   Epoch [130/237] Loss: 1.4714
2026-04-05 17:11:41,247 - INFO -   Epoch [140/237] Loss: 1.3955
2026-04-05 17:11:43,016 - INFO -   Epoch [150/237] Loss: 1.3849
2026-04-05 17:11:44,744 - INFO -   Epoch [160/237] Loss: 1.5485
2026-04-05 17:11:46,516 - INFO -   Epoch [170/237] Loss: 1.6717
2026-04-05 17:11:48,236 - INFO -   Epoch [180/237] Loss: 1.4807
2026-04-05 17:11:49,953 - INFO -   Epoch [190/237] Loss: 1.4221
2026-04-05 17:11:51,726 - INFO -   Epoch [200/237] Loss: 1.2825
2026-04-05 17:11:53,445 - INFO -   Epoch [210/237] Loss: 1.2247
2026-04-05 17:11:55,163 - INFO -   Epoch [220/237] Loss: 1.3809
2026-04-05 17:11:56,887 - INFO -   Epoch [230/237] Loss: 2.0413
2026-04-05 17:11:59,919 - INFO -   Train Loss: 1.5464
2026-04-05 17:11:59,920 - INFO -   Train Accuracy: 41.80%
2026-04-05 17:11:59,920 - INFO -   Val Loss: 1.7212
2026-04-05 17:11:59,920 - INFO -   Val Accuracy: 40.49% | F1: 0.4052
2026-04-05 17:11:59,920 - INFO -   LR: 0.000100
2026-04-05 17:12:00,226 - INFO -   ✓ New best model saved! (Acc: 40.49%)
2026-04-05 17:12:00,227 - INFO -   Patience: 0/30
2026-04-05 17:12:00,227 - INFO - 
Epoch 15/300
2026-04-05 17:12:01,985 - INFO -   Epoch [10/237] Loss: 1.3816
2026-04-05 17:12:03,701 - INFO -   Epoch [20/237] Loss: 1.5654
2026-04-05 17:12:05,425 - INFO -   Epoch [30/237] Loss: 2.0677
2026-04-05 17:12:07,155 - INFO -   Epoch [40/237] Loss: 1.8322
2026-04-05 17:12:08,868 - INFO -   Epoch [50/237] Loss: 1.3399
2026-04-05 17:12:10,581 - INFO -   Epoch [60/237] Loss: 1.5301
2026-04-05 17:12:12,308 - INFO -   Epoch [70/237] Loss: 1.2859
2026-04-05 17:12:14,044 - INFO -   Epoch [80/237] Loss: 1.6472
2026-04-05 17:12:15,767 - INFO -   Epoch [90/237] Loss: 1.2737
2026-04-05 17:12:17,487 - INFO -   Epoch [100/237] Loss: 1.6997
2026-04-05 17:12:19,203 - INFO -   Epoch [110/237] Loss: 1.6859
2026-04-05 17:12:20,940 - INFO -   Epoch [120/237] Loss: 1.7410
2026-04-05 17:12:22,669 - INFO -   Epoch [130/237] Loss: 1.5650
2026-04-05 17:12:24,395 - INFO -   Epoch [140/237] Loss: 1.7089
2026-04-05 17:12:26,121 - INFO -   Epoch [150/237] Loss: 1.6916
2026-04-05 17:12:27,845 - INFO -   Epoch [160/237] Loss: 1.7074
2026-04-05 17:12:29,580 - INFO -   Epoch [170/237] Loss: 1.6635
2026-04-05 17:12:31,317 - INFO -   Epoch [180/237] Loss: 1.4802
2026-04-05 17:12:33,043 - INFO -   Epoch [190/237] Loss: 1.4736
2026-04-05 17:12:34,764 - INFO -   Epoch [200/237] Loss: 1.7748
2026-04-05 17:12:36,487 - INFO -   Epoch [210/237] Loss: 1.1622
2026-04-05 17:12:38,207 - INFO -   Epoch [220/237] Loss: 1.4070
2026-04-05 17:12:39,921 - INFO -   Epoch [230/237] Loss: 1.2854
2026-04-05 17:12:42,936 - INFO -   Train Loss: 1.5424
2026-04-05 17:12:42,936 - INFO -   Train Accuracy: 41.31%
2026-04-05 17:12:42,936 - INFO -   Val Loss: 1.7275
2026-04-05 17:12:42,936 - INFO -   Val Accuracy: 38.77% | F1: 0.3843
2026-04-05 17:12:42,936 - INFO -   LR: 0.000100
2026-04-05 17:12:42,936 - INFO -   Patience: 1/30
2026-04-05 17:12:42,936 - INFO - 
Epoch 16/300
2026-04-05 17:12:44,692 - INFO -   Epoch [10/237] Loss: 1.0580
2026-04-05 17:12:46,411 - INFO -   Epoch [20/237] Loss: 1.2694
2026-04-05 17:12:48,124 - INFO -   Epoch [30/237] Loss: 1.3266
2026-04-05 17:12:49,889 - INFO -   Epoch [40/237] Loss: 1.2164
2026-04-05 17:12:51,620 - INFO -   Epoch [50/237] Loss: 0.8493
2026-04-05 17:12:53,353 - INFO -   Epoch [60/237] Loss: 1.6051
2026-04-05 17:12:55,142 - INFO -   Epoch [70/237] Loss: 1.3951
2026-04-05 17:12:56,862 - INFO -   Epoch [80/237] Loss: 1.8550
2026-04-05 17:12:58,586 - INFO -   Epoch [90/237] Loss: 1.2827
2026-04-05 17:13:00,314 - INFO -   Epoch [100/237] Loss: 1.4691
2026-04-05 17:13:02,045 - INFO -   Epoch [110/237] Loss: 1.4444
2026-04-05 17:13:03,789 - INFO -   Epoch [120/237] Loss: 1.6192
2026-04-05 17:13:05,525 - INFO -   Epoch [130/237] Loss: 1.4364
2026-04-05 17:13:07,253 - INFO -   Epoch [140/237] Loss: 1.9455
2026-04-05 17:13:08,972 - INFO -   Epoch [150/237] Loss: 1.2351
2026-04-05 17:13:10,694 - INFO -   Epoch [160/237] Loss: 1.2223
2026-04-05 17:13:12,419 - INFO -   Epoch [170/237] Loss: 1.1050
2026-04-05 17:13:14,139 - INFO -   Epoch [180/237] Loss: 1.5696
2026-04-05 17:13:15,859 - INFO -   Epoch [190/237] Loss: 1.7404
2026-04-05 17:13:17,621 - INFO -   Epoch [200/237] Loss: 2.1244
2026-04-05 17:13:19,340 - INFO -   Epoch [210/237] Loss: 1.6135
2026-04-05 17:13:21,059 - INFO -   Epoch [220/237] Loss: 1.6857
2026-04-05 17:13:22,787 - INFO -   Epoch [230/237] Loss: 1.6434
2026-04-05 17:13:25,882 - INFO -   Train Loss: 1.5108
2026-04-05 17:13:25,883 - INFO -   Train Accuracy: 42.89%
2026-04-05 17:13:25,883 - INFO -   Val Loss: 1.7376
2026-04-05 17:13:25,883 - INFO -   Val Accuracy: 38.02% | F1: 0.3760
2026-04-05 17:13:25,883 - INFO -   LR: 0.000100
2026-04-05 17:13:25,883 - INFO -   Patience: 2/30
2026-04-05 17:13:25,883 - INFO - 
Epoch 17/300
2026-04-05 17:13:27,656 - INFO -   Epoch [10/237] Loss: 1.5989
2026-04-05 17:13:29,436 - INFO -   Epoch [20/237] Loss: 1.7259
2026-04-05 17:13:31,220 - INFO -   Epoch [30/237] Loss: 1.5742
2026-04-05 17:13:33,009 - INFO -   Epoch [40/237] Loss: 1.3519
2026-04-05 17:13:34,779 - INFO -   Epoch [50/237] Loss: 1.0482
2026-04-05 17:13:36,497 - INFO -   Epoch [60/237] Loss: 1.7694
2026-04-05 17:13:38,270 - INFO -   Epoch [70/237] Loss: 1.7832
2026-04-05 17:13:39,994 - INFO -   Epoch [80/237] Loss: 1.3861
2026-04-05 17:13:41,769 - INFO -   Epoch [90/237] Loss: 1.2948
2026-04-05 17:13:43,517 - INFO -   Epoch [100/237] Loss: 1.3801
2026-04-05 17:13:45,273 - INFO -   Epoch [110/237] Loss: 1.6299
2026-04-05 17:13:47,031 - INFO -   Epoch [120/237] Loss: 1.2125
2026-04-05 17:13:48,789 - INFO -   Epoch [130/237] Loss: 1.4568
2026-04-05 17:13:50,513 - INFO -   Epoch [140/237] Loss: 1.5014
2026-04-05 17:13:52,276 - INFO -   Epoch [150/237] Loss: 1.8535
2026-04-05 17:13:53,989 - INFO -   Epoch [160/237] Loss: 0.8632
2026-04-05 17:13:55,717 - INFO -   Epoch [170/237] Loss: 1.5279
2026-04-05 17:13:57,484 - INFO -   Epoch [180/237] Loss: 1.7028
2026-04-05 17:13:59,199 - INFO -   Epoch [190/237] Loss: 1.9845
2026-04-05 17:14:00,936 - INFO -   Epoch [200/237] Loss: 1.5483
2026-04-05 17:14:02,746 - INFO -   Epoch [210/237] Loss: 1.6004
2026-04-05 17:14:04,498 - INFO -   Epoch [220/237] Loss: 1.5231
2026-04-05 17:14:06,233 - INFO -   Epoch [230/237] Loss: 1.6636
2026-04-05 17:14:09,440 - INFO -   Train Loss: 1.5181
2026-04-05 17:14:09,440 - INFO -   Train Accuracy: 42.43%
2026-04-05 17:14:09,440 - INFO -   Val Loss: 1.7388
2026-04-05 17:14:09,440 - INFO -   Val Accuracy: 38.27% | F1: 0.3812
2026-04-05 17:14:09,440 - INFO -   LR: 0.000100
2026-04-05 17:14:09,441 - INFO -   Patience: 3/30
2026-04-05 17:14:09,441 - INFO - 
Epoch 18/300
2026-04-05 17:14:11,214 - INFO -   Epoch [10/237] Loss: 1.2761
2026-04-05 17:14:12,987 - INFO -   Epoch [20/237] Loss: 1.6293
2026-04-05 17:14:14,714 - INFO -   Epoch [30/237] Loss: 1.2806
2026-04-05 17:14:16,489 - INFO -   Epoch [40/237] Loss: 1.5053
2026-04-05 17:14:18,258 - INFO -   Epoch [50/237] Loss: 1.3721
2026-04-05 17:14:19,973 - INFO -   Epoch [60/237] Loss: 1.7125
2026-04-05 17:14:21,736 - INFO -   Epoch [70/237] Loss: 1.4401
2026-04-05 17:14:23,460 - INFO -   Epoch [80/237] Loss: 1.4377
2026-04-05 17:14:25,204 - INFO -   Epoch [90/237] Loss: 1.1981
2026-04-05 17:14:26,937 - INFO -   Epoch [100/237] Loss: 1.0984
2026-04-05 17:14:28,653 - INFO -   Epoch [110/237] Loss: 1.6580
2026-04-05 17:14:30,472 - INFO -   Epoch [120/237] Loss: 1.2700
2026-04-05 17:14:32,213 - INFO -   Epoch [130/237] Loss: 1.4427
2026-04-05 17:14:33,993 - INFO -   Epoch [140/237] Loss: 1.6334
2026-04-05 17:14:35,745 - INFO -   Epoch [150/237] Loss: 1.5794
2026-04-05 17:14:37,467 - INFO -   Epoch [160/237] Loss: 0.9098
2026-04-05 17:14:39,267 - INFO -   Epoch [170/237] Loss: 1.3507
2026-04-05 17:14:40,991 - INFO -   Epoch [180/237] Loss: 1.1200
2026-04-05 17:14:42,732 - INFO -   Epoch [190/237] Loss: 1.2425
2026-04-05 17:14:44,493 - INFO -   Epoch [200/237] Loss: 1.6971
2026-04-05 17:14:46,265 - INFO -   Epoch [210/237] Loss: 1.3754
2026-04-05 17:14:48,007 - INFO -   Epoch [220/237] Loss: 1.4305
2026-04-05 17:14:49,737 - INFO -   Epoch [230/237] Loss: 1.5949
2026-04-05 17:14:52,894 - INFO -   Train Loss: 1.5276
2026-04-05 17:14:52,894 - INFO -   Train Accuracy: 42.22%
2026-04-05 17:14:52,894 - INFO -   Val Loss: 1.7429
2026-04-05 17:14:52,894 - INFO -   Val Accuracy: 38.77% | F1: 0.3884
2026-04-05 17:14:52,894 - INFO -   LR: 0.000100
2026-04-05 17:14:52,895 - INFO -   Patience: 4/30
2026-04-05 17:14:52,895 - INFO - 
Epoch 19/300
2026-04-05 17:14:54,613 - INFO -   Epoch [10/237] Loss: 1.2753
2026-04-05 17:14:56,326 - INFO -   Epoch [20/237] Loss: 1.6847
2026-04-05 17:14:58,039 - INFO -   Epoch [30/237] Loss: 1.6861
2026-04-05 17:14:59,754 - INFO -   Epoch [40/237] Loss: 1.3795
2026-04-05 17:15:01,474 - INFO -   Epoch [50/237] Loss: 0.9638
2026-04-05 17:15:03,195 - INFO -   Epoch [60/237] Loss: 1.5255
2026-04-05 17:15:04,962 - INFO -   Epoch [70/237] Loss: 1.3300
2026-04-05 17:15:06,738 - INFO -   Epoch [80/237] Loss: 1.5729
2026-04-05 17:15:08,478 - INFO -   Epoch [90/237] Loss: 1.2261
2026-04-05 17:15:10,276 - INFO -   Epoch [100/237] Loss: 1.4805
2026-04-05 17:15:12,069 - INFO -   Epoch [110/237] Loss: 1.5495
2026-04-05 17:15:13,835 - INFO -   Epoch [120/237] Loss: 1.3411
2026-04-05 17:15:15,588 - INFO -   Epoch [130/237] Loss: 1.8340
2026-04-05 17:15:17,334 - INFO -   Epoch [140/237] Loss: 1.4327
2026-04-05 17:15:19,121 - INFO -   Epoch [150/237] Loss: 1.6494
2026-04-05 17:15:20,849 - INFO -   Epoch [160/237] Loss: 1.4699
2026-04-05 17:15:22,621 - INFO -   Epoch [170/237] Loss: 1.2482
2026-04-05 17:15:24,340 - INFO -   Epoch [180/237] Loss: 1.4715
2026-04-05 17:15:26,110 - INFO -   Epoch [190/237] Loss: 1.8616
2026-04-05 17:15:27,856 - INFO -   Epoch [200/237] Loss: 1.5070
2026-04-05 17:15:29,591 - INFO -   Epoch [210/237] Loss: 1.1860
2026-04-05 17:15:31,315 - INFO -   Epoch [220/237] Loss: 1.5223
2026-04-05 17:15:33,077 - INFO -   Epoch [230/237] Loss: 1.9793
2026-04-05 17:15:36,068 - INFO -   Train Loss: 1.4968
2026-04-05 17:15:36,069 - INFO -   Train Accuracy: 43.39%
2026-04-05 17:15:36,069 - INFO -   Val Loss: 1.7322
2026-04-05 17:15:36,069 - INFO -   Val Accuracy: 38.52% | F1: 0.3877
2026-04-05 17:15:36,069 - INFO -   LR: 0.000100
2026-04-05 17:15:36,069 - INFO -   Patience: 5/30
2026-04-05 17:15:36,069 - INFO - 
Epoch 20/300
2026-04-05 17:15:37,809 - INFO -   Epoch [10/237] Loss: 1.5998
2026-04-05 17:15:39,539 - INFO -   Epoch [20/237] Loss: 1.6800
2026-04-05 17:15:41,249 - INFO -   Epoch [30/237] Loss: 1.6264
2026-04-05 17:15:42,962 - INFO -   Epoch [40/237] Loss: 1.5183
2026-04-05 17:15:44,673 - INFO -   Epoch [50/237] Loss: 1.6968
2026-04-05 17:15:46,384 - INFO -   Epoch [60/237] Loss: 1.6440
2026-04-05 17:15:48,095 - INFO -   Epoch [70/237] Loss: 1.1409
2026-04-05 17:15:49,841 - INFO -   Epoch [80/237] Loss: 1.9078
2026-04-05 17:15:51,581 - INFO -   Epoch [90/237] Loss: 1.5847
2026-04-05 17:15:53,301 - INFO -   Epoch [100/237] Loss: 1.8259
2026-04-05 17:15:55,020 - INFO -   Epoch [110/237] Loss: 1.7436
2026-04-05 17:15:56,785 - INFO -   Epoch [120/237] Loss: 1.9825
2026-04-05 17:15:58,506 - INFO -   Epoch [130/237] Loss: 0.9814
2026-04-05 17:16:00,225 - INFO -   Epoch [140/237] Loss: 1.6459
2026-04-05 17:16:01,942 - INFO -   Epoch [150/237] Loss: 1.3592
2026-04-05 17:16:03,689 - INFO -   Epoch [160/237] Loss: 1.5407
2026-04-05 17:16:05,404 - INFO -   Epoch [170/237] Loss: 1.6209
2026-04-05 17:16:07,137 - INFO -   Epoch [180/237] Loss: 1.3160
2026-04-05 17:16:08,899 - INFO -   Epoch [190/237] Loss: 1.4698
2026-04-05 17:16:10,679 - INFO -   Epoch [200/237] Loss: 1.4629
2026-04-05 17:16:12,432 - INFO -   Epoch [210/237] Loss: 1.4545
2026-04-05 17:16:14,161 - INFO -   Epoch [220/237] Loss: 1.7630
2026-04-05 17:16:15,886 - INFO -   Epoch [230/237] Loss: 1.3754
2026-04-05 17:16:18,942 - INFO -   Train Loss: 1.5104
2026-04-05 17:16:18,942 - INFO -   Train Accuracy: 43.39%
2026-04-05 17:16:18,942 - INFO -   Val Loss: 1.7365
2026-04-05 17:16:18,943 - INFO -   Val Accuracy: 37.28% | F1: 0.3660
2026-04-05 17:16:18,943 - INFO -   LR: 0.000100
2026-04-05 17:16:18,943 - INFO -   Patience: 6/30
2026-04-05 17:16:18,943 - INFO - 
Epoch 21/300
2026-04-05 17:16:20,668 - INFO -   Epoch [10/237] Loss: 1.4539
2026-04-05 17:16:22,394 - INFO -   Epoch [20/237] Loss: 1.5992
2026-04-05 17:16:24,109 - INFO -   Epoch [30/237] Loss: 1.0429
2026-04-05 17:16:25,834 - INFO -   Epoch [40/237] Loss: 1.7582
2026-04-05 17:16:27,553 - INFO -   Epoch [50/237] Loss: 1.7400
2026-04-05 17:16:29,295 - INFO -   Epoch [60/237] Loss: 1.4653
2026-04-05 17:16:31,012 - INFO -   Epoch [70/237] Loss: 1.3733
2026-04-05 17:16:32,729 - INFO -   Epoch [80/237] Loss: 1.4868
2026-04-05 17:16:34,456 - INFO -   Epoch [90/237] Loss: 1.5661
2026-04-05 17:16:36,183 - INFO -   Epoch [100/237] Loss: 1.6038
2026-04-05 17:16:37,930 - INFO -   Epoch [110/237] Loss: 1.4166
2026-04-05 17:16:39,660 - INFO -   Epoch [120/237] Loss: 1.3631
2026-04-05 17:16:41,409 - INFO -   Epoch [130/237] Loss: 1.3737
2026-04-05 17:16:43,136 - INFO -   Epoch [140/237] Loss: 1.6323
2026-04-05 17:16:44,858 - INFO -   Epoch [150/237] Loss: 1.8384
2026-04-05 17:16:46,581 - INFO -   Epoch [160/237] Loss: 1.1171
2026-04-05 17:16:48,305 - INFO -   Epoch [170/237] Loss: 1.8354
2026-04-05 17:16:50,031 - INFO -   Epoch [180/237] Loss: 1.1707
2026-04-05 17:16:51,755 - INFO -   Epoch [190/237] Loss: 1.9581
2026-04-05 17:16:53,473 - INFO -   Epoch [200/237] Loss: 1.7206
2026-04-05 17:16:55,201 - INFO -   Epoch [210/237] Loss: 1.6244
2026-04-05 17:16:56,933 - INFO -   Epoch [220/237] Loss: 1.4271
2026-04-05 17:16:58,690 - INFO -   Epoch [230/237] Loss: 1.5540
2026-04-05 17:17:01,775 - INFO -   Train Loss: 1.4697
2026-04-05 17:17:01,775 - INFO -   Train Accuracy: 44.16%
2026-04-05 17:17:01,776 - INFO -   Val Loss: 1.7319
2026-04-05 17:17:01,776 - INFO -   Val Accuracy: 38.27% | F1: 0.3806
2026-04-05 17:17:01,776 - INFO -   LR: 0.000050
2026-04-05 17:17:01,776 - INFO -   Patience: 7/30
2026-04-05 17:17:01,776 - INFO - 
Epoch 22/300
2026-04-05 17:17:03,514 - INFO -   Epoch [10/237] Loss: 1.4449
2026-04-05 17:17:05,247 - INFO -   Epoch [20/237] Loss: 1.3297
2026-04-05 17:17:06,996 - INFO -   Epoch [30/237] Loss: 1.4378
2026-04-05 17:17:08,719 - INFO -   Epoch [40/237] Loss: 1.7510
2026-04-05 17:17:10,440 - INFO -   Epoch [50/237] Loss: 1.8222
2026-04-05 17:17:12,160 - INFO -   Epoch [60/237] Loss: 1.4299
2026-04-05 17:17:13,875 - INFO -   Epoch [70/237] Loss: 1.4159
2026-04-05 17:17:15,593 - INFO -   Epoch [80/237] Loss: 0.9443
2026-04-05 17:17:17,312 - INFO -   Epoch [90/237] Loss: 1.5797
2026-04-05 17:17:19,115 - INFO -   Epoch [100/237] Loss: 1.0946
2026-04-05 17:17:20,842 - INFO -   Epoch [110/237] Loss: 1.6711
2026-04-05 17:17:22,575 - INFO -   Epoch [120/237] Loss: 1.4182
2026-04-05 17:17:24,333 - INFO -   Epoch [130/237] Loss: 1.4776
2026-04-05 17:17:26,055 - INFO -   Epoch [140/237] Loss: 1.3286
2026-04-05 17:17:27,828 - INFO -   Epoch [150/237] Loss: 1.3246
2026-04-05 17:17:29,554 - INFO -   Epoch [160/237] Loss: 1.6758
2026-04-05 17:17:31,273 - INFO -   Epoch [170/237] Loss: 1.5562
2026-04-05 17:17:32,988 - INFO -   Epoch [180/237] Loss: 1.4862
2026-04-05 17:17:34,703 - INFO -   Epoch [190/237] Loss: 1.4905
2026-04-05 17:17:36,425 - INFO -   Epoch [200/237] Loss: 1.2521
2026-04-05 17:17:38,159 - INFO -   Epoch [210/237] Loss: 1.4373
2026-04-05 17:17:39,882 - INFO -   Epoch [220/237] Loss: 1.8429
2026-04-05 17:17:41,597 - INFO -   Epoch [230/237] Loss: 1.7040
2026-04-05 17:17:44,583 - INFO -   Train Loss: 1.4661
2026-04-05 17:17:44,583 - INFO -   Train Accuracy: 44.66%
2026-04-05 17:17:44,583 - INFO -   Val Loss: 1.7316
2026-04-05 17:17:44,583 - INFO -   Val Accuracy: 38.27% | F1: 0.3842
2026-04-05 17:17:44,583 - INFO -   LR: 0.000050
2026-04-05 17:17:44,583 - INFO -   Patience: 8/30
2026-04-05 17:17:44,583 - INFO - 
Epoch 23/300
2026-04-05 17:17:46,312 - INFO -   Epoch [10/237] Loss: 1.6396
2026-04-05 17:17:48,038 - INFO -   Epoch [20/237] Loss: 1.3116
2026-04-05 17:17:49,764 - INFO -   Epoch [30/237] Loss: 1.5988
2026-04-05 17:17:51,512 - INFO -   Epoch [40/237] Loss: 1.0833
2026-04-05 17:17:53,245 - INFO -   Epoch [50/237] Loss: 1.6016
2026-04-05 17:17:54,973 - INFO -   Epoch [60/237] Loss: 1.2427
2026-04-05 17:17:56,723 - INFO -   Epoch [70/237] Loss: 1.3692
2026-04-05 17:17:58,454 - INFO -   Epoch [80/237] Loss: 1.3641
2026-04-05 17:18:00,186 - INFO -   Epoch [90/237] Loss: 1.4931
2026-04-05 17:18:01,919 - INFO -   Epoch [100/237] Loss: 1.5123
2026-04-05 17:18:03,648 - INFO -   Epoch [110/237] Loss: 1.3159
2026-04-05 17:18:05,381 - INFO -   Epoch [120/237] Loss: 1.2408
2026-04-05 17:18:07,115 - INFO -   Epoch [130/237] Loss: 1.3957
2026-04-05 17:18:08,851 - INFO -   Epoch [140/237] Loss: 1.2244
2026-04-05 17:18:10,566 - INFO -   Epoch [150/237] Loss: 1.8704
2026-04-05 17:18:12,309 - INFO -   Epoch [160/237] Loss: 1.6308
2026-04-05 17:18:14,053 - INFO -   Epoch [170/237] Loss: 1.2043
2026-04-05 17:18:15,784 - INFO -   Epoch [180/237] Loss: 0.9309
2026-04-05 17:18:17,504 - INFO -   Epoch [190/237] Loss: 1.2140
2026-04-05 17:18:19,253 - INFO -   Epoch [200/237] Loss: 1.6259
2026-04-05 17:18:20,988 - INFO -   Epoch [210/237] Loss: 1.4568
2026-04-05 17:18:22,717 - INFO -   Epoch [220/237] Loss: 1.3378
2026-04-05 17:18:24,436 - INFO -   Epoch [230/237] Loss: 1.7872
2026-04-05 17:18:27,436 - INFO -   Train Loss: 1.4407
2026-04-05 17:18:27,436 - INFO -   Train Accuracy: 44.69%
2026-04-05 17:18:27,437 - INFO -   Val Loss: 1.7311
2026-04-05 17:18:27,437 - INFO -   Val Accuracy: 39.01% | F1: 0.3897
2026-04-05 17:18:27,437 - INFO -   LR: 0.000050
2026-04-05 17:18:27,437 - INFO -   Patience: 9/30
2026-04-05 17:18:27,437 - INFO - 
Epoch 24/300
2026-04-05 17:18:29,149 - INFO -   Epoch [10/237] Loss: 1.2821
2026-04-05 17:18:30,861 - INFO -   Epoch [20/237] Loss: 1.4445
2026-04-05 17:18:32,588 - INFO -   Epoch [30/237] Loss: 1.6033
2026-04-05 17:18:34,306 - INFO -   Epoch [40/237] Loss: 1.2389
2026-04-05 17:18:36,030 - INFO -   Epoch [50/237] Loss: 1.4240
2026-04-05 17:18:37,766 - INFO -   Epoch [60/237] Loss: 1.3676
2026-04-05 17:18:39,503 - INFO -   Epoch [70/237] Loss: 1.5239
2026-04-05 17:18:41,235 - INFO -   Epoch [80/237] Loss: 1.1284
2026-04-05 17:18:42,969 - INFO -   Epoch [90/237] Loss: 1.2656
2026-04-05 17:18:44,706 - INFO -   Epoch [100/237] Loss: 1.2414
2026-04-05 17:18:46,435 - INFO -   Epoch [110/237] Loss: 1.3878
2026-04-05 17:18:48,167 - INFO -   Epoch [120/237] Loss: 1.4601
2026-04-05 17:18:49,889 - INFO -   Epoch [130/237] Loss: 1.5162
2026-04-05 17:18:51,609 - INFO -   Epoch [140/237] Loss: 1.0049
2026-04-05 17:18:53,330 - INFO -   Epoch [150/237] Loss: 1.2261
2026-04-05 17:18:55,047 - INFO -   Epoch [160/237] Loss: 1.6009
2026-04-05 17:18:56,776 - INFO -   Epoch [170/237] Loss: 1.2990
2026-04-05 17:18:58,492 - INFO -   Epoch [180/237] Loss: 1.5152
2026-04-05 17:19:00,206 - INFO -   Epoch [190/237] Loss: 1.3814
2026-04-05 17:19:01,921 - INFO -   Epoch [200/237] Loss: 1.2092
2026-04-05 17:19:03,642 - INFO -   Epoch [210/237] Loss: 1.6477
2026-04-05 17:19:05,387 - INFO -   Epoch [220/237] Loss: 1.5306
2026-04-05 17:19:07,112 - INFO -   Epoch [230/237] Loss: 1.3014
2026-04-05 17:19:10,166 - INFO -   Train Loss: 1.4385
2026-04-05 17:19:10,166 - INFO -   Train Accuracy: 46.70%
2026-04-05 17:19:10,166 - INFO -   Val Loss: 1.7374
2026-04-05 17:19:10,166 - INFO -   Val Accuracy: 38.27% | F1: 0.3810
2026-04-05 17:19:10,166 - INFO -   LR: 0.000050
2026-04-05 17:19:10,166 - INFO -   Patience: 10/30
2026-04-05 17:19:10,166 - INFO - 
Epoch 25/300
2026-04-05 17:19:11,903 - INFO -   Epoch [10/237] Loss: 1.2210
2026-04-05 17:19:13,635 - INFO -   Epoch [20/237] Loss: 1.0532
2026-04-05 17:19:15,363 - INFO -   Epoch [30/237] Loss: 1.0826
2026-04-05 17:19:17,089 - INFO -   Epoch [40/237] Loss: 1.5091
2026-04-05 17:19:18,821 - INFO -   Epoch [50/237] Loss: 1.3114
2026-04-05 17:19:20,557 - INFO -   Epoch [60/237] Loss: 1.2255
2026-04-05 17:19:22,286 - INFO -   Epoch [70/237] Loss: 1.3448
2026-04-05 17:19:24,025 - INFO -   Epoch [80/237] Loss: 1.4012
2026-04-05 17:19:25,744 - INFO -   Epoch [90/237] Loss: 1.6536
2026-04-05 17:19:27,482 - INFO -   Epoch [100/237] Loss: 1.8640
2026-04-05 17:19:29,203 - INFO -   Epoch [110/237] Loss: 1.3085
2026-04-05 17:19:30,924 - INFO -   Epoch [120/237] Loss: 1.2269
2026-04-05 17:19:32,648 - INFO -   Epoch [130/237] Loss: 1.4972
2026-04-05 17:19:34,383 - INFO -   Epoch [140/237] Loss: 1.1331
2026-04-05 17:19:36,117 - INFO -   Epoch [150/237] Loss: 1.3782
2026-04-05 17:19:37,861 - INFO -   Epoch [160/237] Loss: 1.3735
2026-04-05 17:19:39,586 - INFO -   Epoch [170/237] Loss: 1.1438
2026-04-05 17:19:41,311 - INFO -   Epoch [180/237] Loss: 1.4430
2026-04-05 17:19:43,026 - INFO -   Epoch [190/237] Loss: 1.2038
2026-04-05 17:19:44,741 - INFO -   Epoch [200/237] Loss: 1.6989
2026-04-05 17:19:46,541 - INFO -   Epoch [210/237] Loss: 1.3112
2026-04-05 17:19:48,272 - INFO -   Epoch [220/237] Loss: 1.0635
2026-04-05 17:19:50,036 - INFO -   Epoch [230/237] Loss: 0.8542
2026-04-05 17:19:53,184 - INFO -   Train Loss: 1.4513
2026-04-05 17:19:53,185 - INFO -   Train Accuracy: 45.71%
2026-04-05 17:19:53,185 - INFO -   Val Loss: 1.7359
2026-04-05 17:19:53,185 - INFO -   Val Accuracy: 38.02% | F1: 0.3803
2026-04-05 17:19:53,185 - INFO -   LR: 0.000050
2026-04-05 17:19:53,185 - INFO -   Patience: 11/30
2026-04-05 17:19:53,185 - INFO - 
Epoch 26/300
2026-04-05 17:19:54,932 - INFO -   Epoch [10/237] Loss: 1.0230
2026-04-05 17:19:56,669 - INFO -   Epoch [20/237] Loss: 2.0010
2026-04-05 17:19:58,428 - INFO -   Epoch [30/237] Loss: 1.1295
2026-04-05 17:20:00,168 - INFO -   Epoch [40/237] Loss: 1.0267
2026-04-05 17:20:01,911 - INFO -   Epoch [50/237] Loss: 1.2452
2026-04-05 17:20:03,643 - INFO -   Epoch [60/237] Loss: 1.4095
2026-04-05 17:20:05,375 - INFO -   Epoch [70/237] Loss: 1.6792
2026-04-05 17:20:07,130 - INFO -   Epoch [80/237] Loss: 1.5224
2026-04-05 17:20:08,871 - INFO -   Epoch [90/237] Loss: 1.7292
2026-04-05 17:20:10,625 - INFO -   Epoch [100/237] Loss: 1.4401
2026-04-05 17:20:12,345 - INFO -   Epoch [110/237] Loss: 1.3177
2026-04-05 17:20:14,083 - INFO -   Epoch [120/237] Loss: 1.1157
2026-04-05 17:20:15,828 - INFO -   Epoch [130/237] Loss: 1.2869
2026-04-05 17:20:17,597 - INFO -   Epoch [140/237] Loss: 1.3218
2026-04-05 17:20:19,336 - INFO -   Epoch [150/237] Loss: 1.6741
2026-04-05 17:20:21,069 - INFO -   Epoch [160/237] Loss: 1.0120
2026-04-05 17:20:22,792 - INFO -   Epoch [170/237] Loss: 1.7095
2026-04-05 17:20:24,515 - INFO -   Epoch [180/237] Loss: 1.7875
2026-04-05 17:20:26,242 - INFO -   Epoch [190/237] Loss: 1.4577
2026-04-05 17:20:27,960 - INFO -   Epoch [200/237] Loss: 1.5681
2026-04-05 17:20:29,678 - INFO -   Epoch [210/237] Loss: 1.4204
2026-04-05 17:20:31,415 - INFO -   Epoch [220/237] Loss: 1.2247
2026-04-05 17:20:33,131 - INFO -   Epoch [230/237] Loss: 1.1330
2026-04-05 17:20:36,201 - INFO -   Train Loss: 1.4532
2026-04-05 17:20:36,201 - INFO -   Train Accuracy: 45.43%
2026-04-05 17:20:36,201 - INFO -   Val Loss: 1.7340
2026-04-05 17:20:36,201 - INFO -   Val Accuracy: 37.78% | F1: 0.3778
2026-04-05 17:20:36,201 - INFO -   LR: 0.000050
2026-04-05 17:20:36,202 - INFO -   Patience: 12/30
2026-04-05 17:20:36,202 - INFO - 
Epoch 27/300
2026-04-05 17:20:37,932 - INFO -   Epoch [10/237] Loss: 1.3235
2026-04-05 17:20:39,663 - INFO -   Epoch [20/237] Loss: 1.1793
2026-04-05 17:20:41,393 - INFO -   Epoch [30/237] Loss: 1.0480
2026-04-05 17:20:43,135 - INFO -   Epoch [40/237] Loss: 1.2791
2026-04-05 17:20:44,868 - INFO -   Epoch [50/237] Loss: 1.6461
2026-04-05 17:20:46,600 - INFO -   Epoch [60/237] Loss: 1.3904
2026-04-05 17:20:48,476 - INFO -   Epoch [70/237] Loss: 1.2708
2026-04-05 17:20:50,293 - INFO -   Epoch [80/237] Loss: 1.2053
2026-04-05 17:20:52,173 - INFO -   Epoch [90/237] Loss: 1.4163
2026-04-05 17:20:53,947 - INFO -   Epoch [100/237] Loss: 1.4771
2026-04-05 17:20:55,823 - INFO -   Epoch [110/237] Loss: 1.0798
2026-04-05 17:20:57,687 - INFO -   Epoch [120/237] Loss: 1.3522
2026-04-05 17:20:59,418 - INFO -   Epoch [130/237] Loss: 1.3141
2026-04-05 17:21:01,191 - INFO -   Epoch [140/237] Loss: 1.3122
2026-04-05 17:21:02,957 - INFO -   Epoch [150/237] Loss: 1.1794
2026-04-05 17:21:04,767 - INFO -   Epoch [160/237] Loss: 1.7626
2026-04-05 17:21:06,484 - INFO -   Epoch [170/237] Loss: 1.4024
2026-04-05 17:21:08,253 - INFO -   Epoch [180/237] Loss: 1.3478
2026-04-05 17:21:09,990 - INFO -   Epoch [190/237] Loss: 1.5407
2026-04-05 17:21:11,780 - INFO -   Epoch [200/237] Loss: 1.4926
2026-04-05 17:21:13,516 - INFO -   Epoch [210/237] Loss: 1.4384
2026-04-05 17:21:15,244 - INFO -   Epoch [220/237] Loss: 1.3619
2026-04-05 17:21:16,986 - INFO -   Epoch [230/237] Loss: 1.5643
2026-04-05 17:21:20,342 - INFO -   Train Loss: 1.4386
2026-04-05 17:21:20,343 - INFO -   Train Accuracy: 44.97%
2026-04-05 17:21:20,343 - INFO -   Val Loss: 1.7334
2026-04-05 17:21:20,343 - INFO -   Val Accuracy: 37.78% | F1: 0.3803
2026-04-05 17:21:20,343 - INFO -   LR: 0.000025
2026-04-05 17:21:20,343 - INFO -   Patience: 13/30
2026-04-05 17:21:20,343 - INFO - 
Epoch 28/300
2026-04-05 17:21:22,107 - INFO -   Epoch [10/237] Loss: 1.7554
2026-04-05 17:21:23,876 - INFO -   Epoch [20/237] Loss: 1.2834
2026-04-05 17:21:25,638 - INFO -   Epoch [30/237] Loss: 1.4395
2026-04-05 17:21:27,384 - INFO -   Epoch [40/237] Loss: 1.4465
2026-04-05 17:21:29,155 - INFO -   Epoch [50/237] Loss: 1.9557
2026-04-05 17:21:30,993 - INFO -   Epoch [60/237] Loss: 1.3602
2026-04-05 17:21:32,755 - INFO -   Epoch [70/237] Loss: 1.3742
2026-04-05 17:21:34,533 - INFO -   Epoch [80/237] Loss: 0.9469
2026-04-05 17:21:36,359 - INFO -   Epoch [90/237] Loss: 1.3776
2026-04-05 17:21:38,143 - INFO -   Epoch [100/237] Loss: 1.7203
2026-04-05 17:21:39,906 - INFO -   Epoch [110/237] Loss: 1.6219
2026-04-05 17:21:41,671 - INFO -   Epoch [120/237] Loss: 1.6232
2026-04-05 17:21:43,397 - INFO -   Epoch [130/237] Loss: 1.1971
2026-04-05 17:21:45,165 - INFO -   Epoch [140/237] Loss: 0.9694
2026-04-05 17:21:46,895 - INFO -   Epoch [150/237] Loss: 1.8119
2026-04-05 17:21:48,661 - INFO -   Epoch [160/237] Loss: 2.2727
2026-04-05 17:21:50,406 - INFO -   Epoch [170/237] Loss: 1.5149
2026-04-05 17:21:52,164 - INFO -   Epoch [180/237] Loss: 1.5252
2026-04-05 17:21:53,885 - INFO -   Epoch [190/237] Loss: 1.0391
2026-04-05 17:21:55,663 - INFO -   Epoch [200/237] Loss: 1.5333
2026-04-05 17:21:57,402 - INFO -   Epoch [210/237] Loss: 1.1074
2026-04-05 17:21:59,138 - INFO -   Epoch [220/237] Loss: 1.9334
2026-04-05 17:22:00,923 - INFO -   Epoch [230/237] Loss: 1.3609
2026-04-05 17:22:03,947 - INFO -   Train Loss: 1.4462
2026-04-05 17:22:03,947 - INFO -   Train Accuracy: 45.33%
2026-04-05 17:22:03,947 - INFO -   Val Loss: 1.7337
2026-04-05 17:22:03,947 - INFO -   Val Accuracy: 37.04% | F1: 0.3723
2026-04-05 17:22:03,947 - INFO -   LR: 0.000025
2026-04-05 17:22:03,947 - INFO -   Patience: 14/30
2026-04-05 17:22:03,948 - INFO - 
Epoch 29/300
2026-04-05 17:22:05,673 - INFO -   Epoch [10/237] Loss: 1.3653
2026-04-05 17:22:07,445 - INFO -   Epoch [20/237] Loss: 1.2948
2026-04-05 17:22:09,171 - INFO -   Epoch [30/237] Loss: 1.7295
2026-04-05 17:22:10,896 - INFO -   Epoch [40/237] Loss: 1.2947
2026-04-05 17:22:12,617 - INFO -   Epoch [50/237] Loss: 1.2076
2026-04-05 17:22:14,341 - INFO -   Epoch [60/237] Loss: 1.4230
2026-04-05 17:22:16,058 - INFO -   Epoch [70/237] Loss: 1.7792
2026-04-05 17:22:17,779 - INFO -   Epoch [80/237] Loss: 1.7725
2026-04-05 17:22:19,496 - INFO -   Epoch [90/237] Loss: 1.2427
2026-04-05 17:22:21,215 - INFO -   Epoch [100/237] Loss: 1.3014
2026-04-05 17:22:22,943 - INFO -   Epoch [110/237] Loss: 1.4523
2026-04-05 17:22:24,706 - INFO -   Epoch [120/237] Loss: 1.7253
2026-04-05 17:22:26,432 - INFO -   Epoch [130/237] Loss: 1.4889
2026-04-05 17:22:28,186 - INFO -   Epoch [140/237] Loss: 1.1308
2026-04-05 17:22:29,947 - INFO -   Epoch [150/237] Loss: 1.4821
2026-04-05 17:22:31,675 - INFO -   Epoch [160/237] Loss: 1.6584
2026-04-05 17:22:33,404 - INFO -   Epoch [170/237] Loss: 1.2154
2026-04-05 17:22:35,167 - INFO -   Epoch [180/237] Loss: 1.7351
2026-04-05 17:22:36,924 - INFO -   Epoch [190/237] Loss: 0.9603
2026-04-05 17:22:38,702 - INFO -   Epoch [200/237] Loss: 1.5110
2026-04-05 17:22:40,439 - INFO -   Epoch [210/237] Loss: 1.1613
2026-04-05 17:22:42,196 - INFO -   Epoch [220/237] Loss: 1.8990
2026-04-05 17:22:43,942 - INFO -   Epoch [230/237] Loss: 0.7689
2026-04-05 17:22:47,002 - INFO -   Train Loss: 1.4390
2026-04-05 17:22:47,002 - INFO -   Train Accuracy: 46.10%
2026-04-05 17:22:47,002 - INFO -   Val Loss: 1.7378
2026-04-05 17:22:47,002 - INFO -   Val Accuracy: 37.28% | F1: 0.3722
2026-04-05 17:22:47,002 - INFO -   LR: 0.000025
2026-04-05 17:22:47,002 - INFO -   Patience: 15/30
2026-04-05 17:22:47,002 - INFO - 
Epoch 30/300
2026-04-05 17:22:48,721 - INFO -   Epoch [10/237] Loss: 1.0854
2026-04-05 17:22:50,451 - INFO -   Epoch [20/237] Loss: 1.5478
2026-04-05 17:22:52,261 - INFO -   Epoch [30/237] Loss: 1.5647
2026-04-05 17:22:54,048 - INFO -   Epoch [40/237] Loss: 1.3873
2026-04-05 17:22:55,784 - INFO -   Epoch [50/237] Loss: 1.7466
2026-04-05 17:22:57,543 - INFO -   Epoch [60/237] Loss: 1.5244
2026-04-05 17:22:59,268 - INFO -   Epoch [70/237] Loss: 1.1835
2026-04-05 17:23:00,993 - INFO -   Epoch [80/237] Loss: 1.5220
2026-04-05 17:23:02,710 - INFO -   Epoch [90/237] Loss: 1.8667
2026-04-05 17:23:04,432 - INFO -   Epoch [100/237] Loss: 1.8044
2026-04-05 17:23:06,158 - INFO -   Epoch [110/237] Loss: 0.9284
2026-04-05 17:23:07,875 - INFO -   Epoch [120/237] Loss: 1.8180
2026-04-05 17:23:09,722 - INFO -   Epoch [130/237] Loss: 1.5306
2026-04-05 17:23:11,565 - INFO -   Epoch [140/237] Loss: 1.1269
2026-04-05 17:23:13,406 - INFO -   Epoch [150/237] Loss: 1.5168
2026-04-05 17:23:15,253 - INFO -   Epoch [160/237] Loss: 1.2869
2026-04-05 17:23:17,000 - INFO -   Epoch [170/237] Loss: 1.6643
2026-04-05 17:23:18,859 - INFO -   Epoch [180/237] Loss: 1.1364
2026-04-05 17:23:20,745 - INFO -   Epoch [190/237] Loss: 1.4537
2026-04-05 17:23:22,595 - INFO -   Epoch [200/237] Loss: 1.6299
2026-04-05 17:23:24,439 - INFO -   Epoch [210/237] Loss: 1.5543
2026-04-05 17:23:26,278 - INFO -   Epoch [220/237] Loss: 1.2253
2026-04-05 17:23:28,019 - INFO -   Epoch [230/237] Loss: 1.1919
2026-04-05 17:23:31,240 - INFO -   Train Loss: 1.4401
2026-04-05 17:23:31,241 - INFO -   Train Accuracy: 45.75%
2026-04-05 17:23:31,241 - INFO -   Val Loss: 1.7372
2026-04-05 17:23:31,241 - INFO -   Val Accuracy: 37.28% | F1: 0.3747
2026-04-05 17:23:31,241 - INFO -   LR: 0.000025
2026-04-05 17:23:31,242 - INFO -   Patience: 16/30
2026-04-05 17:23:31,242 - INFO - 
Epoch 31/300
2026-04-05 17:23:33,053 - INFO -   Epoch [10/237] Loss: 1.5046
2026-04-05 17:23:34,778 - INFO -   Epoch [20/237] Loss: 1.5530
2026-04-05 17:23:36,613 - INFO -   Epoch [30/237] Loss: 1.9373
2026-04-05 17:23:38,356 - INFO -   Epoch [40/237] Loss: 1.4934
2026-04-05 17:23:40,105 - INFO -   Epoch [50/237] Loss: 1.7195
2026-04-05 17:23:41,932 - INFO -   Epoch [60/237] Loss: 1.8054
2026-04-05 17:23:43,648 - INFO -   Epoch [70/237] Loss: 1.5611
2026-04-05 17:23:45,368 - INFO -   Epoch [80/237] Loss: 1.1410
2026-04-05 17:23:47,138 - INFO -   Epoch [90/237] Loss: 0.9404
2026-04-05 17:23:48,985 - INFO -   Epoch [100/237] Loss: 1.5219
2026-04-05 17:23:50,713 - INFO -   Epoch [110/237] Loss: 1.5008
2026-04-05 17:23:52,463 - INFO -   Epoch [120/237] Loss: 1.5627
2026-04-05 17:23:54,289 - INFO -   Epoch [130/237] Loss: 1.4163
2026-04-05 17:23:56,080 - INFO -   Epoch [140/237] Loss: 1.2360
2026-04-05 17:23:57,824 - INFO -   Epoch [150/237] Loss: 1.0110
2026-04-05 17:23:59,558 - INFO -   Epoch [160/237] Loss: 1.5475
2026-04-05 17:24:01,400 - INFO -   Epoch [170/237] Loss: 1.7412
2026-04-05 17:24:03,264 - INFO -   Epoch [180/237] Loss: 1.8440
2026-04-05 17:24:05,044 - INFO -   Epoch [190/237] Loss: 1.7516
2026-04-05 17:24:06,875 - INFO -   Epoch [200/237] Loss: 1.6408
2026-04-05 17:24:08,615 - INFO -   Epoch [210/237] Loss: 1.6999
2026-04-05 17:24:10,473 - INFO -   Epoch [220/237] Loss: 1.2570
2026-04-05 17:24:12,311 - INFO -   Epoch [230/237] Loss: 1.2934
2026-04-05 17:24:15,545 - INFO -   Train Loss: 1.4230
2026-04-05 17:24:15,545 - INFO -   Train Accuracy: 46.49%
2026-04-05 17:24:15,545 - INFO -   Val Loss: 1.7382
2026-04-05 17:24:15,545 - INFO -   Val Accuracy: 37.28% | F1: 0.3761
2026-04-05 17:24:15,545 - INFO -   LR: 0.000025
2026-04-05 17:24:15,545 - INFO -   Patience: 17/30
2026-04-05 17:24:15,545 - INFO - 
Epoch 32/300
2026-04-05 17:24:17,302 - INFO -   Epoch [10/237] Loss: 1.8618
2026-04-05 17:24:19,188 - INFO -   Epoch [20/237] Loss: 1.2697
2026-04-05 17:24:20,949 - INFO -   Epoch [30/237] Loss: 0.8269
2026-04-05 17:24:22,732 - INFO -   Epoch [40/237] Loss: 1.9706
2026-04-05 17:24:24,466 - INFO -   Epoch [50/237] Loss: 1.1505
2026-04-05 17:24:26,190 - INFO -   Epoch [60/237] Loss: 1.0588
2026-04-05 17:24:27,972 - INFO -   Epoch [70/237] Loss: 1.0458
2026-04-05 17:24:29,717 - INFO -   Epoch [80/237] Loss: 1.6690
2026-04-05 17:24:31,492 - INFO -   Epoch [90/237] Loss: 1.1375
2026-04-05 17:24:33,213 - INFO -   Epoch [100/237] Loss: 1.8697
2026-04-05 17:24:34,932 - INFO -   Epoch [110/237] Loss: 1.3552
2026-04-05 17:24:36,702 - INFO -   Epoch [120/237] Loss: 0.9200
2026-04-05 17:24:38,423 - INFO -   Epoch [130/237] Loss: 1.7922
2026-04-05 17:24:40,206 - INFO -   Epoch [140/237] Loss: 1.6249
2026-04-05 17:24:41,941 - INFO -   Epoch [150/237] Loss: 1.4541
2026-04-05 17:24:43,682 - INFO -   Epoch [160/237] Loss: 1.0425
2026-04-05 17:24:45,424 - INFO -   Epoch [170/237] Loss: 1.5781
2026-04-05 17:24:47,205 - INFO -   Epoch [180/237] Loss: 1.4225
2026-04-05 17:24:48,944 - INFO -   Epoch [190/237] Loss: 1.4232
2026-04-05 17:24:50,694 - INFO -   Epoch [200/237] Loss: 1.1177
2026-04-05 17:24:52,454 - INFO -   Epoch [210/237] Loss: 1.3432
2026-04-05 17:24:54,171 - INFO -   Epoch [220/237] Loss: 1.1116
2026-04-05 17:24:55,890 - INFO -   Epoch [230/237] Loss: 0.9402
2026-04-05 17:24:58,913 - INFO -   Train Loss: 1.4315
2026-04-05 17:24:58,913 - INFO -   Train Accuracy: 45.71%
2026-04-05 17:24:58,913 - INFO -   Val Loss: 1.7349
2026-04-05 17:24:58,913 - INFO -   Val Accuracy: 37.53% | F1: 0.3766
2026-04-05 17:24:58,913 - INFO -   LR: 0.000025
2026-04-05 17:24:58,913 - INFO -   Patience: 18/30
2026-04-05 17:24:58,913 - INFO - 
Epoch 33/300
2026-04-05 17:25:00,630 - INFO -   Epoch [10/237] Loss: 1.7571
2026-04-05 17:25:02,359 - INFO -   Epoch [20/237] Loss: 1.4060
2026-04-05 17:25:04,094 - INFO -   Epoch [30/237] Loss: 1.6297
2026-04-05 17:25:05,831 - INFO -   Epoch [40/237] Loss: 1.6630
2026-04-05 17:25:07,558 - INFO -   Epoch [50/237] Loss: 1.8759
2026-04-05 17:25:09,295 - INFO -   Epoch [60/237] Loss: 1.2452
2026-04-05 17:25:11,021 - INFO -   Epoch [70/237] Loss: 1.1785
2026-04-05 17:25:12,750 - INFO -   Epoch [80/237] Loss: 1.8836
2026-04-05 17:25:14,479 - INFO -   Epoch [90/237] Loss: 1.2568
2026-04-05 17:25:16,219 - INFO -   Epoch [100/237] Loss: 0.9702
2026-04-05 17:25:18,020 - INFO -   Epoch [110/237] Loss: 1.6350
2026-04-05 17:25:19,828 - INFO -   Epoch [120/237] Loss: 1.3003
2026-04-05 17:25:21,586 - INFO -   Epoch [130/237] Loss: 1.1825
2026-04-05 17:25:23,398 - INFO -   Epoch [140/237] Loss: 1.2884
2026-04-05 17:25:25,160 - INFO -   Epoch [150/237] Loss: 1.4717
2026-04-05 17:25:26,931 - INFO -   Epoch [160/237] Loss: 1.7114
2026-04-05 17:25:28,686 - INFO -   Epoch [170/237] Loss: 1.2316
2026-04-05 17:25:30,461 - INFO -   Epoch [180/237] Loss: 1.2869
2026-04-05 17:25:32,199 - INFO -   Epoch [190/237] Loss: 1.5233
2026-04-05 17:25:33,986 - INFO -   Epoch [200/237] Loss: 1.4708
2026-04-05 17:25:35,727 - INFO -   Epoch [210/237] Loss: 1.5537
2026-04-05 17:25:37,516 - INFO -   Epoch [220/237] Loss: 1.4071
2026-04-05 17:25:39,261 - INFO -   Epoch [230/237] Loss: 1.3765
2026-04-05 17:25:42,311 - INFO -   Train Loss: 1.4332
2026-04-05 17:25:42,312 - INFO -   Train Accuracy: 47.09%
2026-04-05 17:25:42,312 - INFO -   Val Loss: 1.7369
2026-04-05 17:25:42,312 - INFO -   Val Accuracy: 37.53% | F1: 0.3764
2026-04-05 17:25:42,312 - INFO -   LR: 0.000013
2026-04-05 17:25:42,312 - INFO -   Patience: 19/30
2026-04-05 17:25:42,312 - INFO - 
Epoch 34/300
2026-04-05 17:25:44,023 - INFO -   Epoch [10/237] Loss: 1.7294
2026-04-05 17:25:45,740 - INFO -   Epoch [20/237] Loss: 1.5974
2026-04-05 17:25:47,499 - INFO -   Epoch [30/237] Loss: 1.5009
2026-04-05 17:25:49,219 - INFO -   Epoch [40/237] Loss: 1.3628
2026-04-05 17:25:50,930 - INFO -   Epoch [50/237] Loss: 1.4488
2026-04-05 17:25:52,688 - INFO -   Epoch [60/237] Loss: 0.9929
2026-04-05 17:25:54,425 - INFO -   Epoch [70/237] Loss: 1.4659
2026-04-05 17:25:56,168 - INFO -   Epoch [80/237] Loss: 1.0833
2026-04-05 17:25:57,892 - INFO -   Epoch [90/237] Loss: 1.2420
2026-04-05 17:25:59,617 - INFO -   Epoch [100/237] Loss: 1.2259
2026-04-05 17:26:01,389 - INFO -   Epoch [110/237] Loss: 1.1367
2026-04-05 17:26:03,155 - INFO -   Epoch [120/237] Loss: 1.7993
2026-04-05 17:26:04,899 - INFO -   Epoch [130/237] Loss: 1.7426
2026-04-05 17:26:06,651 - INFO -   Epoch [140/237] Loss: 1.5559
2026-04-05 17:26:08,381 - INFO -   Epoch [150/237] Loss: 1.4651
2026-04-05 17:26:10,113 - INFO -   Epoch [160/237] Loss: 1.3864
2026-04-05 17:26:11,846 - INFO -   Epoch [170/237] Loss: 1.3681
2026-04-05 17:26:13,569 - INFO -   Epoch [180/237] Loss: 1.2239
2026-04-05 17:26:15,304 - INFO -   Epoch [190/237] Loss: 1.6242
2026-04-05 17:26:17,035 - INFO -   Epoch [200/237] Loss: 1.1209
2026-04-05 17:26:18,765 - INFO -   Epoch [210/237] Loss: 1.5240
2026-04-05 17:26:20,495 - INFO -   Epoch [220/237] Loss: 1.6907
2026-04-05 17:26:22,230 - INFO -   Epoch [230/237] Loss: 1.0501
2026-04-05 17:26:25,299 - INFO -   Train Loss: 1.4072
2026-04-05 17:26:25,299 - INFO -   Train Accuracy: 46.67%
2026-04-05 17:26:25,300 - INFO -   Val Loss: 1.7397
2026-04-05 17:26:25,300 - INFO -   Val Accuracy: 37.53% | F1: 0.3763
2026-04-05 17:26:25,300 - INFO -   LR: 0.000013
2026-04-05 17:26:25,300 - INFO -   Patience: 20/30
2026-04-05 17:26:25,300 - INFO - 
Epoch 35/300
2026-04-05 17:26:27,025 - INFO -   Epoch [10/237] Loss: 1.2476
2026-04-05 17:26:28,758 - INFO -   Epoch [20/237] Loss: 1.3012
2026-04-05 17:26:30,486 - INFO -   Epoch [30/237] Loss: 1.7384
2026-04-05 17:26:32,212 - INFO -   Epoch [40/237] Loss: 1.1551
2026-04-05 17:26:33,926 - INFO -   Epoch [50/237] Loss: 1.2912
2026-04-05 17:26:35,656 - INFO -   Epoch [60/237] Loss: 1.4056
2026-04-05 17:26:37,393 - INFO -   Epoch [70/237] Loss: 1.4234
2026-04-05 17:26:39,131 - INFO -   Epoch [80/237] Loss: 1.2174
2026-04-05 17:26:40,871 - INFO -   Epoch [90/237] Loss: 1.3537
2026-04-05 17:26:42,600 - INFO -   Epoch [100/237] Loss: 1.0434
2026-04-05 17:26:44,320 - INFO -   Epoch [110/237] Loss: 1.2828
2026-04-05 17:26:46,056 - INFO -   Epoch [120/237] Loss: 1.5384
2026-04-05 17:26:47,814 - INFO -   Epoch [130/237] Loss: 1.2885
2026-04-05 17:26:49,546 - INFO -   Epoch [140/237] Loss: 1.6032
2026-04-05 17:26:51,308 - INFO -   Epoch [150/237] Loss: 1.0466
2026-04-05 17:26:53,067 - INFO -   Epoch [160/237] Loss: 1.2885
2026-04-05 17:26:54,805 - INFO -   Epoch [170/237] Loss: 1.1846
2026-04-05 17:26:56,558 - INFO -   Epoch [180/237] Loss: 1.1591
2026-04-05 17:26:58,276 - INFO -   Epoch [190/237] Loss: 0.9894
2026-04-05 17:26:59,989 - INFO -   Epoch [200/237] Loss: 1.6024
2026-04-05 17:27:01,700 - INFO -   Epoch [210/237] Loss: 1.1846
2026-04-05 17:27:03,429 - INFO -   Epoch [220/237] Loss: 1.7477
2026-04-05 17:27:05,148 - INFO -   Epoch [230/237] Loss: 1.5346
2026-04-05 17:27:08,169 - INFO -   Train Loss: 1.4202
2026-04-05 17:27:08,169 - INFO -   Train Accuracy: 47.51%
2026-04-05 17:27:08,169 - INFO -   Val Loss: 1.7405
2026-04-05 17:27:08,169 - INFO -   Val Accuracy: 37.53% | F1: 0.3761
2026-04-05 17:27:08,169 - INFO -   LR: 0.000013
2026-04-05 17:27:08,169 - INFO -   Patience: 21/30
2026-04-05 17:27:08,169 - INFO - 
Epoch 36/300
2026-04-05 17:27:09,887 - INFO -   Epoch [10/237] Loss: 1.2290
2026-04-05 17:27:11,615 - INFO -   Epoch [20/237] Loss: 1.2410
2026-04-05 17:27:13,332 - INFO -   Epoch [30/237] Loss: 1.2680
2026-04-05 17:27:15,060 - INFO -   Epoch [40/237] Loss: 1.4023
2026-04-05 17:27:16,787 - INFO -   Epoch [50/237] Loss: 0.9263
2026-04-05 17:27:18,506 - INFO -   Epoch [60/237] Loss: 1.8614
2026-04-05 17:27:20,229 - INFO -   Epoch [70/237] Loss: 1.2508
2026-04-05 17:27:21,952 - INFO -   Epoch [80/237] Loss: 1.4610
2026-04-05 17:27:23,716 - INFO -   Epoch [90/237] Loss: 1.0539
2026-04-05 17:27:25,433 - INFO -   Epoch [100/237] Loss: 1.4033
2026-04-05 17:27:27,170 - INFO -   Epoch [110/237] Loss: 1.6601
2026-04-05 17:27:28,950 - INFO -   Epoch [120/237] Loss: 1.3000
2026-04-05 17:27:30,672 - INFO -   Epoch [130/237] Loss: 1.1871
2026-04-05 17:27:32,400 - INFO -   Epoch [140/237] Loss: 1.1991
2026-04-05 17:27:34,168 - INFO -   Epoch [150/237] Loss: 1.1301
2026-04-05 17:27:35,935 - INFO -   Epoch [160/237] Loss: 1.8203
2026-04-05 17:27:37,692 - INFO -   Epoch [170/237] Loss: 1.4938
2026-04-05 17:27:39,413 - INFO -   Epoch [180/237] Loss: 1.5297
2026-04-05 17:27:41,132 - INFO -   Epoch [190/237] Loss: 1.9267
2026-04-05 17:27:42,894 - INFO -   Epoch [200/237] Loss: 1.3931
2026-04-05 17:27:44,619 - INFO -   Epoch [210/237] Loss: 1.7651
2026-04-05 17:27:46,349 - INFO -   Epoch [220/237] Loss: 1.3610
2026-04-05 17:27:48,082 - INFO -   Epoch [230/237] Loss: 1.1500
2026-04-05 17:27:51,158 - INFO -   Train Loss: 1.4201
2026-04-05 17:27:51,158 - INFO -   Train Accuracy: 46.67%
2026-04-05 17:27:51,158 - INFO -   Val Loss: 1.7401
2026-04-05 17:27:51,158 - INFO -   Val Accuracy: 37.53% | F1: 0.3752
2026-04-05 17:27:51,158 - INFO -   LR: 0.000013
2026-04-05 17:27:51,158 - INFO -   Patience: 22/30
2026-04-05 17:27:51,158 - INFO - 
Epoch 37/300
2026-04-05 17:27:52,895 - INFO -   Epoch [10/237] Loss: 1.9475
2026-04-05 17:27:54,624 - INFO -   Epoch [20/237] Loss: 1.1450
2026-04-05 17:27:56,338 - INFO -   Epoch [30/237] Loss: 1.2587
2026-04-05 17:27:58,049 - INFO -   Epoch [40/237] Loss: 1.5519
2026-04-05 17:27:59,762 - INFO -   Epoch [50/237] Loss: 1.6047
2026-04-05 17:28:01,475 - INFO -   Epoch [60/237] Loss: 1.5953
2026-04-05 17:28:03,186 - INFO -   Epoch [70/237] Loss: 0.8919
2026-04-05 17:28:04,907 - INFO -   Epoch [80/237] Loss: 1.0430
2026-04-05 17:28:06,622 - INFO -   Epoch [90/237] Loss: 1.6154
2026-04-05 17:28:08,336 - INFO -   Epoch [100/237] Loss: 1.6057
2026-04-05 17:28:10,046 - INFO -   Epoch [110/237] Loss: 1.4615
2026-04-05 17:28:11,759 - INFO -   Epoch [120/237] Loss: 1.3588
2026-04-05 17:28:13,470 - INFO -   Epoch [130/237] Loss: 0.8491
2026-04-05 17:28:15,245 - INFO -   Epoch [140/237] Loss: 0.9044
2026-04-05 17:28:16,965 - INFO -   Epoch [150/237] Loss: 1.1780
2026-04-05 17:28:18,686 - INFO -   Epoch [160/237] Loss: 1.4358
2026-04-05 17:28:20,418 - INFO -   Epoch [170/237] Loss: 1.8053
2026-04-05 17:28:22,146 - INFO -   Epoch [180/237] Loss: 1.7007
2026-04-05 17:28:23,860 - INFO -   Epoch [190/237] Loss: 1.1441
2026-04-05 17:28:25,645 - INFO -   Epoch [200/237] Loss: 1.9890
2026-04-05 17:28:27,368 - INFO -   Epoch [210/237] Loss: 1.0010
2026-04-05 17:28:29,092 - INFO -   Epoch [220/237] Loss: 1.1892
2026-04-05 17:28:30,838 - INFO -   Epoch [230/237] Loss: 1.5697
2026-04-05 17:28:33,868 - INFO -   Train Loss: 1.4090
2026-04-05 17:28:33,868 - INFO -   Train Accuracy: 46.10%
2026-04-05 17:28:33,868 - INFO -   Val Loss: 1.7431
2026-04-05 17:28:33,868 - INFO -   Val Accuracy: 37.28% | F1: 0.3735
2026-04-05 17:28:33,868 - INFO -   LR: 0.000013
2026-04-05 17:28:33,868 - INFO -   Patience: 23/30
2026-04-05 17:28:33,868 - INFO - 
Epoch 38/300
2026-04-05 17:28:35,642 - INFO -   Epoch [10/237] Loss: 1.7645
2026-04-05 17:28:37,415 - INFO -   Epoch [20/237] Loss: 1.4195
2026-04-05 17:28:39,189 - INFO -   Epoch [30/237] Loss: 1.1910
2026-04-05 17:28:40,973 - INFO -   Epoch [40/237] Loss: 1.3919
2026-04-05 17:28:42,745 - INFO -   Epoch [50/237] Loss: 1.4480
2026-04-05 17:28:44,521 - INFO -   Epoch [60/237] Loss: 1.3349
2026-04-05 17:28:46,350 - INFO -   Epoch [70/237] Loss: 1.3309
2026-04-05 17:28:48,335 - INFO -   Epoch [80/237] Loss: 1.0910
2026-04-05 17:28:50,202 - INFO -   Epoch [90/237] Loss: 1.4744
2026-04-05 17:28:52,034 - INFO -   Epoch [100/237] Loss: 1.8584
2026-04-05 17:28:53,878 - INFO -   Epoch [110/237] Loss: 1.1847
2026-04-05 17:28:55,740 - INFO -   Epoch [120/237] Loss: 1.1912
2026-04-05 17:28:57,588 - INFO -   Epoch [130/237] Loss: 0.9611
2026-04-05 17:28:59,479 - INFO -   Epoch [140/237] Loss: 1.2192
2026-04-05 17:29:01,349 - INFO -   Epoch [150/237] Loss: 1.5925
2026-04-05 17:29:03,171 - INFO -   Epoch [160/237] Loss: 1.1491
2026-04-05 17:29:04,997 - INFO -   Epoch [170/237] Loss: 1.7251
2026-04-05 17:29:06,844 - INFO -   Epoch [180/237] Loss: 1.9133
2026-04-05 17:29:08,687 - INFO -   Epoch [190/237] Loss: 1.2054
2026-04-05 17:29:10,537 - INFO -   Epoch [200/237] Loss: 0.9326
2026-04-05 17:29:12,383 - INFO -   Epoch [210/237] Loss: 1.6131
2026-04-05 17:29:14,250 - INFO -   Epoch [220/237] Loss: 0.9868
2026-04-05 17:29:16,118 - INFO -   Epoch [230/237] Loss: 1.0843
2026-04-05 17:29:19,534 - INFO -   Train Loss: 1.3999
2026-04-05 17:29:19,535 - INFO -   Train Accuracy: 47.20%
2026-04-05 17:29:19,535 - INFO -   Val Loss: 1.7414
2026-04-05 17:29:19,535 - INFO -   Val Accuracy: 37.53% | F1: 0.3754
2026-04-05 17:29:19,535 - INFO -   LR: 0.000013
2026-04-05 17:29:19,535 - INFO -   Patience: 24/30
2026-04-05 17:29:19,535 - INFO - 
Epoch 39/300
2026-04-05 17:29:21,376 - INFO -   Epoch [10/237] Loss: 1.2774
2026-04-05 17:29:23,177 - INFO -   Epoch [20/237] Loss: 1.6257
2026-04-05 17:29:25,025 - INFO -   Epoch [30/237] Loss: 1.3496
2026-04-05 17:29:26,814 - INFO -   Epoch [40/237] Loss: 1.2856
2026-04-05 17:29:28,609 - INFO -   Epoch [50/237] Loss: 1.5209
2026-04-05 17:29:30,430 - INFO -   Epoch [60/237] Loss: 1.3400
2026-04-05 17:29:32,243 - INFO -   Epoch [70/237] Loss: 0.9996
2026-04-05 17:29:34,029 - INFO -   Epoch [80/237] Loss: 1.3831
2026-04-05 17:29:35,817 - INFO -   Epoch [90/237] Loss: 1.1669
2026-04-05 17:29:37,613 - INFO -   Epoch [100/237] Loss: 1.3923
2026-04-05 17:29:39,399 - INFO -   Epoch [110/237] Loss: 1.1541
2026-04-05 17:29:41,193 - INFO -   Epoch [120/237] Loss: 1.1825
2026-04-05 17:29:42,976 - INFO -   Epoch [130/237] Loss: 1.4620
2026-04-05 17:29:44,767 - INFO -   Epoch [140/237] Loss: 1.4135
2026-04-05 17:29:46,560 - INFO -   Epoch [150/237] Loss: 1.3833
2026-04-05 17:29:48,364 - INFO -   Epoch [160/237] Loss: 1.6267
2026-04-05 17:29:50,170 - INFO -   Epoch [170/237] Loss: 1.1336
2026-04-05 17:29:51,965 - INFO -   Epoch [180/237] Loss: 1.7273
2026-04-05 17:29:53,758 - INFO -   Epoch [190/237] Loss: 1.8629
2026-04-05 17:29:55,541 - INFO -   Epoch [200/237] Loss: 0.9878
2026-04-05 17:29:57,351 - INFO -   Epoch [210/237] Loss: 1.2428
2026-04-05 17:29:59,131 - INFO -   Epoch [220/237] Loss: 1.7174
2026-04-05 17:30:00,967 - INFO -   Epoch [230/237] Loss: 1.4888
2026-04-05 17:30:04,303 - INFO -   Train Loss: 1.4029
2026-04-05 17:30:04,304 - INFO -   Train Accuracy: 48.25%
2026-04-05 17:30:04,304 - INFO -   Val Loss: 1.7437
2026-04-05 17:30:04,304 - INFO -   Val Accuracy: 37.28% | F1: 0.3738
2026-04-05 17:30:04,304 - INFO -   LR: 0.000006
2026-04-05 17:30:04,304 - INFO -   Patience: 25/30
2026-04-05 17:30:04,304 - INFO - 
Epoch 40/300
2026-04-05 17:30:06,097 - INFO -   Epoch [10/237] Loss: 1.1710
2026-04-05 17:30:07,888 - INFO -   Epoch [20/237] Loss: 1.1492
2026-04-05 17:30:09,696 - INFO -   Epoch [30/237] Loss: 1.4704
2026-04-05 17:30:11,489 - INFO -   Epoch [40/237] Loss: 0.8829
2026-04-05 17:30:13,288 - INFO -   Epoch [50/237] Loss: 1.2433
2026-04-05 17:30:15,138 - INFO -   Epoch [60/237] Loss: 1.3917
2026-04-05 17:30:16,926 - INFO -   Epoch [70/237] Loss: 1.2751
2026-04-05 17:30:18,737 - INFO -   Epoch [80/237] Loss: 1.3616
2026-04-05 17:30:20,535 - INFO -   Epoch [90/237] Loss: 1.3892
2026-04-05 17:30:22,336 - INFO -   Epoch [100/237] Loss: 0.9842
2026-04-05 17:30:24,145 - INFO -   Epoch [110/237] Loss: 1.2605
2026-04-05 17:30:25,937 - INFO -   Epoch [120/237] Loss: 1.5119
2026-04-05 17:30:27,725 - INFO -   Epoch [130/237] Loss: 1.2022
2026-04-05 17:30:29,509 - INFO -   Epoch [140/237] Loss: 1.4228
2026-04-05 17:30:31,295 - INFO -   Epoch [150/237] Loss: 1.3758
2026-04-05 17:30:33,088 - INFO -   Epoch [160/237] Loss: 1.1847
2026-04-05 17:30:34,876 - INFO -   Epoch [170/237] Loss: 1.4240
2026-04-05 17:30:36,668 - INFO -   Epoch [180/237] Loss: 1.1699
2026-04-05 17:30:38,465 - INFO -   Epoch [190/237] Loss: 1.4725
2026-04-05 17:30:40,267 - INFO -   Epoch [200/237] Loss: 1.2027
2026-04-05 17:30:42,064 - INFO -   Epoch [210/237] Loss: 1.3844
2026-04-05 17:30:43,879 - INFO -   Epoch [220/237] Loss: 1.0027
2026-04-05 17:30:45,670 - INFO -   Epoch [230/237] Loss: 1.3753
2026-04-05 17:30:48,975 - INFO -   Train Loss: 1.4026
2026-04-05 17:30:48,975 - INFO -   Train Accuracy: 47.09%
2026-04-05 17:30:48,975 - INFO -   Val Loss: 1.7453
2026-04-05 17:30:48,975 - INFO -   Val Accuracy: 37.28% | F1: 0.3738
2026-04-05 17:30:48,975 - INFO -   LR: 0.000006
2026-04-05 17:30:48,975 - INFO -   Patience: 26/30
2026-04-05 17:30:48,975 - INFO - 
Epoch 41/300
2026-04-05 17:30:50,773 - INFO -   Epoch [10/237] Loss: 1.1635
2026-04-05 17:30:52,572 - INFO -   Epoch [20/237] Loss: 1.0381
2026-04-05 17:30:54,368 - INFO -   Epoch [30/237] Loss: 1.1501
2026-04-05 17:30:56,169 - INFO -   Epoch [40/237] Loss: 1.4833
2026-04-05 17:30:58,027 - INFO -   Epoch [50/237] Loss: 1.1653
2026-04-05 17:30:59,868 - INFO -   Epoch [60/237] Loss: 0.8618
2026-04-05 17:31:01,662 - INFO -   Epoch [70/237] Loss: 1.5073
2026-04-05 17:31:03,522 - INFO -   Epoch [80/237] Loss: 1.4580
2026-04-05 17:31:05,311 - INFO -   Epoch [90/237] Loss: 1.4657
2026-04-05 17:31:07,112 - INFO -   Epoch [100/237] Loss: 1.3281
2026-04-05 17:31:08,944 - INFO -   Epoch [110/237] Loss: 1.0315
2026-04-05 17:31:10,771 - INFO -   Epoch [120/237] Loss: 1.3069
2026-04-05 17:31:12,557 - INFO -   Epoch [130/237] Loss: 1.2947
2026-04-05 17:31:14,345 - INFO -   Epoch [140/237] Loss: 1.1671
2026-04-05 17:31:16,130 - INFO -   Epoch [150/237] Loss: 1.1088
2026-04-05 17:31:17,924 - INFO -   Epoch [160/237] Loss: 1.2339
2026-04-05 17:31:19,719 - INFO -   Epoch [170/237] Loss: 1.9057
2026-04-05 17:31:21,518 - INFO -   Epoch [180/237] Loss: 1.1912
2026-04-05 17:31:23,303 - INFO -   Epoch [190/237] Loss: 1.4147
2026-04-05 17:31:25,096 - INFO -   Epoch [200/237] Loss: 1.4020
2026-04-05 17:31:26,905 - INFO -   Epoch [210/237] Loss: 1.3271
2026-04-05 17:31:28,703 - INFO -   Epoch [220/237] Loss: 1.2436
2026-04-05 17:31:30,502 - INFO -   Epoch [230/237] Loss: 1.5706
2026-04-05 17:31:33,824 - INFO -   Train Loss: 1.4068
2026-04-05 17:31:33,824 - INFO -   Train Accuracy: 46.38%
2026-04-05 17:31:33,825 - INFO -   Val Loss: 1.7449
2026-04-05 17:31:33,825 - INFO -   Val Accuracy: 37.78% | F1: 0.3782
2026-04-05 17:31:33,825 - INFO -   LR: 0.000006
2026-04-05 17:31:33,825 - INFO -   Patience: 27/30
2026-04-05 17:31:33,825 - INFO - 
Epoch 42/300
2026-04-05 17:31:35,613 - INFO -   Epoch [10/237] Loss: 0.9550
2026-04-05 17:31:37,411 - INFO -   Epoch [20/237] Loss: 1.3908
2026-04-05 17:31:39,203 - INFO -   Epoch [30/237] Loss: 1.7161
2026-04-05 17:31:41,003 - INFO -   Epoch [40/237] Loss: 1.4218
2026-04-05 17:31:42,795 - INFO -   Epoch [50/237] Loss: 1.4106
2026-04-05 17:31:44,592 - INFO -   Epoch [60/237] Loss: 0.9750
2026-04-05 17:31:46,383 - INFO -   Epoch [70/237] Loss: 1.2998
2026-04-05 17:31:48,197 - INFO -   Epoch [80/237] Loss: 1.2292
2026-04-05 17:31:49,985 - INFO -   Epoch [90/237] Loss: 1.3307
2026-04-05 17:31:51,784 - INFO -   Epoch [100/237] Loss: 1.2723
2026-04-05 17:31:53,579 - INFO -   Epoch [110/237] Loss: 1.5806
2026-04-05 17:31:55,372 - INFO -   Epoch [120/237] Loss: 1.4095
2026-04-05 17:31:57,166 - INFO -   Epoch [130/237] Loss: 0.9956
2026-04-05 17:31:58,962 - INFO -   Epoch [140/237] Loss: 1.2653
2026-04-05 17:32:00,757 - INFO -   Epoch [150/237] Loss: 1.2750
2026-04-05 17:32:02,610 - INFO -   Epoch [160/237] Loss: 1.6772
2026-04-05 17:32:04,414 - INFO -   Epoch [170/237] Loss: 1.2876
2026-04-05 17:32:06,257 - INFO -   Epoch [180/237] Loss: 1.2357
2026-04-05 17:32:08,055 - INFO -   Epoch [190/237] Loss: 1.6175
2026-04-05 17:32:09,854 - INFO -   Epoch [200/237] Loss: 1.6953
2026-04-05 17:32:11,648 - INFO -   Epoch [210/237] Loss: 1.5514
2026-04-05 17:32:13,434 - INFO -   Epoch [220/237] Loss: 1.0407
2026-04-05 17:32:15,214 - INFO -   Epoch [230/237] Loss: 1.5779
2026-04-05 17:32:18,396 - INFO -   Train Loss: 1.4151
2026-04-05 17:32:18,396 - INFO -   Train Accuracy: 46.88%
2026-04-05 17:32:18,396 - INFO -   Val Loss: 1.7448
2026-04-05 17:32:18,396 - INFO -   Val Accuracy: 37.78% | F1: 0.3790
2026-04-05 17:32:18,396 - INFO -   LR: 0.000006
2026-04-05 17:32:18,396 - INFO -   Patience: 28/30
2026-04-05 17:32:18,396 - INFO - 
Epoch 43/300
2026-04-05 17:32:20,270 - INFO -   Epoch [10/237] Loss: 1.5434
2026-04-05 17:32:22,052 - INFO -   Epoch [20/237] Loss: 1.1606
2026-04-05 17:32:23,849 - INFO -   Epoch [30/237] Loss: 1.8939
2026-04-05 17:32:25,585 - INFO -   Epoch [40/237] Loss: 1.3178
2026-04-05 17:32:27,322 - INFO -   Epoch [50/237] Loss: 1.3256
2026-04-05 17:32:29,056 - INFO -   Epoch [60/237] Loss: 0.8367
2026-04-05 17:32:30,839 - INFO -   Epoch [70/237] Loss: 1.0285
2026-04-05 17:32:32,587 - INFO -   Epoch [80/237] Loss: 1.8237
2026-04-05 17:32:34,398 - INFO -   Epoch [90/237] Loss: 1.4206
2026-04-05 17:32:36,167 - INFO -   Epoch [100/237] Loss: 1.1621
2026-04-05 17:32:37,921 - INFO -   Epoch [110/237] Loss: 1.6982
2026-04-05 17:32:39,709 - INFO -   Epoch [120/237] Loss: 1.2411
2026-04-05 17:32:41,452 - INFO -   Epoch [130/237] Loss: 1.6979
2026-04-05 17:32:43,189 - INFO -   Epoch [140/237] Loss: 1.4178
2026-04-05 17:32:45,075 - INFO -   Epoch [150/237] Loss: 1.2370
2026-04-05 17:32:46,886 - INFO -   Epoch [160/237] Loss: 0.9338
2026-04-05 17:32:48,642 - INFO -   Epoch [170/237] Loss: 1.3146
2026-04-05 17:32:50,456 - INFO -   Epoch [180/237] Loss: 1.6500
2026-04-05 17:32:52,185 - INFO -   Epoch [190/237] Loss: 1.7700
2026-04-05 17:32:53,950 - INFO -   Epoch [200/237] Loss: 1.9195
2026-04-05 17:32:55,665 - INFO -   Epoch [210/237] Loss: 1.5743
2026-04-05 17:32:57,388 - INFO -   Epoch [220/237] Loss: 1.0194
2026-04-05 17:32:59,101 - INFO -   Epoch [230/237] Loss: 1.8036
2026-04-05 17:33:02,174 - INFO -   Train Loss: 1.4208
2026-04-05 17:33:02,174 - INFO -   Train Accuracy: 47.05%
2026-04-05 17:33:02,175 - INFO -   Val Loss: 1.7446
2026-04-05 17:33:02,175 - INFO -   Val Accuracy: 37.28% | F1: 0.3735
2026-04-05 17:33:02,175 - INFO -   LR: 0.000006
2026-04-05 17:33:02,175 - INFO -   Patience: 29/30
2026-04-05 17:33:02,175 - INFO - 
Epoch 44/300
2026-04-05 17:33:03,917 - INFO -   Epoch [10/237] Loss: 1.3771
2026-04-05 17:33:05,687 - INFO -   Epoch [20/237] Loss: 1.2711
2026-04-05 17:33:07,431 - INFO -   Epoch [30/237] Loss: 1.0414
2026-04-05 17:33:09,193 - INFO -   Epoch [40/237] Loss: 1.3491
2026-04-05 17:33:10,971 - INFO -   Epoch [50/237] Loss: 1.8606
2026-04-05 17:33:12,704 - INFO -   Epoch [60/237] Loss: 1.5455
2026-04-05 17:33:14,427 - INFO -   Epoch [70/237] Loss: 1.5538
2026-04-05 17:33:16,161 - INFO -   Epoch [80/237] Loss: 1.2675
2026-04-05 17:33:17,935 - INFO -   Epoch [90/237] Loss: 1.5842
2026-04-05 17:33:19,659 - INFO -   Epoch [100/237] Loss: 1.5517
2026-04-05 17:33:21,434 - INFO -   Epoch [110/237] Loss: 1.5130
2026-04-05 17:33:23,154 - INFO -   Epoch [120/237] Loss: 1.8195
2026-04-05 17:33:24,875 - INFO -   Epoch [130/237] Loss: 1.4290
2026-04-05 17:33:26,602 - INFO -   Epoch [140/237] Loss: 1.7420
2026-04-05 17:33:28,334 - INFO -   Epoch [150/237] Loss: 1.4160
2026-04-05 17:33:30,068 - INFO -   Epoch [160/237] Loss: 1.2893
2026-04-05 17:33:31,798 - INFO -   Epoch [170/237] Loss: 1.5462
2026-04-05 17:33:33,529 - INFO -   Epoch [180/237] Loss: 1.0246
2026-04-05 17:33:35,257 - INFO -   Epoch [190/237] Loss: 1.6643
2026-04-05 17:33:36,988 - INFO -   Epoch [200/237] Loss: 1.2861
2026-04-05 17:33:38,721 - INFO -   Epoch [210/237] Loss: 1.8424
2026-04-05 17:33:40,450 - INFO -   Epoch [220/237] Loss: 0.9202
2026-04-05 17:33:42,233 - INFO -   Epoch [230/237] Loss: 1.3865
2026-04-05 17:33:45,346 - INFO -   Train Loss: 1.3949
2026-04-05 17:33:45,346 - INFO -   Train Accuracy: 47.51%
2026-04-05 17:33:45,346 - INFO -   Val Loss: 1.7465
2026-04-05 17:33:45,346 - INFO -   Val Accuracy: 37.28% | F1: 0.3737
2026-04-05 17:33:45,346 - INFO -   LR: 0.000006
2026-04-05 17:33:45,346 - INFO -   Patience: 30/30
2026-04-05 17:33:45,346 - INFO - 
✓ Early stopping at epoch 44
2026-04-05 17:33:45,346 - INFO - 
✓ Training completed!
2026-04-05 17:33:45,346 - INFO -   Best Accuracy: 40.49%
2026-04-05 17:33:45,347 - INFO - 
================================================================================
2026-04-05 17:33:45,347 - INFO - Step 7: Testing
2026-04-05 17:33:45,347 - INFO - ================================================================================
/workspace/Graph_Deep_Learning/20251001-PRD_18-21-24-mobility_change_pattern/analysis/PRD-Mobility-Change-Pattern/train_multiscale_temporal.py:930: FutureWarning: You are using `torch.load` with `weights_only=False` (the current default value), which uses the default pickle module implicitly. It is possible to construct malicious pickle data which will execute arbitrary code during unpickling (See https://github.com/pytorch/pytorch/blob/main/SECURITY.md#untrusted-models for more details). In a future release, the default value for `weights_only` will be flipped to `True`. This limits the functions that could be executed during unpickling. Arbitrary objects will no longer be allowed to be loaded via this mode unless they are explicitly allowlisted by the user via `torch.serialization.add_safe_globals`. We recommend you start setting `weights_only=True` for any use case where you don't have full control of the loaded file. Please open an issue on GitHub for any issues related to this experimental feature.
  checkpoint = torch.load(f"{output_dir}/models/best_model.pth")
2026-04-05 17:33:45,435 - INFO - ✓ Loaded best model from epoch 14
2026-04-05 17:33:49,239 - INFO - 
Test Results:
2026-04-05 17:33:49,240 - INFO -   - Accuracy: 35.56%
2026-04-05 17:33:49,240 - INFO -   - F1 Score: 0.3537
2026-04-05 17:33:49,241 - INFO -   - Kappa: 0.2757
2026-04-05 17:33:49,250 - INFO - 
✓ All results saved to outputs/multiscale_temporal_20260405_170127_labels_sgh_entropy_0.05_per_450_ablation_A4_spatial_only/metrics/
2026-04-05 17:33:49,250 - INFO -   - test_results.json
2026-04-05 17:33:49,250 - INFO -   - classification_report.txt
2026-04-05 17:33:49,250 - INFO -   - confusion_matrix.npy
2026-04-05 17:33:49,250 - INFO - 
================================================================================
2026-04-05 17:33:49,250 - INFO - Training Time Statistics
2026-04-05 17:33:49,250 - INFO - ================================================================================
2026-04-05 17:33:49,251 - INFO - Start time:    2026-04-05 17:01:27
2026-04-05 17:33:49,251 - INFO - End time:      2026-04-05 17:33:49
2026-04-05 17:33:49,251 - INFO - Total time:    00:32:21 (1941.56 seconds)
2026-04-05 17:33:49,251 - INFO -                (32.36 minutes, 0.54 hours)
2026-04-05 17:33:49,251 - INFO - ================================================================================
2026-04-05 17:33:49,251 - INFO - ✓ Timing info saved to outputs/multiscale_temporal_20260405_170127_labels_sgh_entropy_0.05_per_450_ablation_A4_spatial_only/metrics/timing_info.json
2026-04-05 17:33:49,251 - INFO - ================================================================================
[LapPE] Loading from cache: outputs/.laplacian_pe_cache/lpe_n65049_k8_topk20x20.pt
[LapPE] Loaded: torch.Size([65049, 8])
