2026-04-07 16:06:19,174 - INFO - ================================================================================
2026-04-07 16:06:19,174 - INFO - Multi-Scale Temporal Branch Training
2026-04-07 16:06:19,174 - INFO - ================================================================================
2026-04-07 16:06:19,174 - INFO - Training started at: 2026-04-07 16:06:19
2026-04-07 16:06:19,174 - INFO - 
Improvement: Multi-Scale Temporal Branch (hourly + daily + weekly)
2026-04-07 16:06:19,174 - INFO - Dataset: data/sampled_labels_spc250_seed202_reconstructed.csv with flow threshold 0.0 and 168 time steps
2026-04-07 16:06:19,174 - INFO - Runtime overrides | spatial_model=GINE, samples_per_class=None, epochs=300, batch_size=12, lr=0.0001, grad_accum=4, early_stop=30, use_cache=True
2026-04-07 16:06:19,174 - INFO - Temporal override | temporal_model=TRANSFORMER
2026-04-07 16:06:19,174 - INFO - Temporal layer override | layers=3
2026-04-07 16:06:19,174 - INFO - Graph overrides | topk_out=20, topk_in=20, topk_enabled=True
2026-04-07 16:06:19,174 - INFO - Graph temporal mode | mode=static
2026-04-07 16:06:19,174 - INFO - Seed override | random_seed=202
2026-04-07 16:06:19,174 - INFO - Spatial node feature mode | mode=raw_temporal_mean
2026-04-07 16:06:19,174 - INFO - GINE edge feature mode | mode=flow_distance_direction
2026-04-07 16:06:19,174 - INFO - Temporal feature mode | mode=inflow_outflow
2026-04-07 16:06:19,174 - INFO - Temporal feature mode | mode=inflow_outflow
2026-04-07 16:06:19,174 - INFO - Split manifest | load=None, export=None
2026-04-07 16:06:19,174 - INFO - Branch ablation mode | mode=full
2026-04-07 16:06:19,174 - INFO - Fusion ablation mode | mode=gated
2026-04-07 16:06:19,174 - INFO - 
Output directory: outputs/multiscale_temporal_20260407_160619_sampled_labels_spc250_seed202_reconstructed_phase51_spc250_weekly_gelu
2026-04-07 16:06:19,175 - INFO - Log file: outputs/multiscale_temporal_20260407_160619_sampled_labels_spc250_seed202_reconstructed_phase51_spc250_weekly_gelu/training.log
2026-04-07 16:06:19,175 - INFO - 
================================================================================
2026-04-07 16:06:19,175 - INFO - Step 1: Loading data
2026-04-07 16:06:19,175 - INFO - ================================================================================
2026-04-07 16:06:19,176 - INFO - ================================================================================
2026-04-07 16:06:19,176 - INFO - Dual-Year Experiment Data Preparation
2026-04-07 16:06:19,176 - INFO - ================================================================================
2026-04-07 16:06:19,176 - INFO - Label file: data/sampled_labels_spc250_seed202_reconstructed.csv
2026-04-07 16:06:19,176 - INFO - Samples per class: ALL
2026-04-07 16:06:19,176 - INFO - 
2026-04-07 16:06:19,176 - INFO - Loading grid metadata...
2026-04-07 16:06:19,176 - INFO - Loading grid metadata from data/grid_metadata/sgh_grid_metadata.csv
2026-04-07 16:06:19,232 - INFO - Loaded 65049 valid grid cells
2026-04-07 16:06:19,236 - INFO - ================================================================================
2026-04-07 16:06:19,236 - INFO - Loading Feature Cache (Level-1)
2026-04-07 16:06:19,236 - INFO - ================================================================================
2026-04-07 16:06:19,236 - INFO - Feature cache file: data/cache/features/dual_year_features_5cbe7fef1f87.pkl
/opt/conda/lib/python3.11/site-packages/torch/storage.py:414: FutureWarning: You are using `torch.load` with `weights_only=False` (the current default value), which uses the default pickle module implicitly. It is possible to construct malicious pickle data which will execute arbitrary code during unpickling (See https://github.com/pytorch/pytorch/blob/main/SECURITY.md#untrusted-models for more details). In a future release, the default value for `weights_only` will be flipped to `True`. This limits the functions that could be executed during unpickling. Arbitrary objects will no longer be allowed to be loaded via this mode unless they are explicitly allowlisted by the user via `torch.serialization.add_safe_globals`. We recommend you start setting `weights_only=True` for any use case where you don't have full control of the loaded file. Please open an issue on GitHub for any issues related to this experimental feature.
  return torch.load(io.BytesIO(b))
2026-04-07 16:06:19,271 - INFO - ✓ Feature cache hit
2026-04-07 16:06:19,271 - INFO -   - Total labeled grids: 2250
2026-04-07 16:06:19,271 - INFO - Building/loading spatial graphs...
2026-04-07 16:06:19,271 - INFO - CRITICAL FIX: Using GLOBAL metadata (all 65049 grids)
2026-04-07 16:06:19,355 - INFO - ================================================================================
2026-04-07 16:06:19,356 - INFO - Loading Graph Cache (Level-2 variant)
2026-04-07 16:06:19,356 - INFO - ================================================================================
2026-04-07 16:06:19,356 - INFO - Graph cache file: data/cache/graphs/dual_year_graph_variant_0e1f7f20f21e.pkl
2026-04-07 16:06:19,408 - INFO - ✓ Graph variant cache hit
2026-04-07 16:06:19,408 - INFO - 
✓ CRITICAL FIX APPLIED:
2026-04-07 16:06:19,409 - INFO -   - Global graph nodes: 65049 (from 65049 metadata)
2026-04-07 16:06:19,409 - INFO -   - Labeled nodes for training: 2250
2026-04-07 16:06:19,409 - INFO -   - Unlabeled nodes in graph: 62799
2026-04-07 16:06:19,409 - INFO -   - Graph temporal mode: static
2026-04-07 16:06:19,409 - INFO -   - Graph edge feature mode: flow_distance_direction
2026-04-07 16:06:19,409 - INFO -   - Graph snapshots per year: 1
2026-04-07 16:06:19,409 - INFO -   - Graph 2021 edges (snapshot0): 1034676
2026-04-07 16:06:19,409 - INFO -   - Graph 2024 edges (snapshot0): 1179275
2026-04-07 16:06:19,409 - INFO - 
Architecture:
2026-04-07 16:06:19,409 - INFO -   - Temporal Branch (LSTM): Uses 2250 labeled nodes with (168, 2) features
2026-04-07 16:06:19,409 - INFO -   - Spatial Branch (GCN/SAGE): Uses 65049 nodes with all-1 features
2026-04-07 16:06:19,409 - INFO -   - Feature dimension per labeled node: (168, 4)
2026-04-07 16:06:19,409 - INFO - 
Two-level cache summary:
2026-04-07 16:06:19,409 - INFO -   - Feature cache: data/cache/features/dual_year_features_5cbe7fef1f87.pkl
2026-04-07 16:06:19,409 - INFO -   - Graph base cache: data/cache/graphs/dual_year_graph_base_d4d046bfdc14.pkl
2026-04-07 16:06:19,409 - INFO -   - Graph variant cache: data/cache/graphs/dual_year_graph_variant_0e1f7f20f21e.pkl
2026-04-07 16:06:19,415 - INFO - ✓ Data loaded successfully
2026-04-07 16:06:19,415 - INFO -   - Total grids: 2250
2026-04-07 16:06:19,415 - INFO -   - Feature shape: (168, 4)
2026-04-07 16:06:19,415 - INFO -   - Graph 2021 edges: 1034676
2026-04-07 16:06:19,415 - INFO -   - Graph 2024 edges: 1179275
2026-04-07 16:06:19,415 - INFO -   - Graph edge feature mode: flow_distance_direction
2026-04-07 16:06:19,415 - INFO - 
================================================================================
2026-04-07 16:06:19,415 - INFO - Step 2: Preparing temporal features
2026-04-07 16:06:19,415 - INFO - ================================================================================
2026-04-07 16:06:19,450 - INFO - ✓ Temporal features prepared
2026-04-07 16:06:19,450 - INFO - 
================================================================================
2026-04-07 16:06:19,450 - INFO - Step 3: Creating dataset
2026-04-07 16:06:19,450 - INFO - ================================================================================
2026-04-07 16:06:19,451 - INFO - ✓ Dataset created: 2250 samples
2026-04-07 16:06:19,453 - INFO -   - Split Source: seeded_random_split
2026-04-07 16:06:19,453 - INFO -   - Wrote Split Manifest: outputs/multiscale_temporal_20260407_160619_sampled_labels_spc250_seed202_reconstructed_phase51_spc250_weekly_gelu/metrics/split_manifest.json
2026-04-07 16:06:19,453 - INFO -   - Train: 1575 samples
2026-04-07 16:06:19,453 - INFO -   - Val: 225 samples
2026-04-07 16:06:19,453 - INFO -   - Test: 450 samples
2026-04-07 16:06:19,861 - INFO - ✓ Data loaders created
2026-04-07 16:06:19,861 - INFO - 
================================================================================
2026-04-07 16:06:19,861 - INFO - Step 4: Creating Enhanced Model
2026-04-07 16:06:19,861 - INFO - ================================================================================
2026-04-07 16:06:19,862 - INFO - Using device: cuda
2026-04-07 16:06:19,862 - INFO - Spatial model: GINE
2026-04-07 16:06:19,862 - INFO - Temporal model: TRANSFORMER
2026-04-07 16:06:22,291 - INFO -   - Registered spatial coordinates for GINE node features (torch.Size([65049, 2]))
2026-04-07 16:06:22,564 - INFO - ✓ Enhanced model created
2026-04-07 16:06:22,564 - INFO -   - Total parameters: 5,041,038
2026-04-07 16:06:22,564 - INFO -   - Trainable parameters: 5,041,038
2026-04-07 16:06:22,565 - INFO -   - Multi-scale temporal: Hourly + Daily + Weekly
2026-04-07 16:06:22,565 - INFO -   - Temporal branch model: TRANSFORMER
2026-04-07 16:06:22,565 - INFO -   - Spatial branch: GINE
2026-04-07 16:06:22,565 - INFO -   - Laplacian PE dimension: 8
2026-04-07 16:06:22,565 - INFO -   - Branch ablation mode: full
2026-04-07 16:06:22,565 - INFO -   - Fusion ablation mode: gated
2026-04-07 16:06:22,565 - INFO - 
================================================================================
2026-04-07 16:06:22,565 - INFO - Step 5: Setting up training
2026-04-07 16:06:22,565 - INFO - ================================================================================
/opt/conda/lib/python3.11/site-packages/torch/optim/lr_scheduler.py:60: UserWarning: The verbose parameter is deprecated. Please use get_last_lr() to access the learning rate.
  warnings.warn(
2026-04-07 16:06:22,567 - INFO - ✓ Training setup complete
2026-04-07 16:06:22,567 - INFO -   - Optimizer: Adam (lr=0.0001, wd=0.001)
2026-04-07 16:06:22,567 - INFO -   - Scheduler: ReduceLROnPlateau (patience=5, factor=0.5)
2026-04-07 16:06:22,567 - INFO -   - Loss: Weighted CrossEntropy
2026-04-07 16:06:22,567 - INFO -   - Loss: Weighted CrossEntropy
2026-04-07 16:06:22,567 - INFO - 
================================================================================
2026-04-07 16:06:22,567 - INFO - Step 6: Training
2026-04-07 16:06:22,567 - INFO - ================================================================================
2026-04-07 16:06:22,567 - INFO - 
Epoch 1/300
/workspace/Graph_Deep_Learning/20251001-PRD_18-21-24-mobility_change_pattern/analysis/PRD-Mobility-Change-Pattern/src/models/enhanced_dual_branch_model.py:517: FutureWarning: You are using `torch.load` with `weights_only=False` (the current default value), which uses the default pickle module implicitly. It is possible to construct malicious pickle data which will execute arbitrary code during unpickling (See https://github.com/pytorch/pytorch/blob/main/SECURITY.md#untrusted-models for more details). In a future release, the default value for `weights_only` will be flipped to `True`. This limits the functions that could be executed during unpickling. Arbitrary objects will no longer be allowed to be loaded via this mode unless they are explicitly allowlisted by the user via `torch.serialization.add_safe_globals`. We recommend you start setting `weights_only=True` for any use case where you don't have full control of the loaded file. Please open an issue on GitHub for any issues related to this experimental feature.
  cached = torch.load(cache_path, map_location='cpu')
2026-04-07 16:06:24,865 - INFO -   Epoch [10/132] Loss: 2.1688
2026-04-07 16:06:26,587 - INFO -   Epoch [20/132] Loss: 2.0525
2026-04-07 16:06:28,296 - INFO -   Epoch [30/132] Loss: 2.1329
2026-04-07 16:06:30,000 - INFO -   Epoch [40/132] Loss: 2.1127
2026-04-07 16:06:31,711 - INFO -   Epoch [50/132] Loss: 2.0055
2026-04-07 16:06:33,419 - INFO -   Epoch [60/132] Loss: 2.0568
2026-04-07 16:06:35,122 - INFO -   Epoch [70/132] Loss: 1.8736
2026-04-07 16:06:36,843 - INFO -   Epoch [80/132] Loss: 1.6496
2026-04-07 16:06:38,538 - INFO -   Epoch [90/132] Loss: 1.9807
2026-04-07 16:06:40,246 - INFO -   Epoch [100/132] Loss: 2.0661
2026-04-07 16:06:41,946 - INFO -   Epoch [110/132] Loss: 1.5325
2026-04-07 16:06:43,657 - INFO -   Epoch [120/132] Loss: 1.4989
2026-04-07 16:06:45,377 - INFO -   Epoch [130/132] Loss: 1.6089
2026-04-07 16:06:46,787 - INFO -   Train Loss: 1.9151
2026-04-07 16:06:46,788 - INFO -   Train Accuracy: 30.10%
2026-04-07 16:06:46,788 - INFO -   Val Loss: 1.5830
2026-04-07 16:06:46,788 - INFO -   Val Accuracy: 44.89% | F1: 0.4305
2026-04-07 16:06:46,788 - INFO -   LR: 0.000100
2026-04-07 16:06:46,897 - INFO -   ✓ New best model saved! (Acc: 44.89%)
2026-04-07 16:06:46,897 - INFO -   Patience: 0/30
2026-04-07 16:06:46,897 - INFO - 
Epoch 2/300
2026-04-07 16:06:48,615 - INFO -   Epoch [10/132] Loss: 1.7315
2026-04-07 16:06:50,318 - INFO -   Epoch [20/132] Loss: 1.6295
2026-04-07 16:06:52,026 - INFO -   Epoch [30/132] Loss: 1.7685
2026-04-07 16:06:53,731 - INFO -   Epoch [40/132] Loss: 1.4390
2026-04-07 16:06:55,451 - INFO -   Epoch [50/132] Loss: 1.3850
2026-04-07 16:06:57,154 - INFO -   Epoch [60/132] Loss: 1.6242
2026-04-07 16:06:58,880 - INFO -   Epoch [70/132] Loss: 1.3226
2026-04-07 16:07:00,603 - INFO -   Epoch [80/132] Loss: 1.3018
2026-04-07 16:07:02,300 - INFO -   Epoch [90/132] Loss: 1.8360
2026-04-07 16:07:04,017 - INFO -   Epoch [100/132] Loss: 1.7610
2026-04-07 16:07:05,729 - INFO -   Epoch [110/132] Loss: 1.4399
2026-04-07 16:07:07,460 - INFO -   Epoch [120/132] Loss: 1.3581
2026-04-07 16:07:09,169 - INFO -   Epoch [130/132] Loss: 1.3966
2026-04-07 16:07:10,580 - INFO -   Train Loss: 1.5142
2026-04-07 16:07:10,580 - INFO -   Train Accuracy: 46.10%
2026-04-07 16:07:10,580 - INFO -   Val Loss: 1.1818
2026-04-07 16:07:10,580 - INFO -   Val Accuracy: 56.89% | F1: 0.5482
2026-04-07 16:07:10,580 - INFO -   LR: 0.000100
2026-04-07 16:07:11,253 - INFO -   ✓ New best model saved! (Acc: 56.89%)
2026-04-07 16:07:11,253 - INFO -   Patience: 0/30
2026-04-07 16:07:11,253 - INFO - 
Epoch 3/300
2026-04-07 16:07:13,007 - INFO -   Epoch [10/132] Loss: 1.2941
2026-04-07 16:07:14,728 - INFO -   Epoch [20/132] Loss: 1.2358
2026-04-07 16:07:16,433 - INFO -   Epoch [30/132] Loss: 1.1990
2026-04-07 16:07:18,149 - INFO -   Epoch [40/132] Loss: 1.2995
2026-04-07 16:07:19,857 - INFO -   Epoch [50/132] Loss: 1.7161
2026-04-07 16:07:21,561 - INFO -   Epoch [60/132] Loss: 1.2375
2026-04-07 16:07:23,276 - INFO -   Epoch [70/132] Loss: 1.5689
2026-04-07 16:07:25,001 - INFO -   Epoch [80/132] Loss: 1.4551
2026-04-07 16:07:26,709 - INFO -   Epoch [90/132] Loss: 1.3321
2026-04-07 16:07:28,432 - INFO -   Epoch [100/132] Loss: 1.2573
2026-04-07 16:07:30,148 - INFO -   Epoch [110/132] Loss: 1.2285
2026-04-07 16:07:31,870 - INFO -   Epoch [120/132] Loss: 1.0209
2026-04-07 16:07:33,589 - INFO -   Epoch [130/132] Loss: 1.1074
2026-04-07 16:07:34,955 - INFO -   Train Loss: 1.2498
2026-04-07 16:07:34,955 - INFO -   Train Accuracy: 57.84%
2026-04-07 16:07:34,956 - INFO -   Val Loss: 0.9996
2026-04-07 16:07:34,956 - INFO -   Val Accuracy: 64.00% | F1: 0.6382
2026-04-07 16:07:34,956 - INFO -   LR: 0.000100
2026-04-07 16:07:35,415 - INFO -   ✓ New best model saved! (Acc: 64.00%)
2026-04-07 16:07:35,416 - INFO -   Patience: 0/30
2026-04-07 16:07:35,416 - INFO - 
Epoch 4/300
2026-04-07 16:07:37,159 - INFO -   Epoch [10/132] Loss: 1.5363
2026-04-07 16:07:38,904 - INFO -   Epoch [20/132] Loss: 0.9929
2026-04-07 16:07:40,610 - INFO -   Epoch [30/132] Loss: 0.9294
2026-04-07 16:07:42,333 - INFO -   Epoch [40/132] Loss: 0.8491
2026-04-07 16:07:44,049 - INFO -   Epoch [50/132] Loss: 1.3891
2026-04-07 16:07:45,756 - INFO -   Epoch [60/132] Loss: 1.3788
2026-04-07 16:07:47,456 - INFO -   Epoch [70/132] Loss: 1.2121
2026-04-07 16:07:49,155 - INFO -   Epoch [80/132] Loss: 1.6194
2026-04-07 16:07:50,873 - INFO -   Epoch [90/132] Loss: 0.9015
2026-04-07 16:07:52,605 - INFO -   Epoch [100/132] Loss: 0.9207
2026-04-07 16:07:54,335 - INFO -   Epoch [110/132] Loss: 1.4327
2026-04-07 16:07:56,039 - INFO -   Epoch [120/132] Loss: 0.8850
2026-04-07 16:07:57,765 - INFO -   Epoch [130/132] Loss: 1.1916
2026-04-07 16:07:59,135 - INFO -   Train Loss: 1.1211
2026-04-07 16:07:59,136 - INFO -   Train Accuracy: 60.76%
2026-04-07 16:07:59,136 - INFO -   Val Loss: 0.9183
2026-04-07 16:07:59,136 - INFO -   Val Accuracy: 67.56% | F1: 0.6731
2026-04-07 16:07:59,136 - INFO -   LR: 0.000100
2026-04-07 16:07:59,658 - INFO -   ✓ New best model saved! (Acc: 67.56%)
2026-04-07 16:07:59,658 - INFO -   Patience: 0/30
2026-04-07 16:07:59,658 - INFO - 
Epoch 5/300
2026-04-07 16:08:01,383 - INFO -   Epoch [10/132] Loss: 0.8802
2026-04-07 16:08:03,105 - INFO -   Epoch [20/132] Loss: 1.0249
2026-04-07 16:08:04,826 - INFO -   Epoch [30/132] Loss: 0.7782
2026-04-07 16:08:06,557 - INFO -   Epoch [40/132] Loss: 1.4254
2026-04-07 16:08:08,273 - INFO -   Epoch [50/132] Loss: 1.3099
2026-04-07 16:08:09,983 - INFO -   Epoch [60/132] Loss: 1.1503
2026-04-07 16:08:11,703 - INFO -   Epoch [70/132] Loss: 1.5817
2026-04-07 16:08:13,420 - INFO -   Epoch [80/132] Loss: 0.9126
2026-04-07 16:08:15,149 - INFO -   Epoch [90/132] Loss: 1.1301
2026-04-07 16:08:16,855 - INFO -   Epoch [100/132] Loss: 1.2345
2026-04-07 16:08:18,570 - INFO -   Epoch [110/132] Loss: 1.4113
2026-04-07 16:08:20,284 - INFO -   Epoch [120/132] Loss: 1.0664
2026-04-07 16:08:21,984 - INFO -   Epoch [130/132] Loss: 0.9288
2026-04-07 16:08:23,405 - INFO -   Train Loss: 1.0494
2026-04-07 16:08:23,405 - INFO -   Train Accuracy: 63.87%
2026-04-07 16:08:23,405 - INFO -   Val Loss: 0.8793
2026-04-07 16:08:23,405 - INFO -   Val Accuracy: 70.22% | F1: 0.6990
2026-04-07 16:08:23,405 - INFO -   LR: 0.000100
2026-04-07 16:08:23,831 - INFO -   ✓ New best model saved! (Acc: 70.22%)
2026-04-07 16:08:23,831 - INFO -   Patience: 0/30
2026-04-07 16:08:23,831 - INFO - 
Epoch 6/300
2026-04-07 16:08:25,566 - INFO -   Epoch [10/132] Loss: 0.8955
2026-04-07 16:08:27,287 - INFO -   Epoch [20/132] Loss: 1.3025
2026-04-07 16:08:28,983 - INFO -   Epoch [30/132] Loss: 1.2345
2026-04-07 16:08:30,710 - INFO -   Epoch [40/132] Loss: 1.1184
2026-04-07 16:08:32,433 - INFO -   Epoch [50/132] Loss: 1.0183
2026-04-07 16:08:34,128 - INFO -   Epoch [60/132] Loss: 1.0974
2026-04-07 16:08:35,842 - INFO -   Epoch [70/132] Loss: 1.4111
2026-04-07 16:08:37,557 - INFO -   Epoch [80/132] Loss: 1.4094
2026-04-07 16:08:39,258 - INFO -   Epoch [90/132] Loss: 0.8843
2026-04-07 16:08:40,962 - INFO -   Epoch [100/132] Loss: 1.0060
2026-04-07 16:08:42,675 - INFO -   Epoch [110/132] Loss: 0.8649
2026-04-07 16:08:44,391 - INFO -   Epoch [120/132] Loss: 0.6311
2026-04-07 16:08:46,084 - INFO -   Epoch [130/132] Loss: 1.5485
2026-04-07 16:08:47,436 - INFO -   Train Loss: 0.9826
2026-04-07 16:08:47,437 - INFO -   Train Accuracy: 63.87%
2026-04-07 16:08:47,437 - INFO -   Val Loss: 0.8226
2026-04-07 16:08:47,437 - INFO -   Val Accuracy: 69.78% | F1: 0.6964
2026-04-07 16:08:47,437 - INFO -   LR: 0.000100
2026-04-07 16:08:47,437 - INFO -   Patience: 1/30
2026-04-07 16:08:47,437 - INFO - 
Epoch 7/300
2026-04-07 16:08:49,147 - INFO -   Epoch [10/132] Loss: 1.5473
2026-04-07 16:08:50,858 - INFO -   Epoch [20/132] Loss: 0.8467
2026-04-07 16:08:52,569 - INFO -   Epoch [30/132] Loss: 1.1951
2026-04-07 16:08:54,282 - INFO -   Epoch [40/132] Loss: 1.2325
2026-04-07 16:08:55,981 - INFO -   Epoch [50/132] Loss: 1.0100
2026-04-07 16:08:57,688 - INFO -   Epoch [60/132] Loss: 0.9415
2026-04-07 16:08:59,387 - INFO -   Epoch [70/132] Loss: 0.9816
2026-04-07 16:09:01,082 - INFO -   Epoch [80/132] Loss: 1.2530
2026-04-07 16:09:02,796 - INFO -   Epoch [90/132] Loss: 0.8841
2026-04-07 16:09:04,511 - INFO -   Epoch [100/132] Loss: 1.2353
2026-04-07 16:09:06,228 - INFO -   Epoch [110/132] Loss: 1.1314
2026-04-07 16:09:07,926 - INFO -   Epoch [120/132] Loss: 0.8233
2026-04-07 16:09:09,642 - INFO -   Epoch [130/132] Loss: 0.7800
2026-04-07 16:09:11,002 - INFO -   Train Loss: 0.9362
2026-04-07 16:09:11,002 - INFO -   Train Accuracy: 65.46%
2026-04-07 16:09:11,002 - INFO -   Val Loss: 0.7774
2026-04-07 16:09:11,002 - INFO -   Val Accuracy: 70.67% | F1: 0.7053
2026-04-07 16:09:11,002 - INFO -   LR: 0.000100
2026-04-07 16:09:11,537 - INFO -   ✓ New best model saved! (Acc: 70.67%)
2026-04-07 16:09:11,538 - INFO -   Patience: 0/30
2026-04-07 16:09:11,538 - INFO - 
Epoch 8/300
2026-04-07 16:09:13,244 - INFO -   Epoch [10/132] Loss: 1.0154
2026-04-07 16:09:14,954 - INFO -   Epoch [20/132] Loss: 1.3285
2026-04-07 16:09:16,660 - INFO -   Epoch [30/132] Loss: 0.6206
2026-04-07 16:09:18,362 - INFO -   Epoch [40/132] Loss: 0.8923
2026-04-07 16:09:20,084 - INFO -   Epoch [50/132] Loss: 0.5019
2026-04-07 16:09:21,792 - INFO -   Epoch [60/132] Loss: 0.5752
2026-04-07 16:09:23,516 - INFO -   Epoch [70/132] Loss: 0.6728
2026-04-07 16:09:25,235 - INFO -   Epoch [80/132] Loss: 1.1440
2026-04-07 16:09:26,951 - INFO -   Epoch [90/132] Loss: 1.1616
2026-04-07 16:09:28,686 - INFO -   Epoch [100/132] Loss: 0.6664
2026-04-07 16:09:30,389 - INFO -   Epoch [110/132] Loss: 1.0213
2026-04-07 16:09:32,082 - INFO -   Epoch [120/132] Loss: 1.0834
2026-04-07 16:09:33,803 - INFO -   Epoch [130/132] Loss: 0.9000
2026-04-07 16:09:35,207 - INFO -   Train Loss: 0.8798
2026-04-07 16:09:35,207 - INFO -   Train Accuracy: 66.73%
2026-04-07 16:09:35,207 - INFO -   Val Loss: 0.7372
2026-04-07 16:09:35,207 - INFO -   Val Accuracy: 71.56% | F1: 0.7109
2026-04-07 16:09:35,207 - INFO -   LR: 0.000100
2026-04-07 16:09:35,640 - INFO -   ✓ New best model saved! (Acc: 71.56%)
2026-04-07 16:09:35,641 - INFO -   Patience: 0/30
2026-04-07 16:09:35,641 - INFO - 
Epoch 9/300
2026-04-07 16:09:37,384 - INFO -   Epoch [10/132] Loss: 1.2116
2026-04-07 16:09:39,125 - INFO -   Epoch [20/132] Loss: 1.0681
2026-04-07 16:09:40,818 - INFO -   Epoch [30/132] Loss: 0.9360
2026-04-07 16:09:42,521 - INFO -   Epoch [40/132] Loss: 1.0634
2026-04-07 16:09:44,221 - INFO -   Epoch [50/132] Loss: 0.5281
2026-04-07 16:09:45,912 - INFO -   Epoch [60/132] Loss: 0.7488
2026-04-07 16:09:47,622 - INFO -   Epoch [70/132] Loss: 1.1144
2026-04-07 16:09:49,322 - INFO -   Epoch [80/132] Loss: 1.0525
2026-04-07 16:09:51,026 - INFO -   Epoch [90/132] Loss: 1.0791
2026-04-07 16:09:52,716 - INFO -   Epoch [100/132] Loss: 1.6212
2026-04-07 16:09:54,411 - INFO -   Epoch [110/132] Loss: 0.7372
2026-04-07 16:09:56,115 - INFO -   Epoch [120/132] Loss: 0.6682
2026-04-07 16:09:57,809 - INFO -   Epoch [130/132] Loss: 0.9558
2026-04-07 16:09:59,193 - INFO -   Train Loss: 0.8643
2026-04-07 16:09:59,193 - INFO -   Train Accuracy: 67.24%
2026-04-07 16:09:59,193 - INFO -   Val Loss: 0.7290
2026-04-07 16:09:59,193 - INFO -   Val Accuracy: 72.44% | F1: 0.7205
2026-04-07 16:09:59,194 - INFO -   LR: 0.000100
2026-04-07 16:09:59,745 - INFO -   ✓ New best model saved! (Acc: 72.44%)
2026-04-07 16:09:59,745 - INFO -   Patience: 0/30
2026-04-07 16:09:59,745 - INFO - 
Epoch 10/300
2026-04-07 16:10:01,458 - INFO -   Epoch [10/132] Loss: 0.8910
2026-04-07 16:10:03,163 - INFO -   Epoch [20/132] Loss: 0.6381
2026-04-07 16:10:04,875 - INFO -   Epoch [30/132] Loss: 0.7372
2026-04-07 16:10:06,565 - INFO -   Epoch [40/132] Loss: 0.5252
2026-04-07 16:10:08,276 - INFO -   Epoch [50/132] Loss: 0.7689
2026-04-07 16:10:09,972 - INFO -   Epoch [60/132] Loss: 0.7287
2026-04-07 16:10:11,686 - INFO -   Epoch [70/132] Loss: 0.4585
2026-04-07 16:10:13,399 - INFO -   Epoch [80/132] Loss: 0.6057
2026-04-07 16:10:15,106 - INFO -   Epoch [90/132] Loss: 0.5609
2026-04-07 16:10:16,878 - INFO -   Epoch [100/132] Loss: 0.6423
2026-04-07 16:10:18,601 - INFO -   Epoch [110/132] Loss: 0.8318
2026-04-07 16:10:20,311 - INFO -   Epoch [120/132] Loss: 0.7274
2026-04-07 16:10:22,027 - INFO -   Epoch [130/132] Loss: 0.7015
2026-04-07 16:10:23,391 - INFO -   Train Loss: 0.8366
2026-04-07 16:10:23,391 - INFO -   Train Accuracy: 67.49%
2026-04-07 16:10:23,391 - INFO -   Val Loss: 0.7146
2026-04-07 16:10:23,391 - INFO -   Val Accuracy: 70.67% | F1: 0.7037
2026-04-07 16:10:23,391 - INFO -   LR: 0.000100
2026-04-07 16:10:23,391 - INFO -   Patience: 1/30
2026-04-07 16:10:23,391 - INFO - 
Epoch 11/300
2026-04-07 16:10:25,095 - INFO -   Epoch [10/132] Loss: 0.8871
2026-04-07 16:10:26,790 - INFO -   Epoch [20/132] Loss: 0.5386
2026-04-07 16:10:28,497 - INFO -   Epoch [30/132] Loss: 0.5293
2026-04-07 16:10:30,207 - INFO -   Epoch [40/132] Loss: 1.1395
2026-04-07 16:10:31,907 - INFO -   Epoch [50/132] Loss: 0.5330
2026-04-07 16:10:33,597 - INFO -   Epoch [60/132] Loss: 0.8407
2026-04-07 16:10:35,390 - INFO -   Epoch [70/132] Loss: 1.4999
2026-04-07 16:10:37,082 - INFO -   Epoch [80/132] Loss: 1.0785
2026-04-07 16:10:38,780 - INFO -   Epoch [90/132] Loss: 1.1560
2026-04-07 16:10:40,490 - INFO -   Epoch [100/132] Loss: 1.3184
2026-04-07 16:10:42,197 - INFO -   Epoch [110/132] Loss: 0.9128
2026-04-07 16:10:43,904 - INFO -   Epoch [120/132] Loss: 0.5727
2026-04-07 16:10:45,597 - INFO -   Epoch [130/132] Loss: 0.7045
2026-04-07 16:10:46,947 - INFO -   Train Loss: 0.8374
2026-04-07 16:10:46,947 - INFO -   Train Accuracy: 66.92%
2026-04-07 16:10:46,947 - INFO -   Val Loss: 0.7229
2026-04-07 16:10:46,947 - INFO -   Val Accuracy: 72.89% | F1: 0.7279
2026-04-07 16:10:46,947 - INFO -   LR: 0.000100
2026-04-07 16:10:47,870 - INFO -   ✓ New best model saved! (Acc: 72.89%)
2026-04-07 16:10:47,871 - INFO -   Patience: 0/30
2026-04-07 16:10:47,871 - INFO - 
Epoch 12/300
2026-04-07 16:10:49,591 - INFO -   Epoch [10/132] Loss: 0.3440
2026-04-07 16:10:51,290 - INFO -   Epoch [20/132] Loss: 0.8991
2026-04-07 16:10:53,001 - INFO -   Epoch [30/132] Loss: 0.8759
2026-04-07 16:10:54,702 - INFO -   Epoch [40/132] Loss: 0.3532
2026-04-07 16:10:56,410 - INFO -   Epoch [50/132] Loss: 0.5844
2026-04-07 16:10:58,148 - INFO -   Epoch [60/132] Loss: 0.7381
2026-04-07 16:10:59,866 - INFO -   Epoch [70/132] Loss: 0.5235
2026-04-07 16:11:01,563 - INFO -   Epoch [80/132] Loss: 1.0399
2026-04-07 16:11:03,261 - INFO -   Epoch [90/132] Loss: 1.0129
2026-04-07 16:11:04,974 - INFO -   Epoch [100/132] Loss: 1.2059
2026-04-07 16:11:06,671 - INFO -   Epoch [110/132] Loss: 0.9741
2026-04-07 16:11:08,395 - INFO -   Epoch [120/132] Loss: 0.4447
2026-04-07 16:11:10,128 - INFO -   Epoch [130/132] Loss: 0.8023
2026-04-07 16:11:11,602 - INFO -   Train Loss: 0.8140
2026-04-07 16:11:11,602 - INFO -   Train Accuracy: 68.83%
2026-04-07 16:11:11,602 - INFO -   Val Loss: 0.6785
2026-04-07 16:11:11,602 - INFO -   Val Accuracy: 72.00% | F1: 0.7243
2026-04-07 16:11:11,602 - INFO -   LR: 0.000100
2026-04-07 16:11:11,602 - INFO -   Patience: 1/30
2026-04-07 16:11:11,602 - INFO - 
Epoch 13/300
2026-04-07 16:11:13,311 - INFO -   Epoch [10/132] Loss: 0.5876
2026-04-07 16:11:15,061 - INFO -   Epoch [20/132] Loss: 0.8946
2026-04-07 16:11:16,784 - INFO -   Epoch [30/132] Loss: 0.7030
2026-04-07 16:11:18,509 - INFO -   Epoch [40/132] Loss: 0.7843
2026-04-07 16:11:20,222 - INFO -   Epoch [50/132] Loss: 1.1226
2026-04-07 16:11:21,962 - INFO -   Epoch [60/132] Loss: 0.5886
2026-04-07 16:11:23,762 - INFO -   Epoch [70/132] Loss: 0.4291
2026-04-07 16:11:25,471 - INFO -   Epoch [80/132] Loss: 0.9016
2026-04-07 16:11:27,177 - INFO -   Epoch [90/132] Loss: 0.7142
2026-04-07 16:11:28,882 - INFO -   Epoch [100/132] Loss: 0.4462
2026-04-07 16:11:30,601 - INFO -   Epoch [110/132] Loss: 0.8874
2026-04-07 16:11:32,321 - INFO -   Epoch [120/132] Loss: 0.7198
2026-04-07 16:11:34,041 - INFO -   Epoch [130/132] Loss: 1.0927
2026-04-07 16:11:35,429 - INFO -   Train Loss: 0.7828
2026-04-07 16:11:35,429 - INFO -   Train Accuracy: 69.71%
2026-04-07 16:11:35,429 - INFO -   Val Loss: 0.6589
2026-04-07 16:11:35,429 - INFO -   Val Accuracy: 73.33% | F1: 0.7333
2026-04-07 16:11:35,429 - INFO -   LR: 0.000100
2026-04-07 16:11:36,298 - INFO -   ✓ New best model saved! (Acc: 73.33%)
2026-04-07 16:11:36,299 - INFO -   Patience: 0/30
2026-04-07 16:11:36,299 - INFO - 
Epoch 14/300
2026-04-07 16:11:38,005 - INFO -   Epoch [10/132] Loss: 1.0445
2026-04-07 16:11:39,718 - INFO -   Epoch [20/132] Loss: 1.0117
2026-04-07 16:11:41,417 - INFO -   Epoch [30/132] Loss: 0.4604
2026-04-07 16:11:43,123 - INFO -   Epoch [40/132] Loss: 0.5969
2026-04-07 16:11:44,811 - INFO -   Epoch [50/132] Loss: 1.5312
2026-04-07 16:11:46,519 - INFO -   Epoch [60/132] Loss: 1.0575
2026-04-07 16:11:48,205 - INFO -   Epoch [70/132] Loss: 1.2610
2026-04-07 16:11:49,918 - INFO -   Epoch [80/132] Loss: 0.8407
2026-04-07 16:11:51,621 - INFO -   Epoch [90/132] Loss: 1.2645
2026-04-07 16:11:53,328 - INFO -   Epoch [100/132] Loss: 0.9013
2026-04-07 16:11:55,032 - INFO -   Epoch [110/132] Loss: 0.9757
2026-04-07 16:11:56,726 - INFO -   Epoch [120/132] Loss: 0.6595
2026-04-07 16:11:58,446 - INFO -   Epoch [130/132] Loss: 0.5873
2026-04-07 16:11:59,841 - INFO -   Train Loss: 0.7933
2026-04-07 16:11:59,841 - INFO -   Train Accuracy: 67.56%
2026-04-07 16:11:59,841 - INFO -   Val Loss: 0.6481
2026-04-07 16:11:59,841 - INFO -   Val Accuracy: 74.22% | F1: 0.7415
2026-04-07 16:11:59,841 - INFO -   LR: 0.000100
2026-04-07 16:12:00,352 - INFO -   ✓ New best model saved! (Acc: 74.22%)
2026-04-07 16:12:00,352 - INFO -   Patience: 0/30
2026-04-07 16:12:00,352 - INFO - 
Epoch 15/300
2026-04-07 16:12:02,100 - INFO -   Epoch [10/132] Loss: 0.6730
2026-04-07 16:12:03,836 - INFO -   Epoch [20/132] Loss: 0.8398
2026-04-07 16:12:05,549 - INFO -   Epoch [30/132] Loss: 1.1349
2026-04-07 16:12:07,247 - INFO -   Epoch [40/132] Loss: 0.8745
2026-04-07 16:12:08,938 - INFO -   Epoch [50/132] Loss: 0.4991
2026-04-07 16:12:10,650 - INFO -   Epoch [60/132] Loss: 1.2102
2026-04-07 16:12:12,343 - INFO -   Epoch [70/132] Loss: 1.2106
2026-04-07 16:12:14,050 - INFO -   Epoch [80/132] Loss: 0.7760
2026-04-07 16:12:15,744 - INFO -   Epoch [90/132] Loss: 1.0815
2026-04-07 16:12:17,455 - INFO -   Epoch [100/132] Loss: 0.8619
2026-04-07 16:12:19,147 - INFO -   Epoch [110/132] Loss: 0.7969
2026-04-07 16:12:20,859 - INFO -   Epoch [120/132] Loss: 0.7352
2026-04-07 16:12:22,548 - INFO -   Epoch [130/132] Loss: 1.0098
2026-04-07 16:12:23,911 - INFO -   Train Loss: 0.7761
2026-04-07 16:12:23,911 - INFO -   Train Accuracy: 69.33%
2026-04-07 16:12:23,911 - INFO -   Val Loss: 0.6338
2026-04-07 16:12:23,911 - INFO -   Val Accuracy: 74.22% | F1: 0.7447
2026-04-07 16:12:23,911 - INFO -   LR: 0.000100
2026-04-07 16:12:23,912 - INFO -   Patience: 1/30
2026-04-07 16:12:23,912 - INFO - 
Epoch 16/300
2026-04-07 16:12:25,606 - INFO -   Epoch [10/132] Loss: 0.6741
2026-04-07 16:12:27,313 - INFO -   Epoch [20/132] Loss: 1.2714
2026-04-07 16:12:28,999 - INFO -   Epoch [30/132] Loss: 0.7270
2026-04-07 16:12:30,711 - INFO -   Epoch [40/132] Loss: 0.7719
2026-04-07 16:12:32,417 - INFO -   Epoch [50/132] Loss: 1.0660
2026-04-07 16:12:34,111 - INFO -   Epoch [60/132] Loss: 1.1663
2026-04-07 16:12:35,830 - INFO -   Epoch [70/132] Loss: 0.8156
2026-04-07 16:12:37,543 - INFO -   Epoch [80/132] Loss: 0.5379
2026-04-07 16:12:39,277 - INFO -   Epoch [90/132] Loss: 0.5741
2026-04-07 16:12:40,973 - INFO -   Epoch [100/132] Loss: 0.7329
2026-04-07 16:12:42,677 - INFO -   Epoch [110/132] Loss: 0.4106
2026-04-07 16:12:44,371 - INFO -   Epoch [120/132] Loss: 0.4932
2026-04-07 16:12:46,074 - INFO -   Epoch [130/132] Loss: 1.0090
2026-04-07 16:12:47,523 - INFO -   Train Loss: 0.7393
2026-04-07 16:12:47,523 - INFO -   Train Accuracy: 71.24%
2026-04-07 16:12:47,523 - INFO -   Val Loss: 0.6345
2026-04-07 16:12:47,523 - INFO -   Val Accuracy: 73.78% | F1: 0.7373
2026-04-07 16:12:47,523 - INFO -   LR: 0.000100
2026-04-07 16:12:47,524 - INFO -   Patience: 2/30
2026-04-07 16:12:47,524 - INFO - 
Epoch 17/300
2026-04-07 16:12:49,263 - INFO -   Epoch [10/132] Loss: 0.6680
2026-04-07 16:12:50,990 - INFO -   Epoch [20/132] Loss: 1.1286
2026-04-07 16:12:52,703 - INFO -   Epoch [30/132] Loss: 0.8339
2026-04-07 16:12:54,419 - INFO -   Epoch [40/132] Loss: 0.7823
2026-04-07 16:12:56,113 - INFO -   Epoch [50/132] Loss: 1.0617
2026-04-07 16:12:57,826 - INFO -   Epoch [60/132] Loss: 0.7026
2026-04-07 16:12:59,521 - INFO -   Epoch [70/132] Loss: 0.5511
2026-04-07 16:13:01,246 - INFO -   Epoch [80/132] Loss: 0.9602
2026-04-07 16:13:02,974 - INFO -   Epoch [90/132] Loss: 0.7065
2026-04-07 16:13:04,700 - INFO -   Epoch [100/132] Loss: 1.3182
2026-04-07 16:13:06,413 - INFO -   Epoch [110/132] Loss: 0.7159
2026-04-07 16:13:08,146 - INFO -   Epoch [120/132] Loss: 0.4842
2026-04-07 16:13:09,881 - INFO -   Epoch [130/132] Loss: 0.7152
2026-04-07 16:13:11,338 - INFO -   Train Loss: 0.7354
2026-04-07 16:13:11,338 - INFO -   Train Accuracy: 70.92%
2026-04-07 16:13:11,338 - INFO -   Val Loss: 0.6079
2026-04-07 16:13:11,338 - INFO -   Val Accuracy: 75.56% | F1: 0.7569
2026-04-07 16:13:11,338 - INFO -   LR: 0.000100
2026-04-07 16:13:11,946 - INFO -   ✓ New best model saved! (Acc: 75.56%)
2026-04-07 16:13:11,946 - INFO -   Patience: 0/30
2026-04-07 16:13:11,946 - INFO - 
Epoch 18/300
2026-04-07 16:13:13,662 - INFO -   Epoch [10/132] Loss: 0.6559
2026-04-07 16:13:15,384 - INFO -   Epoch [20/132] Loss: 0.5761
2026-04-07 16:13:17,104 - INFO -   Epoch [30/132] Loss: 0.6297
2026-04-07 16:13:18,845 - INFO -   Epoch [40/132] Loss: 1.2764
2026-04-07 16:13:20,559 - INFO -   Epoch [50/132] Loss: 0.3608
2026-04-07 16:13:22,285 - INFO -   Epoch [60/132] Loss: 0.3394
2026-04-07 16:13:23,978 - INFO -   Epoch [70/132] Loss: 0.4307
2026-04-07 16:13:25,688 - INFO -   Epoch [80/132] Loss: 0.6212
2026-04-07 16:13:27,409 - INFO -   Epoch [90/132] Loss: 1.0660
2026-04-07 16:13:29,125 - INFO -   Epoch [100/132] Loss: 0.3823
2026-04-07 16:13:30,830 - INFO -   Epoch [110/132] Loss: 1.0028
2026-04-07 16:13:32,527 - INFO -   Epoch [120/132] Loss: 0.8729
2026-04-07 16:13:34,223 - INFO -   Epoch [130/132] Loss: 0.6614
2026-04-07 16:13:35,582 - INFO -   Train Loss: 0.7224
2026-04-07 16:13:35,582 - INFO -   Train Accuracy: 71.30%
2026-04-07 16:13:35,582 - INFO -   Val Loss: 0.6650
2026-04-07 16:13:35,582 - INFO -   Val Accuracy: 72.00% | F1: 0.7186
2026-04-07 16:13:35,582 - INFO -   LR: 0.000100
2026-04-07 16:13:35,582 - INFO -   Patience: 1/30
2026-04-07 16:13:35,583 - INFO - 
Epoch 19/300
2026-04-07 16:13:37,283 - INFO -   Epoch [10/132] Loss: 0.3992
2026-04-07 16:13:38,990 - INFO -   Epoch [20/132] Loss: 1.0322
2026-04-07 16:13:40,686 - INFO -   Epoch [30/132] Loss: 0.9646
2026-04-07 16:13:42,386 - INFO -   Epoch [40/132] Loss: 0.5856
2026-04-07 16:13:44,073 - INFO -   Epoch [50/132] Loss: 0.8312
2026-04-07 16:13:45,785 - INFO -   Epoch [60/132] Loss: 0.7520
2026-04-07 16:13:47,475 - INFO -   Epoch [70/132] Loss: 0.5899
2026-04-07 16:13:49,171 - INFO -   Epoch [80/132] Loss: 0.4537
2026-04-07 16:13:50,869 - INFO -   Epoch [90/132] Loss: 1.1063
2026-04-07 16:13:52,584 - INFO -   Epoch [100/132] Loss: 0.5387
2026-04-07 16:13:54,291 - INFO -   Epoch [110/132] Loss: 0.6015
2026-04-07 16:13:56,020 - INFO -   Epoch [120/132] Loss: 0.9596
2026-04-07 16:13:57,730 - INFO -   Epoch [130/132] Loss: 0.6602
2026-04-07 16:13:59,135 - INFO -   Train Loss: 0.7265
2026-04-07 16:13:59,136 - INFO -   Train Accuracy: 72.00%
2026-04-07 16:13:59,136 - INFO -   Val Loss: 0.6167
2026-04-07 16:13:59,136 - INFO -   Val Accuracy: 72.44% | F1: 0.7243
2026-04-07 16:13:59,137 - INFO -   LR: 0.000100
2026-04-07 16:13:59,137 - INFO -   Patience: 2/30
2026-04-07 16:13:59,138 - INFO - 
Epoch 20/300
2026-04-07 16:14:00,845 - INFO -   Epoch [10/132] Loss: 0.3597
2026-04-07 16:14:02,550 - INFO -   Epoch [20/132] Loss: 0.5697
2026-04-07 16:14:04,292 - INFO -   Epoch [30/132] Loss: 0.9470
2026-04-07 16:14:06,013 - INFO -   Epoch [40/132] Loss: 0.8126
2026-04-07 16:14:07,705 - INFO -   Epoch [50/132] Loss: 0.9707
2026-04-07 16:14:09,412 - INFO -   Epoch [60/132] Loss: 0.7948
2026-04-07 16:14:11,105 - INFO -   Epoch [70/132] Loss: 0.4711
2026-04-07 16:14:12,818 - INFO -   Epoch [80/132] Loss: 0.6437
2026-04-07 16:14:14,536 - INFO -   Epoch [90/132] Loss: 1.0774
2026-04-07 16:14:16,239 - INFO -   Epoch [100/132] Loss: 0.5987
2026-04-07 16:14:17,970 - INFO -   Epoch [110/132] Loss: 0.6590
2026-04-07 16:14:19,685 - INFO -   Epoch [120/132] Loss: 0.5026
2026-04-07 16:14:21,423 - INFO -   Epoch [130/132] Loss: 0.8936
2026-04-07 16:14:22,811 - INFO -   Train Loss: 0.7144
2026-04-07 16:14:22,811 - INFO -   Train Accuracy: 71.94%
2026-04-07 16:14:22,811 - INFO -   Val Loss: 0.6348
2026-04-07 16:14:22,811 - INFO -   Val Accuracy: 73.33% | F1: 0.7288
2026-04-07 16:14:22,811 - INFO -   LR: 0.000100
2026-04-07 16:14:22,811 - INFO -   Patience: 3/30
2026-04-07 16:14:22,812 - INFO - 
Epoch 21/300
2026-04-07 16:14:24,520 - INFO -   Epoch [10/132] Loss: 0.8112
2026-04-07 16:14:26,254 - INFO -   Epoch [20/132] Loss: 0.8083
2026-04-07 16:14:27,972 - INFO -   Epoch [30/132] Loss: 0.8015
2026-04-07 16:14:29,756 - INFO -   Epoch [40/132] Loss: 0.7312
2026-04-07 16:14:31,473 - INFO -   Epoch [50/132] Loss: 0.7586
2026-04-07 16:14:33,195 - INFO -   Epoch [60/132] Loss: 0.5252
2026-04-07 16:14:34,892 - INFO -   Epoch [70/132] Loss: 0.5305
2026-04-07 16:14:36,610 - INFO -   Epoch [80/132] Loss: 0.6899
2026-04-07 16:14:38,330 - INFO -   Epoch [90/132] Loss: 0.7566
2026-04-07 16:14:40,023 - INFO -   Epoch [100/132] Loss: 0.4593
2026-04-07 16:14:41,738 - INFO -   Epoch [110/132] Loss: 0.6569
2026-04-07 16:14:43,431 - INFO -   Epoch [120/132] Loss: 0.7325
2026-04-07 16:14:45,137 - INFO -   Epoch [130/132] Loss: 0.2883
2026-04-07 16:14:46,532 - INFO -   Train Loss: 0.7102
2026-04-07 16:14:46,532 - INFO -   Train Accuracy: 71.75%
2026-04-07 16:14:46,532 - INFO -   Val Loss: 0.6066
2026-04-07 16:14:46,533 - INFO -   Val Accuracy: 76.00% | F1: 0.7613
2026-04-07 16:14:46,533 - INFO -   LR: 0.000100
2026-04-07 16:14:47,334 - INFO -   ✓ New best model saved! (Acc: 76.00%)
2026-04-07 16:14:47,335 - INFO -   Patience: 0/30
2026-04-07 16:14:47,335 - INFO - 
Epoch 22/300
2026-04-07 16:14:49,072 - INFO -   Epoch [10/132] Loss: 0.6288
2026-04-07 16:14:50,787 - INFO -   Epoch [20/132] Loss: 0.8518
2026-04-07 16:14:52,501 - INFO -   Epoch [30/132] Loss: 1.0652
2026-04-07 16:14:54,210 - INFO -   Epoch [40/132] Loss: 0.3583
2026-04-07 16:14:55,916 - INFO -   Epoch [50/132] Loss: 0.6395
2026-04-07 16:14:57,638 - INFO -   Epoch [60/132] Loss: 0.6905
2026-04-07 16:14:59,368 - INFO -   Epoch [70/132] Loss: 0.5708
2026-04-07 16:15:01,133 - INFO -   Epoch [80/132] Loss: 0.4508
2026-04-07 16:15:02,839 - INFO -   Epoch [90/132] Loss: 0.7993
2026-04-07 16:15:04,570 - INFO -   Epoch [100/132] Loss: 0.6527
2026-04-07 16:15:06,277 - INFO -   Epoch [110/132] Loss: 1.0689
2026-04-07 16:15:08,034 - INFO -   Epoch [120/132] Loss: 0.7630
2026-04-07 16:15:09,773 - INFO -   Epoch [130/132] Loss: 0.5521
2026-04-07 16:15:11,244 - INFO -   Train Loss: 0.7022
2026-04-07 16:15:11,244 - INFO -   Train Accuracy: 71.75%
2026-04-07 16:15:11,244 - INFO -   Val Loss: 0.5886
2026-04-07 16:15:11,244 - INFO -   Val Accuracy: 73.78% | F1: 0.7386
2026-04-07 16:15:11,244 - INFO -   LR: 0.000100
2026-04-07 16:15:11,244 - INFO -   Patience: 1/30
2026-04-07 16:15:11,244 - INFO - 
Epoch 23/300
2026-04-07 16:15:13,032 - INFO -   Epoch [10/132] Loss: 0.2900
2026-04-07 16:15:14,793 - INFO -   Epoch [20/132] Loss: 0.3542
2026-04-07 16:15:16,554 - INFO -   Epoch [30/132] Loss: 0.7596
2026-04-07 16:15:18,277 - INFO -   Epoch [40/132] Loss: 0.6871
2026-04-07 16:15:20,023 - INFO -   Epoch [50/132] Loss: 0.6473
2026-04-07 16:15:21,789 - INFO -   Epoch [60/132] Loss: 0.3348
2026-04-07 16:15:23,485 - INFO -   Epoch [70/132] Loss: 0.4753
2026-04-07 16:15:25,182 - INFO -   Epoch [80/132] Loss: 0.6401
2026-04-07 16:15:26,928 - INFO -   Epoch [90/132] Loss: 0.6532
2026-04-07 16:15:28,633 - INFO -   Epoch [100/132] Loss: 0.6741
2026-04-07 16:15:30,405 - INFO -   Epoch [110/132] Loss: 0.7546
2026-04-07 16:15:32,167 - INFO -   Epoch [120/132] Loss: 0.9651
2026-04-07 16:15:34,088 - INFO -   Epoch [130/132] Loss: 0.7797
2026-04-07 16:15:35,832 - INFO -   Train Loss: 0.6777
2026-04-07 16:15:35,832 - INFO -   Train Accuracy: 72.89%
2026-04-07 16:15:35,832 - INFO -   Val Loss: 0.6128
2026-04-07 16:15:35,832 - INFO -   Val Accuracy: 74.22% | F1: 0.7414
2026-04-07 16:15:35,833 - INFO -   LR: 0.000100
2026-04-07 16:15:35,833 - INFO -   Patience: 2/30
2026-04-07 16:15:35,833 - INFO - 
Epoch 24/300
2026-04-07 16:15:37,611 - INFO -   Epoch [10/132] Loss: 0.7193
2026-04-07 16:15:39,443 - INFO -   Epoch [20/132] Loss: 0.7555
2026-04-07 16:15:41,273 - INFO -   Epoch [30/132] Loss: 1.0445
2026-04-07 16:15:43,094 - INFO -   Epoch [40/132] Loss: 0.6447
2026-04-07 16:15:44,858 - INFO -   Epoch [50/132] Loss: 0.5151
2026-04-07 16:15:46,699 - INFO -   Epoch [60/132] Loss: 0.4873
2026-04-07 16:15:48,497 - INFO -   Epoch [70/132] Loss: 0.6536
2026-04-07 16:15:50,345 - INFO -   Epoch [80/132] Loss: 0.3673
2026-04-07 16:15:52,123 - INFO -   Epoch [90/132] Loss: 0.6850
2026-04-07 16:15:53,951 - INFO -   Epoch [100/132] Loss: 0.4041
2026-04-07 16:15:55,716 - INFO -   Epoch [110/132] Loss: 0.6726
2026-04-07 16:15:57,485 - INFO -   Epoch [120/132] Loss: 0.7151
2026-04-07 16:15:59,344 - INFO -   Epoch [130/132] Loss: 0.4610
2026-04-07 16:16:00,867 - INFO -   Train Loss: 0.6911
2026-04-07 16:16:00,867 - INFO -   Train Accuracy: 73.40%
2026-04-07 16:16:00,867 - INFO -   Val Loss: 0.6004
2026-04-07 16:16:00,867 - INFO -   Val Accuracy: 74.22% | F1: 0.7455
2026-04-07 16:16:00,867 - INFO -   LR: 0.000100
2026-04-07 16:16:00,867 - INFO -   Patience: 3/30
2026-04-07 16:16:00,868 - INFO - 
Epoch 25/300
2026-04-07 16:16:02,644 - INFO -   Epoch [10/132] Loss: 0.9407
2026-04-07 16:16:04,453 - INFO -   Epoch [20/132] Loss: 0.5740
2026-04-07 16:16:06,288 - INFO -   Epoch [30/132] Loss: 1.0623
2026-04-07 16:16:08,070 - INFO -   Epoch [40/132] Loss: 0.6809
2026-04-07 16:16:09,844 - INFO -   Epoch [50/132] Loss: 0.3053
2026-04-07 16:16:11,639 - INFO -   Epoch [60/132] Loss: 0.6454
2026-04-07 16:16:13,464 - INFO -   Epoch [70/132] Loss: 0.3445
2026-04-07 16:16:15,248 - INFO -   Epoch [80/132] Loss: 0.5719
2026-04-07 16:16:17,009 - INFO -   Epoch [90/132] Loss: 0.5899
2026-04-07 16:16:18,788 - INFO -   Epoch [100/132] Loss: 0.7487
2026-04-07 16:16:20,568 - INFO -   Epoch [110/132] Loss: 0.9849
2026-04-07 16:16:22,346 - INFO -   Epoch [120/132] Loss: 1.0763
2026-04-07 16:16:24,101 - INFO -   Epoch [130/132] Loss: 0.4528
2026-04-07 16:16:25,599 - INFO -   Train Loss: 0.6563
2026-04-07 16:16:25,600 - INFO -   Train Accuracy: 76.06%
2026-04-07 16:16:25,600 - INFO -   Val Loss: 0.5930
2026-04-07 16:16:25,600 - INFO -   Val Accuracy: 74.67% | F1: 0.7488
2026-04-07 16:16:25,600 - INFO -   LR: 0.000100
2026-04-07 16:16:25,600 - INFO -   Patience: 4/30
2026-04-07 16:16:25,600 - INFO - 
Epoch 26/300
2026-04-07 16:16:27,374 - INFO -   Epoch [10/132] Loss: 0.4915
2026-04-07 16:16:29,147 - INFO -   Epoch [20/132] Loss: 0.5460
2026-04-07 16:16:30,934 - INFO -   Epoch [30/132] Loss: 0.4673
2026-04-07 16:16:32,716 - INFO -   Epoch [40/132] Loss: 0.8011
2026-04-07 16:16:34,501 - INFO -   Epoch [50/132] Loss: 0.3464
2026-04-07 16:16:36,304 - INFO -   Epoch [60/132] Loss: 1.0140
2026-04-07 16:16:38,133 - INFO -   Epoch [70/132] Loss: 0.7159
2026-04-07 16:16:39,933 - INFO -   Epoch [80/132] Loss: 0.4625
2026-04-07 16:16:41,747 - INFO -   Epoch [90/132] Loss: 0.4788
2026-04-07 16:16:43,578 - INFO -   Epoch [100/132] Loss: 0.6163
2026-04-07 16:16:45,382 - INFO -   Epoch [110/132] Loss: 0.5121
2026-04-07 16:16:47,171 - INFO -   Epoch [120/132] Loss: 1.1822
2026-04-07 16:16:48,950 - INFO -   Epoch [130/132] Loss: 1.1027
2026-04-07 16:16:50,489 - INFO -   Train Loss: 0.6596
2026-04-07 16:16:50,490 - INFO -   Train Accuracy: 74.22%
2026-04-07 16:16:50,490 - INFO -   Val Loss: 0.5879
2026-04-07 16:16:50,490 - INFO -   Val Accuracy: 73.33% | F1: 0.7338
2026-04-07 16:16:50,490 - INFO -   LR: 0.000100
2026-04-07 16:16:50,490 - INFO -   Patience: 5/30
2026-04-07 16:16:50,490 - INFO - 
Epoch 27/300
2026-04-07 16:16:52,280 - INFO -   Epoch [10/132] Loss: 0.5371
2026-04-07 16:16:54,066 - INFO -   Epoch [20/132] Loss: 0.8652
2026-04-07 16:16:55,845 - INFO -   Epoch [30/132] Loss: 0.7200
2026-04-07 16:16:57,633 - INFO -   Epoch [40/132] Loss: 0.2958
2026-04-07 16:16:59,415 - INFO -   Epoch [50/132] Loss: 0.6199
2026-04-07 16:17:01,195 - INFO -   Epoch [60/132] Loss: 0.4786
2026-04-07 16:17:02,960 - INFO -   Epoch [70/132] Loss: 0.9228
2026-04-07 16:17:04,736 - INFO -   Epoch [80/132] Loss: 0.3997
2026-04-07 16:17:06,532 - INFO -   Epoch [90/132] Loss: 0.1875
2026-04-07 16:17:08,319 - INFO -   Epoch [100/132] Loss: 0.9168
2026-04-07 16:17:10,083 - INFO -   Epoch [110/132] Loss: 0.4022
2026-04-07 16:17:11,860 - INFO -   Epoch [120/132] Loss: 0.9808
2026-04-07 16:17:13,637 - INFO -   Epoch [130/132] Loss: 0.4972
2026-04-07 16:17:15,138 - INFO -   Train Loss: 0.6604
2026-04-07 16:17:15,138 - INFO -   Train Accuracy: 73.59%
2026-04-07 16:17:15,138 - INFO -   Val Loss: 0.5558
2026-04-07 16:17:15,139 - INFO -   Val Accuracy: 75.56% | F1: 0.7564
2026-04-07 16:17:15,139 - INFO -   LR: 0.000100
2026-04-07 16:17:15,139 - INFO -   Patience: 6/30
2026-04-07 16:17:15,139 - INFO - 
Epoch 28/300
2026-04-07 16:17:16,904 - INFO -   Epoch [10/132] Loss: 0.8454
2026-04-07 16:17:18,674 - INFO -   Epoch [20/132] Loss: 0.5902
2026-04-07 16:17:20,445 - INFO -   Epoch [30/132] Loss: 0.8803
2026-04-07 16:17:22,209 - INFO -   Epoch [40/132] Loss: 0.4950
2026-04-07 16:17:23,981 - INFO -   Epoch [50/132] Loss: 0.2902
2026-04-07 16:17:25,754 - INFO -   Epoch [60/132] Loss: 0.7068
2026-04-07 16:17:27,547 - INFO -   Epoch [70/132] Loss: 0.2468
2026-04-07 16:17:29,326 - INFO -   Epoch [80/132] Loss: 0.5977
2026-04-07 16:17:31,086 - INFO -   Epoch [90/132] Loss: 1.0260
2026-04-07 16:17:32,863 - INFO -   Epoch [100/132] Loss: 0.8562
2026-04-07 16:17:34,625 - INFO -   Epoch [110/132] Loss: 0.4957
2026-04-07 16:17:36,383 - INFO -   Epoch [120/132] Loss: 0.2523
2026-04-07 16:17:38,150 - INFO -   Epoch [130/132] Loss: 0.2965
2026-04-07 16:17:39,637 - INFO -   Train Loss: 0.6294
2026-04-07 16:17:39,637 - INFO -   Train Accuracy: 76.32%
2026-04-07 16:17:39,637 - INFO -   Val Loss: 0.5803
2026-04-07 16:17:39,637 - INFO -   Val Accuracy: 75.56% | F1: 0.7523
2026-04-07 16:17:39,637 - INFO -   LR: 0.000050
2026-04-07 16:17:39,637 - INFO -   Patience: 7/30
2026-04-07 16:17:39,637 - INFO - 
Epoch 29/300
2026-04-07 16:17:41,407 - INFO -   Epoch [10/132] Loss: 1.0376
2026-04-07 16:17:43,215 - INFO -   Epoch [20/132] Loss: 1.0261
2026-04-07 16:17:44,977 - INFO -   Epoch [30/132] Loss: 0.6125
2026-04-07 16:17:46,742 - INFO -   Epoch [40/132] Loss: 0.8816
2026-04-07 16:17:48,542 - INFO -   Epoch [50/132] Loss: 0.2645
2026-04-07 16:17:50,361 - INFO -   Epoch [60/132] Loss: 0.3907
2026-04-07 16:17:52,141 - INFO -   Epoch [70/132] Loss: 0.4912
2026-04-07 16:17:53,905 - INFO -   Epoch [80/132] Loss: 0.8488
2026-04-07 16:17:55,690 - INFO -   Epoch [90/132] Loss: 0.6865
2026-04-07 16:17:57,473 - INFO -   Epoch [100/132] Loss: 0.5368
2026-04-07 16:17:59,248 - INFO -   Epoch [110/132] Loss: 0.6316
2026-04-07 16:18:01,020 - INFO -   Epoch [120/132] Loss: 0.5078
2026-04-07 16:18:02,782 - INFO -   Epoch [130/132] Loss: 0.2832
2026-04-07 16:18:04,288 - INFO -   Train Loss: 0.6241
2026-04-07 16:18:04,288 - INFO -   Train Accuracy: 75.30%
2026-04-07 16:18:04,288 - INFO -   Val Loss: 0.5590
2026-04-07 16:18:04,288 - INFO -   Val Accuracy: 77.33% | F1: 0.7734
2026-04-07 16:18:04,288 - INFO -   LR: 0.000050
2026-04-07 16:18:05,752 - INFO -   ✓ New best model saved! (Acc: 77.33%)
2026-04-07 16:18:05,752 - INFO -   Patience: 0/30
2026-04-07 16:18:05,753 - INFO - 
Epoch 30/300
2026-04-07 16:18:07,562 - INFO -   Epoch [10/132] Loss: 0.5078
2026-04-07 16:18:09,326 - INFO -   Epoch [20/132] Loss: 0.2967
2026-04-07 16:18:11,109 - INFO -   Epoch [30/132] Loss: 0.4295
2026-04-07 16:18:12,903 - INFO -   Epoch [40/132] Loss: 0.4743
2026-04-07 16:18:14,729 - INFO -   Epoch [50/132] Loss: 0.5560
2026-04-07 16:18:16,489 - INFO -   Epoch [60/132] Loss: 0.4799
2026-04-07 16:18:18,286 - INFO -   Epoch [70/132] Loss: 0.7649
2026-04-07 16:18:20,078 - INFO -   Epoch [80/132] Loss: 0.2305
2026-04-07 16:18:21,853 - INFO -   Epoch [90/132] Loss: 0.8472
2026-04-07 16:18:23,638 - INFO -   Epoch [100/132] Loss: 0.3771
2026-04-07 16:18:25,415 - INFO -   Epoch [110/132] Loss: 0.8973
2026-04-07 16:18:27,206 - INFO -   Epoch [120/132] Loss: 0.8484
2026-04-07 16:18:28,962 - INFO -   Epoch [130/132] Loss: 0.4940
2026-04-07 16:18:30,483 - INFO -   Train Loss: 0.6330
2026-04-07 16:18:30,483 - INFO -   Train Accuracy: 76.06%
2026-04-07 16:18:30,483 - INFO -   Val Loss: 0.5635
2026-04-07 16:18:30,483 - INFO -   Val Accuracy: 77.33% | F1: 0.7741
2026-04-07 16:18:30,483 - INFO -   LR: 0.000050
2026-04-07 16:18:30,483 - INFO -   Patience: 1/30
2026-04-07 16:18:30,483 - INFO - 
Epoch 31/300
2026-04-07 16:18:32,266 - INFO -   Epoch [10/132] Loss: 0.3175
2026-04-07 16:18:34,023 - INFO -   Epoch [20/132] Loss: 0.3820
2026-04-07 16:18:35,839 - INFO -   Epoch [30/132] Loss: 0.5455
2026-04-07 16:18:37,660 - INFO -   Epoch [40/132] Loss: 0.6054
2026-04-07 16:18:39,456 - INFO -   Epoch [50/132] Loss: 0.6325
2026-04-07 16:18:41,216 - INFO -   Epoch [60/132] Loss: 0.2714
2026-04-07 16:18:42,983 - INFO -   Epoch [70/132] Loss: 0.5621
2026-04-07 16:18:44,751 - INFO -   Epoch [80/132] Loss: 0.4433
2026-04-07 16:18:46,549 - INFO -   Epoch [90/132] Loss: 0.3935
2026-04-07 16:18:48,331 - INFO -   Epoch [100/132] Loss: 0.5273
2026-04-07 16:18:50,128 - INFO -   Epoch [110/132] Loss: 0.7376
2026-04-07 16:18:51,923 - INFO -   Epoch [120/132] Loss: 0.4522
2026-04-07 16:18:53,690 - INFO -   Epoch [130/132] Loss: 0.4340
2026-04-07 16:18:55,178 - INFO -   Train Loss: 0.6148
2026-04-07 16:18:55,178 - INFO -   Train Accuracy: 77.08%
2026-04-07 16:18:55,178 - INFO -   Val Loss: 0.5721
2026-04-07 16:18:55,178 - INFO -   Val Accuracy: 77.33% | F1: 0.7722
2026-04-07 16:18:55,179 - INFO -   LR: 0.000050
2026-04-07 16:18:55,179 - INFO -   Patience: 2/30
2026-04-07 16:18:55,179 - INFO - 
Epoch 32/300
2026-04-07 16:18:56,970 - INFO -   Epoch [10/132] Loss: 0.4669
2026-04-07 16:18:58,767 - INFO -   Epoch [20/132] Loss: 0.5686
2026-04-07 16:19:00,544 - INFO -   Epoch [30/132] Loss: 0.4404
2026-04-07 16:19:02,297 - INFO -   Epoch [40/132] Loss: 0.5232
2026-04-07 16:19:04,075 - INFO -   Epoch [50/132] Loss: 0.4375
2026-04-07 16:19:05,833 - INFO -   Epoch [60/132] Loss: 0.7420
2026-04-07 16:19:07,593 - INFO -   Epoch [70/132] Loss: 0.3254
2026-04-07 16:19:09,360 - INFO -   Epoch [80/132] Loss: 0.4195
2026-04-07 16:19:11,145 - INFO -   Epoch [90/132] Loss: 0.2895
2026-04-07 16:19:12,933 - INFO -   Epoch [100/132] Loss: 0.7578
2026-04-07 16:19:14,729 - INFO -   Epoch [110/132] Loss: 0.4761
2026-04-07 16:19:16,520 - INFO -   Epoch [120/132] Loss: 0.6668
2026-04-07 16:19:18,282 - INFO -   Epoch [130/132] Loss: 0.4559
2026-04-07 16:19:19,774 - INFO -   Train Loss: 0.6214
2026-04-07 16:19:19,774 - INFO -   Train Accuracy: 76.44%
2026-04-07 16:19:19,774 - INFO -   Val Loss: 0.5635
2026-04-07 16:19:19,774 - INFO -   Val Accuracy: 76.89% | F1: 0.7694
2026-04-07 16:19:19,774 - INFO -   LR: 0.000050
2026-04-07 16:19:19,774 - INFO -   Patience: 3/30
2026-04-07 16:19:19,774 - INFO - 
Epoch 33/300
2026-04-07 16:19:21,552 - INFO -   Epoch [10/132] Loss: 0.7817
2026-04-07 16:19:23,316 - INFO -   Epoch [20/132] Loss: 0.5896
2026-04-07 16:19:25,111 - INFO -   Epoch [30/132] Loss: 0.5418
2026-04-07 16:19:26,897 - INFO -   Epoch [40/132] Loss: 0.7552
2026-04-07 16:19:28,647 - INFO -   Epoch [50/132] Loss: 0.3326
2026-04-07 16:19:30,417 - INFO -   Epoch [60/132] Loss: 0.6200
2026-04-07 16:19:32,185 - INFO -   Epoch [70/132] Loss: 0.4462
2026-04-07 16:19:33,959 - INFO -   Epoch [80/132] Loss: 0.7610
2026-04-07 16:19:35,725 - INFO -   Epoch [90/132] Loss: 0.4123
2026-04-07 16:19:37,527 - INFO -   Epoch [100/132] Loss: 0.3886
2026-04-07 16:19:39,328 - INFO -   Epoch [110/132] Loss: 0.5790
2026-04-07 16:19:41,124 - INFO -   Epoch [120/132] Loss: 1.1470
2026-04-07 16:19:42,891 - INFO -   Epoch [130/132] Loss: 0.3471
2026-04-07 16:19:44,375 - INFO -   Train Loss: 0.6066
2026-04-07 16:19:44,375 - INFO -   Train Accuracy: 76.44%
2026-04-07 16:19:44,376 - INFO -   Val Loss: 0.5572
2026-04-07 16:19:44,376 - INFO -   Val Accuracy: 77.78% | F1: 0.7795
2026-04-07 16:19:44,376 - INFO -   LR: 0.000050
2026-04-07 16:19:45,686 - INFO -   ✓ New best model saved! (Acc: 77.78%)
2026-04-07 16:19:45,686 - INFO -   Patience: 0/30
2026-04-07 16:19:45,686 - INFO - 
Epoch 34/300
2026-04-07 16:19:47,464 - INFO -   Epoch [10/132] Loss: 0.5369
2026-04-07 16:19:49,267 - INFO -   Epoch [20/132] Loss: 0.6909
2026-04-07 16:19:51,031 - INFO -   Epoch [30/132] Loss: 0.8970
2026-04-07 16:19:52,850 - INFO -   Epoch [40/132] Loss: 0.5972
2026-04-07 16:19:54,658 - INFO -   Epoch [50/132] Loss: 0.4598
2026-04-07 16:19:56,441 - INFO -   Epoch [60/132] Loss: 0.4247
2026-04-07 16:19:58,209 - INFO -   Epoch [70/132] Loss: 0.8877
2026-04-07 16:19:59,985 - INFO -   Epoch [80/132] Loss: 0.5420
2026-04-07 16:20:01,874 - INFO -   Epoch [90/132] Loss: 0.9747
2026-04-07 16:20:03,712 - INFO -   Epoch [100/132] Loss: 0.8576
2026-04-07 16:20:05,561 - INFO -   Epoch [110/132] Loss: 0.5816
2026-04-07 16:20:07,363 - INFO -   Epoch [120/132] Loss: 0.6167
2026-04-07 16:20:09,175 - INFO -   Epoch [130/132] Loss: 0.7786
2026-04-07 16:20:10,745 - INFO -   Train Loss: 0.6261
2026-04-07 16:20:10,746 - INFO -   Train Accuracy: 76.51%
2026-04-07 16:20:10,746 - INFO -   Val Loss: 0.5696
2026-04-07 16:20:10,746 - INFO -   Val Accuracy: 77.33% | F1: 0.7753
2026-04-07 16:20:10,746 - INFO -   LR: 0.000050
2026-04-07 16:20:10,746 - INFO -   Patience: 1/30
2026-04-07 16:20:10,746 - INFO - 
Epoch 35/300
2026-04-07 16:20:12,570 - INFO -   Epoch [10/132] Loss: 0.1708
2026-04-07 16:20:14,407 - INFO -   Epoch [20/132] Loss: 0.6483
2026-04-07 16:20:16,245 - INFO -   Epoch [30/132] Loss: 0.9063
2026-04-07 16:20:18,042 - INFO -   Epoch [40/132] Loss: 0.4008
2026-04-07 16:20:19,820 - INFO -   Epoch [50/132] Loss: 0.7739
2026-04-07 16:20:21,646 - INFO -   Epoch [60/132] Loss: 0.5267
2026-04-07 16:20:23,422 - INFO -   Epoch [70/132] Loss: 0.4219
2026-04-07 16:20:25,241 - INFO -   Epoch [80/132] Loss: 0.2914
2026-04-07 16:20:27,043 - INFO -   Epoch [90/132] Loss: 0.6284
2026-04-07 16:20:28,813 - INFO -   Epoch [100/132] Loss: 0.8411
2026-04-07 16:20:30,624 - INFO -   Epoch [110/132] Loss: 0.4859
2026-04-07 16:20:32,399 - INFO -   Epoch [120/132] Loss: 0.2799
2026-04-07 16:20:34,158 - INFO -   Epoch [130/132] Loss: 0.3368
2026-04-07 16:20:35,659 - INFO -   Train Loss: 0.5924
2026-04-07 16:20:35,660 - INFO -   Train Accuracy: 77.59%
2026-04-07 16:20:35,660 - INFO -   Val Loss: 0.5594
2026-04-07 16:20:35,660 - INFO -   Val Accuracy: 77.78% | F1: 0.7780
2026-04-07 16:20:35,660 - INFO -   LR: 0.000050
2026-04-07 16:20:35,660 - INFO -   Patience: 2/30
2026-04-07 16:20:35,660 - INFO - 
Epoch 36/300
2026-04-07 16:20:37,456 - INFO -   Epoch [10/132] Loss: 0.7348
2026-04-07 16:20:39,262 - INFO -   Epoch [20/132] Loss: 0.5757
2026-04-07 16:20:41,033 - INFO -   Epoch [30/132] Loss: 0.7396
2026-04-07 16:20:42,808 - INFO -   Epoch [40/132] Loss: 0.3943
2026-04-07 16:20:44,581 - INFO -   Epoch [50/132] Loss: 0.3727
2026-04-07 16:20:46,368 - INFO -   Epoch [60/132] Loss: 0.3068
2026-04-07 16:20:48,164 - INFO -   Epoch [70/132] Loss: 0.2062
2026-04-07 16:20:49,931 - INFO -   Epoch [80/132] Loss: 0.5562
2026-04-07 16:20:51,719 - INFO -   Epoch [90/132] Loss: 0.1564
2026-04-07 16:20:53,508 - INFO -   Epoch [100/132] Loss: 0.6840
2026-04-07 16:20:55,301 - INFO -   Epoch [110/132] Loss: 0.4305
2026-04-07 16:20:57,068 - INFO -   Epoch [120/132] Loss: 0.6953
2026-04-07 16:20:58,837 - INFO -   Epoch [130/132] Loss: 0.3102
2026-04-07 16:21:00,368 - INFO -   Train Loss: 0.5856
2026-04-07 16:21:00,368 - INFO -   Train Accuracy: 78.35%
2026-04-07 16:21:00,368 - INFO -   Val Loss: 0.5735
2026-04-07 16:21:00,368 - INFO -   Val Accuracy: 76.44% | F1: 0.7652
2026-04-07 16:21:00,368 - INFO -   LR: 0.000050
2026-04-07 16:21:00,368 - INFO -   Patience: 3/30
2026-04-07 16:21:00,369 - INFO - 
Epoch 37/300
2026-04-07 16:21:02,144 - INFO -   Epoch [10/132] Loss: 0.4147
2026-04-07 16:21:03,908 - INFO -   Epoch [20/132] Loss: 0.9485
2026-04-07 16:21:05,676 - INFO -   Epoch [30/132] Loss: 0.7819
2026-04-07 16:21:07,480 - INFO -   Epoch [40/132] Loss: 0.5134
2026-04-07 16:21:09,269 - INFO -   Epoch [50/132] Loss: 0.4848
2026-04-07 16:21:11,068 - INFO -   Epoch [60/132] Loss: 0.5464
2026-04-07 16:21:12,855 - INFO -   Epoch [70/132] Loss: 0.6687
2026-04-07 16:21:14,622 - INFO -   Epoch [80/132] Loss: 0.4620
2026-04-07 16:21:16,401 - INFO -   Epoch [90/132] Loss: 0.6699
2026-04-07 16:21:18,186 - INFO -   Epoch [100/132] Loss: 0.5979
2026-04-07 16:21:19,953 - INFO -   Epoch [110/132] Loss: 0.6708
2026-04-07 16:21:21,731 - INFO -   Epoch [120/132] Loss: 0.7568
2026-04-07 16:21:23,515 - INFO -   Epoch [130/132] Loss: 0.7081
2026-04-07 16:21:25,045 - INFO -   Train Loss: 0.5971
2026-04-07 16:21:25,045 - INFO -   Train Accuracy: 76.63%
2026-04-07 16:21:25,046 - INFO -   Val Loss: 0.5821
2026-04-07 16:21:25,046 - INFO -   Val Accuracy: 75.56% | F1: 0.7573
2026-04-07 16:21:25,046 - INFO -   LR: 0.000050
2026-04-07 16:21:25,046 - INFO -   Patience: 4/30
2026-04-07 16:21:25,046 - INFO - 
Epoch 38/300
2026-04-07 16:21:26,819 - INFO -   Epoch [10/132] Loss: 0.9664
2026-04-07 16:21:28,636 - INFO -   Epoch [20/132] Loss: 0.6479
2026-04-07 16:21:30,444 - INFO -   Epoch [30/132] Loss: 0.7722
2026-04-07 16:21:32,220 - INFO -   Epoch [40/132] Loss: 0.3502
2026-04-07 16:21:33,986 - INFO -   Epoch [50/132] Loss: 0.4633
2026-04-07 16:21:35,811 - INFO -   Epoch [60/132] Loss: 0.7728
2026-04-07 16:21:37,648 - INFO -   Epoch [70/132] Loss: 1.2158
2026-04-07 16:21:39,506 - INFO -   Epoch [80/132] Loss: 1.0702
2026-04-07 16:21:41,290 - INFO -   Epoch [90/132] Loss: 0.5937
2026-04-07 16:21:43,084 - INFO -   Epoch [100/132] Loss: 1.1799
2026-04-07 16:21:44,855 - INFO -   Epoch [110/132] Loss: 0.5019
2026-04-07 16:21:46,630 - INFO -   Epoch [120/132] Loss: 0.6784
2026-04-07 16:21:48,407 - INFO -   Epoch [130/132] Loss: 0.8194
2026-04-07 16:21:49,948 - INFO -   Train Loss: 0.6024
2026-04-07 16:21:49,948 - INFO -   Train Accuracy: 76.95%
2026-04-07 16:21:49,948 - INFO -   Val Loss: 0.5843
2026-04-07 16:21:49,948 - INFO -   Val Accuracy: 76.00% | F1: 0.7628
2026-04-07 16:21:49,948 - INFO -   LR: 0.000050
2026-04-07 16:21:49,948 - INFO -   Patience: 5/30
2026-04-07 16:21:49,948 - INFO - 
Epoch 39/300
2026-04-07 16:21:51,725 - INFO -   Epoch [10/132] Loss: 0.2833
2026-04-07 16:21:53,505 - INFO -   Epoch [20/132] Loss: 0.3213
2026-04-07 16:21:55,283 - INFO -   Epoch [30/132] Loss: 0.5612
2026-04-07 16:21:57,063 - INFO -   Epoch [40/132] Loss: 0.3159
2026-04-07 16:21:58,842 - INFO -   Epoch [50/132] Loss: 0.4479
2026-04-07 16:22:00,626 - INFO -   Epoch [60/132] Loss: 0.4634
2026-04-07 16:22:02,406 - INFO -   Epoch [70/132] Loss: 0.6497
2026-04-07 16:22:04,252 - INFO -   Epoch [80/132] Loss: 1.1709
2026-04-07 16:22:06,092 - INFO -   Epoch [90/132] Loss: 0.8720
2026-04-07 16:22:07,936 - INFO -   Epoch [100/132] Loss: 0.9332
2026-04-07 16:22:09,785 - INFO -   Epoch [110/132] Loss: 0.3766
2026-04-07 16:22:11,891 - INFO -   Epoch [120/132] Loss: 0.5704
2026-04-07 16:22:13,617 - INFO -   Epoch [130/132] Loss: 0.1793
2026-04-07 16:22:15,079 - INFO -   Train Loss: 0.6035
2026-04-07 16:22:15,080 - INFO -   Train Accuracy: 77.33%
2026-04-07 16:22:15,080 - INFO -   Val Loss: 0.5967
2026-04-07 16:22:15,080 - INFO -   Val Accuracy: 74.22% | F1: 0.7441
2026-04-07 16:22:15,080 - INFO -   LR: 0.000050
2026-04-07 16:22:15,080 - INFO -   Patience: 6/30
2026-04-07 16:22:15,080 - INFO - 
Epoch 40/300
2026-04-07 16:22:16,950 - INFO -   Epoch [10/132] Loss: 0.4456
2026-04-07 16:22:18,787 - INFO -   Epoch [20/132] Loss: 0.3897
2026-04-07 16:22:20,455 - INFO -   Epoch [30/132] Loss: 0.8128
2026-04-07 16:22:22,296 - INFO -   Epoch [40/132] Loss: 0.7485
2026-04-07 16:22:24,129 - INFO -   Epoch [50/132] Loss: 0.3029
2026-04-07 16:22:25,826 - INFO -   Epoch [60/132] Loss: 0.6869
2026-04-07 16:22:27,506 - INFO -   Epoch [70/132] Loss: 0.2026
2026-04-07 16:22:29,158 - INFO -   Epoch [80/132] Loss: 0.6201
2026-04-07 16:22:30,827 - INFO -   Epoch [90/132] Loss: 0.3871
2026-04-07 16:22:32,483 - INFO -   Epoch [100/132] Loss: 0.5031
2026-04-07 16:22:34,235 - INFO -   Epoch [110/132] Loss: 0.2075
2026-04-07 16:22:35,931 - INFO -   Epoch [120/132] Loss: 1.2692
2026-04-07 16:22:37,622 - INFO -   Epoch [130/132] Loss: 0.3266
2026-04-07 16:22:38,953 - INFO -   Train Loss: 0.5932
2026-04-07 16:22:38,953 - INFO -   Train Accuracy: 77.97%
2026-04-07 16:22:38,953 - INFO -   Val Loss: 0.5985
2026-04-07 16:22:38,953 - INFO -   Val Accuracy: 75.56% | F1: 0.7574
2026-04-07 16:22:38,953 - INFO -   LR: 0.000025
2026-04-07 16:22:38,953 - INFO -   Patience: 7/30
2026-04-07 16:22:38,953 - INFO - 
Epoch 41/300
2026-04-07 16:22:40,606 - INFO -   Epoch [10/132] Loss: 0.9876
2026-04-07 16:22:42,321 - INFO -   Epoch [20/132] Loss: 0.6358
2026-04-07 16:22:43,971 - INFO -   Epoch [30/132] Loss: 0.3641
2026-04-07 16:22:45,647 - INFO -   Epoch [40/132] Loss: 0.7877
2026-04-07 16:22:47,319 - INFO -   Epoch [50/132] Loss: 0.6284
2026-04-07 16:22:48,979 - INFO -   Epoch [60/132] Loss: 1.1587
2026-04-07 16:22:50,609 - INFO -   Epoch [70/132] Loss: 0.4286
2026-04-07 16:22:52,351 - INFO -   Epoch [80/132] Loss: 0.7292
2026-04-07 16:22:54,030 - INFO -   Epoch [90/132] Loss: 0.8525
2026-04-07 16:22:55,682 - INFO -   Epoch [100/132] Loss: 0.3326
2026-04-07 16:22:57,331 - INFO -   Epoch [110/132] Loss: 0.6556
2026-04-07 16:22:58,988 - INFO -   Epoch [120/132] Loss: 0.7625
2026-04-07 16:23:00,650 - INFO -   Epoch [130/132] Loss: 0.9097
2026-04-07 16:23:01,898 - INFO -   Train Loss: 0.5843
2026-04-07 16:23:01,898 - INFO -   Train Accuracy: 78.48%
2026-04-07 16:23:01,898 - INFO -   Val Loss: 0.5842
2026-04-07 16:23:01,898 - INFO -   Val Accuracy: 76.44% | F1: 0.7653
2026-04-07 16:23:01,899 - INFO -   LR: 0.000025
2026-04-07 16:23:01,899 - INFO -   Patience: 8/30
2026-04-07 16:23:01,899 - INFO - 
Epoch 42/300
2026-04-07 16:23:03,552 - INFO -   Epoch [10/132] Loss: 0.6523
2026-04-07 16:23:05,220 - INFO -   Epoch [20/132] Loss: 0.4545
2026-04-07 16:23:06,916 - INFO -   Epoch [30/132] Loss: 0.1696
2026-04-07 16:23:08,563 - INFO -   Epoch [40/132] Loss: 0.5408
2026-04-07 16:23:10,228 - INFO -   Epoch [50/132] Loss: 1.0551
2026-04-07 16:23:11,908 - INFO -   Epoch [60/132] Loss: 0.7753
2026-04-07 16:23:13,561 - INFO -   Epoch [70/132] Loss: 0.9652
2026-04-07 16:23:15,206 - INFO -   Epoch [80/132] Loss: 0.5511
2026-04-07 16:23:16,853 - INFO -   Epoch [90/132] Loss: 0.3939
2026-04-07 16:23:18,502 - INFO -   Epoch [100/132] Loss: 0.2498
2026-04-07 16:23:20,139 - INFO -   Epoch [110/132] Loss: 1.3492
2026-04-07 16:23:21,831 - INFO -   Epoch [120/132] Loss: 0.3442
2026-04-07 16:23:23,495 - INFO -   Epoch [130/132] Loss: 0.4624
2026-04-07 16:23:24,742 - INFO -   Train Loss: 0.5826
2026-04-07 16:23:24,742 - INFO -   Train Accuracy: 79.05%
2026-04-07 16:23:24,742 - INFO -   Val Loss: 0.5815
2026-04-07 16:23:24,742 - INFO -   Val Accuracy: 76.00% | F1: 0.7616
2026-04-07 16:23:24,743 - INFO -   LR: 0.000025
2026-04-07 16:23:24,743 - INFO -   Patience: 9/30
2026-04-07 16:23:24,743 - INFO - 
Epoch 43/300
2026-04-07 16:23:26,389 - INFO -   Epoch [10/132] Loss: 0.5738
2026-04-07 16:23:28,033 - INFO -   Epoch [20/132] Loss: 0.3712
2026-04-07 16:23:29,870 - INFO -   Epoch [30/132] Loss: 0.2733
2026-04-07 16:23:31,722 - INFO -   Epoch [40/132] Loss: 0.5654
2026-04-07 16:23:33,565 - INFO -   Epoch [50/132] Loss: 0.8871
2026-04-07 16:23:35,383 - INFO -   Epoch [60/132] Loss: 0.8246
2026-04-07 16:23:37,209 - INFO -   Epoch [70/132] Loss: 0.3320
2026-04-07 16:23:39,044 - INFO -   Epoch [80/132] Loss: 0.4671
2026-04-07 16:23:40,802 - INFO -   Epoch [90/132] Loss: 0.7059
2026-04-07 16:23:42,530 - INFO -   Epoch [100/132] Loss: 0.4161
2026-04-07 16:23:44,374 - INFO -   Epoch [110/132] Loss: 0.9637
2026-04-07 16:23:46,108 - INFO -   Epoch [120/132] Loss: 0.6410
2026-04-07 16:23:47,965 - INFO -   Epoch [130/132] Loss: 0.9530
2026-04-07 16:23:49,293 - INFO -   Train Loss: 0.5740
2026-04-07 16:23:49,294 - INFO -   Train Accuracy: 79.62%
2026-04-07 16:23:49,294 - INFO -   Val Loss: 0.5793
2026-04-07 16:23:49,294 - INFO -   Val Accuracy: 76.89% | F1: 0.7692
2026-04-07 16:23:49,294 - INFO -   LR: 0.000025
2026-04-07 16:23:49,294 - INFO -   Patience: 10/30
2026-04-07 16:23:49,294 - INFO - 
Epoch 44/300
2026-04-07 16:23:51,040 - INFO -   Epoch [10/132] Loss: 0.3358
2026-04-07 16:23:52,879 - INFO -   Epoch [20/132] Loss: 0.1382
2026-04-07 16:23:54,724 - INFO -   Epoch [30/132] Loss: 0.6172
2026-04-07 16:23:56,470 - INFO -   Epoch [40/132] Loss: 0.5023
2026-04-07 16:23:58,291 - INFO -   Epoch [50/132] Loss: 0.6302
2026-04-07 16:24:00,116 - INFO -   Epoch [60/132] Loss: 0.6691
2026-04-07 16:24:01,955 - INFO -   Epoch [70/132] Loss: 0.4482
2026-04-07 16:24:03,687 - INFO -   Epoch [80/132] Loss: 0.6761
2026-04-07 16:24:05,548 - INFO -   Epoch [90/132] Loss: 0.5564
2026-04-07 16:24:07,417 - INFO -   Epoch [100/132] Loss: 0.2827
2026-04-07 16:24:09,160 - INFO -   Epoch [110/132] Loss: 0.4485
2026-04-07 16:24:10,992 - INFO -   Epoch [120/132] Loss: 0.4058
2026-04-07 16:24:12,826 - INFO -   Epoch [130/132] Loss: 0.5273
2026-04-07 16:24:14,186 - INFO -   Train Loss: 0.5600
2026-04-07 16:24:14,186 - INFO -   Train Accuracy: 78.79%
2026-04-07 16:24:14,186 - INFO -   Val Loss: 0.5619
2026-04-07 16:24:14,186 - INFO -   Val Accuracy: 77.78% | F1: 0.7785
2026-04-07 16:24:14,186 - INFO -   LR: 0.000025
2026-04-07 16:24:14,186 - INFO -   Patience: 11/30
2026-04-07 16:24:14,186 - INFO - 
Epoch 45/300
2026-04-07 16:24:16,027 - INFO -   Epoch [10/132] Loss: 0.2430
2026-04-07 16:24:17,883 - INFO -   Epoch [20/132] Loss: 0.7126
2026-04-07 16:24:19,681 - INFO -   Epoch [30/132] Loss: 0.2100
2026-04-07 16:24:21,461 - INFO -   Epoch [40/132] Loss: 0.7914
2026-04-07 16:24:23,301 - INFO -   Epoch [50/132] Loss: 0.5436
2026-04-07 16:24:25,143 - INFO -   Epoch [60/132] Loss: 0.4764
2026-04-07 16:24:26,893 - INFO -   Epoch [70/132] Loss: 0.8262
2026-04-07 16:24:28,718 - INFO -   Epoch [80/132] Loss: 0.5839
2026-04-07 16:24:30,564 - INFO -   Epoch [90/132] Loss: 0.5149
2026-04-07 16:24:32,405 - INFO -   Epoch [100/132] Loss: 0.2408
2026-04-07 16:24:34,154 - INFO -   Epoch [110/132] Loss: 0.7916
2026-04-07 16:24:36,025 - INFO -   Epoch [120/132] Loss: 0.4936
2026-04-07 16:24:37,881 - INFO -   Epoch [130/132] Loss: 0.4663
2026-04-07 16:24:39,151 - INFO -   Train Loss: 0.5533
2026-04-07 16:24:39,151 - INFO -   Train Accuracy: 79.11%
2026-04-07 16:24:39,151 - INFO -   Val Loss: 0.5698
2026-04-07 16:24:39,152 - INFO -   Val Accuracy: 76.44% | F1: 0.7658
2026-04-07 16:24:39,152 - INFO -   LR: 0.000025
2026-04-07 16:24:39,152 - INFO -   Patience: 12/30
2026-04-07 16:24:39,152 - INFO - 
Epoch 46/300
2026-04-07 16:24:40,985 - INFO -   Epoch [10/132] Loss: 0.4417
2026-04-07 16:24:42,827 - INFO -   Epoch [20/132] Loss: 0.4348
2026-04-07 16:24:44,615 - INFO -   Epoch [30/132] Loss: 0.5790
2026-04-07 16:24:46,474 - INFO -   Epoch [40/132] Loss: 0.5130
2026-04-07 16:24:48,323 - INFO -   Epoch [50/132] Loss: 0.6451
2026-04-07 16:24:50,068 - INFO -   Epoch [60/132] Loss: 0.7692
2026-04-07 16:24:51,907 - INFO -   Epoch [70/132] Loss: 0.3701
2026-04-07 16:24:53,683 - INFO -   Epoch [80/132] Loss: 0.5143
2026-04-07 16:24:55,495 - INFO -   Epoch [90/132] Loss: 0.7317
2026-04-07 16:24:57,348 - INFO -   Epoch [100/132] Loss: 0.7959
2026-04-07 16:24:59,075 - INFO -   Epoch [110/132] Loss: 0.7469
2026-04-07 16:25:00,909 - INFO -   Epoch [120/132] Loss: 0.4306
2026-04-07 16:25:02,780 - INFO -   Epoch [130/132] Loss: 0.3632
2026-04-07 16:25:04,126 - INFO -   Train Loss: 0.5608
2026-04-07 16:25:04,126 - INFO -   Train Accuracy: 79.17%
2026-04-07 16:25:04,127 - INFO -   Val Loss: 0.5743
2026-04-07 16:25:04,127 - INFO -   Val Accuracy: 77.33% | F1: 0.7734
2026-04-07 16:25:04,127 - INFO -   LR: 0.000013
2026-04-07 16:25:04,127 - INFO -   Patience: 13/30
2026-04-07 16:25:04,127 - INFO - 
Epoch 47/300
2026-04-07 16:25:05,977 - INFO -   Epoch [10/132] Loss: 0.4183
2026-04-07 16:25:07,832 - INFO -   Epoch [20/132] Loss: 0.4410
2026-04-07 16:25:09,580 - INFO -   Epoch [30/132] Loss: 0.5955
2026-04-07 16:25:11,433 - INFO -   Epoch [40/132] Loss: 0.5164
2026-04-07 16:25:13,191 - INFO -   Epoch [50/132] Loss: 0.5942
2026-04-07 16:25:15,028 - INFO -   Epoch [60/132] Loss: 0.6338
2026-04-07 16:25:16,871 - INFO -   Epoch [70/132] Loss: 0.9747
2026-04-07 16:25:18,639 - INFO -   Epoch [80/132] Loss: 0.4584
2026-04-07 16:25:20,497 - INFO -   Epoch [90/132] Loss: 0.5652
2026-04-07 16:25:22,252 - INFO -   Epoch [100/132] Loss: 0.6353
2026-04-07 16:25:24,089 - INFO -   Epoch [110/132] Loss: 0.7236
2026-04-07 16:25:25,913 - INFO -   Epoch [120/132] Loss: 0.6539
2026-04-07 16:25:27,665 - INFO -   Epoch [130/132] Loss: 0.4378
2026-04-07 16:25:28,953 - INFO -   Train Loss: 0.5526
2026-04-07 16:25:28,953 - INFO -   Train Accuracy: 78.86%
2026-04-07 16:25:28,953 - INFO -   Val Loss: 0.5789
2026-04-07 16:25:28,953 - INFO -   Val Accuracy: 76.44% | F1: 0.7661
2026-04-07 16:25:28,954 - INFO -   LR: 0.000013
2026-04-07 16:25:28,954 - INFO -   Patience: 14/30
2026-04-07 16:25:28,954 - INFO - 
Epoch 48/300
2026-04-07 16:25:30,726 - INFO -   Epoch [10/132] Loss: 0.4127
2026-04-07 16:25:32,556 - INFO -   Epoch [20/132] Loss: 0.4233
2026-04-07 16:25:34,312 - INFO -   Epoch [30/132] Loss: 1.1385
2026-04-07 16:25:36,149 - INFO -   Epoch [40/132] Loss: 0.3042
2026-04-07 16:25:37,994 - INFO -   Epoch [50/132] Loss: 0.4151
2026-04-07 16:25:39,719 - INFO -   Epoch [60/132] Loss: 0.4809
2026-04-07 16:25:41,601 - INFO -   Epoch [70/132] Loss: 0.5561
2026-04-07 16:25:43,477 - INFO -   Epoch [80/132] Loss: 0.1691
2026-04-07 16:25:45,215 - INFO -   Epoch [90/132] Loss: 0.5115
2026-04-07 16:25:47,044 - INFO -   Epoch [100/132] Loss: 0.6114
2026-04-07 16:25:48,902 - INFO -   Epoch [110/132] Loss: 0.4617
2026-04-07 16:25:50,641 - INFO -   Epoch [120/132] Loss: 0.3944
2026-04-07 16:25:52,463 - INFO -   Epoch [130/132] Loss: 0.6584
2026-04-07 16:25:53,749 - INFO -   Train Loss: 0.5593
2026-04-07 16:25:53,749 - INFO -   Train Accuracy: 79.56%
2026-04-07 16:25:53,749 - INFO -   Val Loss: 0.5727
2026-04-07 16:25:53,749 - INFO -   Val Accuracy: 76.89% | F1: 0.7703
2026-04-07 16:25:53,749 - INFO -   LR: 0.000013
2026-04-07 16:25:53,750 - INFO -   Patience: 15/30
2026-04-07 16:25:53,750 - INFO - 
Epoch 49/300
2026-04-07 16:25:55,560 - INFO -   Epoch [10/132] Loss: 0.3948
2026-04-07 16:25:57,399 - INFO -   Epoch [20/132] Loss: 0.3123
2026-04-07 16:25:59,152 - INFO -   Epoch [30/132] Loss: 0.3397
2026-04-07 16:26:01,001 - INFO -   Epoch [40/132] Loss: 0.4413
2026-04-07 16:26:02,835 - INFO -   Epoch [50/132] Loss: 0.3402
2026-04-07 16:26:04,591 - INFO -   Epoch [60/132] Loss: 0.3492
2026-04-07 16:26:06,431 - INFO -   Epoch [70/132] Loss: 0.5555
2026-04-07 16:26:08,247 - INFO -   Epoch [80/132] Loss: 0.3959
2026-04-07 16:26:10,033 - INFO -   Epoch [90/132] Loss: 0.5028
2026-04-07 16:26:11,865 - INFO -   Epoch [100/132] Loss: 0.6112
2026-04-07 16:26:13,609 - INFO -   Epoch [110/132] Loss: 0.6318
2026-04-07 16:26:15,487 - INFO -   Epoch [120/132] Loss: 0.5900
2026-04-07 16:26:17,346 - INFO -   Epoch [130/132] Loss: 0.7452
2026-04-07 16:26:18,663 - INFO -   Train Loss: 0.5692
2026-04-07 16:26:18,663 - INFO -   Train Accuracy: 78.67%
2026-04-07 16:26:18,663 - INFO -   Val Loss: 0.5751
2026-04-07 16:26:18,663 - INFO -   Val Accuracy: 77.33% | F1: 0.7744
2026-04-07 16:26:18,663 - INFO -   LR: 0.000013
2026-04-07 16:26:18,663 - INFO -   Patience: 16/30
2026-04-07 16:26:18,663 - INFO - 
Epoch 50/300
2026-04-07 16:26:20,548 - INFO -   Epoch [10/132] Loss: 0.6313
2026-04-07 16:26:22,340 - INFO -   Epoch [20/132] Loss: 0.5375
2026-04-07 16:26:24,169 - INFO -   Epoch [30/132] Loss: 0.4330
2026-04-07 16:26:26,031 - INFO -   Epoch [40/132] Loss: 0.5075
2026-04-07 16:26:27,903 - INFO -   Epoch [50/132] Loss: 0.6287
2026-04-07 16:26:29,794 - INFO -   Epoch [60/132] Loss: 0.3486
2026-04-07 16:26:31,588 - INFO -   Epoch [70/132] Loss: 0.6597
2026-04-07 16:26:33,435 - INFO -   Epoch [80/132] Loss: 0.3919
2026-04-07 16:26:35,180 - INFO -   Epoch [90/132] Loss: 0.9538
2026-04-07 16:26:37,009 - INFO -   Epoch [100/132] Loss: 0.7511
2026-04-07 16:26:38,858 - INFO -   Epoch [110/132] Loss: 0.6166
2026-04-07 16:26:40,769 - INFO -   Epoch [120/132] Loss: 0.5186
2026-04-07 16:26:42,605 - INFO -   Epoch [130/132] Loss: 0.3606
2026-04-07 16:26:43,906 - INFO -   Train Loss: 0.5463
2026-04-07 16:26:43,907 - INFO -   Train Accuracy: 79.17%
2026-04-07 16:26:43,907 - INFO -   Val Loss: 0.5758
2026-04-07 16:26:43,907 - INFO -   Val Accuracy: 76.00% | F1: 0.7620
2026-04-07 16:26:43,907 - INFO -   LR: 0.000013
2026-04-07 16:26:43,907 - INFO -   Patience: 17/30
2026-04-07 16:26:43,907 - INFO - 
Epoch 51/300
2026-04-07 16:26:45,752 - INFO -   Epoch [10/132] Loss: 0.5480
2026-04-07 16:26:47,580 - INFO -   Epoch [20/132] Loss: 0.6092
2026-04-07 16:26:49,313 - INFO -   Epoch [30/132] Loss: 0.3491
2026-04-07 16:26:51,144 - INFO -   Epoch [40/132] Loss: 0.4572
2026-04-07 16:26:52,930 - INFO -   Epoch [50/132] Loss: 1.0298
2026-04-07 16:26:54,762 - INFO -   Epoch [60/132] Loss: 0.5585
2026-04-07 16:26:56,595 - INFO -   Epoch [70/132] Loss: 0.4580
2026-04-07 16:26:58,405 - INFO -   Epoch [80/132] Loss: 0.5594
2026-04-07 16:27:00,274 - INFO -   Epoch [90/132] Loss: 0.3678
2026-04-07 16:27:02,068 - INFO -   Epoch [100/132] Loss: 0.3452
2026-04-07 16:27:03,955 - INFO -   Epoch [110/132] Loss: 0.6351
2026-04-07 16:27:05,700 - INFO -   Epoch [120/132] Loss: 0.4878
2026-04-07 16:27:07,514 - INFO -   Epoch [130/132] Loss: 0.9067
2026-04-07 16:27:08,801 - INFO -   Train Loss: 0.5619
2026-04-07 16:27:08,802 - INFO -   Train Accuracy: 78.29%
2026-04-07 16:27:08,802 - INFO -   Val Loss: 0.5733
2026-04-07 16:27:08,802 - INFO -   Val Accuracy: 76.00% | F1: 0.7612
2026-04-07 16:27:08,802 - INFO -   LR: 0.000013
2026-04-07 16:27:08,802 - INFO -   Patience: 18/30
2026-04-07 16:27:08,802 - INFO - 
Epoch 52/300
2026-04-07 16:27:10,650 - INFO -   Epoch [10/132] Loss: 0.5868
2026-04-07 16:27:12,482 - INFO -   Epoch [20/132] Loss: 0.2441
2026-04-07 16:27:14,290 - INFO -   Epoch [30/132] Loss: 0.1761
2026-04-07 16:27:16,192 - INFO -   Epoch [40/132] Loss: 0.6577
2026-04-07 16:27:17,949 - INFO -   Epoch [50/132] Loss: 0.3545
2026-04-07 16:27:19,795 - INFO -   Epoch [60/132] Loss: 0.5862
2026-04-07 16:27:21,630 - INFO -   Epoch [70/132] Loss: 0.3276
2026-04-07 16:27:23,393 - INFO -   Epoch [80/132] Loss: 0.5960
2026-04-07 16:27:25,222 - INFO -   Epoch [90/132] Loss: 0.4833
2026-04-07 16:27:26,975 - INFO -   Epoch [100/132] Loss: 0.8319
2026-04-07 16:27:28,819 - INFO -   Epoch [110/132] Loss: 0.8070
2026-04-07 16:27:30,659 - INFO -   Epoch [120/132] Loss: 0.4347
2026-04-07 16:27:32,451 - INFO -   Epoch [130/132] Loss: 0.3731
2026-04-07 16:27:33,744 - INFO -   Train Loss: 0.5514
2026-04-07 16:27:33,744 - INFO -   Train Accuracy: 79.49%
2026-04-07 16:27:33,744 - INFO -   Val Loss: 0.5745
2026-04-07 16:27:33,744 - INFO -   Val Accuracy: 76.89% | F1: 0.7703
2026-04-07 16:27:33,744 - INFO -   LR: 0.000006
2026-04-07 16:27:33,744 - INFO -   Patience: 19/30
2026-04-07 16:27:33,744 - INFO - 
Epoch 53/300
2026-04-07 16:27:35,540 - INFO -   Epoch [10/132] Loss: 0.3903
2026-04-07 16:27:37,385 - INFO -   Epoch [20/132] Loss: 0.7781
2026-04-07 16:27:39,173 - INFO -   Epoch [30/132] Loss: 0.3712
2026-04-07 16:27:41,019 - INFO -   Epoch [40/132] Loss: 0.6981
2026-04-07 16:27:42,789 - INFO -   Epoch [50/132] Loss: 0.8761
2026-04-07 16:27:44,625 - INFO -   Epoch [60/132] Loss: 0.4763
2026-04-07 16:27:46,466 - INFO -   Epoch [70/132] Loss: 0.4024
2026-04-07 16:27:48,234 - INFO -   Epoch [80/132] Loss: 0.6811
2026-04-07 16:27:50,091 - INFO -   Epoch [90/132] Loss: 0.8834
2026-04-07 16:27:51,884 - INFO -   Epoch [100/132] Loss: 0.2741
2026-04-07 16:27:53,697 - INFO -   Epoch [110/132] Loss: 0.6119
2026-04-07 16:27:55,526 - INFO -   Epoch [120/132] Loss: 0.7020
2026-04-07 16:27:57,311 - INFO -   Epoch [130/132] Loss: 0.3831
2026-04-07 16:27:58,599 - INFO -   Train Loss: 0.5452
2026-04-07 16:27:58,600 - INFO -   Train Accuracy: 79.62%
2026-04-07 16:27:58,600 - INFO -   Val Loss: 0.5783
2026-04-07 16:27:58,600 - INFO -   Val Accuracy: 76.44% | F1: 0.7661
2026-04-07 16:27:58,600 - INFO -   LR: 0.000006
2026-04-07 16:27:58,600 - INFO -   Patience: 20/30
2026-04-07 16:27:58,600 - INFO - 
Epoch 54/300
2026-04-07 16:28:00,427 - INFO -   Epoch [10/132] Loss: 0.2326
2026-04-07 16:28:02,304 - INFO -   Epoch [20/132] Loss: 0.4862
2026-04-07 16:28:04,067 - INFO -   Epoch [30/132] Loss: 0.3860
2026-04-07 16:28:05,892 - INFO -   Epoch [40/132] Loss: 1.0997
2026-04-07 16:28:07,710 - INFO -   Epoch [50/132] Loss: 0.2660
2026-04-07 16:28:09,547 - INFO -   Epoch [60/132] Loss: 0.3513
2026-04-07 16:28:11,315 - INFO -   Epoch [70/132] Loss: 0.2342
2026-04-07 16:28:13,181 - INFO -   Epoch [80/132] Loss: 0.4862
2026-04-07 16:28:15,003 - INFO -   Epoch [90/132] Loss: 0.6932
2026-04-07 16:28:16,847 - INFO -   Epoch [100/132] Loss: 0.8865
2026-04-07 16:28:18,644 - INFO -   Epoch [110/132] Loss: 0.4667
2026-04-07 16:28:20,444 - INFO -   Epoch [120/132] Loss: 0.5206
2026-04-07 16:28:22,318 - INFO -   Epoch [130/132] Loss: 0.9130
2026-04-07 16:28:23,645 - INFO -   Train Loss: 0.5419
2026-04-07 16:28:23,645 - INFO -   Train Accuracy: 80.32%
2026-04-07 16:28:23,645 - INFO -   Val Loss: 0.5757
2026-04-07 16:28:23,645 - INFO -   Val Accuracy: 76.89% | F1: 0.7702
2026-04-07 16:28:23,645 - INFO -   LR: 0.000006
2026-04-07 16:28:23,645 - INFO -   Patience: 21/30
2026-04-07 16:28:23,646 - INFO - 
Epoch 55/300
2026-04-07 16:28:25,482 - INFO -   Epoch [10/132] Loss: 0.3736
2026-04-07 16:28:27,311 - INFO -   Epoch [20/132] Loss: 0.7657
2026-04-07 16:28:29,128 - INFO -   Epoch [30/132] Loss: 0.9835
2026-04-07 16:28:30,982 - INFO -   Epoch [40/132] Loss: 0.5374
2026-04-07 16:28:32,758 - INFO -   Epoch [50/132] Loss: 0.4728
2026-04-07 16:28:34,609 - INFO -   Epoch [60/132] Loss: 0.5410
2026-04-07 16:28:36,367 - INFO -   Epoch [70/132] Loss: 0.3623
2026-04-07 16:28:38,206 - INFO -   Epoch [80/132] Loss: 0.5940
2026-04-07 16:28:40,057 - INFO -   Epoch [90/132] Loss: 0.2555
2026-04-07 16:28:41,819 - INFO -   Epoch [100/132] Loss: 0.5204
2026-04-07 16:28:43,650 - INFO -   Epoch [110/132] Loss: 0.3416
2026-04-07 16:28:45,439 - INFO -   Epoch [120/132] Loss: 0.8194
2026-04-07 16:28:47,288 - INFO -   Epoch [130/132] Loss: 0.3386
2026-04-07 16:28:48,596 - INFO -   Train Loss: 0.5403
2026-04-07 16:28:48,596 - INFO -   Train Accuracy: 79.81%
2026-04-07 16:28:48,596 - INFO -   Val Loss: 0.5733
2026-04-07 16:28:48,596 - INFO -   Val Accuracy: 76.89% | F1: 0.7703
2026-04-07 16:28:48,596 - INFO -   LR: 0.000006
2026-04-07 16:28:48,596 - INFO -   Patience: 22/30
2026-04-07 16:28:48,597 - INFO - 
Epoch 56/300
2026-04-07 16:28:50,442 - INFO -   Epoch [10/132] Loss: 0.2498
2026-04-07 16:28:52,256 - INFO -   Epoch [20/132] Loss: 0.5916
2026-04-07 16:28:54,038 - INFO -   Epoch [30/132] Loss: 0.7067
2026-04-07 16:28:55,888 - INFO -   Epoch [40/132] Loss: 0.4614
2026-04-07 16:28:57,630 - INFO -   Epoch [50/132] Loss: 0.5490
2026-04-07 16:28:59,476 - INFO -   Epoch [60/132] Loss: 0.3664
2026-04-07 16:29:01,314 - INFO -   Epoch [70/132] Loss: 0.2437
2026-04-07 16:29:03,099 - INFO -   Epoch [80/132] Loss: 0.3413
2026-04-07 16:29:04,959 - INFO -   Epoch [90/132] Loss: 0.5646
2026-04-07 16:29:06,886 - INFO -   Epoch [100/132] Loss: 0.5683
2026-04-07 16:29:08,719 - INFO -   Epoch [110/132] Loss: 0.5501
2026-04-07 16:29:10,521 - INFO -   Epoch [120/132] Loss: 0.9140
2026-04-07 16:29:12,387 - INFO -   Epoch [130/132] Loss: 0.3920
2026-04-07 16:29:13,947 - INFO -   Train Loss: 0.5565
2026-04-07 16:29:13,948 - INFO -   Train Accuracy: 78.67%
2026-04-07 16:29:13,949 - INFO -   Val Loss: 0.5754
2026-04-07 16:29:13,949 - INFO -   Val Accuracy: 76.89% | F1: 0.7702
2026-04-07 16:29:13,950 - INFO -   LR: 0.000006
2026-04-07 16:29:13,951 - INFO -   Patience: 23/30
2026-04-07 16:29:13,951 - INFO - 
Epoch 57/300
2026-04-07 16:29:15,823 - INFO -   Epoch [10/132] Loss: 0.2809
2026-04-07 16:29:17,532 - INFO -   Epoch [20/132] Loss: 0.3528
2026-04-07 16:29:19,216 - INFO -   Epoch [30/132] Loss: 0.6120
2026-04-07 16:29:20,907 - INFO -   Epoch [40/132] Loss: 1.2171
2026-04-07 16:29:22,771 - INFO -   Epoch [50/132] Loss: 0.6528
2026-04-07 16:29:24,800 - INFO -   Epoch [60/132] Loss: 0.5404
2026-04-07 16:29:26,645 - INFO -   Epoch [70/132] Loss: 0.2705
2026-04-07 16:29:28,501 - INFO -   Epoch [80/132] Loss: 0.5899
2026-04-07 16:29:30,326 - INFO -   Epoch [90/132] Loss: 0.5811
2026-04-07 16:29:32,106 - INFO -   Epoch [100/132] Loss: 0.7243
2026-04-07 16:29:33,933 - INFO -   Epoch [110/132] Loss: 0.4098
2026-04-07 16:29:35,714 - INFO -   Epoch [120/132] Loss: 0.2532
2026-04-07 16:29:37,480 - INFO -   Epoch [130/132] Loss: 0.2279
2026-04-07 16:29:38,971 - INFO -   Train Loss: 0.5424
2026-04-07 16:29:38,971 - INFO -   Train Accuracy: 78.79%
2026-04-07 16:29:38,971 - INFO -   Val Loss: 0.5749
2026-04-07 16:29:38,971 - INFO -   Val Accuracy: 76.89% | F1: 0.7705
2026-04-07 16:29:38,971 - INFO -   LR: 0.000006
2026-04-07 16:29:38,972 - INFO -   Patience: 24/30
2026-04-07 16:29:38,972 - INFO - 
Epoch 58/300
2026-04-07 16:29:40,741 - INFO -   Epoch [10/132] Loss: 0.4498
2026-04-07 16:29:42,503 - INFO -   Epoch [20/132] Loss: 0.4515
2026-04-07 16:29:44,285 - INFO -   Epoch [30/132] Loss: 0.5072
2026-04-07 16:29:46,057 - INFO -   Epoch [40/132] Loss: 0.5638
2026-04-07 16:29:47,840 - INFO -   Epoch [50/132] Loss: 0.7380
2026-04-07 16:29:49,673 - INFO -   Epoch [60/132] Loss: 0.4687
2026-04-07 16:29:51,449 - INFO -   Epoch [70/132] Loss: 0.3004
2026-04-07 16:29:53,233 - INFO -   Epoch [80/132] Loss: 1.2132
2026-04-07 16:29:55,004 - INFO -   Epoch [90/132] Loss: 0.7614
2026-04-07 16:29:56,784 - INFO -   Epoch [100/132] Loss: 0.4939
2026-04-07 16:29:58,622 - INFO -   Epoch [110/132] Loss: 0.4643
2026-04-07 16:30:00,418 - INFO -   Epoch [120/132] Loss: 0.2317
2026-04-07 16:30:02,190 - INFO -   Epoch [130/132] Loss: 0.3171
2026-04-07 16:30:03,712 - INFO -   Train Loss: 0.5351
2026-04-07 16:30:03,713 - INFO -   Train Accuracy: 79.43%
2026-04-07 16:30:03,713 - INFO -   Val Loss: 0.5753
2026-04-07 16:30:03,713 - INFO -   Val Accuracy: 77.33% | F1: 0.7744
2026-04-07 16:30:03,714 - INFO -   LR: 0.000003
2026-04-07 16:30:03,714 - INFO -   Patience: 25/30
2026-04-07 16:30:03,714 - INFO - 
Epoch 59/300
2026-04-07 16:30:05,485 - INFO -   Epoch [10/132] Loss: 0.4451
2026-04-07 16:30:07,328 - INFO -   Epoch [20/132] Loss: 0.5783
2026-04-07 16:30:09,108 - INFO -   Epoch [30/132] Loss: 0.8651
2026-04-07 16:30:10,908 - INFO -   Epoch [40/132] Loss: 0.6813
2026-04-07 16:30:12,725 - INFO -   Epoch [50/132] Loss: 0.6599
2026-04-07 16:30:14,518 - INFO -   Epoch [60/132] Loss: 0.8101
2026-04-07 16:30:16,293 - INFO -   Epoch [70/132] Loss: 0.7534
2026-04-07 16:30:18,067 - INFO -   Epoch [80/132] Loss: 0.5578
2026-04-07 16:30:19,838 - INFO -   Epoch [90/132] Loss: 0.6083
2026-04-07 16:30:21,598 - INFO -   Epoch [100/132] Loss: 0.3290
2026-04-07 16:30:23,369 - INFO -   Epoch [110/132] Loss: 0.3001
2026-04-07 16:30:25,137 - INFO -   Epoch [120/132] Loss: 0.3931
2026-04-07 16:30:26,973 - INFO -   Epoch [130/132] Loss: 0.3870
2026-04-07 16:30:28,478 - INFO -   Train Loss: 0.5459
2026-04-07 16:30:28,479 - INFO -   Train Accuracy: 78.98%
2026-04-07 16:30:28,479 - INFO -   Val Loss: 0.5750
2026-04-07 16:30:28,479 - INFO -   Val Accuracy: 77.33% | F1: 0.7744
2026-04-07 16:30:28,479 - INFO -   LR: 0.000003
2026-04-07 16:30:28,479 - INFO -   Patience: 26/30
2026-04-07 16:30:28,479 - INFO - 
Epoch 60/300
2026-04-07 16:30:30,248 - INFO -   Epoch [10/132] Loss: 0.8963
2026-04-07 16:30:32,014 - INFO -   Epoch [20/132] Loss: 0.6994
2026-04-07 16:30:33,787 - INFO -   Epoch [30/132] Loss: 0.2682
2026-04-07 16:30:35,537 - INFO -   Epoch [40/132] Loss: 0.2701
2026-04-07 16:30:37,294 - INFO -   Epoch [50/132] Loss: 0.3305
2026-04-07 16:30:39,045 - INFO -   Epoch [60/132] Loss: 0.4753
2026-04-07 16:30:40,822 - INFO -   Epoch [70/132] Loss: 0.4190
2026-04-07 16:30:42,686 - INFO -   Epoch [80/132] Loss: 0.7030
2026-04-07 16:30:44,475 - INFO -   Epoch [90/132] Loss: 0.5553
2026-04-07 16:30:46,239 - INFO -   Epoch [100/132] Loss: 0.3425
2026-04-07 16:30:47,998 - INFO -   Epoch [110/132] Loss: 0.3559
2026-04-07 16:30:49,916 - INFO -   Epoch [120/132] Loss: 0.2924
2026-04-07 16:30:51,715 - INFO -   Epoch [130/132] Loss: 0.8651
2026-04-07 16:30:53,213 - INFO -   Train Loss: 0.5251
2026-04-07 16:30:53,214 - INFO -   Train Accuracy: 81.21%
2026-04-07 16:30:53,214 - INFO -   Val Loss: 0.5734
2026-04-07 16:30:53,214 - INFO -   Val Accuracy: 77.33% | F1: 0.7744
2026-04-07 16:30:53,214 - INFO -   LR: 0.000003
2026-04-07 16:30:53,214 - INFO -   Patience: 27/30
2026-04-07 16:30:53,214 - INFO - 
Epoch 61/300
2026-04-07 16:30:54,965 - INFO -   Epoch [10/132] Loss: 0.1668
2026-04-07 16:30:56,746 - INFO -   Epoch [20/132] Loss: 0.3943
2026-04-07 16:30:58,517 - INFO -   Epoch [30/132] Loss: 0.4273
2026-04-07 16:31:00,357 - INFO -   Epoch [40/132] Loss: 0.3159
2026-04-07 16:31:02,188 - INFO -   Epoch [50/132] Loss: 0.4771
2026-04-07 16:31:03,990 - INFO -   Epoch [60/132] Loss: 0.1712
2026-04-07 16:31:05,751 - INFO -   Epoch [70/132] Loss: 0.6300
2026-04-07 16:31:07,584 - INFO -   Epoch [80/132] Loss: 0.6487
2026-04-07 16:31:09,436 - INFO -   Epoch [90/132] Loss: 0.9957
2026-04-07 16:31:11,267 - INFO -   Epoch [100/132] Loss: 0.3404
2026-04-07 16:31:13,110 - INFO -   Epoch [110/132] Loss: 0.5591
2026-04-07 16:31:14,949 - INFO -   Epoch [120/132] Loss: 0.3523
2026-04-07 16:31:16,776 - INFO -   Epoch [130/132] Loss: 0.6608
2026-04-07 16:31:18,387 - INFO -   Train Loss: 0.5343
2026-04-07 16:31:18,388 - INFO -   Train Accuracy: 79.87%
2026-04-07 16:31:18,388 - INFO -   Val Loss: 0.5754
2026-04-07 16:31:18,388 - INFO -   Val Accuracy: 77.33% | F1: 0.7744
2026-04-07 16:31:18,388 - INFO -   LR: 0.000003
2026-04-07 16:31:18,388 - INFO -   Patience: 28/30
2026-04-07 16:31:18,388 - INFO - 
Epoch 62/300
2026-04-07 16:31:20,232 - INFO -   Epoch [10/132] Loss: 0.4424
2026-04-07 16:31:22,120 - INFO -   Epoch [20/132] Loss: 0.3898
2026-04-07 16:31:23,951 - INFO -   Epoch [30/132] Loss: 0.3098
2026-04-07 16:31:25,781 - INFO -   Epoch [40/132] Loss: 0.3650
2026-04-07 16:31:27,557 - INFO -   Epoch [50/132] Loss: 0.1435
2026-04-07 16:31:29,316 - INFO -   Epoch [60/132] Loss: 0.4917
2026-04-07 16:31:31,083 - INFO -   Epoch [70/132] Loss: 1.0488
2026-04-07 16:31:32,853 - INFO -   Epoch [80/132] Loss: 1.1174
2026-04-07 16:31:34,634 - INFO -   Epoch [90/132] Loss: 0.4871
2026-04-07 16:31:36,403 - INFO -   Epoch [100/132] Loss: 0.6445
2026-04-07 16:31:38,195 - INFO -   Epoch [110/132] Loss: 0.8986
2026-04-07 16:31:39,971 - INFO -   Epoch [120/132] Loss: 0.2876
2026-04-07 16:31:41,757 - INFO -   Epoch [130/132] Loss: 0.4978
2026-04-07 16:31:43,271 - INFO -   Train Loss: 0.5396
2026-04-07 16:31:43,271 - INFO -   Train Accuracy: 79.43%
2026-04-07 16:31:43,271 - INFO -   Val Loss: 0.5739
2026-04-07 16:31:43,271 - INFO -   Val Accuracy: 76.89% | F1: 0.7702
2026-04-07 16:31:43,271 - INFO -   LR: 0.000003
2026-04-07 16:31:43,271 - INFO -   Patience: 29/30
2026-04-07 16:31:43,271 - INFO - 
Epoch 63/300
2026-04-07 16:31:45,103 - INFO -   Epoch [10/132] Loss: 0.5150
2026-04-07 16:31:46,942 - INFO -   Epoch [20/132] Loss: 0.7785
2026-04-07 16:31:48,785 - INFO -   Epoch [30/132] Loss: 0.8172
2026-04-07 16:31:50,540 - INFO -   Epoch [40/132] Loss: 0.4885
2026-04-07 16:31:52,316 - INFO -   Epoch [50/132] Loss: 0.4211
2026-04-07 16:31:54,104 - INFO -   Epoch [60/132] Loss: 0.4648
2026-04-07 16:31:55,885 - INFO -   Epoch [70/132] Loss: 0.2996
2026-04-07 16:31:57,666 - INFO -   Epoch [80/132] Loss: 0.4503
2026-04-07 16:31:59,434 - INFO -   Epoch [90/132] Loss: 0.8162
2026-04-07 16:32:01,203 - INFO -   Epoch [100/132] Loss: 0.4319
2026-04-07 16:32:02,963 - INFO -   Epoch [110/132] Loss: 0.5212
2026-04-07 16:32:04,727 - INFO -   Epoch [120/132] Loss: 0.4826
2026-04-07 16:32:06,490 - INFO -   Epoch [130/132] Loss: 0.5943
2026-04-07 16:32:07,966 - INFO -   Train Loss: 0.5558
2026-04-07 16:32:07,967 - INFO -   Train Accuracy: 79.43%
2026-04-07 16:32:07,967 - INFO -   Val Loss: 0.5739
2026-04-07 16:32:07,967 - INFO -   Val Accuracy: 77.33% | F1: 0.7744
2026-04-07 16:32:07,967 - INFO -   LR: 0.000003
2026-04-07 16:32:07,967 - INFO -   Patience: 30/30
2026-04-07 16:32:07,967 - INFO - 
✓ Early stopping at epoch 63
2026-04-07 16:32:07,967 - INFO - 
✓ Training completed!
2026-04-07 16:32:07,967 - INFO -   Best Accuracy: 77.78%
2026-04-07 16:32:07,967 - INFO - 
================================================================================
2026-04-07 16:32:07,967 - INFO - Step 7: Testing
2026-04-07 16:32:07,967 - INFO - ================================================================================
/workspace/Graph_Deep_Learning/20251001-PRD_18-21-24-mobility_change_pattern/analysis/PRD-Mobility-Change-Pattern/train_multiscale_temporal.py:1072: FutureWarning: You are using `torch.load` with `weights_only=False` (the current default value), which uses the default pickle module implicitly. It is possible to construct malicious pickle data which will execute arbitrary code during unpickling (See https://github.com/pytorch/pytorch/blob/main/SECURITY.md#untrusted-models for more details). In a future release, the default value for `weights_only` will be flipped to `True`. This limits the functions that could be executed during unpickling. Arbitrary objects will no longer be allowed to be loaded via this mode unless they are explicitly allowlisted by the user via `torch.serialization.add_safe_globals`. We recommend you start setting `weights_only=True` for any use case where you don't have full control of the loaded file. Please open an issue on GitHub for any issues related to this experimental feature.
  checkpoint = torch.load(f"{output_dir}/models/best_model.pth")
2026-04-07 16:32:08,071 - INFO - ✓ Loaded best model from epoch 33
2026-04-07 16:32:10,329 - INFO - 
Test Results:
2026-04-07 16:32:10,329 - INFO -   - Accuracy: 76.00%
2026-04-07 16:32:10,329 - INFO -   - F1 Score: 0.7601
2026-04-07 16:32:10,331 - INFO -   - Kappa: 0.7298
2026-04-07 16:32:10,332 - INFO -   - Kappa: 0.7298
2026-04-07 16:32:10,342 - INFO - 
✓ All results saved to outputs/multiscale_temporal_20260407_160619_sampled_labels_spc250_seed202_reconstructed_phase51_spc250_weekly_gelu/metrics/
2026-04-07 16:32:10,342 - INFO -   - test_results.json
2026-04-07 16:32:10,342 - INFO -   - classification_report.txt
2026-04-07 16:32:10,342 - INFO -   - confusion_matrix.npy
2026-04-07 16:32:10,343 - INFO - 
================================================================================
2026-04-07 16:32:10,343 - INFO - Training Time Statistics
2026-04-07 16:32:10,343 - INFO - ================================================================================
2026-04-07 16:32:10,343 - INFO - Start time:    2026-04-07 16:06:19
2026-04-07 16:32:10,343 - INFO - End time:      2026-04-07 16:32:10
2026-04-07 16:32:10,343 - INFO - Total time:    00:25:51 (1551.17 seconds)
2026-04-07 16:32:10,343 - INFO -                (25.85 minutes, 0.43 hours)
2026-04-07 16:32:10,343 - INFO - ================================================================================
2026-04-07 16:32:10,343 - INFO - ✓ Timing info saved to outputs/multiscale_temporal_20260407_160619_sampled_labels_spc250_seed202_reconstructed_phase51_spc250_weekly_gelu/metrics/timing_info.json
2026-04-07 16:32:10,344 - INFO - ================================================================================
[LapPE] Loading from cache: outputs/.laplacian_pe_cache/lpe_n65049_k8_topk20x20.pt
[LapPE] Loaded: torch.Size([65049, 8])
