2026-04-05 20:39:00,050 - INFO - ================================================================================
2026-04-05 20:39:00,050 - INFO - Multi-Scale Temporal Branch Training
2026-04-05 20:39:00,050 - INFO - ================================================================================
2026-04-05 20:39:00,050 - INFO - Training started at: 2026-04-05 20:39:00
2026-04-05 20:39:00,050 - INFO - 
Improvement: Multi-Scale Temporal Branch (hourly + daily + weekly)
2026-04-05 20:39:00,050 - INFO - Dataset: data/labels_sgh_entropy_0.05_per_450.csv with flow threshold 0.0 and 168 time steps
2026-04-05 20:39:00,050 - INFO - Runtime overrides | spatial_model=GINE, samples_per_class=None, epochs=300, batch_size=12, lr=0.0001, grad_accum=4, early_stop=30, use_cache=True
2026-04-05 20:39:00,050 - INFO - Temporal override | temporal_model=GRU
2026-04-05 20:39:00,050 - INFO - Temporal layer override | layers=3
2026-04-05 20:39:00,050 - INFO - Graph overrides | topk_out=20, topk_in=20, topk_enabled=True
2026-04-05 20:39:00,050 - INFO - Graph temporal mode | mode=static
2026-04-05 20:39:00,050 - INFO - Seed override | random_seed=202
2026-04-05 20:39:00,050 - INFO - Spatial node feature mode | mode=raw_temporal_mean
2026-04-05 20:39:00,050 - INFO - GINE edge feature mode | mode=flow_distance_direction
2026-04-05 20:39:00,050 - INFO - Temporal feature mode | mode=inflow_outflow
2026-04-05 20:39:00,050 - INFO - Split manifest | load=None, export=None
2026-04-05 20:39:00,050 - INFO - Branch ablation mode | mode=full
2026-04-05 20:39:00,050 - INFO - Fusion ablation mode | mode=gated
2026-04-05 20:39:00,051 - INFO - 
Output directory: outputs/multiscale_temporal_20260405_203900_labels_sgh_entropy_0.05_per_450_comparison_B1_gru
2026-04-05 20:39:00,051 - INFO - Log file: outputs/multiscale_temporal_20260405_203900_labels_sgh_entropy_0.05_per_450_comparison_B1_gru/training.log
2026-04-05 20:39:00,051 - INFO - 
================================================================================
2026-04-05 20:39:00,051 - INFO - Step 1: Loading data
2026-04-05 20:39:00,051 - INFO - ================================================================================
2026-04-05 20:39:00,052 - INFO - ================================================================================
2026-04-05 20:39:00,052 - INFO - Dual-Year Experiment Data Preparation
2026-04-05 20:39:00,052 - INFO - ================================================================================
2026-04-05 20:39:00,052 - INFO - Label file: data/labels_sgh_entropy_0.05_per_450.csv
2026-04-05 20:39:00,052 - INFO - Samples per class: ALL
2026-04-05 20:39:00,052 - INFO - 
2026-04-05 20:39:00,052 - INFO - Loading grid metadata...
2026-04-05 20:39:00,052 - INFO - Loading grid metadata from data/grid_metadata/sgh_grid_metadata.csv
2026-04-05 20:39:00,118 - INFO - Loaded 65049 valid grid cells
2026-04-05 20:39:00,124 - INFO - ================================================================================
2026-04-05 20:39:00,124 - INFO - Loading Feature Cache (Level-1)
2026-04-05 20:39:00,124 - INFO - ================================================================================
2026-04-05 20:39:00,124 - INFO - Feature cache file: data/cache/features/dual_year_features_cb92786c4c45.pkl
/opt/conda/lib/python3.11/site-packages/torch/storage.py:414: FutureWarning: You are using `torch.load` with `weights_only=False` (the current default value), which uses the default pickle module implicitly. It is possible to construct malicious pickle data which will execute arbitrary code during unpickling (See https://github.com/pytorch/pytorch/blob/main/SECURITY.md#untrusted-models for more details). In a future release, the default value for `weights_only` will be flipped to `True`. This limits the functions that could be executed during unpickling. Arbitrary objects will no longer be allowed to be loaded via this mode unless they are explicitly allowlisted by the user via `torch.serialization.add_safe_globals`. We recommend you start setting `weights_only=True` for any use case where you don't have full control of the loaded file. Please open an issue on GitHub for any issues related to this experimental feature.
  return torch.load(io.BytesIO(b))
2026-04-05 20:39:00,189 - INFO - ✓ Feature cache hit
2026-04-05 20:39:00,189 - INFO -   - Total labeled grids: 4050
2026-04-05 20:39:00,189 - INFO - Building/loading spatial graphs...
2026-04-05 20:39:00,189 - INFO - CRITICAL FIX: Using GLOBAL metadata (all 65049 grids)
2026-04-05 20:39:00,297 - INFO - ================================================================================
2026-04-05 20:39:00,298 - INFO - Loading Graph Cache (Level-2 variant)
2026-04-05 20:39:00,298 - INFO - ================================================================================
2026-04-05 20:39:00,298 - INFO - Graph cache file: data/cache/graphs/dual_year_graph_variant_0e1f7f20f21e.pkl
2026-04-05 20:39:00,356 - INFO - ✓ Graph variant cache hit
2026-04-05 20:39:00,357 - INFO - 
✓ CRITICAL FIX APPLIED:
2026-04-05 20:39:00,357 - INFO -   - Global graph nodes: 65049 (from 65049 metadata)
2026-04-05 20:39:00,357 - INFO -   - Labeled nodes for training: 4050
2026-04-05 20:39:00,357 - INFO -   - Unlabeled nodes in graph: 60999
2026-04-05 20:39:00,357 - INFO -   - Graph temporal mode: static
2026-04-05 20:39:00,357 - INFO -   - Graph edge feature mode: flow_distance_direction
2026-04-05 20:39:00,357 - INFO -   - Graph snapshots per year: 1
2026-04-05 20:39:00,357 - INFO -   - Graph 2021 edges (snapshot0): 1034676
2026-04-05 20:39:00,357 - INFO -   - Graph 2024 edges (snapshot0): 1179275
2026-04-05 20:39:00,357 - INFO - 
Architecture:
2026-04-05 20:39:00,357 - INFO -   - Temporal Branch (LSTM): Uses 4050 labeled nodes with (168, 2) features
2026-04-05 20:39:00,357 - INFO -   - Spatial Branch (GCN/SAGE): Uses 65049 nodes with all-1 features
2026-04-05 20:39:00,357 - INFO -   - Feature dimension per labeled node: (168, 4)
2026-04-05 20:39:00,358 - INFO - 
Two-level cache summary:
2026-04-05 20:39:00,358 - INFO -   - Feature cache: data/cache/features/dual_year_features_cb92786c4c45.pkl
2026-04-05 20:39:00,358 - INFO -   - Graph base cache: data/cache/graphs/dual_year_graph_base_d4d046bfdc14.pkl
2026-04-05 20:39:00,358 - INFO -   - Graph variant cache: data/cache/graphs/dual_year_graph_variant_0e1f7f20f21e.pkl
2026-04-05 20:39:00,364 - INFO - ✓ Data loaded successfully
2026-04-05 20:39:00,365 - INFO -   - Total grids: 4050
2026-04-05 20:39:00,365 - INFO -   - Feature shape: (168, 4)
2026-04-05 20:39:00,365 - INFO -   - Graph 2021 edges: 1034676
2026-04-05 20:39:00,365 - INFO -   - Graph 2024 edges: 1179275
2026-04-05 20:39:00,365 - INFO -   - Graph edge feature mode: flow_distance_direction
2026-04-05 20:39:00,365 - INFO - 
================================================================================
2026-04-05 20:39:00,365 - INFO - Step 2: Preparing temporal features
2026-04-05 20:39:00,365 - INFO - ================================================================================
2026-04-05 20:39:00,405 - INFO - ✓ Temporal features prepared
2026-04-05 20:39:00,406 - INFO - 
================================================================================
2026-04-05 20:39:00,406 - INFO - Step 3: Creating dataset
2026-04-05 20:39:00,406 - INFO - ================================================================================
2026-04-05 20:39:00,406 - INFO - ✓ Dataset created: 4050 samples
2026-04-05 20:39:00,409 - INFO -   - Split Source: seeded_random_split
2026-04-05 20:39:00,410 - INFO -   - Wrote Split Manifest: outputs/multiscale_temporal_20260405_203900_labels_sgh_entropy_0.05_per_450_comparison_B1_gru/metrics/split_manifest.json
2026-04-05 20:39:00,410 - INFO -   - Train: 2835 samples
2026-04-05 20:39:00,410 - INFO -   - Val: 405 samples
2026-04-05 20:39:00,410 - INFO -   - Test: 810 samples
2026-04-05 20:39:00,705 - INFO - ✓ Data loaders created
2026-04-05 20:39:00,706 - INFO - 
================================================================================
2026-04-05 20:39:00,706 - INFO - Step 4: Creating Enhanced Model
2026-04-05 20:39:00,706 - INFO - ================================================================================
2026-04-05 20:39:00,706 - INFO - Using device: cuda
2026-04-05 20:39:00,706 - INFO - Spatial model: GINE
2026-04-05 20:39:00,706 - INFO - Temporal model: GRU
2026-04-05 20:39:02,544 - INFO -   - Registered spatial coordinates for GINE node features (torch.Size([65049, 2]))
2026-04-05 20:39:02,816 - INFO - ✓ Enhanced model created
2026-04-05 20:39:02,816 - INFO -   - Total parameters: 4,185,486
2026-04-05 20:39:02,817 - INFO -   - Trainable parameters: 4,185,486
2026-04-05 20:39:02,817 - INFO -   - Multi-scale temporal: Hourly + Daily + Weekly
2026-04-05 20:39:02,817 - INFO -   - Temporal branch model: GRU
2026-04-05 20:39:02,817 - INFO -   - Spatial branch: GINE
2026-04-05 20:39:02,817 - INFO -   - Laplacian PE dimension: 8
2026-04-05 20:39:02,817 - INFO -   - Branch ablation mode: full
2026-04-05 20:39:02,817 - INFO -   - Fusion ablation mode: gated
2026-04-05 20:39:02,817 - INFO - 
================================================================================
2026-04-05 20:39:02,817 - INFO - Step 5: Setting up training
2026-04-05 20:39:02,817 - INFO - ================================================================================
/opt/conda/lib/python3.11/site-packages/torch/optim/lr_scheduler.py:60: UserWarning: The verbose parameter is deprecated. Please use get_last_lr() to access the learning rate.
  warnings.warn(
2026-04-05 20:39:02,819 - INFO - ✓ Training setup complete
2026-04-05 20:39:02,819 - INFO -   - Optimizer: Adam (lr=0.0001, wd=0.001)
2026-04-05 20:39:02,819 - INFO -   - Scheduler: ReduceLROnPlateau (patience=5, factor=0.5)
2026-04-05 20:39:02,819 - INFO -   - Loss: Weighted CrossEntropy
2026-04-05 20:39:02,820 - INFO - 
================================================================================
2026-04-05 20:39:02,820 - INFO - Step 6: Training
2026-04-05 20:39:02,820 - INFO - ================================================================================
2026-04-05 20:39:02,820 - INFO - 
Epoch 1/300
/workspace/Graph_Deep_Learning/20251001-PRD_18-21-24-mobility_change_pattern/analysis/PRD-Mobility-Change-Pattern/src/models/enhanced_dual_branch_model.py:512: FutureWarning: You are using `torch.load` with `weights_only=False` (the current default value), which uses the default pickle module implicitly. It is possible to construct malicious pickle data which will execute arbitrary code during unpickling (See https://github.com/pytorch/pytorch/blob/main/SECURITY.md#untrusted-models for more details). In a future release, the default value for `weights_only` will be flipped to `True`. This limits the functions that could be executed during unpickling. Arbitrary objects will no longer be allowed to be loaded via this mode unless they are explicitly allowlisted by the user via `torch.serialization.add_safe_globals`. We recommend you start setting `weights_only=True` for any use case where you don't have full control of the loaded file. Please open an issue on GitHub for any issues related to this experimental feature.
  cached = torch.load(cache_path, map_location='cpu')
2026-04-05 20:39:05,210 - INFO -   Epoch [10/237] Loss: 2.2082
2026-04-05 20:39:06,997 - INFO -   Epoch [20/237] Loss: 2.0945
2026-04-05 20:39:08,810 - INFO -   Epoch [30/237] Loss: 2.1300
2026-04-05 20:39:10,634 - INFO -   Epoch [40/237] Loss: 2.0727
2026-04-05 20:39:12,413 - INFO -   Epoch [50/237] Loss: 2.1705
2026-04-05 20:39:14,198 - INFO -   Epoch [60/237] Loss: 1.9282
2026-04-05 20:39:15,997 - INFO -   Epoch [70/237] Loss: 1.8093
2026-04-05 20:39:17,796 - INFO -   Epoch [80/237] Loss: 1.8511
2026-04-05 20:39:19,586 - INFO -   Epoch [90/237] Loss: 2.0711
2026-04-05 20:39:21,372 - INFO -   Epoch [100/237] Loss: 2.2429
2026-04-05 20:39:23,161 - INFO -   Epoch [110/237] Loss: 2.0479
2026-04-05 20:39:24,953 - INFO -   Epoch [120/237] Loss: 1.9024
2026-04-05 20:39:26,734 - INFO -   Epoch [130/237] Loss: 2.1018
2026-04-05 20:39:28,507 - INFO -   Epoch [140/237] Loss: 2.1412
2026-04-05 20:39:30,290 - INFO -   Epoch [150/237] Loss: 2.2225
2026-04-05 20:39:32,072 - INFO -   Epoch [160/237] Loss: 1.7838
2026-04-05 20:39:33,847 - INFO -   Epoch [170/237] Loss: 1.8553
2026-04-05 20:39:35,631 - INFO -   Epoch [180/237] Loss: 1.7814
2026-04-05 20:39:37,407 - INFO -   Epoch [190/237] Loss: 2.0643
2026-04-05 20:39:39,211 - INFO -   Epoch [200/237] Loss: 1.5977
2026-04-05 20:39:40,998 - INFO -   Epoch [210/237] Loss: 1.8291
2026-04-05 20:39:42,784 - INFO -   Epoch [220/237] Loss: 1.8143
2026-04-05 20:39:44,579 - INFO -   Epoch [230/237] Loss: 1.9673
2026-04-05 20:39:47,899 - INFO -   Train Loss: 1.9784
2026-04-05 20:39:47,899 - INFO -   Train Accuracy: 25.29%
2026-04-05 20:39:47,900 - INFO -   Val Loss: 1.7330
2026-04-05 20:39:47,900 - INFO -   Val Accuracy: 31.60% | F1: 0.2641
2026-04-05 20:39:47,900 - INFO -   LR: 0.000100
2026-04-05 20:39:47,981 - INFO -   ✓ New best model saved! (Acc: 31.60%)
2026-04-05 20:39:47,981 - INFO -   Patience: 0/30
2026-04-05 20:39:47,981 - INFO - 
Epoch 2/300
2026-04-05 20:39:49,759 - INFO -   Epoch [10/237] Loss: 1.7472
2026-04-05 20:39:51,559 - INFO -   Epoch [20/237] Loss: 2.0916
2026-04-05 20:39:53,333 - INFO -   Epoch [30/237] Loss: 1.6252
2026-04-05 20:39:55,110 - INFO -   Epoch [40/237] Loss: 1.9296
2026-04-05 20:39:56,895 - INFO -   Epoch [50/237] Loss: 1.6715
2026-04-05 20:39:58,682 - INFO -   Epoch [60/237] Loss: 1.6819
2026-04-05 20:40:00,454 - INFO -   Epoch [70/237] Loss: 1.5652
2026-04-05 20:40:02,227 - INFO -   Epoch [80/237] Loss: 1.6075
2026-04-05 20:40:04,009 - INFO -   Epoch [90/237] Loss: 1.6304
2026-04-05 20:40:05,791 - INFO -   Epoch [100/237] Loss: 1.6812
2026-04-05 20:40:07,587 - INFO -   Epoch [110/237] Loss: 1.8270
2026-04-05 20:40:09,371 - INFO -   Epoch [120/237] Loss: 2.1982
2026-04-05 20:40:11,141 - INFO -   Epoch [130/237] Loss: 1.4948
2026-04-05 20:40:12,916 - INFO -   Epoch [140/237] Loss: 1.9355
2026-04-05 20:40:14,697 - INFO -   Epoch [150/237] Loss: 1.7641
2026-04-05 20:40:16,473 - INFO -   Epoch [160/237] Loss: 1.7363
2026-04-05 20:40:18,262 - INFO -   Epoch [170/237] Loss: 1.6483
2026-04-05 20:40:20,064 - INFO -   Epoch [180/237] Loss: 1.6439
2026-04-05 20:40:21,872 - INFO -   Epoch [190/237] Loss: 2.0686
2026-04-05 20:40:23,662 - INFO -   Epoch [200/237] Loss: 1.7552
2026-04-05 20:40:25,438 - INFO -   Epoch [210/237] Loss: 1.6610
2026-04-05 20:40:27,236 - INFO -   Epoch [220/237] Loss: 2.1143
2026-04-05 20:40:29,008 - INFO -   Epoch [230/237] Loss: 1.9649
2026-04-05 20:40:32,341 - INFO -   Train Loss: 1.7894
2026-04-05 20:40:32,341 - INFO -   Train Accuracy: 32.42%
2026-04-05 20:40:32,341 - INFO -   Val Loss: 1.6134
2026-04-05 20:40:32,341 - INFO -   Val Accuracy: 39.51% | F1: 0.3665
2026-04-05 20:40:32,341 - INFO -   LR: 0.000100
2026-04-05 20:40:33,062 - INFO -   ✓ New best model saved! (Acc: 39.51%)
2026-04-05 20:40:33,062 - INFO -   Patience: 0/30
2026-04-05 20:40:33,063 - INFO - 
Epoch 3/300
2026-04-05 20:40:34,833 - INFO -   Epoch [10/237] Loss: 1.3425
2026-04-05 20:40:36,613 - INFO -   Epoch [20/237] Loss: 1.2913
2026-04-05 20:40:38,428 - INFO -   Epoch [30/237] Loss: 1.5136
2026-04-05 20:40:40,220 - INFO -   Epoch [40/237] Loss: 1.7766
2026-04-05 20:40:42,010 - INFO -   Epoch [50/237] Loss: 1.3483
2026-04-05 20:40:43,806 - INFO -   Epoch [60/237] Loss: 1.4771
2026-04-05 20:40:45,576 - INFO -   Epoch [70/237] Loss: 1.7528
2026-04-05 20:40:47,366 - INFO -   Epoch [80/237] Loss: 2.2003
2026-04-05 20:40:49,141 - INFO -   Epoch [90/237] Loss: 1.8306
2026-04-05 20:40:50,920 - INFO -   Epoch [100/237] Loss: 1.3449
2026-04-05 20:40:52,701 - INFO -   Epoch [110/237] Loss: 1.9292
2026-04-05 20:40:54,486 - INFO -   Epoch [120/237] Loss: 1.6446
2026-04-05 20:40:56,285 - INFO -   Epoch [130/237] Loss: 1.4866
2026-04-05 20:40:58,068 - INFO -   Epoch [140/237] Loss: 1.7312
2026-04-05 20:40:59,853 - INFO -   Epoch [150/237] Loss: 1.5218
2026-04-05 20:41:01,638 - INFO -   Epoch [160/237] Loss: 1.4235
2026-04-05 20:41:03,413 - INFO -   Epoch [170/237] Loss: 1.5824
2026-04-05 20:41:05,192 - INFO -   Epoch [180/237] Loss: 1.9570
2026-04-05 20:41:06,976 - INFO -   Epoch [190/237] Loss: 1.6653
2026-04-05 20:41:08,752 - INFO -   Epoch [200/237] Loss: 1.6558
2026-04-05 20:41:10,528 - INFO -   Epoch [210/237] Loss: 1.6736
2026-04-05 20:41:12,314 - INFO -   Epoch [220/237] Loss: 1.3185
2026-04-05 20:41:14,102 - INFO -   Epoch [230/237] Loss: 1.5338
2026-04-05 20:41:17,384 - INFO -   Train Loss: 1.7119
2026-04-05 20:41:17,384 - INFO -   Train Accuracy: 33.54%
2026-04-05 20:41:17,384 - INFO -   Val Loss: 1.5510
2026-04-05 20:41:17,384 - INFO -   Val Accuracy: 41.73% | F1: 0.3718
2026-04-05 20:41:17,384 - INFO -   LR: 0.000100
2026-04-05 20:41:18,422 - INFO -   ✓ New best model saved! (Acc: 41.73%)
2026-04-05 20:41:18,423 - INFO -   Patience: 0/30
2026-04-05 20:41:18,423 - INFO - 
Epoch 4/300
2026-04-05 20:41:20,199 - INFO -   Epoch [10/237] Loss: 1.4602
2026-04-05 20:41:21,974 - INFO -   Epoch [20/237] Loss: 1.6358
2026-04-05 20:41:23,758 - INFO -   Epoch [30/237] Loss: 1.9093
2026-04-05 20:41:25,557 - INFO -   Epoch [40/237] Loss: 1.5200
2026-04-05 20:41:27,336 - INFO -   Epoch [50/237] Loss: 1.1882
2026-04-05 20:41:29,112 - INFO -   Epoch [60/237] Loss: 1.6174
2026-04-05 20:41:30,887 - INFO -   Epoch [70/237] Loss: 1.5763
2026-04-05 20:41:32,666 - INFO -   Epoch [80/237] Loss: 1.3286
2026-04-05 20:41:34,449 - INFO -   Epoch [90/237] Loss: 1.8175
2026-04-05 20:41:36,225 - INFO -   Epoch [100/237] Loss: 1.4667
2026-04-05 20:41:38,003 - INFO -   Epoch [110/237] Loss: 1.4784
2026-04-05 20:41:39,782 - INFO -   Epoch [120/237] Loss: 1.8752
2026-04-05 20:41:41,569 - INFO -   Epoch [130/237] Loss: 1.5368
2026-04-05 20:41:43,353 - INFO -   Epoch [140/237] Loss: 1.9375
2026-04-05 20:41:45,149 - INFO -   Epoch [150/237] Loss: 1.5944
2026-04-05 20:41:46,937 - INFO -   Epoch [160/237] Loss: 1.6183
2026-04-05 20:41:48,713 - INFO -   Epoch [170/237] Loss: 1.9882
2026-04-05 20:41:50,492 - INFO -   Epoch [180/237] Loss: 1.6663
2026-04-05 20:41:52,272 - INFO -   Epoch [190/237] Loss: 1.5135
2026-04-05 20:41:54,073 - INFO -   Epoch [200/237] Loss: 1.3421
2026-04-05 20:41:55,872 - INFO -   Epoch [210/237] Loss: 1.7381
2026-04-05 20:41:57,673 - INFO -   Epoch [220/237] Loss: 1.3571
2026-04-05 20:41:59,455 - INFO -   Epoch [230/237] Loss: 1.2706
2026-04-05 20:42:02,750 - INFO -   Train Loss: 1.6681
2026-04-05 20:42:02,750 - INFO -   Train Accuracy: 35.59%
2026-04-05 20:42:02,751 - INFO -   Val Loss: 1.5160
2026-04-05 20:42:02,751 - INFO -   Val Accuracy: 44.20% | F1: 0.4177
2026-04-05 20:42:02,751 - INFO -   LR: 0.000100
2026-04-05 20:42:03,223 - INFO -   ✓ New best model saved! (Acc: 44.20%)
2026-04-05 20:42:03,223 - INFO -   Patience: 0/30
2026-04-05 20:42:03,223 - INFO - 
Epoch 5/300
2026-04-05 20:42:05,016 - INFO -   Epoch [10/237] Loss: 1.7956
2026-04-05 20:42:06,816 - INFO -   Epoch [20/237] Loss: 1.3290
2026-04-05 20:42:08,610 - INFO -   Epoch [30/237] Loss: 1.9615
2026-04-05 20:42:10,397 - INFO -   Epoch [40/237] Loss: 1.4484
2026-04-05 20:42:12,184 - INFO -   Epoch [50/237] Loss: 1.9518
2026-04-05 20:42:13,974 - INFO -   Epoch [60/237] Loss: 1.6867
2026-04-05 20:42:15,763 - INFO -   Epoch [70/237] Loss: 1.5010
2026-04-05 20:42:17,535 - INFO -   Epoch [80/237] Loss: 1.6067
2026-04-05 20:42:19,314 - INFO -   Epoch [90/237] Loss: 1.8363
2026-04-05 20:42:21,103 - INFO -   Epoch [100/237] Loss: 1.5434
2026-04-05 20:42:22,891 - INFO -   Epoch [110/237] Loss: 1.5916
2026-04-05 20:42:24,671 - INFO -   Epoch [120/237] Loss: 1.4958
2026-04-05 20:42:26,447 - INFO -   Epoch [130/237] Loss: 1.4427
2026-04-05 20:42:28,218 - INFO -   Epoch [140/237] Loss: 1.3463
2026-04-05 20:42:29,994 - INFO -   Epoch [150/237] Loss: 1.4673
2026-04-05 20:42:31,775 - INFO -   Epoch [160/237] Loss: 1.4338
2026-04-05 20:42:33,554 - INFO -   Epoch [170/237] Loss: 1.3319
2026-04-05 20:42:35,350 - INFO -   Epoch [180/237] Loss: 1.3459
2026-04-05 20:42:37,131 - INFO -   Epoch [190/237] Loss: 1.5458
2026-04-05 20:42:38,912 - INFO -   Epoch [200/237] Loss: 1.6549
2026-04-05 20:42:40,693 - INFO -   Epoch [210/237] Loss: 1.7134
2026-04-05 20:42:42,470 - INFO -   Epoch [220/237] Loss: 1.5688
2026-04-05 20:42:44,249 - INFO -   Epoch [230/237] Loss: 1.5652
2026-04-05 20:42:47,599 - INFO -   Train Loss: 1.6103
2026-04-05 20:42:47,599 - INFO -   Train Accuracy: 38.24%
2026-04-05 20:42:47,600 - INFO -   Val Loss: 1.4773
2026-04-05 20:42:47,600 - INFO -   Val Accuracy: 43.95% | F1: 0.4200
2026-04-05 20:42:47,600 - INFO -   LR: 0.000100
2026-04-05 20:42:47,600 - INFO -   Patience: 1/30
2026-04-05 20:42:47,600 - INFO - 
Epoch 6/300
2026-04-05 20:42:49,413 - INFO -   Epoch [10/237] Loss: 1.7065
2026-04-05 20:42:51,192 - INFO -   Epoch [20/237] Loss: 1.5624
2026-04-05 20:42:52,965 - INFO -   Epoch [30/237] Loss: 1.4543
2026-04-05 20:42:54,737 - INFO -   Epoch [40/237] Loss: 1.4434
2026-04-05 20:42:56,510 - INFO -   Epoch [50/237] Loss: 1.6817
2026-04-05 20:42:58,289 - INFO -   Epoch [60/237] Loss: 1.5109
2026-04-05 20:43:00,080 - INFO -   Epoch [70/237] Loss: 1.7171
2026-04-05 20:43:01,861 - INFO -   Epoch [80/237] Loss: 1.7809
2026-04-05 20:43:03,647 - INFO -   Epoch [90/237] Loss: 1.4688
2026-04-05 20:43:05,461 - INFO -   Epoch [100/237] Loss: 1.3254
2026-04-05 20:43:07,238 - INFO -   Epoch [110/237] Loss: 1.4350
2026-04-05 20:43:09,014 - INFO -   Epoch [120/237] Loss: 1.2459
2026-04-05 20:43:10,802 - INFO -   Epoch [130/237] Loss: 1.7441
2026-04-05 20:43:12,601 - INFO -   Epoch [140/237] Loss: 1.8053
2026-04-05 20:43:14,392 - INFO -   Epoch [150/237] Loss: 1.4597
2026-04-05 20:43:16,185 - INFO -   Epoch [160/237] Loss: 2.0341
2026-04-05 20:43:17,956 - INFO -   Epoch [170/237] Loss: 1.5053
2026-04-05 20:43:19,734 - INFO -   Epoch [180/237] Loss: 1.3891
2026-04-05 20:43:21,511 - INFO -   Epoch [190/237] Loss: 1.4818
2026-04-05 20:43:23,290 - INFO -   Epoch [200/237] Loss: 1.4053
2026-04-05 20:43:25,065 - INFO -   Epoch [210/237] Loss: 1.8744
2026-04-05 20:43:26,858 - INFO -   Epoch [220/237] Loss: 1.6446
2026-04-05 20:43:28,643 - INFO -   Epoch [230/237] Loss: 1.5423
2026-04-05 20:43:31,933 - INFO -   Train Loss: 1.5820
2026-04-05 20:43:31,933 - INFO -   Train Accuracy: 38.31%
2026-04-05 20:43:31,933 - INFO -   Val Loss: 1.4802
2026-04-05 20:43:31,933 - INFO -   Val Accuracy: 44.94% | F1: 0.4484
2026-04-05 20:43:31,933 - INFO -   LR: 0.000100
2026-04-05 20:43:32,274 - INFO -   ✓ New best model saved! (Acc: 44.94%)
2026-04-05 20:43:32,274 - INFO -   Patience: 0/30
2026-04-05 20:43:32,274 - INFO - 
Epoch 7/300
2026-04-05 20:43:34,056 - INFO -   Epoch [10/237] Loss: 1.2140
2026-04-05 20:43:35,834 - INFO -   Epoch [20/237] Loss: 1.5526
2026-04-05 20:43:37,621 - INFO -   Epoch [30/237] Loss: 1.7845
2026-04-05 20:43:39,423 - INFO -   Epoch [40/237] Loss: 1.8648
2026-04-05 20:43:41,207 - INFO -   Epoch [50/237] Loss: 1.7905
2026-04-05 20:43:43,005 - INFO -   Epoch [60/237] Loss: 2.3481
2026-04-05 20:43:44,787 - INFO -   Epoch [70/237] Loss: 1.4498
2026-04-05 20:43:46,559 - INFO -   Epoch [80/237] Loss: 1.7159
2026-04-05 20:43:48,345 - INFO -   Epoch [90/237] Loss: 1.5316
2026-04-05 20:43:50,130 - INFO -   Epoch [100/237] Loss: 1.3928
2026-04-05 20:43:51,907 - INFO -   Epoch [110/237] Loss: 1.9147
2026-04-05 20:43:53,697 - INFO -   Epoch [120/237] Loss: 1.2474
2026-04-05 20:43:55,519 - INFO -   Epoch [130/237] Loss: 1.4387
2026-04-05 20:43:57,308 - INFO -   Epoch [140/237] Loss: 1.5698
2026-04-05 20:43:59,092 - INFO -   Epoch [150/237] Loss: 1.3748
2026-04-05 20:44:00,880 - INFO -   Epoch [160/237] Loss: 1.3698
2026-04-05 20:44:02,654 - INFO -   Epoch [170/237] Loss: 1.9391
2026-04-05 20:44:04,436 - INFO -   Epoch [180/237] Loss: 1.7423
2026-04-05 20:44:06,231 - INFO -   Epoch [190/237] Loss: 1.3817
2026-04-05 20:44:08,009 - INFO -   Epoch [200/237] Loss: 1.2890
2026-04-05 20:44:09,798 - INFO -   Epoch [210/237] Loss: 1.8121
2026-04-05 20:44:11,598 - INFO -   Epoch [220/237] Loss: 1.4657
2026-04-05 20:44:13,390 - INFO -   Epoch [230/237] Loss: 1.4762
2026-04-05 20:44:16,688 - INFO -   Train Loss: 1.5448
2026-04-05 20:44:16,688 - INFO -   Train Accuracy: 40.35%
2026-04-05 20:44:16,688 - INFO -   Val Loss: 1.4621
2026-04-05 20:44:16,688 - INFO -   Val Accuracy: 44.20% | F1: 0.4227
2026-04-05 20:44:16,689 - INFO -   LR: 0.000100
2026-04-05 20:44:16,689 - INFO -   Patience: 1/30
2026-04-05 20:44:16,689 - INFO - 
Epoch 8/300
2026-04-05 20:44:18,492 - INFO -   Epoch [10/237] Loss: 1.7565
2026-04-05 20:44:20,270 - INFO -   Epoch [20/237] Loss: 1.2122
2026-04-05 20:44:22,041 - INFO -   Epoch [30/237] Loss: 1.4168
2026-04-05 20:44:23,816 - INFO -   Epoch [40/237] Loss: 1.3774
2026-04-05 20:44:25,607 - INFO -   Epoch [50/237] Loss: 1.5762
2026-04-05 20:44:27,384 - INFO -   Epoch [60/237] Loss: 1.1676
2026-04-05 20:44:29,185 - INFO -   Epoch [70/237] Loss: 1.6342
2026-04-05 20:44:30,972 - INFO -   Epoch [80/237] Loss: 1.5380
2026-04-05 20:44:32,759 - INFO -   Epoch [90/237] Loss: 1.5457
2026-04-05 20:44:34,539 - INFO -   Epoch [100/237] Loss: 1.0070
2026-04-05 20:44:36,338 - INFO -   Epoch [110/237] Loss: 1.4626
2026-04-05 20:44:38,114 - INFO -   Epoch [120/237] Loss: 1.6147
2026-04-05 20:44:39,898 - INFO -   Epoch [130/237] Loss: 1.2855
2026-04-05 20:44:41,678 - INFO -   Epoch [140/237] Loss: 1.7210
2026-04-05 20:44:43,456 - INFO -   Epoch [150/237] Loss: 1.6433
2026-04-05 20:44:45,239 - INFO -   Epoch [160/237] Loss: 1.9480
2026-04-05 20:44:47,043 - INFO -   Epoch [170/237] Loss: 1.1775
2026-04-05 20:44:48,847 - INFO -   Epoch [180/237] Loss: 1.5481
2026-04-05 20:44:50,645 - INFO -   Epoch [190/237] Loss: 1.4463
2026-04-05 20:44:52,432 - INFO -   Epoch [200/237] Loss: 1.5827
2026-04-05 20:44:54,215 - INFO -   Epoch [210/237] Loss: 2.0519
2026-04-05 20:44:56,010 - INFO -   Epoch [220/237] Loss: 1.9229
2026-04-05 20:44:57,812 - INFO -   Epoch [230/237] Loss: 1.2881
2026-04-05 20:45:01,096 - INFO -   Train Loss: 1.5280
2026-04-05 20:45:01,096 - INFO -   Train Accuracy: 41.13%
2026-04-05 20:45:01,097 - INFO -   Val Loss: 1.4286
2026-04-05 20:45:01,097 - INFO -   Val Accuracy: 45.93% | F1: 0.4607
2026-04-05 20:45:01,097 - INFO -   LR: 0.000100
2026-04-05 20:45:01,523 - INFO -   ✓ New best model saved! (Acc: 45.93%)
2026-04-05 20:45:01,524 - INFO -   Patience: 0/30
2026-04-05 20:45:01,524 - INFO - 
Epoch 9/300
2026-04-05 20:45:03,311 - INFO -   Epoch [10/237] Loss: 1.6831
2026-04-05 20:45:05,089 - INFO -   Epoch [20/237] Loss: 1.7670
2026-04-05 20:45:06,879 - INFO -   Epoch [30/237] Loss: 1.4999
2026-04-05 20:45:08,660 - INFO -   Epoch [40/237] Loss: 1.3523
2026-04-05 20:45:10,439 - INFO -   Epoch [50/237] Loss: 1.3049
2026-04-05 20:45:12,219 - INFO -   Epoch [60/237] Loss: 1.3064
2026-04-05 20:45:13,998 - INFO -   Epoch [70/237] Loss: 1.3131
2026-04-05 20:45:15,777 - INFO -   Epoch [80/237] Loss: 1.6166
2026-04-05 20:45:17,557 - INFO -   Epoch [90/237] Loss: 1.8274
2026-04-05 20:45:19,350 - INFO -   Epoch [100/237] Loss: 1.0702
2026-04-05 20:45:21,123 - INFO -   Epoch [110/237] Loss: 1.9916
2026-04-05 20:45:22,904 - INFO -   Epoch [120/237] Loss: 1.7384
2026-04-05 20:45:24,686 - INFO -   Epoch [130/237] Loss: 1.1460
2026-04-05 20:45:26,468 - INFO -   Epoch [140/237] Loss: 1.3589
2026-04-05 20:45:28,247 - INFO -   Epoch [150/237] Loss: 1.3695
2026-04-05 20:45:30,025 - INFO -   Epoch [160/237] Loss: 1.3804
2026-04-05 20:45:31,811 - INFO -   Epoch [170/237] Loss: 1.2712
2026-04-05 20:45:33,589 - INFO -   Epoch [180/237] Loss: 1.6284
2026-04-05 20:45:35,367 - INFO -   Epoch [190/237] Loss: 2.0631
2026-04-05 20:45:37,144 - INFO -   Epoch [200/237] Loss: 1.8687
2026-04-05 20:45:38,916 - INFO -   Epoch [210/237] Loss: 1.1780
2026-04-05 20:45:40,694 - INFO -   Epoch [220/237] Loss: 1.3056
2026-04-05 20:45:42,474 - INFO -   Epoch [230/237] Loss: 1.2379
2026-04-05 20:45:45,825 - INFO -   Train Loss: 1.5265
2026-04-05 20:45:45,825 - INFO -   Train Accuracy: 41.02%
2026-04-05 20:45:45,825 - INFO -   Val Loss: 1.4298
2026-04-05 20:45:45,825 - INFO -   Val Accuracy: 46.17% | F1: 0.4641
2026-04-05 20:45:45,825 - INFO -   LR: 0.000100
2026-04-05 20:45:46,157 - INFO -   ✓ New best model saved! (Acc: 46.17%)
2026-04-05 20:45:46,158 - INFO -   Patience: 0/30
2026-04-05 20:45:46,158 - INFO - 
Epoch 10/300
2026-04-05 20:45:47,938 - INFO -   Epoch [10/237] Loss: 1.2538
2026-04-05 20:45:49,718 - INFO -   Epoch [20/237] Loss: 2.1215
2026-04-05 20:45:51,515 - INFO -   Epoch [30/237] Loss: 1.4678
2026-04-05 20:45:53,293 - INFO -   Epoch [40/237] Loss: 1.4088
2026-04-05 20:45:55,068 - INFO -   Epoch [50/237] Loss: 1.5590
2026-04-05 20:45:56,855 - INFO -   Epoch [60/237] Loss: 1.4873
2026-04-05 20:45:58,640 - INFO -   Epoch [70/237] Loss: 1.5258
2026-04-05 20:46:00,413 - INFO -   Epoch [80/237] Loss: 1.6047
2026-04-05 20:46:02,188 - INFO -   Epoch [90/237] Loss: 1.7640
2026-04-05 20:46:03,977 - INFO -   Epoch [100/237] Loss: 1.7895
2026-04-05 20:46:05,769 - INFO -   Epoch [110/237] Loss: 1.4225
2026-04-05 20:46:07,547 - INFO -   Epoch [120/237] Loss: 1.4223
2026-04-05 20:46:09,335 - INFO -   Epoch [130/237] Loss: 1.6699
2026-04-05 20:46:11,111 - INFO -   Epoch [140/237] Loss: 1.5197
2026-04-05 20:46:12,885 - INFO -   Epoch [150/237] Loss: 1.2966
2026-04-05 20:46:14,676 - INFO -   Epoch [160/237] Loss: 1.7583
2026-04-05 20:46:16,451 - INFO -   Epoch [170/237] Loss: 1.6620
2026-04-05 20:46:18,246 - INFO -   Epoch [180/237] Loss: 1.4771
2026-04-05 20:46:20,013 - INFO -   Epoch [190/237] Loss: 1.1094
2026-04-05 20:46:21,791 - INFO -   Epoch [200/237] Loss: 1.6203
2026-04-05 20:46:23,575 - INFO -   Epoch [210/237] Loss: 1.6254
2026-04-05 20:46:25,358 - INFO -   Epoch [220/237] Loss: 1.8899
2026-04-05 20:46:27,136 - INFO -   Epoch [230/237] Loss: 1.4247
2026-04-05 20:46:30,423 - INFO -   Train Loss: 1.4886
2026-04-05 20:46:30,423 - INFO -   Train Accuracy: 41.48%
2026-04-05 20:46:30,423 - INFO -   Val Loss: 1.4117
2026-04-05 20:46:30,423 - INFO -   Val Accuracy: 44.44% | F1: 0.4419
2026-04-05 20:46:30,423 - INFO -   LR: 0.000100
2026-04-05 20:46:30,424 - INFO -   Patience: 1/30
2026-04-05 20:46:30,424 - INFO - 
Epoch 11/300
2026-04-05 20:46:32,197 - INFO -   Epoch [10/237] Loss: 1.1398
2026-04-05 20:46:33,988 - INFO -   Epoch [20/237] Loss: 1.0431
2026-04-05 20:46:35,770 - INFO -   Epoch [30/237] Loss: 1.3666
2026-04-05 20:46:37,550 - INFO -   Epoch [40/237] Loss: 1.4254
2026-04-05 20:46:39,327 - INFO -   Epoch [50/237] Loss: 1.3661
2026-04-05 20:46:41,108 - INFO -   Epoch [60/237] Loss: 1.6160
2026-04-05 20:46:42,901 - INFO -   Epoch [70/237] Loss: 1.6663
2026-04-05 20:46:44,692 - INFO -   Epoch [80/237] Loss: 1.5453
2026-04-05 20:46:46,484 - INFO -   Epoch [90/237] Loss: 1.7214
2026-04-05 20:46:48,279 - INFO -   Epoch [100/237] Loss: 1.4458
2026-04-05 20:46:50,067 - INFO -   Epoch [110/237] Loss: 1.6986
2026-04-05 20:46:51,851 - INFO -   Epoch [120/237] Loss: 1.6143
2026-04-05 20:46:53,627 - INFO -   Epoch [130/237] Loss: 1.1330
2026-04-05 20:46:55,408 - INFO -   Epoch [140/237] Loss: 1.6324
2026-04-05 20:46:57,196 - INFO -   Epoch [150/237] Loss: 1.3402
2026-04-05 20:46:58,976 - INFO -   Epoch [160/237] Loss: 1.4836
2026-04-05 20:47:00,752 - INFO -   Epoch [170/237] Loss: 1.2677
2026-04-05 20:47:02,548 - INFO -   Epoch [180/237] Loss: 1.1678
2026-04-05 20:47:04,336 - INFO -   Epoch [190/237] Loss: 1.2936
2026-04-05 20:47:06,119 - INFO -   Epoch [200/237] Loss: 1.5263
2026-04-05 20:47:07,894 - INFO -   Epoch [210/237] Loss: 1.5040
2026-04-05 20:47:09,674 - INFO -   Epoch [220/237] Loss: 1.3426
2026-04-05 20:47:11,487 - INFO -   Epoch [230/237] Loss: 1.3566
2026-04-05 20:47:14,830 - INFO -   Train Loss: 1.4736
2026-04-05 20:47:14,831 - INFO -   Train Accuracy: 42.19%
2026-04-05 20:47:14,831 - INFO -   Val Loss: 1.4230
2026-04-05 20:47:14,831 - INFO -   Val Accuracy: 44.94% | F1: 0.4470
2026-04-05 20:47:14,831 - INFO -   LR: 0.000100
2026-04-05 20:47:14,831 - INFO -   Patience: 2/30
2026-04-05 20:47:14,831 - INFO - 
Epoch 12/300
2026-04-05 20:47:16,605 - INFO -   Epoch [10/237] Loss: 1.5172
2026-04-05 20:47:18,390 - INFO -   Epoch [20/237] Loss: 1.4929
2026-04-05 20:47:20,172 - INFO -   Epoch [30/237] Loss: 1.2695
2026-04-05 20:47:21,957 - INFO -   Epoch [40/237] Loss: 1.0616
2026-04-05 20:47:23,740 - INFO -   Epoch [50/237] Loss: 1.8562
2026-04-05 20:47:25,520 - INFO -   Epoch [60/237] Loss: 1.2918
2026-04-05 20:47:27,313 - INFO -   Epoch [70/237] Loss: 1.3480
2026-04-05 20:47:29,083 - INFO -   Epoch [80/237] Loss: 1.2687
2026-04-05 20:47:30,868 - INFO -   Epoch [90/237] Loss: 1.3743
2026-04-05 20:47:32,637 - INFO -   Epoch [100/237] Loss: 1.3610
2026-04-05 20:47:34,419 - INFO -   Epoch [110/237] Loss: 1.8891
2026-04-05 20:47:36,199 - INFO -   Epoch [120/237] Loss: 1.5654
2026-04-05 20:47:37,977 - INFO -   Epoch [130/237] Loss: 1.7855
2026-04-05 20:47:39,753 - INFO -   Epoch [140/237] Loss: 1.2735
2026-04-05 20:47:41,528 - INFO -   Epoch [150/237] Loss: 1.7502
2026-04-05 20:47:43,306 - INFO -   Epoch [160/237] Loss: 1.7081
2026-04-05 20:47:45,086 - INFO -   Epoch [170/237] Loss: 1.4063
2026-04-05 20:47:46,885 - INFO -   Epoch [180/237] Loss: 1.5531
2026-04-05 20:47:48,683 - INFO -   Epoch [190/237] Loss: 1.7182
2026-04-05 20:47:50,470 - INFO -   Epoch [200/237] Loss: 1.6031
2026-04-05 20:47:52,243 - INFO -   Epoch [210/237] Loss: 1.3970
2026-04-05 20:47:54,024 - INFO -   Epoch [220/237] Loss: 1.5814
2026-04-05 20:47:55,821 - INFO -   Epoch [230/237] Loss: 1.4694
2026-04-05 20:47:59,098 - INFO -   Train Loss: 1.4711
2026-04-05 20:47:59,099 - INFO -   Train Accuracy: 42.82%
2026-04-05 20:47:59,099 - INFO -   Val Loss: 1.4013
2026-04-05 20:47:59,099 - INFO -   Val Accuracy: 43.95% | F1: 0.4360
2026-04-05 20:47:59,099 - INFO -   LR: 0.000100
2026-04-05 20:47:59,099 - INFO -   Patience: 3/30
2026-04-05 20:47:59,099 - INFO - 
Epoch 13/300
2026-04-05 20:48:00,877 - INFO -   Epoch [10/237] Loss: 1.6578
2026-04-05 20:48:02,667 - INFO -   Epoch [20/237] Loss: 1.6795
2026-04-05 20:48:04,443 - INFO -   Epoch [30/237] Loss: 1.2821
2026-04-05 20:48:06,219 - INFO -   Epoch [40/237] Loss: 1.7435
2026-04-05 20:48:08,011 - INFO -   Epoch [50/237] Loss: 1.4810
2026-04-05 20:48:09,809 - INFO -   Epoch [60/237] Loss: 1.7057
2026-04-05 20:48:11,596 - INFO -   Epoch [70/237] Loss: 1.0694
2026-04-05 20:48:13,373 - INFO -   Epoch [80/237] Loss: 0.9303
2026-04-05 20:48:15,146 - INFO -   Epoch [90/237] Loss: 1.8217
2026-04-05 20:48:16,936 - INFO -   Epoch [100/237] Loss: 1.5125
2026-04-05 20:48:18,736 - INFO -   Epoch [110/237] Loss: 1.4555
2026-04-05 20:48:20,530 - INFO -   Epoch [120/237] Loss: 1.6646
2026-04-05 20:48:22,323 - INFO -   Epoch [130/237] Loss: 1.2532
2026-04-05 20:48:24,109 - INFO -   Epoch [140/237] Loss: 1.2150
2026-04-05 20:48:25,881 - INFO -   Epoch [150/237] Loss: 1.4407
2026-04-05 20:48:27,658 - INFO -   Epoch [160/237] Loss: 1.3656
2026-04-05 20:48:29,444 - INFO -   Epoch [170/237] Loss: 1.0829
2026-04-05 20:48:31,217 - INFO -   Epoch [180/237] Loss: 1.9566
2026-04-05 20:48:33,011 - INFO -   Epoch [190/237] Loss: 1.3980
2026-04-05 20:48:34,787 - INFO -   Epoch [200/237] Loss: 1.3548
2026-04-05 20:48:36,560 - INFO -   Epoch [210/237] Loss: 1.5164
2026-04-05 20:48:38,346 - INFO -   Epoch [220/237] Loss: 1.2909
2026-04-05 20:48:40,125 - INFO -   Epoch [230/237] Loss: 1.6110
2026-04-05 20:48:43,399 - INFO -   Train Loss: 1.4642
2026-04-05 20:48:43,400 - INFO -   Train Accuracy: 43.07%
2026-04-05 20:48:43,400 - INFO -   Val Loss: 1.4215
2026-04-05 20:48:43,400 - INFO -   Val Accuracy: 42.72% | F1: 0.4285
2026-04-05 20:48:43,400 - INFO -   LR: 0.000100
2026-04-05 20:48:43,400 - INFO -   Patience: 4/30
2026-04-05 20:48:43,400 - INFO - 
Epoch 14/300
2026-04-05 20:48:45,187 - INFO -   Epoch [10/237] Loss: 1.0913
2026-04-05 20:48:46,985 - INFO -   Epoch [20/237] Loss: 1.0492
2026-04-05 20:48:48,768 - INFO -   Epoch [30/237] Loss: 1.4128
2026-04-05 20:48:50,561 - INFO -   Epoch [40/237] Loss: 1.2023
2026-04-05 20:48:52,347 - INFO -   Epoch [50/237] Loss: 1.5380
2026-04-05 20:48:54,125 - INFO -   Epoch [60/237] Loss: 1.6958
2026-04-05 20:48:55,904 - INFO -   Epoch [70/237] Loss: 1.6108
2026-04-05 20:48:57,702 - INFO -   Epoch [80/237] Loss: 1.3993
2026-04-05 20:48:59,486 - INFO -   Epoch [90/237] Loss: 1.3680
2026-04-05 20:49:01,265 - INFO -   Epoch [100/237] Loss: 1.5942
2026-04-05 20:49:03,043 - INFO -   Epoch [110/237] Loss: 1.8378
2026-04-05 20:49:04,836 - INFO -   Epoch [120/237] Loss: 1.4517
2026-04-05 20:49:06,611 - INFO -   Epoch [130/237] Loss: 1.6422
2026-04-05 20:49:08,403 - INFO -   Epoch [140/237] Loss: 1.4024
2026-04-05 20:49:10,189 - INFO -   Epoch [150/237] Loss: 1.7158
2026-04-05 20:49:11,977 - INFO -   Epoch [160/237] Loss: 1.0379
2026-04-05 20:49:13,761 - INFO -   Epoch [170/237] Loss: 1.4457
2026-04-05 20:49:15,559 - INFO -   Epoch [180/237] Loss: 1.2574
2026-04-05 20:49:17,342 - INFO -   Epoch [190/237] Loss: 1.9420
2026-04-05 20:49:19,115 - INFO -   Epoch [200/237] Loss: 1.4052
2026-04-05 20:49:20,885 - INFO -   Epoch [210/237] Loss: 1.3035
2026-04-05 20:49:22,654 - INFO -   Epoch [220/237] Loss: 2.0291
2026-04-05 20:49:24,429 - INFO -   Epoch [230/237] Loss: 1.3653
2026-04-05 20:49:27,685 - INFO -   Train Loss: 1.4350
2026-04-05 20:49:27,685 - INFO -   Train Accuracy: 43.10%
2026-04-05 20:49:27,685 - INFO -   Val Loss: 1.3711
2026-04-05 20:49:27,686 - INFO -   Val Accuracy: 45.93% | F1: 0.4492
2026-04-05 20:49:27,686 - INFO -   LR: 0.000100
2026-04-05 20:49:27,686 - INFO -   Patience: 5/30
2026-04-05 20:49:27,686 - INFO - 
Epoch 15/300
2026-04-05 20:49:29,455 - INFO -   Epoch [10/237] Loss: 1.1745
2026-04-05 20:49:31,247 - INFO -   Epoch [20/237] Loss: 1.8194
2026-04-05 20:49:33,021 - INFO -   Epoch [30/237] Loss: 1.7952
2026-04-05 20:49:34,799 - INFO -   Epoch [40/237] Loss: 1.3250
2026-04-05 20:49:36,577 - INFO -   Epoch [50/237] Loss: 1.3553
2026-04-05 20:49:38,356 - INFO -   Epoch [60/237] Loss: 1.6207
2026-04-05 20:49:40,125 - INFO -   Epoch [70/237] Loss: 1.6672
2026-04-05 20:49:41,897 - INFO -   Epoch [80/237] Loss: 1.4703
2026-04-05 20:49:43,679 - INFO -   Epoch [90/237] Loss: 1.5032
2026-04-05 20:49:45,458 - INFO -   Epoch [100/237] Loss: 1.4419
2026-04-05 20:49:47,238 - INFO -   Epoch [110/237] Loss: 1.1879
2026-04-05 20:49:49,024 - INFO -   Epoch [120/237] Loss: 1.3632
2026-04-05 20:49:50,817 - INFO -   Epoch [130/237] Loss: 1.2556
2026-04-05 20:49:52,590 - INFO -   Epoch [140/237] Loss: 1.2684
2026-04-05 20:49:54,367 - INFO -   Epoch [150/237] Loss: 1.3656
2026-04-05 20:49:56,141 - INFO -   Epoch [160/237] Loss: 1.3775
2026-04-05 20:49:57,917 - INFO -   Epoch [170/237] Loss: 1.2700
2026-04-05 20:49:59,692 - INFO -   Epoch [180/237] Loss: 1.2703
2026-04-05 20:50:01,475 - INFO -   Epoch [190/237] Loss: 1.2845
2026-04-05 20:50:03,268 - INFO -   Epoch [200/237] Loss: 1.6041
2026-04-05 20:50:05,066 - INFO -   Epoch [210/237] Loss: 1.2241
2026-04-05 20:50:06,856 - INFO -   Epoch [220/237] Loss: 1.3465
2026-04-05 20:50:08,631 - INFO -   Epoch [230/237] Loss: 1.4582
2026-04-05 20:50:11,915 - INFO -   Train Loss: 1.4527
2026-04-05 20:50:11,915 - INFO -   Train Accuracy: 42.43%
2026-04-05 20:50:11,915 - INFO -   Val Loss: 1.3796
2026-04-05 20:50:11,915 - INFO -   Val Accuracy: 45.93% | F1: 0.4562
2026-04-05 20:50:11,916 - INFO -   LR: 0.000100
2026-04-05 20:50:11,916 - INFO -   Patience: 6/30
2026-04-05 20:50:11,916 - INFO - 
Epoch 16/300
2026-04-05 20:50:13,699 - INFO -   Epoch [10/237] Loss: 1.6708
2026-04-05 20:50:15,494 - INFO -   Epoch [20/237] Loss: 1.2840
2026-04-05 20:50:17,270 - INFO -   Epoch [30/237] Loss: 1.5999
2026-04-05 20:50:19,052 - INFO -   Epoch [40/237] Loss: 1.7023
2026-04-05 20:50:20,830 - INFO -   Epoch [50/237] Loss: 1.2573
2026-04-05 20:50:22,614 - INFO -   Epoch [60/237] Loss: 1.1278
2026-04-05 20:50:24,386 - INFO -   Epoch [70/237] Loss: 1.2991
2026-04-05 20:50:26,156 - INFO -   Epoch [80/237] Loss: 1.5087
2026-04-05 20:50:27,924 - INFO -   Epoch [90/237] Loss: 0.9469
2026-04-05 20:50:29,703 - INFO -   Epoch [100/237] Loss: 1.1396
2026-04-05 20:50:31,495 - INFO -   Epoch [110/237] Loss: 1.4444
2026-04-05 20:50:33,289 - INFO -   Epoch [120/237] Loss: 1.8505
2026-04-05 20:50:35,083 - INFO -   Epoch [130/237] Loss: 1.4027
2026-04-05 20:50:36,866 - INFO -   Epoch [140/237] Loss: 1.3142
2026-04-05 20:50:38,652 - INFO -   Epoch [150/237] Loss: 1.4648
2026-04-05 20:50:40,446 - INFO -   Epoch [160/237] Loss: 1.0814
2026-04-05 20:50:42,243 - INFO -   Epoch [170/237] Loss: 1.3504
2026-04-05 20:50:44,035 - INFO -   Epoch [180/237] Loss: 1.2689
2026-04-05 20:50:45,813 - INFO -   Epoch [190/237] Loss: 1.3899
2026-04-05 20:50:47,593 - INFO -   Epoch [200/237] Loss: 1.2133
2026-04-05 20:50:49,372 - INFO -   Epoch [210/237] Loss: 1.8743
2026-04-05 20:50:51,149 - INFO -   Epoch [220/237] Loss: 1.7274
2026-04-05 20:50:52,932 - INFO -   Epoch [230/237] Loss: 1.5190
2026-04-05 20:50:56,284 - INFO -   Train Loss: 1.4130
2026-04-05 20:50:56,284 - INFO -   Train Accuracy: 44.37%
2026-04-05 20:50:56,284 - INFO -   Val Loss: 1.3590
2026-04-05 20:50:56,284 - INFO -   Val Accuracy: 44.94% | F1: 0.4452
2026-04-05 20:50:56,284 - INFO -   LR: 0.000050
2026-04-05 20:50:56,284 - INFO -   Patience: 7/30
2026-04-05 20:50:56,284 - INFO - 
Epoch 17/300
2026-04-05 20:50:58,072 - INFO -   Epoch [10/237] Loss: 1.8388
2026-04-05 20:50:59,849 - INFO -   Epoch [20/237] Loss: 1.7951
2026-04-05 20:51:01,629 - INFO -   Epoch [30/237] Loss: 1.1486
2026-04-05 20:51:03,418 - INFO -   Epoch [40/237] Loss: 0.9430
2026-04-05 20:51:05,202 - INFO -   Epoch [50/237] Loss: 1.2913
2026-04-05 20:51:06,996 - INFO -   Epoch [60/237] Loss: 1.4875
2026-04-05 20:51:08,768 - INFO -   Epoch [70/237] Loss: 1.1428
2026-04-05 20:51:10,549 - INFO -   Epoch [80/237] Loss: 1.0817
2026-04-05 20:51:12,341 - INFO -   Epoch [90/237] Loss: 1.2662
2026-04-05 20:51:14,135 - INFO -   Epoch [100/237] Loss: 1.0072
2026-04-05 20:51:15,919 - INFO -   Epoch [110/237] Loss: 1.2178
2026-04-05 20:51:17,705 - INFO -   Epoch [120/237] Loss: 1.2780
2026-04-05 20:51:19,479 - INFO -   Epoch [130/237] Loss: 1.3358
2026-04-05 20:51:21,259 - INFO -   Epoch [140/237] Loss: 1.5841
2026-04-05 20:51:23,031 - INFO -   Epoch [150/237] Loss: 1.2973
2026-04-05 20:51:24,802 - INFO -   Epoch [160/237] Loss: 1.4132
2026-04-05 20:51:26,580 - INFO -   Epoch [170/237] Loss: 1.1484
2026-04-05 20:51:28,379 - INFO -   Epoch [180/237] Loss: 1.4738
2026-04-05 20:51:30,173 - INFO -   Epoch [190/237] Loss: 1.7015
2026-04-05 20:51:31,975 - INFO -   Epoch [200/237] Loss: 1.5483
2026-04-05 20:51:33,754 - INFO -   Epoch [210/237] Loss: 1.1465
2026-04-05 20:51:35,528 - INFO -   Epoch [220/237] Loss: 1.4262
2026-04-05 20:51:37,302 - INFO -   Epoch [230/237] Loss: 1.4295
2026-04-05 20:51:40,582 - INFO -   Train Loss: 1.3806
2026-04-05 20:51:40,583 - INFO -   Train Accuracy: 45.93%
2026-04-05 20:51:40,583 - INFO -   Val Loss: 1.3525
2026-04-05 20:51:40,583 - INFO -   Val Accuracy: 44.69% | F1: 0.4411
2026-04-05 20:51:40,583 - INFO -   LR: 0.000050
2026-04-05 20:51:40,583 - INFO -   Patience: 8/30
2026-04-05 20:51:40,583 - INFO - 
Epoch 18/300
2026-04-05 20:51:42,352 - INFO -   Epoch [10/237] Loss: 1.7141
2026-04-05 20:51:44,141 - INFO -   Epoch [20/237] Loss: 1.3006
2026-04-05 20:51:45,932 - INFO -   Epoch [30/237] Loss: 1.0821
2026-04-05 20:51:47,714 - INFO -   Epoch [40/237] Loss: 1.8051
2026-04-05 20:51:49,512 - INFO -   Epoch [50/237] Loss: 1.5521
2026-04-05 20:51:51,302 - INFO -   Epoch [60/237] Loss: 1.3690
2026-04-05 20:51:53,079 - INFO -   Epoch [70/237] Loss: 1.1691
2026-04-05 20:51:54,852 - INFO -   Epoch [80/237] Loss: 1.5596
2026-04-05 20:51:56,628 - INFO -   Epoch [90/237] Loss: 1.2774
2026-04-05 20:51:58,412 - INFO -   Epoch [100/237] Loss: 1.4357
2026-04-05 20:52:00,188 - INFO -   Epoch [110/237] Loss: 1.5796
2026-04-05 20:52:01,963 - INFO -   Epoch [120/237] Loss: 1.3752
2026-04-05 20:52:03,732 - INFO -   Epoch [130/237] Loss: 1.4135
2026-04-05 20:52:05,504 - INFO -   Epoch [140/237] Loss: 2.0896
2026-04-05 20:52:07,282 - INFO -   Epoch [150/237] Loss: 1.2962
2026-04-05 20:52:09,053 - INFO -   Epoch [160/237] Loss: 1.5027
2026-04-05 20:52:10,836 - INFO -   Epoch [170/237] Loss: 1.4880
2026-04-05 20:52:12,610 - INFO -   Epoch [180/237] Loss: 1.7422
2026-04-05 20:52:14,375 - INFO -   Epoch [190/237] Loss: 1.2896
2026-04-05 20:52:16,171 - INFO -   Epoch [200/237] Loss: 1.0837
2026-04-05 20:52:17,950 - INFO -   Epoch [210/237] Loss: 1.0391
2026-04-05 20:52:19,728 - INFO -   Epoch [220/237] Loss: 1.3417
2026-04-05 20:52:21,498 - INFO -   Epoch [230/237] Loss: 1.1235
2026-04-05 20:52:24,818 - INFO -   Train Loss: 1.3875
2026-04-05 20:52:24,819 - INFO -   Train Accuracy: 46.21%
2026-04-05 20:52:24,819 - INFO -   Val Loss: 1.3499
2026-04-05 20:52:24,819 - INFO -   Val Accuracy: 45.68% | F1: 0.4560
2026-04-05 20:52:24,819 - INFO -   LR: 0.000050
2026-04-05 20:52:24,819 - INFO -   Patience: 9/30
2026-04-05 20:52:24,819 - INFO - 
Epoch 19/300
2026-04-05 20:52:26,595 - INFO -   Epoch [10/237] Loss: 1.3863
2026-04-05 20:52:28,368 - INFO -   Epoch [20/237] Loss: 1.3505
2026-04-05 20:52:30,143 - INFO -   Epoch [30/237] Loss: 1.1587
2026-04-05 20:52:31,917 - INFO -   Epoch [40/237] Loss: 1.1153
2026-04-05 20:52:33,704 - INFO -   Epoch [50/237] Loss: 1.6092
2026-04-05 20:52:35,505 - INFO -   Epoch [60/237] Loss: 1.6098
2026-04-05 20:52:37,284 - INFO -   Epoch [70/237] Loss: 1.4606
2026-04-05 20:52:39,072 - INFO -   Epoch [80/237] Loss: 1.4247
2026-04-05 20:52:40,852 - INFO -   Epoch [90/237] Loss: 1.2099
2026-04-05 20:52:42,626 - INFO -   Epoch [100/237] Loss: 1.1898
2026-04-05 20:52:44,396 - INFO -   Epoch [110/237] Loss: 1.2205
2026-04-05 20:52:46,179 - INFO -   Epoch [120/237] Loss: 1.1527
2026-04-05 20:52:47,958 - INFO -   Epoch [130/237] Loss: 1.3574
2026-04-05 20:52:49,738 - INFO -   Epoch [140/237] Loss: 1.2531
2026-04-05 20:52:51,527 - INFO -   Epoch [150/237] Loss: 1.2158
2026-04-05 20:52:53,307 - INFO -   Epoch [160/237] Loss: 0.9369
2026-04-05 20:52:55,083 - INFO -   Epoch [170/237] Loss: 1.3120
2026-04-05 20:52:56,861 - INFO -   Epoch [180/237] Loss: 1.1740
2026-04-05 20:52:58,653 - INFO -   Epoch [190/237] Loss: 1.1909
2026-04-05 20:53:00,445 - INFO -   Epoch [200/237] Loss: 1.4084
2026-04-05 20:53:02,241 - INFO -   Epoch [210/237] Loss: 1.2946
2026-04-05 20:53:04,017 - INFO -   Epoch [220/237] Loss: 1.1243
2026-04-05 20:53:05,812 - INFO -   Epoch [230/237] Loss: 1.7294
2026-04-05 20:53:09,171 - INFO -   Train Loss: 1.3924
2026-04-05 20:53:09,172 - INFO -   Train Accuracy: 46.03%
2026-04-05 20:53:09,172 - INFO -   Val Loss: 1.3507
2026-04-05 20:53:09,172 - INFO -   Val Accuracy: 45.43% | F1: 0.4534
2026-04-05 20:53:09,172 - INFO -   LR: 0.000050
2026-04-05 20:53:09,172 - INFO -   Patience: 10/30
2026-04-05 20:53:09,172 - INFO - 
Epoch 20/300
2026-04-05 20:53:10,962 - INFO -   Epoch [10/237] Loss: 1.0160
2026-04-05 20:53:12,739 - INFO -   Epoch [20/237] Loss: 1.4203
2026-04-05 20:53:14,521 - INFO -   Epoch [30/237] Loss: 1.8895
2026-04-05 20:53:16,324 - INFO -   Epoch [40/237] Loss: 1.5709
2026-04-05 20:53:18,120 - INFO -   Epoch [50/237] Loss: 1.3349
2026-04-05 20:53:19,908 - INFO -   Epoch [60/237] Loss: 1.2107
2026-04-05 20:53:21,718 - INFO -   Epoch [70/237] Loss: 1.5032
2026-04-05 20:53:23,548 - INFO -   Epoch [80/237] Loss: 1.2167
2026-04-05 20:53:25,353 - INFO -   Epoch [90/237] Loss: 1.8888
2026-04-05 20:53:27,135 - INFO -   Epoch [100/237] Loss: 1.7310
2026-04-05 20:53:28,973 - INFO -   Epoch [110/237] Loss: 1.3236
2026-04-05 20:53:30,768 - INFO -   Epoch [120/237] Loss: 1.2923
2026-04-05 20:53:32,562 - INFO -   Epoch [130/237] Loss: 1.2145
2026-04-05 20:53:34,345 - INFO -   Epoch [140/237] Loss: 1.5203
2026-04-05 20:53:36,121 - INFO -   Epoch [150/237] Loss: 1.5343
2026-04-05 20:53:37,918 - INFO -   Epoch [160/237] Loss: 1.1913
2026-04-05 20:53:39,712 - INFO -   Epoch [170/237] Loss: 0.9096
2026-04-05 20:53:41,503 - INFO -   Epoch [180/237] Loss: 1.0064
2026-04-05 20:53:43,279 - INFO -   Epoch [190/237] Loss: 1.4395
2026-04-05 20:53:45,054 - INFO -   Epoch [200/237] Loss: 0.9997
2026-04-05 20:53:46,828 - INFO -   Epoch [210/237] Loss: 1.2925
2026-04-05 20:53:48,619 - INFO -   Epoch [220/237] Loss: 1.2141
2026-04-05 20:53:50,403 - INFO -   Epoch [230/237] Loss: 1.1751
2026-04-05 20:53:53,742 - INFO -   Train Loss: 1.3769
2026-04-05 20:53:53,743 - INFO -   Train Accuracy: 45.75%
2026-04-05 20:53:53,743 - INFO -   Val Loss: 1.3419
2026-04-05 20:53:53,743 - INFO -   Val Accuracy: 44.69% | F1: 0.4449
2026-04-05 20:53:53,743 - INFO -   LR: 0.000050
2026-04-05 20:53:53,743 - INFO -   Patience: 11/30
2026-04-05 20:53:53,743 - INFO - 
Epoch 21/300
2026-04-05 20:53:55,523 - INFO -   Epoch [10/237] Loss: 1.6970
2026-04-05 20:53:57,298 - INFO -   Epoch [20/237] Loss: 1.5475
2026-04-05 20:53:59,084 - INFO -   Epoch [30/237] Loss: 1.3181
2026-04-05 20:54:00,867 - INFO -   Epoch [40/237] Loss: 1.1773
2026-04-05 20:54:02,651 - INFO -   Epoch [50/237] Loss: 1.3825
2026-04-05 20:54:04,430 - INFO -   Epoch [60/237] Loss: 0.9814
2026-04-05 20:54:06,203 - INFO -   Epoch [70/237] Loss: 1.4472
2026-04-05 20:54:07,978 - INFO -   Epoch [80/237] Loss: 1.7077
2026-04-05 20:54:09,759 - INFO -   Epoch [90/237] Loss: 1.5647
2026-04-05 20:54:11,534 - INFO -   Epoch [100/237] Loss: 1.2210
2026-04-05 20:54:13,305 - INFO -   Epoch [110/237] Loss: 1.5132
2026-04-05 20:54:15,083 - INFO -   Epoch [120/237] Loss: 1.1825
2026-04-05 20:54:16,872 - INFO -   Epoch [130/237] Loss: 1.4305
2026-04-05 20:54:18,655 - INFO -   Epoch [140/237] Loss: 1.4429
2026-04-05 20:54:20,438 - INFO -   Epoch [150/237] Loss: 1.4836
2026-04-05 20:54:22,236 - INFO -   Epoch [160/237] Loss: 1.3784
2026-04-05 20:54:24,017 - INFO -   Epoch [170/237] Loss: 1.2048
2026-04-05 20:54:25,793 - INFO -   Epoch [180/237] Loss: 1.6272
2026-04-05 20:54:27,572 - INFO -   Epoch [190/237] Loss: 1.4594
2026-04-05 20:54:29,356 - INFO -   Epoch [200/237] Loss: 1.4112
2026-04-05 20:54:31,140 - INFO -   Epoch [210/237] Loss: 1.3153
2026-04-05 20:54:32,918 - INFO -   Epoch [220/237] Loss: 1.4115
2026-04-05 20:54:34,693 - INFO -   Epoch [230/237] Loss: 1.2398
2026-04-05 20:54:37,970 - INFO -   Train Loss: 1.3612
2026-04-05 20:54:37,970 - INFO -   Train Accuracy: 45.54%
2026-04-05 20:54:37,970 - INFO -   Val Loss: 1.3428
2026-04-05 20:54:37,970 - INFO -   Val Accuracy: 45.68% | F1: 0.4516
2026-04-05 20:54:37,970 - INFO -   LR: 0.000050
2026-04-05 20:54:37,970 - INFO -   Patience: 12/30
2026-04-05 20:54:37,971 - INFO - 
Epoch 22/300
2026-04-05 20:54:39,744 - INFO -   Epoch [10/237] Loss: 1.2832
2026-04-05 20:54:41,515 - INFO -   Epoch [20/237] Loss: 1.2575
2026-04-05 20:54:43,299 - INFO -   Epoch [30/237] Loss: 0.9651
2026-04-05 20:54:45,085 - INFO -   Epoch [40/237] Loss: 0.8559
2026-04-05 20:54:46,872 - INFO -   Epoch [50/237] Loss: 1.2457
2026-04-05 20:54:48,660 - INFO -   Epoch [60/237] Loss: 1.1968
2026-04-05 20:54:50,440 - INFO -   Epoch [70/237] Loss: 1.3976
2026-04-05 20:54:52,226 - INFO -   Epoch [80/237] Loss: 1.4907
2026-04-05 20:54:54,001 - INFO -   Epoch [90/237] Loss: 1.9421
2026-04-05 20:54:55,780 - INFO -   Epoch [100/237] Loss: 1.4245
2026-04-05 20:54:57,562 - INFO -   Epoch [110/237] Loss: 1.0004
2026-04-05 20:54:59,339 - INFO -   Epoch [120/237] Loss: 1.5086
2026-04-05 20:55:01,119 - INFO -   Epoch [130/237] Loss: 1.4664
2026-04-05 20:55:02,896 - INFO -   Epoch [140/237] Loss: 1.7536
2026-04-05 20:55:04,664 - INFO -   Epoch [150/237] Loss: 1.7594
2026-04-05 20:55:06,435 - INFO -   Epoch [160/237] Loss: 1.2202
2026-04-05 20:55:08,214 - INFO -   Epoch [170/237] Loss: 1.5520
2026-04-05 20:55:09,997 - INFO -   Epoch [180/237] Loss: 1.9203
2026-04-05 20:55:11,797 - INFO -   Epoch [190/237] Loss: 1.7194
2026-04-05 20:55:13,621 - INFO -   Epoch [200/237] Loss: 1.3099
2026-04-05 20:55:15,404 - INFO -   Epoch [210/237] Loss: 1.7493
2026-04-05 20:55:17,196 - INFO -   Epoch [220/237] Loss: 1.3104
2026-04-05 20:55:18,981 - INFO -   Epoch [230/237] Loss: 0.9433
2026-04-05 20:55:22,271 - INFO -   Train Loss: 1.3701
2026-04-05 20:55:22,271 - INFO -   Train Accuracy: 46.53%
2026-04-05 20:55:22,271 - INFO -   Val Loss: 1.3407
2026-04-05 20:55:22,271 - INFO -   Val Accuracy: 44.69% | F1: 0.4437
2026-04-05 20:55:22,271 - INFO -   LR: 0.000025
2026-04-05 20:55:22,271 - INFO -   Patience: 13/30
2026-04-05 20:55:22,272 - INFO - 
Epoch 23/300
2026-04-05 20:55:24,047 - INFO -   Epoch [10/237] Loss: 1.7824
2026-04-05 20:55:25,821 - INFO -   Epoch [20/237] Loss: 1.5013
2026-04-05 20:55:27,605 - INFO -   Epoch [30/237] Loss: 1.7448
2026-04-05 20:55:29,393 - INFO -   Epoch [40/237] Loss: 1.6178
2026-04-05 20:55:31,192 - INFO -   Epoch [50/237] Loss: 1.1888
2026-04-05 20:55:32,987 - INFO -   Epoch [60/237] Loss: 1.6098
2026-04-05 20:55:34,780 - INFO -   Epoch [70/237] Loss: 1.1352
2026-04-05 20:55:36,562 - INFO -   Epoch [80/237] Loss: 1.2312
2026-04-05 20:55:38,352 - INFO -   Epoch [90/237] Loss: 1.4732
2026-04-05 20:55:40,128 - INFO -   Epoch [100/237] Loss: 1.7227
2026-04-05 20:55:41,907 - INFO -   Epoch [110/237] Loss: 1.6214
2026-04-05 20:55:43,683 - INFO -   Epoch [120/237] Loss: 1.6923
2026-04-05 20:55:45,480 - INFO -   Epoch [130/237] Loss: 1.3666
2026-04-05 20:55:47,264 - INFO -   Epoch [140/237] Loss: 1.6435
2026-04-05 20:55:49,046 - INFO -   Epoch [150/237] Loss: 1.4584
2026-04-05 20:55:50,831 - INFO -   Epoch [160/237] Loss: 1.2755
2026-04-05 20:55:52,635 - INFO -   Epoch [170/237] Loss: 1.1470
2026-04-05 20:55:54,440 - INFO -   Epoch [180/237] Loss: 1.6760
2026-04-05 20:55:56,213 - INFO -   Epoch [190/237] Loss: 1.1821
2026-04-05 20:55:57,994 - INFO -   Epoch [200/237] Loss: 1.6478
2026-04-05 20:55:59,779 - INFO -   Epoch [210/237] Loss: 1.3767
2026-04-05 20:56:01,578 - INFO -   Epoch [220/237] Loss: 1.1606
2026-04-05 20:56:03,369 - INFO -   Epoch [230/237] Loss: 1.5037
2026-04-05 20:56:06,758 - INFO -   Train Loss: 1.3626
2026-04-05 20:56:06,759 - INFO -   Train Accuracy: 46.24%
2026-04-05 20:56:06,759 - INFO -   Val Loss: 1.3315
2026-04-05 20:56:06,759 - INFO -   Val Accuracy: 45.43% | F1: 0.4495
2026-04-05 20:56:06,759 - INFO -   LR: 0.000025
2026-04-05 20:56:06,759 - INFO -   Patience: 14/30
2026-04-05 20:56:06,759 - INFO - 
Epoch 24/300
2026-04-05 20:56:08,533 - INFO -   Epoch [10/237] Loss: 1.3273
2026-04-05 20:56:10,315 - INFO -   Epoch [20/237] Loss: 1.5364
2026-04-05 20:56:12,098 - INFO -   Epoch [30/237] Loss: 1.2991
2026-04-05 20:56:13,873 - INFO -   Epoch [40/237] Loss: 0.9148
2026-04-05 20:56:15,664 - INFO -   Epoch [50/237] Loss: 1.5079
2026-04-05 20:56:17,458 - INFO -   Epoch [60/237] Loss: 1.3693
2026-04-05 20:56:19,249 - INFO -   Epoch [70/237] Loss: 1.1419
2026-04-05 20:56:21,030 - INFO -   Epoch [80/237] Loss: 0.9074
2026-04-05 20:56:22,802 - INFO -   Epoch [90/237] Loss: 1.0423
2026-04-05 20:56:24,583 - INFO -   Epoch [100/237] Loss: 1.3404
2026-04-05 20:56:26,362 - INFO -   Epoch [110/237] Loss: 1.2829
2026-04-05 20:56:28,139 - INFO -   Epoch [120/237] Loss: 1.1017
2026-04-05 20:56:29,911 - INFO -   Epoch [130/237] Loss: 1.2477
2026-04-05 20:56:31,707 - INFO -   Epoch [140/237] Loss: 1.4986
2026-04-05 20:56:33,493 - INFO -   Epoch [150/237] Loss: 1.4766
2026-04-05 20:56:35,278 - INFO -   Epoch [160/237] Loss: 1.4175
2026-04-05 20:56:37,058 - INFO -   Epoch [170/237] Loss: 0.9787
2026-04-05 20:56:38,853 - INFO -   Epoch [180/237] Loss: 1.3632
2026-04-05 20:56:40,646 - INFO -   Epoch [190/237] Loss: 1.1763
2026-04-05 20:56:42,435 - INFO -   Epoch [200/237] Loss: 1.7771
2026-04-05 20:56:44,222 - INFO -   Epoch [210/237] Loss: 1.0489
2026-04-05 20:56:45,997 - INFO -   Epoch [220/237] Loss: 1.3608
2026-04-05 20:56:47,778 - INFO -   Epoch [230/237] Loss: 1.3495
2026-04-05 20:56:51,079 - INFO -   Train Loss: 1.3428
2026-04-05 20:56:51,079 - INFO -   Train Accuracy: 45.89%
2026-04-05 20:56:51,079 - INFO -   Val Loss: 1.3308
2026-04-05 20:56:51,079 - INFO -   Val Accuracy: 44.69% | F1: 0.4455
2026-04-05 20:56:51,079 - INFO -   LR: 0.000025
2026-04-05 20:56:51,079 - INFO -   Patience: 15/30
2026-04-05 20:56:51,079 - INFO - 
Epoch 25/300
2026-04-05 20:56:52,858 - INFO -   Epoch [10/237] Loss: 1.4398
2026-04-05 20:56:54,639 - INFO -   Epoch [20/237] Loss: 1.2882
2026-04-05 20:56:56,420 - INFO -   Epoch [30/237] Loss: 2.1110
2026-04-05 20:56:58,223 - INFO -   Epoch [40/237] Loss: 1.0175
2026-04-05 20:57:00,004 - INFO -   Epoch [50/237] Loss: 1.1954
2026-04-05 20:57:01,779 - INFO -   Epoch [60/237] Loss: 1.1973
2026-04-05 20:57:03,579 - INFO -   Epoch [70/237] Loss: 1.0503
2026-04-05 20:57:05,360 - INFO -   Epoch [80/237] Loss: 1.2489
2026-04-05 20:57:07,130 - INFO -   Epoch [90/237] Loss: 1.2236
2026-04-05 20:57:08,919 - INFO -   Epoch [100/237] Loss: 1.4027
2026-04-05 20:57:10,722 - INFO -   Epoch [110/237] Loss: 1.5461
2026-04-05 20:57:12,509 - INFO -   Epoch [120/237] Loss: 1.3097
2026-04-05 20:57:14,284 - INFO -   Epoch [130/237] Loss: 1.4798
2026-04-05 20:57:16,065 - INFO -   Epoch [140/237] Loss: 1.0911
2026-04-05 20:57:17,917 - INFO -   Epoch [150/237] Loss: 1.5320
2026-04-05 20:57:19,701 - INFO -   Epoch [160/237] Loss: 1.3033
2026-04-05 20:57:21,473 - INFO -   Epoch [170/237] Loss: 1.3522
2026-04-05 20:57:23,264 - INFO -   Epoch [180/237] Loss: 1.3000
2026-04-05 20:57:25,063 - INFO -   Epoch [190/237] Loss: 1.6347
2026-04-05 20:57:26,855 - INFO -   Epoch [200/237] Loss: 1.3921
2026-04-05 20:57:28,637 - INFO -   Epoch [210/237] Loss: 1.3726
2026-04-05 20:57:30,423 - INFO -   Epoch [220/237] Loss: 1.0110
2026-04-05 20:57:32,211 - INFO -   Epoch [230/237] Loss: 1.2775
2026-04-05 20:57:35,496 - INFO -   Train Loss: 1.3482
2026-04-05 20:57:35,496 - INFO -   Train Accuracy: 45.93%
2026-04-05 20:57:35,496 - INFO -   Val Loss: 1.3360
2026-04-05 20:57:35,496 - INFO -   Val Accuracy: 44.69% | F1: 0.4478
2026-04-05 20:57:35,496 - INFO -   LR: 0.000025
2026-04-05 20:57:35,496 - INFO -   Patience: 16/30
2026-04-05 20:57:35,496 - INFO - 
Epoch 26/300
2026-04-05 20:57:37,288 - INFO -   Epoch [10/237] Loss: 1.0892
2026-04-05 20:57:39,092 - INFO -   Epoch [20/237] Loss: 1.2883
2026-04-05 20:57:40,889 - INFO -   Epoch [30/237] Loss: 1.2302
2026-04-05 20:57:42,673 - INFO -   Epoch [40/237] Loss: 1.2578
2026-04-05 20:57:44,447 - INFO -   Epoch [50/237] Loss: 1.3280
2026-04-05 20:57:46,229 - INFO -   Epoch [60/237] Loss: 1.3839
2026-04-05 20:57:48,009 - INFO -   Epoch [70/237] Loss: 1.6039
2026-04-05 20:57:49,791 - INFO -   Epoch [80/237] Loss: 1.6151
2026-04-05 20:57:51,577 - INFO -   Epoch [90/237] Loss: 1.1935
2026-04-05 20:57:53,359 - INFO -   Epoch [100/237] Loss: 1.5054
2026-04-05 20:57:55,130 - INFO -   Epoch [110/237] Loss: 1.5661
2026-04-05 20:57:56,909 - INFO -   Epoch [120/237] Loss: 1.4682
2026-04-05 20:57:58,698 - INFO -   Epoch [130/237] Loss: 1.4808
2026-04-05 20:58:00,480 - INFO -   Epoch [140/237] Loss: 1.1651
2026-04-05 20:58:02,259 - INFO -   Epoch [150/237] Loss: 1.5042
2026-04-05 20:58:04,044 - INFO -   Epoch [160/237] Loss: 1.2504
2026-04-05 20:58:05,817 - INFO -   Epoch [170/237] Loss: 1.1254
2026-04-05 20:58:07,604 - INFO -   Epoch [180/237] Loss: 1.7822
2026-04-05 20:58:09,385 - INFO -   Epoch [190/237] Loss: 1.4094
2026-04-05 20:58:11,256 - INFO -   Epoch [200/237] Loss: 1.6244
2026-04-05 20:58:13,033 - INFO -   Epoch [210/237] Loss: 1.2022
2026-04-05 20:58:14,817 - INFO -   Epoch [220/237] Loss: 1.2152
2026-04-05 20:58:16,584 - INFO -   Epoch [230/237] Loss: 1.3935
2026-04-05 20:58:19,859 - INFO -   Train Loss: 1.3390
2026-04-05 20:58:19,859 - INFO -   Train Accuracy: 47.05%
2026-04-05 20:58:19,859 - INFO -   Val Loss: 1.3237
2026-04-05 20:58:19,859 - INFO -   Val Accuracy: 45.19% | F1: 0.4500
2026-04-05 20:58:19,859 - INFO -   LR: 0.000025
2026-04-05 20:58:19,860 - INFO -   Patience: 17/30
2026-04-05 20:58:19,860 - INFO - 
Epoch 27/300
2026-04-05 20:58:21,642 - INFO -   Epoch [10/237] Loss: 1.3556
2026-04-05 20:58:23,447 - INFO -   Epoch [20/237] Loss: 1.1614
2026-04-05 20:58:25,237 - INFO -   Epoch [30/237] Loss: 1.0986
2026-04-05 20:58:27,029 - INFO -   Epoch [40/237] Loss: 1.2813
2026-04-05 20:58:28,828 - INFO -   Epoch [50/237] Loss: 1.3531
2026-04-05 20:58:30,618 - INFO -   Epoch [60/237] Loss: 1.4205
2026-04-05 20:58:32,407 - INFO -   Epoch [70/237] Loss: 1.1962
2026-04-05 20:58:34,197 - INFO -   Epoch [80/237] Loss: 1.5189
2026-04-05 20:58:35,967 - INFO -   Epoch [90/237] Loss: 0.9179
2026-04-05 20:58:37,747 - INFO -   Epoch [100/237] Loss: 1.6543
2026-04-05 20:58:39,536 - INFO -   Epoch [110/237] Loss: 1.3186
2026-04-05 20:58:41,322 - INFO -   Epoch [120/237] Loss: 1.5973
2026-04-05 20:58:43,104 - INFO -   Epoch [130/237] Loss: 1.3138
2026-04-05 20:58:44,880 - INFO -   Epoch [140/237] Loss: 1.7920
2026-04-05 20:58:46,654 - INFO -   Epoch [150/237] Loss: 1.3309
2026-04-05 20:58:48,433 - INFO -   Epoch [160/237] Loss: 1.3164
2026-04-05 20:58:50,219 - INFO -   Epoch [170/237] Loss: 1.6094
2026-04-05 20:58:52,017 - INFO -   Epoch [180/237] Loss: 1.5187
2026-04-05 20:58:53,814 - INFO -   Epoch [190/237] Loss: 1.6148
2026-04-05 20:58:55,606 - INFO -   Epoch [200/237] Loss: 1.2373
2026-04-05 20:58:57,389 - INFO -   Epoch [210/237] Loss: 1.7475
2026-04-05 20:58:59,181 - INFO -   Epoch [220/237] Loss: 1.5099
2026-04-05 20:59:00,968 - INFO -   Epoch [230/237] Loss: 1.3961
2026-04-05 20:59:04,267 - INFO -   Train Loss: 1.3571
2026-04-05 20:59:04,268 - INFO -   Train Accuracy: 47.05%
2026-04-05 20:59:04,268 - INFO -   Val Loss: 1.3307
2026-04-05 20:59:04,268 - INFO -   Val Accuracy: 45.68% | F1: 0.4532
2026-04-05 20:59:04,268 - INFO -   LR: 0.000025
2026-04-05 20:59:04,268 - INFO -   Patience: 18/30
2026-04-05 20:59:04,268 - INFO - 
Epoch 28/300
2026-04-05 20:59:06,046 - INFO -   Epoch [10/237] Loss: 1.2707
2026-04-05 20:59:07,839 - INFO -   Epoch [20/237] Loss: 0.9047
2026-04-05 20:59:09,632 - INFO -   Epoch [30/237] Loss: 1.4278
2026-04-05 20:59:11,408 - INFO -   Epoch [40/237] Loss: 0.9808
2026-04-05 20:59:13,184 - INFO -   Epoch [50/237] Loss: 1.2020
2026-04-05 20:59:14,966 - INFO -   Epoch [60/237] Loss: 1.5619
2026-04-05 20:59:16,760 - INFO -   Epoch [70/237] Loss: 1.3341
2026-04-05 20:59:18,546 - INFO -   Epoch [80/237] Loss: 0.9312
2026-04-05 20:59:20,329 - INFO -   Epoch [90/237] Loss: 1.2085
2026-04-05 20:59:22,135 - INFO -   Epoch [100/237] Loss: 1.1231
2026-04-05 20:59:23,918 - INFO -   Epoch [110/237] Loss: 1.4568
2026-04-05 20:59:25,706 - INFO -   Epoch [120/237] Loss: 2.0872
2026-04-05 20:59:27,478 - INFO -   Epoch [130/237] Loss: 1.4498
2026-04-05 20:59:29,254 - INFO -   Epoch [140/237] Loss: 0.9526
2026-04-05 20:59:31,033 - INFO -   Epoch [150/237] Loss: 0.9863
2026-04-05 20:59:32,815 - INFO -   Epoch [160/237] Loss: 0.9861
2026-04-05 20:59:34,596 - INFO -   Epoch [170/237] Loss: 1.2385
2026-04-05 20:59:36,380 - INFO -   Epoch [180/237] Loss: 1.9967
2026-04-05 20:59:38,171 - INFO -   Epoch [190/237] Loss: 1.3445
2026-04-05 20:59:39,956 - INFO -   Epoch [200/237] Loss: 1.3824
2026-04-05 20:59:41,745 - INFO -   Epoch [210/237] Loss: 1.3719
2026-04-05 20:59:43,520 - INFO -   Epoch [220/237] Loss: 1.5455
2026-04-05 20:59:45,316 - INFO -   Epoch [230/237] Loss: 1.2008
2026-04-05 20:59:48,651 - INFO -   Train Loss: 1.3445
2026-04-05 20:59:48,651 - INFO -   Train Accuracy: 46.42%
2026-04-05 20:59:48,651 - INFO -   Val Loss: 1.3294
2026-04-05 20:59:48,651 - INFO -   Val Accuracy: 45.19% | F1: 0.4491
2026-04-05 20:59:48,651 - INFO -   LR: 0.000013
2026-04-05 20:59:48,651 - INFO -   Patience: 19/30
2026-04-05 20:59:48,651 - INFO - 
Epoch 29/300
2026-04-05 20:59:50,438 - INFO -   Epoch [10/237] Loss: 1.0627
2026-04-05 20:59:52,223 - INFO -   Epoch [20/237] Loss: 0.9998
2026-04-05 20:59:54,006 - INFO -   Epoch [30/237] Loss: 1.3550
2026-04-05 20:59:55,796 - INFO -   Epoch [40/237] Loss: 1.1935
2026-04-05 20:59:57,578 - INFO -   Epoch [50/237] Loss: 1.5843
2026-04-05 20:59:59,360 - INFO -   Epoch [60/237] Loss: 1.2354
2026-04-05 21:00:01,141 - INFO -   Epoch [70/237] Loss: 1.2950
2026-04-05 21:00:02,931 - INFO -   Epoch [80/237] Loss: 1.1851
2026-04-05 21:00:04,723 - INFO -   Epoch [90/237] Loss: 1.1880
2026-04-05 21:00:06,507 - INFO -   Epoch [100/237] Loss: 1.7036
2026-04-05 21:00:08,300 - INFO -   Epoch [110/237] Loss: 0.7349
2026-04-05 21:00:10,103 - INFO -   Epoch [120/237] Loss: 1.2905
2026-04-05 21:00:11,935 - INFO -   Epoch [130/237] Loss: 1.5050
2026-04-05 21:00:13,713 - INFO -   Epoch [140/237] Loss: 1.3996
2026-04-05 21:00:15,495 - INFO -   Epoch [150/237] Loss: 1.1979
2026-04-05 21:00:17,269 - INFO -   Epoch [160/237] Loss: 1.3782
2026-04-05 21:00:19,062 - INFO -   Epoch [170/237] Loss: 1.1763
2026-04-05 21:00:20,858 - INFO -   Epoch [180/237] Loss: 1.3592
2026-04-05 21:00:22,635 - INFO -   Epoch [190/237] Loss: 0.9110
2026-04-05 21:00:24,421 - INFO -   Epoch [200/237] Loss: 1.1360
2026-04-05 21:00:26,203 - INFO -   Epoch [210/237] Loss: 1.3531
2026-04-05 21:00:28,001 - INFO -   Epoch [220/237] Loss: 1.2829
2026-04-05 21:00:29,796 - INFO -   Epoch [230/237] Loss: 1.5152
2026-04-05 21:00:33,170 - INFO -   Train Loss: 1.3353
2026-04-05 21:00:33,170 - INFO -   Train Accuracy: 47.20%
2026-04-05 21:00:33,170 - INFO -   Val Loss: 1.3260
2026-04-05 21:00:33,170 - INFO -   Val Accuracy: 44.44% | F1: 0.4408
2026-04-05 21:00:33,170 - INFO -   LR: 0.000013
2026-04-05 21:00:33,170 - INFO -   Patience: 20/30
2026-04-05 21:00:33,170 - INFO - 
Epoch 30/300
2026-04-05 21:00:34,953 - INFO -   Epoch [10/237] Loss: 1.3287
2026-04-05 21:00:36,731 - INFO -   Epoch [20/237] Loss: 1.0678
2026-04-05 21:00:38,504 - INFO -   Epoch [30/237] Loss: 1.6449
2026-04-05 21:00:40,278 - INFO -   Epoch [40/237] Loss: 1.1974
2026-04-05 21:00:42,053 - INFO -   Epoch [50/237] Loss: 1.3277
2026-04-05 21:00:43,835 - INFO -   Epoch [60/237] Loss: 1.7619
2026-04-05 21:00:45,613 - INFO -   Epoch [70/237] Loss: 1.4096
2026-04-05 21:00:47,390 - INFO -   Epoch [80/237] Loss: 1.3099
2026-04-05 21:00:49,169 - INFO -   Epoch [90/237] Loss: 1.8286
2026-04-05 21:00:50,967 - INFO -   Epoch [100/237] Loss: 1.5716
2026-04-05 21:00:52,747 - INFO -   Epoch [110/237] Loss: 1.7894
2026-04-05 21:00:54,534 - INFO -   Epoch [120/237] Loss: 1.5704
2026-04-05 21:00:56,320 - INFO -   Epoch [130/237] Loss: 1.2118
2026-04-05 21:00:58,107 - INFO -   Epoch [140/237] Loss: 1.3199
2026-04-05 21:00:59,883 - INFO -   Epoch [150/237] Loss: 1.7112
2026-04-05 21:01:01,660 - INFO -   Epoch [160/237] Loss: 1.2954
2026-04-05 21:01:03,441 - INFO -   Epoch [170/237] Loss: 1.5291
2026-04-05 21:01:05,213 - INFO -   Epoch [180/237] Loss: 1.6783
2026-04-05 21:01:06,999 - INFO -   Epoch [190/237] Loss: 1.3275
2026-04-05 21:01:08,804 - INFO -   Epoch [200/237] Loss: 1.2578
2026-04-05 21:01:10,584 - INFO -   Epoch [210/237] Loss: 1.1231
2026-04-05 21:01:12,360 - INFO -   Epoch [220/237] Loss: 1.2097
2026-04-05 21:01:14,156 - INFO -   Epoch [230/237] Loss: 0.9486
2026-04-05 21:01:17,478 - INFO -   Train Loss: 1.3285
2026-04-05 21:01:17,479 - INFO -   Train Accuracy: 47.87%
2026-04-05 21:01:17,479 - INFO -   Val Loss: 1.3250
2026-04-05 21:01:17,479 - INFO -   Val Accuracy: 44.69% | F1: 0.4430
2026-04-05 21:01:17,479 - INFO -   LR: 0.000013
2026-04-05 21:01:17,479 - INFO -   Patience: 21/30
2026-04-05 21:01:17,479 - INFO - 
Epoch 31/300
2026-04-05 21:01:19,270 - INFO -   Epoch [10/237] Loss: 1.2492
2026-04-05 21:01:21,058 - INFO -   Epoch [20/237] Loss: 1.5347
2026-04-05 21:01:22,843 - INFO -   Epoch [30/237] Loss: 1.1512
2026-04-05 21:01:24,636 - INFO -   Epoch [40/237] Loss: 1.2745
2026-04-05 21:01:26,418 - INFO -   Epoch [50/237] Loss: 1.2273
2026-04-05 21:01:28,218 - INFO -   Epoch [60/237] Loss: 1.4654
2026-04-05 21:01:30,014 - INFO -   Epoch [70/237] Loss: 1.1811
2026-04-05 21:01:31,813 - INFO -   Epoch [80/237] Loss: 1.3555
2026-04-05 21:01:33,598 - INFO -   Epoch [90/237] Loss: 1.0650
2026-04-05 21:01:35,384 - INFO -   Epoch [100/237] Loss: 1.2942
2026-04-05 21:01:37,166 - INFO -   Epoch [110/237] Loss: 1.3863
2026-04-05 21:01:38,951 - INFO -   Epoch [120/237] Loss: 1.6923
2026-04-05 21:01:40,733 - INFO -   Epoch [130/237] Loss: 1.1145
2026-04-05 21:01:42,521 - INFO -   Epoch [140/237] Loss: 1.4171
2026-04-05 21:01:44,292 - INFO -   Epoch [150/237] Loss: 1.4692
2026-04-05 21:01:46,086 - INFO -   Epoch [160/237] Loss: 1.2617
2026-04-05 21:01:47,881 - INFO -   Epoch [170/237] Loss: 1.1930
2026-04-05 21:01:49,681 - INFO -   Epoch [180/237] Loss: 1.5087
2026-04-05 21:01:51,484 - INFO -   Epoch [190/237] Loss: 1.1842
2026-04-05 21:01:53,286 - INFO -   Epoch [200/237] Loss: 1.1742
2026-04-05 21:01:55,053 - INFO -   Epoch [210/237] Loss: 1.7856
2026-04-05 21:01:56,827 - INFO -   Epoch [220/237] Loss: 0.7903
2026-04-05 21:01:58,597 - INFO -   Epoch [230/237] Loss: 1.5824
2026-04-05 21:02:01,913 - INFO -   Train Loss: 1.3309
2026-04-05 21:02:01,913 - INFO -   Train Accuracy: 47.69%
2026-04-05 21:02:01,913 - INFO -   Val Loss: 1.3212
2026-04-05 21:02:01,913 - INFO -   Val Accuracy: 45.19% | F1: 0.4468
2026-04-05 21:02:01,914 - INFO -   LR: 0.000013
2026-04-05 21:02:01,914 - INFO -   Patience: 22/30
2026-04-05 21:02:01,914 - INFO - 
Epoch 32/300
2026-04-05 21:02:03,691 - INFO -   Epoch [10/237] Loss: 1.0764
2026-04-05 21:02:05,460 - INFO -   Epoch [20/237] Loss: 1.3127
2026-04-05 21:02:07,245 - INFO -   Epoch [30/237] Loss: 1.2519
2026-04-05 21:02:09,030 - INFO -   Epoch [40/237] Loss: 1.4817
2026-04-05 21:02:10,809 - INFO -   Epoch [50/237] Loss: 1.3086
2026-04-05 21:02:12,601 - INFO -   Epoch [60/237] Loss: 1.0381
2026-04-05 21:02:14,373 - INFO -   Epoch [70/237] Loss: 1.0579
2026-04-05 21:02:16,167 - INFO -   Epoch [80/237] Loss: 1.4563
2026-04-05 21:02:17,952 - INFO -   Epoch [90/237] Loss: 1.2958
2026-04-05 21:02:19,742 - INFO -   Epoch [100/237] Loss: 1.6000
2026-04-05 21:02:21,521 - INFO -   Epoch [110/237] Loss: 1.4886
2026-04-05 21:02:23,297 - INFO -   Epoch [120/237] Loss: 1.2552
2026-04-05 21:02:25,076 - INFO -   Epoch [130/237] Loss: 1.7206
2026-04-05 21:02:26,858 - INFO -   Epoch [140/237] Loss: 1.8391
2026-04-05 21:02:28,641 - INFO -   Epoch [150/237] Loss: 1.1832
2026-04-05 21:02:30,417 - INFO -   Epoch [160/237] Loss: 1.4687
2026-04-05 21:02:32,198 - INFO -   Epoch [170/237] Loss: 1.6005
2026-04-05 21:02:33,981 - INFO -   Epoch [180/237] Loss: 1.3805
2026-04-05 21:02:35,760 - INFO -   Epoch [190/237] Loss: 1.2252
2026-04-05 21:02:37,535 - INFO -   Epoch [200/237] Loss: 1.2415
2026-04-05 21:02:39,319 - INFO -   Epoch [210/237] Loss: 1.1812
2026-04-05 21:02:41,099 - INFO -   Epoch [220/237] Loss: 1.2704
2026-04-05 21:02:42,895 - INFO -   Epoch [230/237] Loss: 1.2550
2026-04-05 21:02:46,158 - INFO -   Train Loss: 1.3164
2026-04-05 21:02:46,159 - INFO -   Train Accuracy: 47.97%
2026-04-05 21:02:46,159 - INFO -   Val Loss: 1.3187
2026-04-05 21:02:46,159 - INFO -   Val Accuracy: 45.68% | F1: 0.4528
2026-04-05 21:02:46,159 - INFO -   LR: 0.000013
2026-04-05 21:02:46,159 - INFO -   Patience: 23/30
2026-04-05 21:02:46,159 - INFO - 
Epoch 33/300
2026-04-05 21:02:47,932 - INFO -   Epoch [10/237] Loss: 1.3546
2026-04-05 21:02:49,716 - INFO -   Epoch [20/237] Loss: 1.1819
2026-04-05 21:02:51,495 - INFO -   Epoch [30/237] Loss: 1.4949
2026-04-05 21:02:53,279 - INFO -   Epoch [40/237] Loss: 1.5210
2026-04-05 21:02:55,053 - INFO -   Epoch [50/237] Loss: 1.1188
2026-04-05 21:02:56,839 - INFO -   Epoch [60/237] Loss: 1.5158
2026-04-05 21:02:58,620 - INFO -   Epoch [70/237] Loss: 1.5487
2026-04-05 21:03:00,407 - INFO -   Epoch [80/237] Loss: 1.4714
2026-04-05 21:03:02,193 - INFO -   Epoch [90/237] Loss: 1.4421
2026-04-05 21:03:03,980 - INFO -   Epoch [100/237] Loss: 1.2877
2026-04-05 21:03:05,772 - INFO -   Epoch [110/237] Loss: 1.0681
2026-04-05 21:03:07,558 - INFO -   Epoch [120/237] Loss: 1.2437
2026-04-05 21:03:09,350 - INFO -   Epoch [130/237] Loss: 1.7416
2026-04-05 21:03:11,148 - INFO -   Epoch [140/237] Loss: 1.0407
2026-04-05 21:03:12,943 - INFO -   Epoch [150/237] Loss: 1.0904
2026-04-05 21:03:14,731 - INFO -   Epoch [160/237] Loss: 1.5368
2026-04-05 21:03:16,526 - INFO -   Epoch [170/237] Loss: 1.3205
2026-04-05 21:03:18,303 - INFO -   Epoch [180/237] Loss: 1.5607
2026-04-05 21:03:20,076 - INFO -   Epoch [190/237] Loss: 1.0703
2026-04-05 21:03:21,862 - INFO -   Epoch [200/237] Loss: 1.7447
2026-04-05 21:03:23,649 - INFO -   Epoch [210/237] Loss: 1.4354
2026-04-05 21:03:25,442 - INFO -   Epoch [220/237] Loss: 1.1283
2026-04-05 21:03:27,220 - INFO -   Epoch [230/237] Loss: 1.3633
2026-04-05 21:03:30,522 - INFO -   Train Loss: 1.3349
2026-04-05 21:03:30,522 - INFO -   Train Accuracy: 46.49%
2026-04-05 21:03:30,522 - INFO -   Val Loss: 1.3259
2026-04-05 21:03:30,522 - INFO -   Val Accuracy: 44.44% | F1: 0.4431
2026-04-05 21:03:30,522 - INFO -   LR: 0.000013
2026-04-05 21:03:30,522 - INFO -   Patience: 24/30
2026-04-05 21:03:30,522 - INFO - 
Epoch 34/300
2026-04-05 21:03:32,302 - INFO -   Epoch [10/237] Loss: 1.6319
2026-04-05 21:03:34,090 - INFO -   Epoch [20/237] Loss: 1.5456
2026-04-05 21:03:35,869 - INFO -   Epoch [30/237] Loss: 1.4725
2026-04-05 21:03:37,647 - INFO -   Epoch [40/237] Loss: 1.3187
2026-04-05 21:03:39,426 - INFO -   Epoch [50/237] Loss: 0.9418
2026-04-05 21:03:41,216 - INFO -   Epoch [60/237] Loss: 1.5183
2026-04-05 21:03:43,001 - INFO -   Epoch [70/237] Loss: 1.4815
2026-04-05 21:03:44,775 - INFO -   Epoch [80/237] Loss: 1.2132
2026-04-05 21:03:46,543 - INFO -   Epoch [90/237] Loss: 1.4509
2026-04-05 21:03:48,322 - INFO -   Epoch [100/237] Loss: 1.1650
2026-04-05 21:03:50,107 - INFO -   Epoch [110/237] Loss: 1.4573
2026-04-05 21:03:51,905 - INFO -   Epoch [120/237] Loss: 1.4808
2026-04-05 21:03:53,686 - INFO -   Epoch [130/237] Loss: 1.5455
2026-04-05 21:03:55,467 - INFO -   Epoch [140/237] Loss: 1.3117
2026-04-05 21:03:57,280 - INFO -   Epoch [150/237] Loss: 1.7255
2026-04-05 21:03:59,053 - INFO -   Epoch [160/237] Loss: 1.4213
2026-04-05 21:04:00,832 - INFO -   Epoch [170/237] Loss: 1.8920
2026-04-05 21:04:02,601 - INFO -   Epoch [180/237] Loss: 1.1461
2026-04-05 21:04:04,382 - INFO -   Epoch [190/237] Loss: 1.2056
2026-04-05 21:04:06,170 - INFO -   Epoch [200/237] Loss: 1.3969
2026-04-05 21:04:07,943 - INFO -   Epoch [210/237] Loss: 1.0661
2026-04-05 21:04:09,721 - INFO -   Epoch [220/237] Loss: 1.4600
2026-04-05 21:04:11,511 - INFO -   Epoch [230/237] Loss: 1.5588
2026-04-05 21:04:14,796 - INFO -   Train Loss: 1.3200
2026-04-05 21:04:14,796 - INFO -   Train Accuracy: 47.90%
2026-04-05 21:04:14,796 - INFO -   Val Loss: 1.3227
2026-04-05 21:04:14,796 - INFO -   Val Accuracy: 45.19% | F1: 0.4481
2026-04-05 21:04:14,796 - INFO -   LR: 0.000006
2026-04-05 21:04:14,796 - INFO -   Patience: 25/30
2026-04-05 21:04:14,797 - INFO - 
Epoch 35/300
2026-04-05 21:04:16,596 - INFO -   Epoch [10/237] Loss: 0.8448
2026-04-05 21:04:18,394 - INFO -   Epoch [20/237] Loss: 1.2473
2026-04-05 21:04:20,172 - INFO -   Epoch [30/237] Loss: 1.5677
2026-04-05 21:04:21,948 - INFO -   Epoch [40/237] Loss: 1.7195
2026-04-05 21:04:23,726 - INFO -   Epoch [50/237] Loss: 1.1484
2026-04-05 21:04:25,503 - INFO -   Epoch [60/237] Loss: 1.2070
2026-04-05 21:04:27,293 - INFO -   Epoch [70/237] Loss: 1.3297
2026-04-05 21:04:29,065 - INFO -   Epoch [80/237] Loss: 1.2205
2026-04-05 21:04:30,847 - INFO -   Epoch [90/237] Loss: 0.8313
2026-04-05 21:04:32,630 - INFO -   Epoch [100/237] Loss: 1.1335
2026-04-05 21:04:34,413 - INFO -   Epoch [110/237] Loss: 1.2252
2026-04-05 21:04:36,184 - INFO -   Epoch [120/237] Loss: 1.6042
2026-04-05 21:04:37,964 - INFO -   Epoch [130/237] Loss: 1.4557
2026-04-05 21:04:39,750 - INFO -   Epoch [140/237] Loss: 1.0662
2026-04-05 21:04:41,523 - INFO -   Epoch [150/237] Loss: 2.0651
2026-04-05 21:04:43,298 - INFO -   Epoch [160/237] Loss: 1.0676
2026-04-05 21:04:45,076 - INFO -   Epoch [170/237] Loss: 1.5725
2026-04-05 21:04:46,852 - INFO -   Epoch [180/237] Loss: 1.2581
2026-04-05 21:04:48,638 - INFO -   Epoch [190/237] Loss: 1.2779
2026-04-05 21:04:50,425 - INFO -   Epoch [200/237] Loss: 1.6207
2026-04-05 21:04:52,214 - INFO -   Epoch [210/237] Loss: 1.1984
2026-04-05 21:04:53,985 - INFO -   Epoch [220/237] Loss: 1.4494
2026-04-05 21:04:55,758 - INFO -   Epoch [230/237] Loss: 1.4195
2026-04-05 21:04:59,043 - INFO -   Train Loss: 1.3083
2026-04-05 21:04:59,043 - INFO -   Train Accuracy: 48.08%
2026-04-05 21:04:59,043 - INFO -   Val Loss: 1.3209
2026-04-05 21:04:59,043 - INFO -   Val Accuracy: 45.19% | F1: 0.4495
2026-04-05 21:04:59,043 - INFO -   LR: 0.000006
2026-04-05 21:04:59,044 - INFO -   Patience: 26/30
2026-04-05 21:04:59,044 - INFO - 
Epoch 36/300
2026-04-05 21:05:00,818 - INFO -   Epoch [10/237] Loss: 1.3983
2026-04-05 21:05:02,591 - INFO -   Epoch [20/237] Loss: 0.8687
2026-04-05 21:05:04,365 - INFO -   Epoch [30/237] Loss: 1.0044
2026-04-05 21:05:06,142 - INFO -   Epoch [40/237] Loss: 1.1574
2026-04-05 21:05:07,914 - INFO -   Epoch [50/237] Loss: 0.7914
2026-04-05 21:05:09,693 - INFO -   Epoch [60/237] Loss: 1.2881
2026-04-05 21:05:11,472 - INFO -   Epoch [70/237] Loss: 1.2902
2026-04-05 21:05:13,256 - INFO -   Epoch [80/237] Loss: 1.2985
2026-04-05 21:05:15,043 - INFO -   Epoch [90/237] Loss: 1.4297
2026-04-05 21:05:16,825 - INFO -   Epoch [100/237] Loss: 1.7939
2026-04-05 21:05:18,609 - INFO -   Epoch [110/237] Loss: 1.1281
2026-04-05 21:05:20,404 - INFO -   Epoch [120/237] Loss: 1.2247
2026-04-05 21:05:22,178 - INFO -   Epoch [130/237] Loss: 1.1797
2026-04-05 21:05:23,956 - INFO -   Epoch [140/237] Loss: 1.3184
2026-04-05 21:05:25,731 - INFO -   Epoch [150/237] Loss: 2.0242
2026-04-05 21:05:27,512 - INFO -   Epoch [160/237] Loss: 1.5115
2026-04-05 21:05:29,292 - INFO -   Epoch [170/237] Loss: 1.4173
2026-04-05 21:05:31,070 - INFO -   Epoch [180/237] Loss: 1.1880
2026-04-05 21:05:32,852 - INFO -   Epoch [190/237] Loss: 0.9859
2026-04-05 21:05:34,630 - INFO -   Epoch [200/237] Loss: 1.0647
2026-04-05 21:05:36,419 - INFO -   Epoch [210/237] Loss: 1.2880
2026-04-05 21:05:38,195 - INFO -   Epoch [220/237] Loss: 1.3255
2026-04-05 21:05:39,967 - INFO -   Epoch [230/237] Loss: 0.8883
2026-04-05 21:05:43,257 - INFO -   Train Loss: 1.3205
2026-04-05 21:05:43,257 - INFO -   Train Accuracy: 47.41%
2026-04-05 21:05:43,257 - INFO -   Val Loss: 1.3170
2026-04-05 21:05:43,257 - INFO -   Val Accuracy: 44.94% | F1: 0.4464
2026-04-05 21:05:43,257 - INFO -   LR: 0.000006
2026-04-05 21:05:43,257 - INFO -   Patience: 27/30
2026-04-05 21:05:43,257 - INFO - 
Epoch 37/300
2026-04-05 21:05:45,090 - INFO -   Epoch [10/237] Loss: 1.7233
2026-04-05 21:05:46,905 - INFO -   Epoch [20/237] Loss: 0.9702
2026-04-05 21:05:48,693 - INFO -   Epoch [30/237] Loss: 1.3290
2026-04-05 21:05:50,489 - INFO -   Epoch [40/237] Loss: 1.3006
2026-04-05 21:05:52,293 - INFO -   Epoch [50/237] Loss: 1.2267
2026-04-05 21:05:54,068 - INFO -   Epoch [60/237] Loss: 1.0434
2026-04-05 21:05:55,857 - INFO -   Epoch [70/237] Loss: 1.3881
2026-04-05 21:05:57,646 - INFO -   Epoch [80/237] Loss: 1.2434
2026-04-05 21:05:59,431 - INFO -   Epoch [90/237] Loss: 1.2892
2026-04-05 21:06:01,226 - INFO -   Epoch [100/237] Loss: 1.6584
2026-04-05 21:06:03,015 - INFO -   Epoch [110/237] Loss: 1.5074
2026-04-05 21:06:04,802 - INFO -   Epoch [120/237] Loss: 1.7959
2026-04-05 21:06:06,576 - INFO -   Epoch [130/237] Loss: 1.2407
2026-04-05 21:06:08,370 - INFO -   Epoch [140/237] Loss: 1.2543
2026-04-05 21:06:10,164 - INFO -   Epoch [150/237] Loss: 1.0594
2026-04-05 21:06:11,944 - INFO -   Epoch [160/237] Loss: 1.3254
2026-04-05 21:06:13,739 - INFO -   Epoch [170/237] Loss: 1.3192
2026-04-05 21:06:15,530 - INFO -   Epoch [180/237] Loss: 1.2457
2026-04-05 21:06:17,315 - INFO -   Epoch [190/237] Loss: 1.0032
2026-04-05 21:06:19,093 - INFO -   Epoch [200/237] Loss: 1.4233
2026-04-05 21:06:20,878 - INFO -   Epoch [210/237] Loss: 1.5898
2026-04-05 21:06:22,658 - INFO -   Epoch [220/237] Loss: 1.6952
2026-04-05 21:06:24,440 - INFO -   Epoch [230/237] Loss: 0.9820
2026-04-05 21:06:27,712 - INFO -   Train Loss: 1.3146
2026-04-05 21:06:27,712 - INFO -   Train Accuracy: 48.11%
2026-04-05 21:06:27,712 - INFO -   Val Loss: 1.3178
2026-04-05 21:06:27,712 - INFO -   Val Accuracy: 44.94% | F1: 0.4459
2026-04-05 21:06:27,712 - INFO -   LR: 0.000006
2026-04-05 21:06:27,712 - INFO -   Patience: 28/30
2026-04-05 21:06:27,712 - INFO - 
Epoch 38/300
2026-04-05 21:06:29,490 - INFO -   Epoch [10/237] Loss: 1.3120
2026-04-05 21:06:31,268 - INFO -   Epoch [20/237] Loss: 1.4504
2026-04-05 21:06:33,057 - INFO -   Epoch [30/237] Loss: 1.1287
2026-04-05 21:06:34,876 - INFO -   Epoch [40/237] Loss: 1.8309
2026-04-05 21:06:36,659 - INFO -   Epoch [50/237] Loss: 1.8837
2026-04-05 21:06:38,435 - INFO -   Epoch [60/237] Loss: 1.4006
2026-04-05 21:06:40,217 - INFO -   Epoch [70/237] Loss: 1.4392
2026-04-05 21:06:41,997 - INFO -   Epoch [80/237] Loss: 1.5857
2026-04-05 21:06:43,775 - INFO -   Epoch [90/237] Loss: 1.5657
2026-04-05 21:06:45,551 - INFO -   Epoch [100/237] Loss: 1.2562
2026-04-05 21:06:47,349 - INFO -   Epoch [110/237] Loss: 1.5982
2026-04-05 21:06:49,145 - INFO -   Epoch [120/237] Loss: 1.2392
2026-04-05 21:06:50,930 - INFO -   Epoch [130/237] Loss: 1.4633
2026-04-05 21:06:52,727 - INFO -   Epoch [140/237] Loss: 1.2902
2026-04-05 21:06:54,511 - INFO -   Epoch [150/237] Loss: 1.4717
2026-04-05 21:06:56,292 - INFO -   Epoch [160/237] Loss: 1.2991
2026-04-05 21:06:58,081 - INFO -   Epoch [170/237] Loss: 1.4459
2026-04-05 21:06:59,860 - INFO -   Epoch [180/237] Loss: 0.9837
2026-04-05 21:07:01,654 - INFO -   Epoch [190/237] Loss: 1.0964
2026-04-05 21:07:03,461 - INFO -   Epoch [200/237] Loss: 1.0478
2026-04-05 21:07:05,241 - INFO -   Epoch [210/237] Loss: 1.1566
2026-04-05 21:07:07,029 - INFO -   Epoch [220/237] Loss: 1.2594
2026-04-05 21:07:08,811 - INFO -   Epoch [230/237] Loss: 1.4775
2026-04-05 21:07:12,084 - INFO -   Train Loss: 1.3321
2026-04-05 21:07:12,084 - INFO -   Train Accuracy: 46.56%
2026-04-05 21:07:12,084 - INFO -   Val Loss: 1.3228
2026-04-05 21:07:12,084 - INFO -   Val Accuracy: 45.19% | F1: 0.4492
2026-04-05 21:07:12,084 - INFO -   LR: 0.000006
2026-04-05 21:07:12,084 - INFO -   Patience: 29/30
2026-04-05 21:07:12,084 - INFO - 
Epoch 39/300
2026-04-05 21:07:13,863 - INFO -   Epoch [10/237] Loss: 1.1713
2026-04-05 21:07:15,645 - INFO -   Epoch [20/237] Loss: 1.1382
2026-04-05 21:07:17,441 - INFO -   Epoch [30/237] Loss: 0.9903
2026-04-05 21:07:19,234 - INFO -   Epoch [40/237] Loss: 1.5337
2026-04-05 21:07:21,012 - INFO -   Epoch [50/237] Loss: 0.9458
2026-04-05 21:07:22,796 - INFO -   Epoch [60/237] Loss: 1.1668
2026-04-05 21:07:24,580 - INFO -   Epoch [70/237] Loss: 1.5973
2026-04-05 21:07:26,355 - INFO -   Epoch [80/237] Loss: 1.6406
2026-04-05 21:07:28,123 - INFO -   Epoch [90/237] Loss: 1.2205
2026-04-05 21:07:29,913 - INFO -   Epoch [100/237] Loss: 1.4648
2026-04-05 21:07:31,691 - INFO -   Epoch [110/237] Loss: 1.3402
2026-04-05 21:07:33,467 - INFO -   Epoch [120/237] Loss: 1.3057
2026-04-05 21:07:35,250 - INFO -   Epoch [130/237] Loss: 1.6854
2026-04-05 21:07:37,056 - INFO -   Epoch [140/237] Loss: 1.2359
2026-04-05 21:07:38,837 - INFO -   Epoch [150/237] Loss: 1.5005
2026-04-05 21:07:40,619 - INFO -   Epoch [160/237] Loss: 1.4264
2026-04-05 21:07:42,401 - INFO -   Epoch [170/237] Loss: 1.3099
2026-04-05 21:07:44,182 - INFO -   Epoch [180/237] Loss: 1.1982
2026-04-05 21:07:45,964 - INFO -   Epoch [190/237] Loss: 1.6283
2026-04-05 21:07:47,740 - INFO -   Epoch [200/237] Loss: 1.6596
2026-04-05 21:07:49,518 - INFO -   Epoch [210/237] Loss: 1.2010
2026-04-05 21:07:51,299 - INFO -   Epoch [220/237] Loss: 1.3960
2026-04-05 21:07:53,076 - INFO -   Epoch [230/237] Loss: 1.7545
2026-04-05 21:07:56,341 - INFO -   Train Loss: 1.3353
2026-04-05 21:07:56,341 - INFO -   Train Accuracy: 46.63%
2026-04-05 21:07:56,341 - INFO -   Val Loss: 1.3252
2026-04-05 21:07:56,341 - INFO -   Val Accuracy: 45.19% | F1: 0.4494
2026-04-05 21:07:56,341 - INFO -   LR: 0.000006
2026-04-05 21:07:56,341 - INFO -   Patience: 30/30
2026-04-05 21:07:56,342 - INFO - 
✓ Early stopping at epoch 39
2026-04-05 21:07:56,342 - INFO - 
✓ Training completed!
2026-04-05 21:07:56,342 - INFO -   Best Accuracy: 46.17%
2026-04-05 21:07:56,342 - INFO - 
================================================================================
2026-04-05 21:07:56,342 - INFO - Step 7: Testing
2026-04-05 21:07:56,342 - INFO - ================================================================================
/workspace/Graph_Deep_Learning/20251001-PRD_18-21-24-mobility_change_pattern/analysis/PRD-Mobility-Change-Pattern/train_multiscale_temporal.py:930: FutureWarning: You are using `torch.load` with `weights_only=False` (the current default value), which uses the default pickle module implicitly. It is possible to construct malicious pickle data which will execute arbitrary code during unpickling (See https://github.com/pytorch/pytorch/blob/main/SECURITY.md#untrusted-models for more details). In a future release, the default value for `weights_only` will be flipped to `True`. This limits the functions that could be executed during unpickling. Arbitrary objects will no longer be allowed to be loaded via this mode unless they are explicitly allowlisted by the user via `torch.serialization.add_safe_globals`. We recommend you start setting `weights_only=True` for any use case where you don't have full control of the loaded file. Please open an issue on GitHub for any issues related to this experimental feature.
  checkpoint = torch.load(f"{output_dir}/models/best_model.pth")
2026-04-05 21:07:56,404 - INFO - ✓ Loaded best model from epoch 9
2026-04-05 21:08:00,465 - INFO - 
Test Results:
2026-04-05 21:08:00,465 - INFO -   - Accuracy: 47.28%
2026-04-05 21:08:00,465 - INFO -   - F1 Score: 0.4706
2026-04-05 21:08:00,467 - INFO -   - Kappa: 0.4066
2026-04-05 21:08:00,475 - INFO - 
✓ All results saved to outputs/multiscale_temporal_20260405_203900_labels_sgh_entropy_0.05_per_450_comparison_B1_gru/metrics/
2026-04-05 21:08:00,475 - INFO -   - test_results.json
2026-04-05 21:08:00,476 - INFO -   - classification_report.txt
2026-04-05 21:08:00,476 - INFO -   - confusion_matrix.npy
2026-04-05 21:08:00,476 - INFO - 
================================================================================
2026-04-05 21:08:00,476 - INFO - Training Time Statistics
2026-04-05 21:08:00,476 - INFO - ================================================================================
2026-04-05 21:08:00,476 - INFO - Start time:    2026-04-05 20:39:00
2026-04-05 21:08:00,476 - INFO - End time:      2026-04-05 21:08:00
2026-04-05 21:08:00,476 - INFO - Total time:    00:29:00 (1740.43 seconds)
2026-04-05 21:08:00,476 - INFO -                (29.01 minutes, 0.48 hours)
2026-04-05 21:08:00,476 - INFO - ================================================================================
2026-04-05 21:08:00,476 - INFO - ✓ Timing info saved to outputs/multiscale_temporal_20260405_203900_labels_sgh_entropy_0.05_per_450_comparison_B1_gru/metrics/timing_info.json
2026-04-05 21:08:00,476 - INFO - ================================================================================
[LapPE] Loading from cache: outputs/.laplacian_pe_cache/lpe_n65049_k8_topk20x20.pt
[LapPE] Loaded: torch.Size([65049, 8])
