2026-04-13 20:43:52,563 - INFO - ================================================================================
2026-04-13 20:43:52,564 - INFO - Multi-Scale Temporal Branch Training
2026-04-13 20:43:52,564 - INFO - ================================================================================
2026-04-13 20:43:52,564 - INFO - Training started at: 2026-04-13 20:43:52
2026-04-13 20:43:52,564 - INFO - 
Improvement: Temporal Branch = Single-scale (168h hourly only)
2026-04-13 20:43:52,564 - INFO - Dataset: data/sampled_labels_spc250_seed202_reconstructed.csv with flow threshold 0.0 and 168 time steps
2026-04-13 20:43:52,564 - INFO - Runtime overrides | spatial_model=GINE, samples_per_class=None, epochs=300, batch_size=12, lr=0.0001, grad_accum=4, early_stop=30, use_cache=True
2026-04-13 20:43:52,564 - INFO - Temporal override | temporal_model=TRANSFORMER
2026-04-13 20:43:52,564 - INFO - Temporal layer override | layers=3
2026-04-13 20:43:52,564 - INFO - Temporal subscales | active=('hourly',)
2026-04-13 20:43:52,564 - INFO - Graph overrides | topk_out=20, topk_in=20, topk_enabled=True
2026-04-13 20:43:52,564 - INFO - Graph temporal mode | mode=static
2026-04-13 20:43:52,564 - INFO - Seed override | random_seed=202
2026-04-13 20:43:52,564 - INFO - Spatial node feature mode | mode=raw_temporal_mean
2026-04-13 20:43:52,564 - INFO - GINE edge feature mode | mode=flow_distance_direction
2026-04-13 20:43:52,564 - INFO - Temporal feature mode | mode=inflow_outflow
2026-04-13 20:43:52,564 - INFO - Temporal feature mode | mode=inflow_outflow
2026-04-13 20:43:52,564 - INFO - Split manifest | load=None, export=None
2026-04-13 20:43:52,564 - INFO - Branch ablation mode | mode=full
2026-04-13 20:43:52,564 - INFO - Fusion ablation mode | mode=gated
2026-04-13 20:43:52,564 - INFO - 
Output directory: outputs/multiscale_temporal_20260413_204352_sampled_labels_spc250_seed202_reconstructed_phase53_spc250_hourly168_only_rerun
2026-04-13 20:43:52,565 - INFO - Log file: outputs/multiscale_temporal_20260413_204352_sampled_labels_spc250_seed202_reconstructed_phase53_spc250_hourly168_only_rerun/training.log
2026-04-13 20:43:52,565 - INFO - 
================================================================================
2026-04-13 20:43:52,565 - INFO - Step 1: Loading data
2026-04-13 20:43:52,565 - INFO - ================================================================================
2026-04-13 20:43:52,566 - INFO - ================================================================================
2026-04-13 20:43:52,566 - INFO - Dual-Year Experiment Data Preparation
2026-04-13 20:43:52,566 - INFO - ================================================================================
2026-04-13 20:43:52,566 - INFO - Label file: data/sampled_labels_spc250_seed202_reconstructed.csv
2026-04-13 20:43:52,566 - INFO - Samples per class: ALL
2026-04-13 20:43:52,566 - INFO - 
2026-04-13 20:43:52,566 - INFO - Loading grid metadata...
2026-04-13 20:43:52,566 - INFO - Loading grid metadata from data/grid_metadata/sgh_grid_metadata.csv
2026-04-13 20:43:52,636 - INFO - Loaded 65049 valid grid cells
2026-04-13 20:43:52,643 - INFO - ================================================================================
2026-04-13 20:43:52,643 - INFO - Loading Feature Cache (Level-1)
2026-04-13 20:43:52,643 - INFO - ================================================================================
2026-04-13 20:43:52,643 - INFO - Feature cache file: data/cache/features/dual_year_features_5cbe7fef1f87.pkl
/opt/conda/lib/python3.11/site-packages/torch/storage.py:414: FutureWarning: You are using `torch.load` with `weights_only=False` (the current default value), which uses the default pickle module implicitly. It is possible to construct malicious pickle data which will execute arbitrary code during unpickling (See https://github.com/pytorch/pytorch/blob/main/SECURITY.md#untrusted-models for more details). In a future release, the default value for `weights_only` will be flipped to `True`. This limits the functions that could be executed during unpickling. Arbitrary objects will no longer be allowed to be loaded via this mode unless they are explicitly allowlisted by the user via `torch.serialization.add_safe_globals`. We recommend you start setting `weights_only=True` for any use case where you don't have full control of the loaded file. Please open an issue on GitHub for any issues related to this experimental feature.
  return torch.load(io.BytesIO(b))
2026-04-13 20:43:52,684 - INFO - ✓ Feature cache hit
2026-04-13 20:43:52,684 - INFO -   - Total labeled grids: 2250
2026-04-13 20:43:52,684 - INFO - Building/loading spatial graphs...
2026-04-13 20:43:52,684 - INFO - CRITICAL FIX: Using GLOBAL metadata (all 65049 grids)
2026-04-13 20:43:52,794 - INFO - ================================================================================
2026-04-13 20:43:52,794 - INFO - Loading Graph Cache (Level-2 variant)
2026-04-13 20:43:52,794 - INFO - ================================================================================
2026-04-13 20:43:52,794 - INFO - Graph cache file: data/cache/graphs/dual_year_graph_variant_0e1f7f20f21e.pkl
2026-04-13 20:43:52,855 - INFO - ✓ Graph variant cache hit
2026-04-13 20:43:52,856 - INFO - 
✓ CRITICAL FIX APPLIED:
2026-04-13 20:43:52,856 - INFO -   - Global graph nodes: 65049 (from 65049 metadata)
2026-04-13 20:43:52,856 - INFO -   - Labeled nodes for training: 2250
2026-04-13 20:43:52,856 - INFO -   - Unlabeled nodes in graph: 62799
2026-04-13 20:43:52,856 - INFO -   - Graph temporal mode: static
2026-04-13 20:43:52,856 - INFO -   - Graph edge feature mode: flow_distance_direction
2026-04-13 20:43:52,856 - INFO -   - Graph snapshots per year: 1
2026-04-13 20:43:52,856 - INFO -   - Graph 2021 edges (snapshot0): 1034676
2026-04-13 20:43:52,856 - INFO -   - Graph 2024 edges (snapshot0): 1179275
2026-04-13 20:43:52,856 - INFO - 
Architecture:
2026-04-13 20:43:52,856 - INFO -   - Temporal Branch (LSTM): Uses 2250 labeled nodes with (168, 2) features
2026-04-13 20:43:52,856 - INFO -   - Spatial Branch (GCN/SAGE): Uses 65049 nodes with all-1 features
2026-04-13 20:43:52,856 - INFO -   - Feature dimension per labeled node: (168, 4)
2026-04-13 20:43:52,857 - INFO - 
Two-level cache summary:
2026-04-13 20:43:52,857 - INFO -   - Feature cache: data/cache/features/dual_year_features_5cbe7fef1f87.pkl
2026-04-13 20:43:52,857 - INFO -   - Graph base cache: data/cache/graphs/dual_year_graph_base_d4d046bfdc14.pkl
2026-04-13 20:43:52,857 - INFO -   - Graph variant cache: data/cache/graphs/dual_year_graph_variant_0e1f7f20f21e.pkl
2026-04-13 20:43:52,863 - INFO - ✓ Data loaded successfully
2026-04-13 20:43:52,864 - INFO -   - Total grids: 2250
2026-04-13 20:43:52,864 - INFO -   - Feature shape: (168, 4)
2026-04-13 20:43:52,864 - INFO -   - Graph 2021 edges: 1034676
2026-04-13 20:43:52,864 - INFO -   - Graph 2024 edges: 1179275
2026-04-13 20:43:52,864 - INFO -   - Graph edge feature mode: flow_distance_direction
2026-04-13 20:43:52,864 - INFO - 
================================================================================
2026-04-13 20:43:52,864 - INFO - Step 2: Preparing temporal features
2026-04-13 20:43:52,864 - INFO - ================================================================================
2026-04-13 20:43:52,897 - INFO - ✓ Temporal features prepared
2026-04-13 20:43:52,897 - INFO - 
================================================================================
2026-04-13 20:43:52,897 - INFO - Step 3: Creating dataset
2026-04-13 20:43:52,897 - INFO - ================================================================================
2026-04-13 20:43:52,897 - INFO - ✓ Dataset created: 2250 samples
2026-04-13 20:43:52,900 - INFO -   - Split Source: seeded_random_split
2026-04-13 20:43:52,900 - INFO -   - Wrote Split Manifest: outputs/multiscale_temporal_20260413_204352_sampled_labels_spc250_seed202_reconstructed_phase53_spc250_hourly168_only_rerun/metrics/split_manifest.json
2026-04-13 20:43:52,900 - INFO -   - Train: 1575 samples
2026-04-13 20:43:52,900 - INFO -   - Val: 225 samples
2026-04-13 20:43:52,900 - INFO -   - Test: 450 samples
2026-04-13 20:43:53,265 - INFO - ✓ Data loaders created
2026-04-13 20:43:53,265 - INFO - 
================================================================================
2026-04-13 20:43:53,265 - INFO - Step 4: Creating Enhanced Model
2026-04-13 20:43:53,265 - INFO - ================================================================================
2026-04-13 20:43:53,265 - INFO - Using device: cuda
2026-04-13 20:43:53,265 - INFO - Spatial model: GINE
2026-04-13 20:43:53,265 - INFO - Temporal model: TRANSFORMER
2026-04-13 20:43:55,541 - INFO -   - Registered spatial coordinates for GINE node features (torch.Size([65049, 2]))
2026-04-13 20:43:56,289 - INFO - ✓ Enhanced model created
2026-04-13 20:43:56,289 - INFO -   - Total parameters: 5,041,038
2026-04-13 20:43:56,289 - INFO -   - Trainable parameters: 5,041,038
2026-04-13 20:43:56,289 - INFO -   - Temporal subscales: Single-scale (168h hourly only)
2026-04-13 20:43:56,289 - INFO -   - Temporal branch model: TRANSFORMER
2026-04-13 20:43:56,289 - INFO -   - Spatial branch: GINE
2026-04-13 20:43:56,289 - INFO -   - Laplacian PE dimension: 8
2026-04-13 20:43:56,289 - INFO -   - Branch ablation mode: full
2026-04-13 20:43:56,289 - INFO -   - Fusion ablation mode: gated
2026-04-13 20:43:56,289 - INFO - 
================================================================================
2026-04-13 20:43:56,289 - INFO - Step 5: Setting up training
2026-04-13 20:43:56,289 - INFO - ================================================================================
/opt/conda/lib/python3.11/site-packages/torch/optim/lr_scheduler.py:60: UserWarning: The verbose parameter is deprecated. Please use get_last_lr() to access the learning rate.
  warnings.warn(
2026-04-13 20:43:56,293 - INFO - ✓ Training setup complete
2026-04-13 20:43:56,293 - INFO -   - Optimizer: Adam (lr=0.0001, wd=0.001)
2026-04-13 20:43:56,293 - INFO -   - Scheduler: ReduceLROnPlateau (patience=5, factor=0.5)
2026-04-13 20:43:56,293 - INFO -   - Loss: Weighted CrossEntropy
2026-04-13 20:43:56,294 - INFO -   - Loss: Weighted CrossEntropy
2026-04-13 20:43:56,294 - INFO - 
================================================================================
2026-04-13 20:43:56,294 - INFO - Step 6: Training
2026-04-13 20:43:56,294 - INFO - ================================================================================
2026-04-13 20:43:56,294 - INFO - 
Epoch 1/300
/root/workspace/Graph_Deep_Learning/20251001-PRD_18-21-24-mobility_change_pattern/analysis/PRD-Mobility-Change-Pattern/src/models/enhanced_dual_branch_model.py:525: FutureWarning: You are using `torch.load` with `weights_only=False` (the current default value), which uses the default pickle module implicitly. It is possible to construct malicious pickle data which will execute arbitrary code during unpickling (See https://github.com/pytorch/pytorch/blob/main/SECURITY.md#untrusted-models for more details). In a future release, the default value for `weights_only` will be flipped to `True`. This limits the functions that could be executed during unpickling. Arbitrary objects will no longer be allowed to be loaded via this mode unless they are explicitly allowlisted by the user via `torch.serialization.add_safe_globals`. We recommend you start setting `weights_only=True` for any use case where you don't have full control of the loaded file. Please open an issue on GitHub for any issues related to this experimental feature.
  cached = torch.load(cache_path, map_location='cpu')
2026-04-13 20:44:00,939 - INFO -   Epoch [10/132] Loss: 2.1727
2026-04-13 20:44:04,805 - INFO -   Epoch [20/132] Loss: 2.1121
2026-04-13 20:44:08,651 - INFO -   Epoch [30/132] Loss: 2.1485
2026-04-13 20:44:12,422 - INFO -   Epoch [40/132] Loss: 2.0575
2026-04-13 20:44:16,267 - INFO -   Epoch [50/132] Loss: 1.9783
2026-04-13 20:44:20,117 - INFO -   Epoch [60/132] Loss: 1.8764
2026-04-13 20:44:23,946 - INFO -   Epoch [70/132] Loss: 2.0565
2026-04-13 20:44:27,771 - INFO -   Epoch [80/132] Loss: 1.9673
2026-04-13 20:44:31,626 - INFO -   Epoch [90/132] Loss: 1.9274
2026-04-13 20:44:35,549 - INFO -   Epoch [100/132] Loss: 2.0689
2026-04-13 20:44:39,284 - INFO -   Epoch [110/132] Loss: 1.7250
2026-04-13 20:44:43,030 - INFO -   Epoch [120/132] Loss: 1.9516
2026-04-13 20:44:46,914 - INFO -   Epoch [130/132] Loss: 1.6030
2026-04-13 20:44:49,065 - INFO -   Train Loss: 1.9857
2026-04-13 20:44:49,065 - INFO -   Train Accuracy: 26.41%
2026-04-13 20:44:49,065 - INFO -   Val Loss: 1.7158
2026-04-13 20:44:49,066 - INFO -   Val Accuracy: 38.22% | F1: 0.3556
2026-04-13 20:44:49,066 - INFO -   LR: 0.000100
2026-04-13 20:44:49,163 - INFO -   ✓ New best model saved! (Acc: 38.22%)
2026-04-13 20:44:49,164 - INFO -   Patience: 0/30
2026-04-13 20:44:49,164 - INFO - 
Epoch 2/300
2026-04-13 20:44:53,044 - INFO -   Epoch [10/132] Loss: 1.8966
2026-04-13 20:44:56,771 - INFO -   Epoch [20/132] Loss: 1.9200
2026-04-13 20:45:00,613 - INFO -   Epoch [30/132] Loss: 1.5285
2026-04-13 20:45:04,412 - INFO -   Epoch [40/132] Loss: 1.6142
2026-04-13 20:45:08,288 - INFO -   Epoch [50/132] Loss: 1.8123
2026-04-13 20:45:12,088 - INFO -   Epoch [60/132] Loss: 1.9336
2026-04-13 20:45:15,984 - INFO -   Epoch [70/132] Loss: 2.0304
2026-04-13 20:45:19,775 - INFO -   Epoch [80/132] Loss: 1.8390
2026-04-13 20:45:23,622 - INFO -   Epoch [90/132] Loss: 2.2207
2026-04-13 20:45:27,445 - INFO -   Epoch [100/132] Loss: 1.8331
2026-04-13 20:45:31,084 - INFO -   Epoch [110/132] Loss: 1.9407
2026-04-13 20:45:34,939 - INFO -   Epoch [120/132] Loss: 1.7440
2026-04-13 20:45:38,772 - INFO -   Epoch [130/132] Loss: 1.5621
2026-04-13 20:45:40,743 - INFO -   Train Loss: 1.7293
2026-04-13 20:45:40,744 - INFO -   Train Accuracy: 36.00%
2026-04-13 20:45:40,744 - INFO -   Val Loss: 1.5750
2026-04-13 20:45:40,744 - INFO -   Val Accuracy: 41.33% | F1: 0.3923
2026-04-13 20:45:40,744 - INFO -   LR: 0.000100
2026-04-13 20:45:41,155 - INFO -   ✓ New best model saved! (Acc: 41.33%)
2026-04-13 20:45:41,156 - INFO -   Patience: 0/30
2026-04-13 20:45:41,156 - INFO - 
Epoch 3/300
2026-04-13 20:45:44,907 - INFO -   Epoch [10/132] Loss: 1.7045
2026-04-13 20:45:48,724 - INFO -   Epoch [20/132] Loss: 1.3070
2026-04-13 20:45:52,567 - INFO -   Epoch [30/132] Loss: 1.8532
2026-04-13 20:45:56,317 - INFO -   Epoch [40/132] Loss: 1.8517
2026-04-13 20:46:00,190 - INFO -   Epoch [50/132] Loss: 1.6640
2026-04-13 20:46:04,054 - INFO -   Epoch [60/132] Loss: 1.5146
2026-04-13 20:46:07,825 - INFO -   Epoch [70/132] Loss: 1.7188
2026-04-13 20:46:11,724 - INFO -   Epoch [80/132] Loss: 1.3961
2026-04-13 20:46:15,580 - INFO -   Epoch [90/132] Loss: 1.1374
2026-04-13 20:46:19,361 - INFO -   Epoch [100/132] Loss: 1.2262
2026-04-13 20:46:23,067 - INFO -   Epoch [110/132] Loss: 1.6813
2026-04-13 20:46:26,806 - INFO -   Epoch [120/132] Loss: 1.4060
2026-04-13 20:46:30,680 - INFO -   Epoch [130/132] Loss: 1.4393
2026-04-13 20:46:32,660 - INFO -   Train Loss: 1.5791
2026-04-13 20:46:32,660 - INFO -   Train Accuracy: 44.00%
2026-04-13 20:46:32,660 - INFO -   Val Loss: 1.4920
2026-04-13 20:46:32,661 - INFO -   Val Accuracy: 42.67% | F1: 0.4048
2026-04-13 20:46:32,661 - INFO -   LR: 0.000100
2026-04-13 20:46:33,260 - INFO -   ✓ New best model saved! (Acc: 42.67%)
2026-04-13 20:46:33,260 - INFO -   Patience: 0/30
2026-04-13 20:46:33,260 - INFO - 
Epoch 4/300
2026-04-13 20:46:37,123 - INFO -   Epoch [10/132] Loss: 1.1487
2026-04-13 20:46:40,894 - INFO -   Epoch [20/132] Loss: 2.0673
2026-04-13 20:46:44,740 - INFO -   Epoch [30/132] Loss: 1.5364
2026-04-13 20:46:48,535 - INFO -   Epoch [40/132] Loss: 1.2850
2026-04-13 20:46:52,437 - INFO -   Epoch [50/132] Loss: 1.4954
2026-04-13 20:46:56,295 - INFO -   Epoch [60/132] Loss: 1.8975
2026-04-13 20:47:00,218 - INFO -   Epoch [70/132] Loss: 1.3089
2026-04-13 20:47:04,141 - INFO -   Epoch [80/132] Loss: 1.3038
2026-04-13 20:47:08,047 - INFO -   Epoch [90/132] Loss: 1.1512
2026-04-13 20:47:11,891 - INFO -   Epoch [100/132] Loss: 1.5842
2026-04-13 20:47:15,701 - INFO -   Epoch [110/132] Loss: 1.7642
2026-04-13 20:47:19,629 - INFO -   Epoch [120/132] Loss: 1.2763
2026-04-13 20:47:23,445 - INFO -   Epoch [130/132] Loss: 1.5874
2026-04-13 20:47:25,424 - INFO -   Train Loss: 1.4771
2026-04-13 20:47:25,425 - INFO -   Train Accuracy: 47.81%
2026-04-13 20:47:25,425 - INFO -   Val Loss: 1.4429
2026-04-13 20:47:25,425 - INFO -   Val Accuracy: 43.11% | F1: 0.4121
2026-04-13 20:47:25,425 - INFO -   LR: 0.000100
2026-04-13 20:47:26,193 - INFO -   ✓ New best model saved! (Acc: 43.11%)
2026-04-13 20:47:26,193 - INFO -   Patience: 0/30
2026-04-13 20:47:26,193 - INFO - 
Epoch 5/300
2026-04-13 20:47:30,074 - INFO -   Epoch [10/132] Loss: 1.3384
2026-04-13 20:47:33,910 - INFO -   Epoch [20/132] Loss: 1.0518
2026-04-13 20:47:37,684 - INFO -   Epoch [30/132] Loss: 1.1296
2026-04-13 20:47:41,588 - INFO -   Epoch [40/132] Loss: 1.6241
2026-04-13 20:47:45,354 - INFO -   Epoch [50/132] Loss: 1.1242
2026-04-13 20:47:49,227 - INFO -   Epoch [60/132] Loss: 1.2148
2026-04-13 20:47:53,140 - INFO -   Epoch [70/132] Loss: 1.3632
2026-04-13 20:47:56,958 - INFO -   Epoch [80/132] Loss: 1.4223
2026-04-13 20:48:00,780 - INFO -   Epoch [90/132] Loss: 1.5754
2026-04-13 20:48:04,630 - INFO -   Epoch [100/132] Loss: 1.4295
2026-04-13 20:48:08,484 - INFO -   Epoch [110/132] Loss: 1.3385
2026-04-13 20:48:12,300 - INFO -   Epoch [120/132] Loss: 1.5109
2026-04-13 20:48:16,144 - INFO -   Epoch [130/132] Loss: 1.4059
2026-04-13 20:48:18,107 - INFO -   Train Loss: 1.3869
2026-04-13 20:48:18,107 - INFO -   Train Accuracy: 52.19%
2026-04-13 20:48:18,107 - INFO -   Val Loss: 1.2565
2026-04-13 20:48:18,107 - INFO -   Val Accuracy: 58.67% | F1: 0.5666
2026-04-13 20:48:18,107 - INFO -   LR: 0.000100
2026-04-13 20:48:19,006 - INFO -   ✓ New best model saved! (Acc: 58.67%)
2026-04-13 20:48:19,006 - INFO -   Patience: 0/30
2026-04-13 20:48:19,006 - INFO - 
Epoch 6/300
2026-04-13 20:48:22,866 - INFO -   Epoch [10/132] Loss: 1.3210
2026-04-13 20:48:26,732 - INFO -   Epoch [20/132] Loss: 1.0441
2026-04-13 20:48:30,571 - INFO -   Epoch [30/132] Loss: 2.0446
2026-04-13 20:48:34,403 - INFO -   Epoch [40/132] Loss: 1.0821
2026-04-13 20:48:38,243 - INFO -   Epoch [50/132] Loss: 1.4632
2026-04-13 20:48:42,179 - INFO -   Epoch [60/132] Loss: 1.1452
2026-04-13 20:48:46,021 - INFO -   Epoch [70/132] Loss: 1.2018
2026-04-13 20:48:49,908 - INFO -   Epoch [80/132] Loss: 1.4048
2026-04-13 20:48:53,650 - INFO -   Epoch [90/132] Loss: 1.2028
2026-04-13 20:48:57,533 - INFO -   Epoch [100/132] Loss: 1.0065
2026-04-13 20:49:01,415 - INFO -   Epoch [110/132] Loss: 1.0581
2026-04-13 20:49:05,221 - INFO -   Epoch [120/132] Loss: 0.9642
2026-04-13 20:49:09,109 - INFO -   Epoch [130/132] Loss: 1.0586
2026-04-13 20:49:11,048 - INFO -   Train Loss: 1.2597
2026-04-13 20:49:11,048 - INFO -   Train Accuracy: 58.86%
2026-04-13 20:49:11,048 - INFO -   Val Loss: 1.1931
2026-04-13 20:49:11,048 - INFO -   Val Accuracy: 59.11% | F1: 0.5483
2026-04-13 20:49:11,049 - INFO -   LR: 0.000100
2026-04-13 20:49:11,817 - INFO -   ✓ New best model saved! (Acc: 59.11%)
2026-04-13 20:49:11,818 - INFO -   Patience: 0/30
2026-04-13 20:49:11,818 - INFO - 
Epoch 7/300
2026-04-13 20:49:15,311 - INFO -   Epoch [10/132] Loss: 1.1183
2026-04-13 20:49:18,753 - INFO -   Epoch [20/132] Loss: 1.0672
2026-04-13 20:49:22,224 - INFO -   Epoch [30/132] Loss: 1.2562
2026-04-13 20:49:25,706 - INFO -   Epoch [40/132] Loss: 1.1096
2026-04-13 20:49:29,150 - INFO -   Epoch [50/132] Loss: 1.5089
2026-04-13 20:49:32,632 - INFO -   Epoch [60/132] Loss: 0.9065
2026-04-13 20:49:36,111 - INFO -   Epoch [70/132] Loss: 1.0676
2026-04-13 20:49:39,522 - INFO -   Epoch [80/132] Loss: 1.3285
2026-04-13 20:49:42,971 - INFO -   Epoch [90/132] Loss: 1.0597
2026-04-13 20:49:46,371 - INFO -   Epoch [100/132] Loss: 1.2371
2026-04-13 20:49:49,800 - INFO -   Epoch [110/132] Loss: 1.0488
2026-04-13 20:49:53,238 - INFO -   Epoch [120/132] Loss: 1.4866
2026-04-13 20:49:56,671 - INFO -   Epoch [130/132] Loss: 0.7616
2026-04-13 20:49:58,495 - INFO -   Train Loss: 1.1700
2026-04-13 20:49:58,495 - INFO -   Train Accuracy: 61.33%
2026-04-13 20:49:58,495 - INFO -   Val Loss: 1.2458
2026-04-13 20:49:58,495 - INFO -   Val Accuracy: 56.44% | F1: 0.5068
2026-04-13 20:49:58,495 - INFO -   LR: 0.000100
2026-04-13 20:49:58,495 - INFO -   Patience: 1/30
2026-04-13 20:49:58,495 - INFO - 
Epoch 8/300
2026-04-13 20:50:01,955 - INFO -   Epoch [10/132] Loss: 1.1863
2026-04-13 20:50:05,409 - INFO -   Epoch [20/132] Loss: 1.0536
2026-04-13 20:50:08,882 - INFO -   Epoch [30/132] Loss: 0.6659
2026-04-13 20:50:12,361 - INFO -   Epoch [40/132] Loss: 1.0675
2026-04-13 20:50:15,827 - INFO -   Epoch [50/132] Loss: 1.1483
2026-04-13 20:50:19,288 - INFO -   Epoch [60/132] Loss: 1.2838
2026-04-13 20:50:22,738 - INFO -   Epoch [70/132] Loss: 1.0188
2026-04-13 20:50:26,196 - INFO -   Epoch [80/132] Loss: 1.0888
2026-04-13 20:50:29,654 - INFO -   Epoch [90/132] Loss: 1.1351
2026-04-13 20:50:33,179 - INFO -   Epoch [100/132] Loss: 1.2841
2026-04-13 20:50:36,643 - INFO -   Epoch [110/132] Loss: 0.9504
2026-04-13 20:50:40,138 - INFO -   Epoch [120/132] Loss: 1.4505
2026-04-13 20:50:43,612 - INFO -   Epoch [130/132] Loss: 0.7865
2026-04-13 20:50:45,471 - INFO -   Train Loss: 1.1098
2026-04-13 20:50:45,471 - INFO -   Train Accuracy: 62.92%
2026-04-13 20:50:45,471 - INFO -   Val Loss: 1.1299
2026-04-13 20:50:45,471 - INFO -   Val Accuracy: 61.33% | F1: 0.5843
2026-04-13 20:50:45,471 - INFO -   LR: 0.000100
2026-04-13 20:50:46,011 - INFO -   ✓ New best model saved! (Acc: 61.33%)
2026-04-13 20:50:46,011 - INFO -   Patience: 0/30
2026-04-13 20:50:46,011 - INFO - 
Epoch 9/300
2026-04-13 20:50:49,483 - INFO -   Epoch [10/132] Loss: 0.7871
2026-04-13 20:50:52,978 - INFO -   Epoch [20/132] Loss: 1.3287
2026-04-13 20:50:56,406 - INFO -   Epoch [30/132] Loss: 0.8929
2026-04-13 20:50:59,859 - INFO -   Epoch [40/132] Loss: 0.9965
2026-04-13 20:51:03,594 - INFO -   Epoch [50/132] Loss: 1.2033
2026-04-13 20:51:07,440 - INFO -   Epoch [60/132] Loss: 0.6914
2026-04-13 20:51:11,227 - INFO -   Epoch [70/132] Loss: 1.0586
2026-04-13 20:51:15,076 - INFO -   Epoch [80/132] Loss: 0.6685
2026-04-13 20:51:18,986 - INFO -   Epoch [90/132] Loss: 0.7393
2026-04-13 20:51:22,789 - INFO -   Epoch [100/132] Loss: 1.0187
2026-04-13 20:51:26,607 - INFO -   Epoch [110/132] Loss: 1.0849
2026-04-13 20:51:30,435 - INFO -   Epoch [120/132] Loss: 1.0828
2026-04-13 20:51:34,258 - INFO -   Epoch [130/132] Loss: 1.1322
2026-04-13 20:51:36,253 - INFO -   Train Loss: 1.0578
2026-04-13 20:51:36,253 - INFO -   Train Accuracy: 63.75%
2026-04-13 20:51:36,253 - INFO -   Val Loss: 1.0523
2026-04-13 20:51:36,253 - INFO -   Val Accuracy: 64.44% | F1: 0.6293
2026-04-13 20:51:36,253 - INFO -   LR: 0.000100
2026-04-13 20:51:36,838 - INFO -   ✓ New best model saved! (Acc: 64.44%)
2026-04-13 20:51:36,838 - INFO -   Patience: 0/30
2026-04-13 20:51:36,838 - INFO - 
Epoch 10/300
2026-04-13 20:51:40,671 - INFO -   Epoch [10/132] Loss: 1.0731
2026-04-13 20:51:44,514 - INFO -   Epoch [20/132] Loss: 0.6677
2026-04-13 20:51:48,364 - INFO -   Epoch [30/132] Loss: 0.9424
2026-04-13 20:51:52,240 - INFO -   Epoch [40/132] Loss: 0.8412
2026-04-13 20:51:56,043 - INFO -   Epoch [50/132] Loss: 1.2954
2026-04-13 20:51:59,970 - INFO -   Epoch [60/132] Loss: 1.0687
2026-04-13 20:52:03,821 - INFO -   Epoch [70/132] Loss: 1.0987
2026-04-13 20:52:07,633 - INFO -   Epoch [80/132] Loss: 1.0716
2026-04-13 20:52:11,477 - INFO -   Epoch [90/132] Loss: 1.1992
2026-04-13 20:52:15,375 - INFO -   Epoch [100/132] Loss: 0.9490
2026-04-13 20:52:19,225 - INFO -   Epoch [110/132] Loss: 1.0240
2026-04-13 20:52:22,950 - INFO -   Epoch [120/132] Loss: 0.8260
2026-04-13 20:52:26,803 - INFO -   Epoch [130/132] Loss: 0.7440
2026-04-13 20:52:28,851 - INFO -   Train Loss: 0.9982
2026-04-13 20:52:28,851 - INFO -   Train Accuracy: 65.08%
2026-04-13 20:52:28,852 - INFO -   Val Loss: 1.0346
2026-04-13 20:52:28,852 - INFO -   Val Accuracy: 62.22% | F1: 0.5979
2026-04-13 20:52:28,852 - INFO -   LR: 0.000100
2026-04-13 20:52:28,852 - INFO -   Patience: 1/30
2026-04-13 20:52:28,852 - INFO - 
Epoch 11/300
2026-04-13 20:52:32,769 - INFO -   Epoch [10/132] Loss: 1.0507
2026-04-13 20:52:36,668 - INFO -   Epoch [20/132] Loss: 0.9068
2026-04-13 20:52:40,474 - INFO -   Epoch [30/132] Loss: 1.3731
2026-04-13 20:52:44,341 - INFO -   Epoch [40/132] Loss: 0.8717
2026-04-13 20:52:48,282 - INFO -   Epoch [50/132] Loss: 1.0883
2026-04-13 20:52:52,159 - INFO -   Epoch [60/132] Loss: 1.5150
2026-04-13 20:52:55,968 - INFO -   Epoch [70/132] Loss: 1.1153
2026-04-13 20:52:59,805 - INFO -   Epoch [80/132] Loss: 0.9219
2026-04-13 20:53:03,649 - INFO -   Epoch [90/132] Loss: 0.7071
2026-04-13 20:53:07,532 - INFO -   Epoch [100/132] Loss: 0.5977
2026-04-13 20:53:11,373 - INFO -   Epoch [110/132] Loss: 0.8145
2026-04-13 20:53:15,246 - INFO -   Epoch [120/132] Loss: 1.2275
2026-04-13 20:53:19,102 - INFO -   Epoch [130/132] Loss: 0.8687
2026-04-13 20:53:21,046 - INFO -   Train Loss: 0.9206
2026-04-13 20:53:21,046 - INFO -   Train Accuracy: 67.81%
2026-04-13 20:53:21,046 - INFO -   Val Loss: 0.9004
2026-04-13 20:53:21,046 - INFO -   Val Accuracy: 63.56% | F1: 0.6093
2026-04-13 20:53:21,046 - INFO -   LR: 0.000100
2026-04-13 20:53:21,046 - INFO -   Patience: 2/30
2026-04-13 20:53:21,046 - INFO - 
Epoch 12/300
2026-04-13 20:53:24,879 - INFO -   Epoch [10/132] Loss: 0.7912
2026-04-13 20:53:28,790 - INFO -   Epoch [20/132] Loss: 1.4714
2026-04-13 20:53:32,718 - INFO -   Epoch [30/132] Loss: 0.6498
2026-04-13 20:53:36,574 - INFO -   Epoch [40/132] Loss: 0.7051
2026-04-13 20:53:40,420 - INFO -   Epoch [50/132] Loss: 0.9193
2026-04-13 20:53:44,315 - INFO -   Epoch [60/132] Loss: 0.6873
2026-04-13 20:53:48,143 - INFO -   Epoch [70/132] Loss: 0.5412
2026-04-13 20:53:52,088 - INFO -   Epoch [80/132] Loss: 0.5421
2026-04-13 20:53:56,009 - INFO -   Epoch [90/132] Loss: 1.2672
2026-04-13 20:53:59,902 - INFO -   Epoch [100/132] Loss: 0.5807
2026-04-13 20:54:03,728 - INFO -   Epoch [110/132] Loss: 1.2488
2026-04-13 20:54:07,588 - INFO -   Epoch [120/132] Loss: 0.6119
2026-04-13 20:54:11,457 - INFO -   Epoch [130/132] Loss: 0.9872
2026-04-13 20:54:13,444 - INFO -   Train Loss: 0.8369
2026-04-13 20:54:13,445 - INFO -   Train Accuracy: 69.33%
2026-04-13 20:54:13,445 - INFO -   Val Loss: 0.8481
2026-04-13 20:54:13,445 - INFO -   Val Accuracy: 67.11% | F1: 0.6550
2026-04-13 20:54:13,445 - INFO -   LR: 0.000100
2026-04-13 20:54:13,919 - INFO -   ✓ New best model saved! (Acc: 67.11%)
2026-04-13 20:54:13,919 - INFO -   Patience: 0/30
2026-04-13 20:54:13,920 - INFO - 
Epoch 13/300
2026-04-13 20:54:17,843 - INFO -   Epoch [10/132] Loss: 0.5960
2026-04-13 20:54:21,639 - INFO -   Epoch [20/132] Loss: 0.5270
2026-04-13 20:54:25,508 - INFO -   Epoch [30/132] Loss: 0.8794
2026-04-13 20:54:29,284 - INFO -   Epoch [40/132] Loss: 1.5113
2026-04-13 20:54:33,128 - INFO -   Epoch [50/132] Loss: 0.2647
2026-04-13 20:54:36,975 - INFO -   Epoch [60/132] Loss: 0.9452
2026-04-13 20:54:40,887 - INFO -   Epoch [70/132] Loss: 0.4338
2026-04-13 20:54:44,810 - INFO -   Epoch [80/132] Loss: 0.9788
2026-04-13 20:54:48,644 - INFO -   Epoch [90/132] Loss: 1.0811
2026-04-13 20:54:52,458 - INFO -   Epoch [100/132] Loss: 1.0735
2026-04-13 20:54:56,238 - INFO -   Epoch [110/132] Loss: 1.0543
2026-04-13 20:55:00,096 - INFO -   Epoch [120/132] Loss: 0.6041
2026-04-13 20:55:03,921 - INFO -   Epoch [130/132] Loss: 1.1758
2026-04-13 20:55:05,922 - INFO -   Train Loss: 0.7838
2026-04-13 20:55:05,922 - INFO -   Train Accuracy: 71.30%
2026-04-13 20:55:05,923 - INFO -   Val Loss: 0.7497
2026-04-13 20:55:05,923 - INFO -   Val Accuracy: 73.33% | F1: 0.7288
2026-04-13 20:55:05,923 - INFO -   LR: 0.000100
2026-04-13 20:55:06,621 - INFO -   ✓ New best model saved! (Acc: 73.33%)
2026-04-13 20:55:06,621 - INFO -   Patience: 0/30
2026-04-13 20:55:06,621 - INFO - 
Epoch 14/300
2026-04-13 20:55:10,407 - INFO -   Epoch [10/132] Loss: 0.7117
2026-04-13 20:55:14,263 - INFO -   Epoch [20/132] Loss: 0.9100
2026-04-13 20:55:18,096 - INFO -   Epoch [30/132] Loss: 0.9647
2026-04-13 20:55:21,870 - INFO -   Epoch [40/132] Loss: 0.5775
2026-04-13 20:55:25,726 - INFO -   Epoch [50/132] Loss: 0.6009
2026-04-13 20:55:29,582 - INFO -   Epoch [60/132] Loss: 0.7957
2026-04-13 20:55:33,436 - INFO -   Epoch [70/132] Loss: 0.5318
2026-04-13 20:55:37,268 - INFO -   Epoch [80/132] Loss: 0.7706
2026-04-13 20:55:41,120 - INFO -   Epoch [90/132] Loss: 0.9683
2026-04-13 20:55:44,949 - INFO -   Epoch [100/132] Loss: 0.6875
2026-04-13 20:55:48,758 - INFO -   Epoch [110/132] Loss: 0.8706
2026-04-13 20:55:52,577 - INFO -   Epoch [120/132] Loss: 1.3457
2026-04-13 20:55:56,474 - INFO -   Epoch [130/132] Loss: 0.7520
2026-04-13 20:55:58,443 - INFO -   Train Loss: 0.7491
2026-04-13 20:55:58,443 - INFO -   Train Accuracy: 73.21%
2026-04-13 20:55:58,443 - INFO -   Val Loss: 0.7031
2026-04-13 20:55:58,443 - INFO -   Val Accuracy: 75.56% | F1: 0.7517
2026-04-13 20:55:58,443 - INFO -   LR: 0.000100
2026-04-13 20:55:59,189 - INFO -   ✓ New best model saved! (Acc: 75.56%)
2026-04-13 20:55:59,189 - INFO -   Patience: 0/30
2026-04-13 20:55:59,189 - INFO - 
Epoch 15/300
2026-04-13 20:56:03,025 - INFO -   Epoch [10/132] Loss: 0.7213
2026-04-13 20:56:06,819 - INFO -   Epoch [20/132] Loss: 1.1062
2026-04-13 20:56:10,679 - INFO -   Epoch [30/132] Loss: 0.7417
2026-04-13 20:56:14,542 - INFO -   Epoch [40/132] Loss: 0.3756
2026-04-13 20:56:18,376 - INFO -   Epoch [50/132] Loss: 0.6348
2026-04-13 20:56:22,341 - INFO -   Epoch [60/132] Loss: 0.7542
2026-04-13 20:56:26,232 - INFO -   Epoch [70/132] Loss: 0.7819
2026-04-13 20:56:30,091 - INFO -   Epoch [80/132] Loss: 0.9781
2026-04-13 20:56:33,855 - INFO -   Epoch [90/132] Loss: 0.8370
2026-04-13 20:56:37,668 - INFO -   Epoch [100/132] Loss: 0.5435
2026-04-13 20:56:41,430 - INFO -   Epoch [110/132] Loss: 1.0527
2026-04-13 20:56:45,338 - INFO -   Epoch [120/132] Loss: 1.3438
2026-04-13 20:56:49,125 - INFO -   Epoch [130/132] Loss: 0.3890
2026-04-13 20:56:51,093 - INFO -   Train Loss: 0.7082
2026-04-13 20:56:51,094 - INFO -   Train Accuracy: 75.05%
2026-04-13 20:56:51,094 - INFO -   Val Loss: 0.7671
2026-04-13 20:56:51,094 - INFO -   Val Accuracy: 70.22% | F1: 0.6956
2026-04-13 20:56:51,094 - INFO -   LR: 0.000100
2026-04-13 20:56:51,094 - INFO -   Patience: 1/30
2026-04-13 20:56:51,094 - INFO - 
Epoch 16/300
2026-04-13 20:56:55,003 - INFO -   Epoch [10/132] Loss: 1.5162
2026-04-13 20:56:58,795 - INFO -   Epoch [20/132] Loss: 0.7599
2026-04-13 20:57:02,701 - INFO -   Epoch [30/132] Loss: 0.4221
2026-04-13 20:57:06,560 - INFO -   Epoch [40/132] Loss: 0.5595
2026-04-13 20:57:10,435 - INFO -   Epoch [50/132] Loss: 0.7276
2026-04-13 20:57:14,301 - INFO -   Epoch [60/132] Loss: 0.7966
2026-04-13 20:57:18,114 - INFO -   Epoch [70/132] Loss: 1.0049
2026-04-13 20:57:21,980 - INFO -   Epoch [80/132] Loss: 0.7445
2026-04-13 20:57:25,832 - INFO -   Epoch [90/132] Loss: 0.7146
2026-04-13 20:57:29,657 - INFO -   Epoch [100/132] Loss: 0.6426
2026-04-13 20:57:33,525 - INFO -   Epoch [110/132] Loss: 0.3805
2026-04-13 20:57:37,356 - INFO -   Epoch [120/132] Loss: 0.4349
2026-04-13 20:57:41,254 - INFO -   Epoch [130/132] Loss: 0.4588
2026-04-13 20:57:43,209 - INFO -   Train Loss: 0.7086
2026-04-13 20:57:43,209 - INFO -   Train Accuracy: 73.78%
2026-04-13 20:57:43,209 - INFO -   Val Loss: 0.6415
2026-04-13 20:57:43,209 - INFO -   Val Accuracy: 76.89% | F1: 0.7608
2026-04-13 20:57:43,210 - INFO -   LR: 0.000100
2026-04-13 20:57:44,081 - INFO -   ✓ New best model saved! (Acc: 76.89%)
2026-04-13 20:57:44,081 - INFO -   Patience: 0/30
2026-04-13 20:57:44,082 - INFO - 
Epoch 17/300
2026-04-13 20:57:48,007 - INFO -   Epoch [10/132] Loss: 0.9817
2026-04-13 20:57:51,854 - INFO -   Epoch [20/132] Loss: 0.5558
2026-04-13 20:57:55,637 - INFO -   Epoch [30/132] Loss: 0.3612
2026-04-13 20:57:59,500 - INFO -   Epoch [40/132] Loss: 0.3131
2026-04-13 20:58:03,287 - INFO -   Epoch [50/132] Loss: 0.4941
2026-04-13 20:58:07,184 - INFO -   Epoch [60/132] Loss: 0.6107
2026-04-13 20:58:11,030 - INFO -   Epoch [70/132] Loss: 1.2859
2026-04-13 20:58:14,901 - INFO -   Epoch [80/132] Loss: 0.6209
2026-04-13 20:58:18,803 - INFO -   Epoch [90/132] Loss: 0.6747
2026-04-13 20:58:22,642 - INFO -   Epoch [100/132] Loss: 0.9749
2026-04-13 20:58:26,468 - INFO -   Epoch [110/132] Loss: 1.0912
2026-04-13 20:58:30,341 - INFO -   Epoch [120/132] Loss: 1.2872
2026-04-13 20:58:34,200 - INFO -   Epoch [130/132] Loss: 0.5507
2026-04-13 20:58:36,132 - INFO -   Train Loss: 0.6801
2026-04-13 20:58:36,132 - INFO -   Train Accuracy: 73.33%
2026-04-13 20:58:36,132 - INFO -   Val Loss: 0.6357
2026-04-13 20:58:36,132 - INFO -   Val Accuracy: 76.00% | F1: 0.7550
2026-04-13 20:58:36,132 - INFO -   LR: 0.000100
2026-04-13 20:58:36,132 - INFO -   Patience: 1/30
2026-04-13 20:58:36,132 - INFO - 
Epoch 18/300
2026-04-13 20:58:40,037 - INFO -   Epoch [10/132] Loss: 0.6011
2026-04-13 20:58:43,859 - INFO -   Epoch [20/132] Loss: 0.2675
2026-04-13 20:58:47,671 - INFO -   Epoch [30/132] Loss: 0.5103
2026-04-13 20:58:51,587 - INFO -   Epoch [40/132] Loss: 0.7008
2026-04-13 20:58:55,387 - INFO -   Epoch [50/132] Loss: 0.4854
2026-04-13 20:58:59,205 - INFO -   Epoch [60/132] Loss: 0.5866
2026-04-13 20:59:03,130 - INFO -   Epoch [70/132] Loss: 1.0587
2026-04-13 20:59:06,900 - INFO -   Epoch [80/132] Loss: 0.5963
2026-04-13 20:59:10,243 - INFO -   Epoch [90/132] Loss: 0.8082
2026-04-13 20:59:13,627 - INFO -   Epoch [100/132] Loss: 0.6854
2026-04-13 20:59:17,054 - INFO -   Epoch [110/132] Loss: 0.6446
2026-04-13 20:59:20,410 - INFO -   Epoch [120/132] Loss: 0.7257
2026-04-13 20:59:23,743 - INFO -   Epoch [130/132] Loss: 0.9957
2026-04-13 20:59:25,571 - INFO -   Train Loss: 0.6538
2026-04-13 20:59:25,571 - INFO -   Train Accuracy: 77.02%
2026-04-13 20:59:25,571 - INFO -   Val Loss: 0.6465
2026-04-13 20:59:25,571 - INFO -   Val Accuracy: 75.56% | F1: 0.7523
2026-04-13 20:59:25,571 - INFO -   LR: 0.000100
2026-04-13 20:59:25,571 - INFO -   Patience: 2/30
2026-04-13 20:59:25,571 - INFO - 
Epoch 19/300
2026-04-13 20:59:28,907 - INFO -   Epoch [10/132] Loss: 0.6087
2026-04-13 20:59:32,223 - INFO -   Epoch [20/132] Loss: 0.8746
2026-04-13 20:59:35,565 - INFO -   Epoch [30/132] Loss: 0.6069
2026-04-13 20:59:38,941 - INFO -   Epoch [40/132] Loss: 0.8837
2026-04-13 20:59:42,354 - INFO -   Epoch [50/132] Loss: 0.7631
2026-04-13 20:59:45,790 - INFO -   Epoch [60/132] Loss: 0.6188
2026-04-13 20:59:49,129 - INFO -   Epoch [70/132] Loss: 0.3204
2026-04-13 20:59:52,483 - INFO -   Epoch [80/132] Loss: 0.6503
2026-04-13 20:59:55,883 - INFO -   Epoch [90/132] Loss: 0.7123
2026-04-13 20:59:59,270 - INFO -   Epoch [100/132] Loss: 0.4833
2026-04-13 21:00:02,760 - INFO -   Epoch [110/132] Loss: 0.6981
2026-04-13 21:00:06,201 - INFO -   Epoch [120/132] Loss: 0.4907
2026-04-13 21:00:09,662 - INFO -   Epoch [130/132] Loss: 0.6528
2026-04-13 21:00:11,555 - INFO -   Train Loss: 0.6382
2026-04-13 21:00:11,555 - INFO -   Train Accuracy: 75.87%
2026-04-13 21:00:11,555 - INFO -   Val Loss: 0.6254
2026-04-13 21:00:11,555 - INFO -   Val Accuracy: 76.89% | F1: 0.7614
2026-04-13 21:00:11,556 - INFO -   LR: 0.000100
2026-04-13 21:00:11,556 - INFO -   Patience: 3/30
2026-04-13 21:00:11,556 - INFO - 
Epoch 20/300
2026-04-13 21:00:14,997 - INFO -   Epoch [10/132] Loss: 0.9935
2026-04-13 21:00:18,467 - INFO -   Epoch [20/132] Loss: 0.2338
2026-04-13 21:00:21,895 - INFO -   Epoch [30/132] Loss: 0.7100
2026-04-13 21:00:25,302 - INFO -   Epoch [40/132] Loss: 0.5722
2026-04-13 21:00:28,682 - INFO -   Epoch [50/132] Loss: 0.4715
2026-04-13 21:00:32,090 - INFO -   Epoch [60/132] Loss: 0.5710
2026-04-13 21:00:35,518 - INFO -   Epoch [70/132] Loss: 0.8219
2026-04-13 21:00:38,987 - INFO -   Epoch [80/132] Loss: 0.6358
2026-04-13 21:00:42,424 - INFO -   Epoch [90/132] Loss: 0.5411
2026-04-13 21:00:45,857 - INFO -   Epoch [100/132] Loss: 0.3583
2026-04-13 21:00:49,298 - INFO -   Epoch [110/132] Loss: 0.7547
2026-04-13 21:00:52,749 - INFO -   Epoch [120/132] Loss: 0.9227
2026-04-13 21:00:56,169 - INFO -   Epoch [130/132] Loss: 0.5048
2026-04-13 21:00:57,978 - INFO -   Train Loss: 0.6424
2026-04-13 21:00:57,978 - INFO -   Train Accuracy: 76.57%
2026-04-13 21:00:57,978 - INFO -   Val Loss: 0.6128
2026-04-13 21:00:57,978 - INFO -   Val Accuracy: 76.89% | F1: 0.7630
2026-04-13 21:00:57,979 - INFO -   LR: 0.000100
2026-04-13 21:00:57,979 - INFO -   Patience: 4/30
2026-04-13 21:00:57,979 - INFO - 
Epoch 21/300
2026-04-13 21:01:01,435 - INFO -   Epoch [10/132] Loss: 0.6668
2026-04-13 21:01:04,844 - INFO -   Epoch [20/132] Loss: 0.5033
2026-04-13 21:01:08,270 - INFO -   Epoch [30/132] Loss: 0.4150
2026-04-13 21:01:11,947 - INFO -   Epoch [40/132] Loss: 0.6316
2026-04-13 21:01:15,678 - INFO -   Epoch [50/132] Loss: 0.3770
2026-04-13 21:01:19,545 - INFO -   Epoch [60/132] Loss: 0.5867
2026-04-13 21:01:23,397 - INFO -   Epoch [70/132] Loss: 0.7213
2026-04-13 21:01:27,196 - INFO -   Epoch [80/132] Loss: 0.6748
2026-04-13 21:01:30,971 - INFO -   Epoch [90/132] Loss: 0.3942
2026-04-13 21:01:34,838 - INFO -   Epoch [100/132] Loss: 0.6234
2026-04-13 21:01:38,714 - INFO -   Epoch [110/132] Loss: 0.9147
2026-04-13 21:01:42,521 - INFO -   Epoch [120/132] Loss: 0.4553
2026-04-13 21:01:46,355 - INFO -   Epoch [130/132] Loss: 0.9138
2026-04-13 21:01:48,323 - INFO -   Train Loss: 0.6295
2026-04-13 21:01:48,323 - INFO -   Train Accuracy: 76.44%
2026-04-13 21:01:48,323 - INFO -   Val Loss: 0.5945
2026-04-13 21:01:48,323 - INFO -   Val Accuracy: 77.33% | F1: 0.7606
2026-04-13 21:01:48,323 - INFO -   LR: 0.000100
2026-04-13 21:01:49,014 - INFO -   ✓ New best model saved! (Acc: 77.33%)
2026-04-13 21:01:49,015 - INFO -   Patience: 0/30
2026-04-13 21:01:49,015 - INFO - 
Epoch 22/300
2026-04-13 21:01:52,834 - INFO -   Epoch [10/132] Loss: 0.6297
2026-04-13 21:01:56,768 - INFO -   Epoch [20/132] Loss: 0.9048
2026-04-13 21:02:00,647 - INFO -   Epoch [30/132] Loss: 0.5331
2026-04-13 21:02:04,438 - INFO -   Epoch [40/132] Loss: 0.3002
2026-04-13 21:02:08,277 - INFO -   Epoch [50/132] Loss: 0.5798
2026-04-13 21:02:12,137 - INFO -   Epoch [60/132] Loss: 0.3359
2026-04-13 21:02:16,006 - INFO -   Epoch [70/132] Loss: 0.6237
2026-04-13 21:02:19,854 - INFO -   Epoch [80/132] Loss: 0.8506
2026-04-13 21:02:23,637 - INFO -   Epoch [90/132] Loss: 0.4136
2026-04-13 21:02:27,443 - INFO -   Epoch [100/132] Loss: 1.1053
2026-04-13 21:02:31,305 - INFO -   Epoch [110/132] Loss: 0.3606
2026-04-13 21:02:35,170 - INFO -   Epoch [120/132] Loss: 0.4748
2026-04-13 21:02:39,010 - INFO -   Epoch [130/132] Loss: 0.5305
2026-04-13 21:02:40,966 - INFO -   Train Loss: 0.6263
2026-04-13 21:02:40,967 - INFO -   Train Accuracy: 75.68%
2026-04-13 21:02:40,967 - INFO -   Val Loss: 0.5845
2026-04-13 21:02:40,967 - INFO -   Val Accuracy: 77.78% | F1: 0.7728
2026-04-13 21:02:40,967 - INFO -   LR: 0.000100
2026-04-13 21:02:41,745 - INFO -   ✓ New best model saved! (Acc: 77.78%)
2026-04-13 21:02:41,745 - INFO -   Patience: 0/30
2026-04-13 21:02:41,745 - INFO - 
Epoch 23/300
2026-04-13 21:02:45,621 - INFO -   Epoch [10/132] Loss: 0.6367
2026-04-13 21:02:49,463 - INFO -   Epoch [20/132] Loss: 0.6939
2026-04-13 21:02:53,326 - INFO -   Epoch [30/132] Loss: 0.4870
2026-04-13 21:02:57,097 - INFO -   Epoch [40/132] Loss: 0.5055
2026-04-13 21:03:00,902 - INFO -   Epoch [50/132] Loss: 0.6975
2026-04-13 21:03:04,725 - INFO -   Epoch [60/132] Loss: 0.5932
2026-04-13 21:03:08,478 - INFO -   Epoch [70/132] Loss: 0.2903
2026-04-13 21:03:12,335 - INFO -   Epoch [80/132] Loss: 0.7066
2026-04-13 21:03:16,230 - INFO -   Epoch [90/132] Loss: 0.8257
2026-04-13 21:03:20,051 - INFO -   Epoch [100/132] Loss: 0.4900
2026-04-13 21:03:23,923 - INFO -   Epoch [110/132] Loss: 0.3812
2026-04-13 21:03:27,711 - INFO -   Epoch [120/132] Loss: 0.5523
2026-04-13 21:03:31,504 - INFO -   Epoch [130/132] Loss: 0.5571
2026-04-13 21:03:33,489 - INFO -   Train Loss: 0.6022
2026-04-13 21:03:33,489 - INFO -   Train Accuracy: 76.83%
2026-04-13 21:03:33,489 - INFO -   Val Loss: 0.5913
2026-04-13 21:03:33,490 - INFO -   Val Accuracy: 77.78% | F1: 0.7772
2026-04-13 21:03:33,490 - INFO -   LR: 0.000100
2026-04-13 21:03:33,490 - INFO -   Patience: 1/30
2026-04-13 21:03:33,490 - INFO - 
Epoch 24/300
2026-04-13 21:03:37,262 - INFO -   Epoch [10/132] Loss: 1.0160
2026-04-13 21:03:41,097 - INFO -   Epoch [20/132] Loss: 0.6271
2026-04-13 21:03:44,933 - INFO -   Epoch [30/132] Loss: 0.7905
2026-04-13 21:03:48,794 - INFO -   Epoch [40/132] Loss: 0.7537
2026-04-13 21:03:52,637 - INFO -   Epoch [50/132] Loss: 0.7163
2026-04-13 21:03:56,445 - INFO -   Epoch [60/132] Loss: 0.7976
2026-04-13 21:04:00,171 - INFO -   Epoch [70/132] Loss: 0.3133
2026-04-13 21:04:03,998 - INFO -   Epoch [80/132] Loss: 1.0315
2026-04-13 21:04:07,507 - INFO -   Epoch [90/132] Loss: 0.6109
2026-04-13 21:04:11,391 - INFO -   Epoch [100/132] Loss: 1.2510
2026-04-13 21:04:15,142 - INFO -   Epoch [110/132] Loss: 0.4835
2026-04-13 21:04:18,933 - INFO -   Epoch [120/132] Loss: 0.8362
2026-04-13 21:04:22,806 - INFO -   Epoch [130/132] Loss: 0.7571
2026-04-13 21:04:24,822 - INFO -   Train Loss: 0.5918
2026-04-13 21:04:24,822 - INFO -   Train Accuracy: 77.46%
2026-04-13 21:04:24,822 - INFO -   Val Loss: 0.6289
2026-04-13 21:04:24,822 - INFO -   Val Accuracy: 76.89% | F1: 0.7699
2026-04-13 21:04:24,822 - INFO -   LR: 0.000100
2026-04-13 21:04:24,823 - INFO -   Patience: 2/30
2026-04-13 21:04:24,823 - INFO - 
Epoch 25/300
2026-04-13 21:04:28,625 - INFO -   Epoch [10/132] Loss: 0.5998
2026-04-13 21:04:32,448 - INFO -   Epoch [20/132] Loss: 0.5888
2026-04-13 21:04:36,296 - INFO -   Epoch [30/132] Loss: 0.6080
2026-04-13 21:04:40,184 - INFO -   Epoch [40/132] Loss: 0.1941
2026-04-13 21:04:44,105 - INFO -   Epoch [50/132] Loss: 0.6751
2026-04-13 21:04:47,880 - INFO -   Epoch [60/132] Loss: 0.8230
2026-04-13 21:04:51,683 - INFO -   Epoch [70/132] Loss: 0.4774
2026-04-13 21:04:55,518 - INFO -   Epoch [80/132] Loss: 0.9913
2026-04-13 21:04:59,333 - INFO -   Epoch [90/132] Loss: 0.6631
2026-04-13 21:05:03,061 - INFO -   Epoch [100/132] Loss: 0.6946
2026-04-13 21:05:06,900 - INFO -   Epoch [110/132] Loss: 0.3610
2026-04-13 21:05:10,630 - INFO -   Epoch [120/132] Loss: 0.4470
2026-04-13 21:05:14,521 - INFO -   Epoch [130/132] Loss: 0.3286
2026-04-13 21:05:16,575 - INFO -   Train Loss: 0.5790
2026-04-13 21:05:16,575 - INFO -   Train Accuracy: 78.03%
2026-04-13 21:05:16,575 - INFO -   Val Loss: 0.6403
2026-04-13 21:05:16,575 - INFO -   Val Accuracy: 75.11% | F1: 0.7514
2026-04-13 21:05:16,575 - INFO -   LR: 0.000100
2026-04-13 21:05:16,575 - INFO -   Patience: 3/30
2026-04-13 21:05:16,575 - INFO - 
Epoch 26/300
2026-04-13 21:05:20,410 - INFO -   Epoch [10/132] Loss: 0.4237
2026-04-13 21:05:24,170 - INFO -   Epoch [20/132] Loss: 0.6326
2026-04-13 21:05:28,004 - INFO -   Epoch [30/132] Loss: 0.5353
2026-04-13 21:05:31,807 - INFO -   Epoch [40/132] Loss: 0.5508
2026-04-13 21:05:35,696 - INFO -   Epoch [50/132] Loss: 0.5781
2026-04-13 21:05:39,531 - INFO -   Epoch [60/132] Loss: 0.2056
2026-04-13 21:05:43,303 - INFO -   Epoch [70/132] Loss: 0.5633
2026-04-13 21:05:47,142 - INFO -   Epoch [80/132] Loss: 0.3403
2026-04-13 21:05:50,973 - INFO -   Epoch [90/132] Loss: 0.7914
2026-04-13 21:05:54,765 - INFO -   Epoch [100/132] Loss: 0.8965
2026-04-13 21:05:58,553 - INFO -   Epoch [110/132] Loss: 0.6567
2026-04-13 21:06:02,458 - INFO -   Epoch [120/132] Loss: 0.4226
2026-04-13 21:06:06,287 - INFO -   Epoch [130/132] Loss: 0.5377
2026-04-13 21:06:08,253 - INFO -   Train Loss: 0.5865
2026-04-13 21:06:08,253 - INFO -   Train Accuracy: 76.95%
2026-04-13 21:06:08,253 - INFO -   Val Loss: 0.6323
2026-04-13 21:06:08,253 - INFO -   Val Accuracy: 74.22% | F1: 0.7427
2026-04-13 21:06:08,254 - INFO -   LR: 0.000100
2026-04-13 21:06:08,254 - INFO -   Patience: 4/30
2026-04-13 21:06:08,254 - INFO - 
Epoch 27/300
2026-04-13 21:06:12,115 - INFO -   Epoch [10/132] Loss: 0.7405
2026-04-13 21:06:15,971 - INFO -   Epoch [20/132] Loss: 0.5866
2026-04-13 21:06:19,808 - INFO -   Epoch [30/132] Loss: 0.8116
2026-04-13 21:06:23,705 - INFO -   Epoch [40/132] Loss: 0.6447
2026-04-13 21:06:27,531 - INFO -   Epoch [50/132] Loss: 0.2308
2026-04-13 21:06:31,360 - INFO -   Epoch [60/132] Loss: 0.4087
2026-04-13 21:06:35,274 - INFO -   Epoch [70/132] Loss: 0.3546
2026-04-13 21:06:39,012 - INFO -   Epoch [80/132] Loss: 0.4677
2026-04-13 21:06:42,863 - INFO -   Epoch [90/132] Loss: 0.5027
2026-04-13 21:06:46,805 - INFO -   Epoch [100/132] Loss: 0.6674
2026-04-13 21:06:50,612 - INFO -   Epoch [110/132] Loss: 0.3430
2026-04-13 21:06:54,460 - INFO -   Epoch [120/132] Loss: 0.5997
2026-04-13 21:06:58,236 - INFO -   Epoch [130/132] Loss: 0.8568
2026-04-13 21:07:00,199 - INFO -   Train Loss: 0.5601
2026-04-13 21:07:00,199 - INFO -   Train Accuracy: 78.16%
2026-04-13 21:07:00,200 - INFO -   Val Loss: 0.5949
2026-04-13 21:07:00,200 - INFO -   Val Accuracy: 77.78% | F1: 0.7770
2026-04-13 21:07:00,200 - INFO -   LR: 0.000100
2026-04-13 21:07:00,200 - INFO -   Patience: 5/30
2026-04-13 21:07:00,200 - INFO - 
Epoch 28/300
2026-04-13 21:07:04,103 - INFO -   Epoch [10/132] Loss: 0.4122
2026-04-13 21:07:07,862 - INFO -   Epoch [20/132] Loss: 0.4559
2026-04-13 21:07:11,746 - INFO -   Epoch [30/132] Loss: 0.7974
2026-04-13 21:07:15,626 - INFO -   Epoch [40/132] Loss: 0.3462
2026-04-13 21:07:19,472 - INFO -   Epoch [50/132] Loss: 0.3320
2026-04-13 21:07:23,278 - INFO -   Epoch [60/132] Loss: 0.5529
2026-04-13 21:07:27,062 - INFO -   Epoch [70/132] Loss: 0.7511
2026-04-13 21:07:30,915 - INFO -   Epoch [80/132] Loss: 0.5572
2026-04-13 21:07:34,838 - INFO -   Epoch [90/132] Loss: 1.1890
2026-04-13 21:07:38,682 - INFO -   Epoch [100/132] Loss: 0.3898
2026-04-13 21:07:42,507 - INFO -   Epoch [110/132] Loss: 0.6816
2026-04-13 21:07:46,348 - INFO -   Epoch [120/132] Loss: 0.4825
2026-04-13 21:07:50,191 - INFO -   Epoch [130/132] Loss: 0.4874
2026-04-13 21:07:52,223 - INFO -   Train Loss: 0.5596
2026-04-13 21:07:52,223 - INFO -   Train Accuracy: 77.90%
2026-04-13 21:07:52,223 - INFO -   Val Loss: 0.5859
2026-04-13 21:07:52,223 - INFO -   Val Accuracy: 77.33% | F1: 0.7686
2026-04-13 21:07:52,223 - INFO -   LR: 0.000100
2026-04-13 21:07:52,223 - INFO -   Patience: 6/30
2026-04-13 21:07:52,223 - INFO - 
Epoch 29/300
2026-04-13 21:07:56,097 - INFO -   Epoch [10/132] Loss: 0.7908
2026-04-13 21:07:59,861 - INFO -   Epoch [20/132] Loss: 0.5214
2026-04-13 21:08:03,764 - INFO -   Epoch [30/132] Loss: 0.5415
2026-04-13 21:08:07,584 - INFO -   Epoch [40/132] Loss: 1.1180
2026-04-13 21:08:11,371 - INFO -   Epoch [50/132] Loss: 0.8279
2026-04-13 21:08:15,241 - INFO -   Epoch [60/132] Loss: 1.2352
2026-04-13 21:08:19,053 - INFO -   Epoch [70/132] Loss: 0.3635
2026-04-13 21:08:22,868 - INFO -   Epoch [80/132] Loss: 0.3490
2026-04-13 21:08:26,723 - INFO -   Epoch [90/132] Loss: 0.2535
2026-04-13 21:08:30,525 - INFO -   Epoch [100/132] Loss: 1.1613
2026-04-13 21:08:34,388 - INFO -   Epoch [110/132] Loss: 0.6222
2026-04-13 21:08:38,192 - INFO -   Epoch [120/132] Loss: 0.6435
2026-04-13 21:08:42,026 - INFO -   Epoch [130/132] Loss: 0.5073
2026-04-13 21:08:44,060 - INFO -   Train Loss: 0.5520
2026-04-13 21:08:44,060 - INFO -   Train Accuracy: 80.19%
2026-04-13 21:08:44,060 - INFO -   Val Loss: 0.5872
2026-04-13 21:08:44,060 - INFO -   Val Accuracy: 76.00% | F1: 0.7587
2026-04-13 21:08:44,060 - INFO -   LR: 0.000050
2026-04-13 21:08:44,060 - INFO -   Patience: 7/30
2026-04-13 21:08:44,060 - INFO - 
Epoch 30/300
2026-04-13 21:08:47,987 - INFO -   Epoch [10/132] Loss: 0.4236
2026-04-13 21:08:51,851 - INFO -   Epoch [20/132] Loss: 0.3072
2026-04-13 21:08:55,613 - INFO -   Epoch [30/132] Loss: 1.0783
2026-04-13 21:08:59,432 - INFO -   Epoch [40/132] Loss: 0.2670
2026-04-13 21:09:03,245 - INFO -   Epoch [50/132] Loss: 0.4330
2026-04-13 21:09:07,091 - INFO -   Epoch [60/132] Loss: 0.4757
2026-04-13 21:09:10,998 - INFO -   Epoch [70/132] Loss: 0.3455
2026-04-13 21:09:14,809 - INFO -   Epoch [80/132] Loss: 0.9464
2026-04-13 21:09:18,667 - INFO -   Epoch [90/132] Loss: 0.8986
2026-04-13 21:09:22,049 - INFO -   Epoch [100/132] Loss: 0.3936
2026-04-13 21:09:25,431 - INFO -   Epoch [110/132] Loss: 0.5114
2026-04-13 21:09:28,787 - INFO -   Epoch [120/132] Loss: 0.7081
2026-04-13 21:09:32,203 - INFO -   Epoch [130/132] Loss: 0.8562
2026-04-13 21:09:34,007 - INFO -   Train Loss: 0.5493
2026-04-13 21:09:34,007 - INFO -   Train Accuracy: 79.68%
2026-04-13 21:09:34,007 - INFO -   Val Loss: 0.5840
2026-04-13 21:09:34,007 - INFO -   Val Accuracy: 76.44% | F1: 0.7617
2026-04-13 21:09:34,008 - INFO -   LR: 0.000050
2026-04-13 21:09:34,008 - INFO -   Patience: 8/30
2026-04-13 21:09:34,008 - INFO - 
Epoch 31/300
2026-04-13 21:09:37,438 - INFO -   Epoch [10/132] Loss: 0.5005
2026-04-13 21:09:40,883 - INFO -   Epoch [20/132] Loss: 0.6594
2026-04-13 21:09:44,361 - INFO -   Epoch [30/132] Loss: 0.5468
2026-04-13 21:09:47,860 - INFO -   Epoch [40/132] Loss: 0.3421
2026-04-13 21:09:51,352 - INFO -   Epoch [50/132] Loss: 0.2480
2026-04-13 21:09:54,817 - INFO -   Epoch [60/132] Loss: 0.4428
2026-04-13 21:09:58,273 - INFO -   Epoch [70/132] Loss: 0.7810
2026-04-13 21:10:01,722 - INFO -   Epoch [80/132] Loss: 0.6712
2026-04-13 21:10:05,213 - INFO -   Epoch [90/132] Loss: 0.3047
2026-04-13 21:10:08,681 - INFO -   Epoch [100/132] Loss: 0.5237
2026-04-13 21:10:12,118 - INFO -   Epoch [110/132] Loss: 1.0125
2026-04-13 21:10:15,599 - INFO -   Epoch [120/132] Loss: 0.8195
2026-04-13 21:10:19,035 - INFO -   Epoch [130/132] Loss: 1.3407
2026-04-13 21:10:20,872 - INFO -   Train Loss: 0.5282
2026-04-13 21:10:20,872 - INFO -   Train Accuracy: 79.62%
2026-04-13 21:10:20,872 - INFO -   Val Loss: 0.6085
2026-04-13 21:10:20,872 - INFO -   Val Accuracy: 76.00% | F1: 0.7569
2026-04-13 21:10:20,873 - INFO -   LR: 0.000050
2026-04-13 21:10:20,873 - INFO -   Patience: 9/30
2026-04-13 21:10:20,873 - INFO - 
Epoch 32/300
2026-04-13 21:10:24,330 - INFO -   Epoch [10/132] Loss: 0.1513
2026-04-13 21:10:27,769 - INFO -   Epoch [20/132] Loss: 0.2797
2026-04-13 21:10:31,182 - INFO -   Epoch [30/132] Loss: 0.7089
2026-04-13 21:10:34,599 - INFO -   Epoch [40/132] Loss: 0.3754
2026-04-13 21:10:38,017 - INFO -   Epoch [50/132] Loss: 0.2298
2026-04-13 21:10:41,455 - INFO -   Epoch [60/132] Loss: 0.4249
2026-04-13 21:10:44,905 - INFO -   Epoch [70/132] Loss: 0.6922
2026-04-13 21:10:48,341 - INFO -   Epoch [80/132] Loss: 0.6741
2026-04-13 21:10:51,775 - INFO -   Epoch [90/132] Loss: 0.4542
2026-04-13 21:10:55,182 - INFO -   Epoch [100/132] Loss: 0.5048
2026-04-13 21:10:58,616 - INFO -   Epoch [110/132] Loss: 1.1398
2026-04-13 21:11:02,022 - INFO -   Epoch [120/132] Loss: 0.6732
2026-04-13 21:11:05,454 - INFO -   Epoch [130/132] Loss: 0.5722
2026-04-13 21:11:07,272 - INFO -   Train Loss: 0.5103
2026-04-13 21:11:07,272 - INFO -   Train Accuracy: 80.89%
2026-04-13 21:11:07,272 - INFO -   Val Loss: 0.5758
2026-04-13 21:11:07,272 - INFO -   Val Accuracy: 76.44% | F1: 0.7643
2026-04-13 21:11:07,272 - INFO -   LR: 0.000050
2026-04-13 21:11:07,272 - INFO -   Patience: 10/30
2026-04-13 21:11:07,273 - INFO - 
Epoch 33/300
2026-04-13 21:11:10,750 - INFO -   Epoch [10/132] Loss: 0.2591
2026-04-13 21:11:14,658 - INFO -   Epoch [20/132] Loss: 0.6841
2026-04-13 21:11:18,415 - INFO -   Epoch [30/132] Loss: 0.3653
2026-04-13 21:11:22,327 - INFO -   Epoch [40/132] Loss: 0.8528
2026-04-13 21:11:26,276 - INFO -   Epoch [50/132] Loss: 0.6041
2026-04-13 21:11:30,056 - INFO -   Epoch [60/132] Loss: 1.1213
2026-04-13 21:11:33,943 - INFO -   Epoch [70/132] Loss: 0.4272
2026-04-13 21:11:37,796 - INFO -   Epoch [80/132] Loss: 0.4679
2026-04-13 21:11:41,643 - INFO -   Epoch [90/132] Loss: 0.4608
2026-04-13 21:11:45,449 - INFO -   Epoch [100/132] Loss: 0.3274
2026-04-13 21:11:49,186 - INFO -   Epoch [110/132] Loss: 0.3960
2026-04-13 21:11:53,088 - INFO -   Epoch [120/132] Loss: 0.4976
2026-04-13 21:11:56,934 - INFO -   Epoch [130/132] Loss: 0.3831
2026-04-13 21:11:58,953 - INFO -   Train Loss: 0.5280
2026-04-13 21:11:58,953 - INFO -   Train Accuracy: 79.30%
2026-04-13 21:11:58,953 - INFO -   Val Loss: 0.5912
2026-04-13 21:11:58,953 - INFO -   Val Accuracy: 77.78% | F1: 0.7762
2026-04-13 21:11:58,954 - INFO -   LR: 0.000050
2026-04-13 21:11:58,954 - INFO -   Patience: 11/30
2026-04-13 21:11:58,954 - INFO - 
Epoch 34/300
2026-04-13 21:12:02,778 - INFO -   Epoch [10/132] Loss: 0.2583
2026-04-13 21:12:06,628 - INFO -   Epoch [20/132] Loss: 0.3635
2026-04-13 21:12:10,395 - INFO -   Epoch [30/132] Loss: 0.5552
2026-04-13 21:12:14,246 - INFO -   Epoch [40/132] Loss: 0.6139
2026-04-13 21:12:18,113 - INFO -   Epoch [50/132] Loss: 0.4474
2026-04-13 21:12:21,915 - INFO -   Epoch [60/132] Loss: 0.6555
2026-04-13 21:12:25,674 - INFO -   Epoch [70/132] Loss: 0.6762
2026-04-13 21:12:29,560 - INFO -   Epoch [80/132] Loss: 0.3724
2026-04-13 21:12:33,379 - INFO -   Epoch [90/132] Loss: 0.5872
2026-04-13 21:12:37,154 - INFO -   Epoch [100/132] Loss: 0.4761
2026-04-13 21:12:41,003 - INFO -   Epoch [110/132] Loss: 0.2332
2026-04-13 21:12:44,814 - INFO -   Epoch [120/132] Loss: 1.1772
2026-04-13 21:12:48,688 - INFO -   Epoch [130/132] Loss: 0.5567
2026-04-13 21:12:50,607 - INFO -   Train Loss: 0.5130
2026-04-13 21:12:50,607 - INFO -   Train Accuracy: 80.19%
2026-04-13 21:12:50,608 - INFO -   Val Loss: 0.6033
2026-04-13 21:12:50,608 - INFO -   Val Accuracy: 76.89% | F1: 0.7668
2026-04-13 21:12:50,608 - INFO -   LR: 0.000050
2026-04-13 21:12:50,608 - INFO -   Patience: 12/30
2026-04-13 21:12:50,608 - INFO - 
Epoch 35/300
2026-04-13 21:12:54,442 - INFO -   Epoch [10/132] Loss: 0.4888
2026-04-13 21:12:58,248 - INFO -   Epoch [20/132] Loss: 0.2681
2026-04-13 21:13:02,135 - INFO -   Epoch [30/132] Loss: 0.7301
2026-04-13 21:13:05,974 - INFO -   Epoch [40/132] Loss: 0.6801
2026-04-13 21:13:09,716 - INFO -   Epoch [50/132] Loss: 0.7275
2026-04-13 21:13:13,621 - INFO -   Epoch [60/132] Loss: 0.4826
2026-04-13 21:13:17,325 - INFO -   Epoch [70/132] Loss: 0.3479
2026-04-13 21:13:21,230 - INFO -   Epoch [80/132] Loss: 0.7097
2026-04-13 21:13:25,024 - INFO -   Epoch [90/132] Loss: 0.4808
2026-04-13 21:13:28,871 - INFO -   Epoch [100/132] Loss: 0.3949
2026-04-13 21:13:32,787 - INFO -   Epoch [110/132] Loss: 0.6215
2026-04-13 21:13:36,619 - INFO -   Epoch [120/132] Loss: 0.3634
2026-04-13 21:13:40,405 - INFO -   Epoch [130/132] Loss: 0.2462
2026-04-13 21:13:42,359 - INFO -   Train Loss: 0.5073
2026-04-13 21:13:42,360 - INFO -   Train Accuracy: 81.33%
2026-04-13 21:13:42,360 - INFO -   Val Loss: 0.6057
2026-04-13 21:13:42,360 - INFO -   Val Accuracy: 76.89% | F1: 0.7666
2026-04-13 21:13:42,360 - INFO -   LR: 0.000025
2026-04-13 21:13:42,360 - INFO -   Patience: 13/30
2026-04-13 21:13:42,360 - INFO - 
Epoch 36/300
2026-04-13 21:13:46,066 - INFO -   Epoch [10/132] Loss: 0.6569
2026-04-13 21:13:49,904 - INFO -   Epoch [20/132] Loss: 1.1502
2026-04-13 21:13:53,685 - INFO -   Epoch [30/132] Loss: 0.3809
2026-04-13 21:13:57,481 - INFO -   Epoch [40/132] Loss: 0.2126
2026-04-13 21:14:01,321 - INFO -   Epoch [50/132] Loss: 0.4307
2026-04-13 21:14:05,184 - INFO -   Epoch [60/132] Loss: 0.5739
2026-04-13 21:14:08,926 - INFO -   Epoch [70/132] Loss: 0.2659
2026-04-13 21:14:12,798 - INFO -   Epoch [80/132] Loss: 0.6333
2026-04-13 21:14:16,638 - INFO -   Epoch [90/132] Loss: 0.5764
2026-04-13 21:14:20,443 - INFO -   Epoch [100/132] Loss: 0.2375
2026-04-13 21:14:24,286 - INFO -   Epoch [110/132] Loss: 0.2985
2026-04-13 21:14:28,079 - INFO -   Epoch [120/132] Loss: 0.6325
2026-04-13 21:14:31,799 - INFO -   Epoch [130/132] Loss: 0.3300
2026-04-13 21:14:33,744 - INFO -   Train Loss: 0.5129
2026-04-13 21:14:33,744 - INFO -   Train Accuracy: 80.25%
2026-04-13 21:14:33,744 - INFO -   Val Loss: 0.5792
2026-04-13 21:14:33,744 - INFO -   Val Accuracy: 76.89% | F1: 0.7670
2026-04-13 21:14:33,744 - INFO -   LR: 0.000025
2026-04-13 21:14:33,744 - INFO -   Patience: 14/30
2026-04-13 21:14:33,744 - INFO - 
Epoch 37/300
2026-04-13 21:14:37,541 - INFO -   Epoch [10/132] Loss: 0.4626
2026-04-13 21:14:41,261 - INFO -   Epoch [20/132] Loss: 0.4201
2026-04-13 21:14:45,050 - INFO -   Epoch [30/132] Loss: 0.6300
2026-04-13 21:14:48,780 - INFO -   Epoch [40/132] Loss: 0.4506
2026-04-13 21:14:52,609 - INFO -   Epoch [50/132] Loss: 0.1979
2026-04-13 21:14:56,393 - INFO -   Epoch [60/132] Loss: 0.6042
2026-04-13 21:15:00,273 - INFO -   Epoch [70/132] Loss: 0.6541
2026-04-13 21:15:04,040 - INFO -   Epoch [80/132] Loss: 0.4381
2026-04-13 21:15:07,901 - INFO -   Epoch [90/132] Loss: 0.2667
2026-04-13 21:15:11,708 - INFO -   Epoch [100/132] Loss: 0.3460
2026-04-13 21:15:15,562 - INFO -   Epoch [110/132] Loss: 0.3558
2026-04-13 21:15:19,423 - INFO -   Epoch [120/132] Loss: 0.5298
2026-04-13 21:15:23,188 - INFO -   Epoch [130/132] Loss: 0.2088
2026-04-13 21:15:25,140 - INFO -   Train Loss: 0.5117
2026-04-13 21:15:25,140 - INFO -   Train Accuracy: 79.75%
2026-04-13 21:15:25,140 - INFO -   Val Loss: 0.5753
2026-04-13 21:15:25,140 - INFO -   Val Accuracy: 76.44% | F1: 0.7597
2026-04-13 21:15:25,140 - INFO -   LR: 0.000025
2026-04-13 21:15:25,140 - INFO -   Patience: 15/30
2026-04-13 21:15:25,141 - INFO - 
Epoch 38/300
2026-04-13 21:15:28,927 - INFO -   Epoch [10/132] Loss: 0.4254
2026-04-13 21:15:32,709 - INFO -   Epoch [20/132] Loss: 0.7401
2026-04-13 21:15:36,494 - INFO -   Epoch [30/132] Loss: 0.5768
2026-04-13 21:15:40,273 - INFO -   Epoch [40/132] Loss: 0.2835
2026-04-13 21:15:44,130 - INFO -   Epoch [50/132] Loss: 0.6370
2026-04-13 21:15:48,058 - INFO -   Epoch [60/132] Loss: 0.5146
2026-04-13 21:15:51,848 - INFO -   Epoch [70/132] Loss: 0.3869
2026-04-13 21:15:55,692 - INFO -   Epoch [80/132] Loss: 0.3708
2026-04-13 21:15:59,495 - INFO -   Epoch [90/132] Loss: 0.1332
2026-04-13 21:16:03,287 - INFO -   Epoch [100/132] Loss: 0.8231
2026-04-13 21:16:07,140 - INFO -   Epoch [110/132] Loss: 0.3981
2026-04-13 21:16:10,951 - INFO -   Epoch [120/132] Loss: 0.3870
2026-04-13 21:16:14,811 - INFO -   Epoch [130/132] Loss: 0.6767
2026-04-13 21:16:16,805 - INFO -   Train Loss: 0.4879
2026-04-13 21:16:16,805 - INFO -   Train Accuracy: 80.57%
2026-04-13 21:16:16,805 - INFO -   Val Loss: 0.5841
2026-04-13 21:16:16,805 - INFO -   Val Accuracy: 76.89% | F1: 0.7656
2026-04-13 21:16:16,805 - INFO -   LR: 0.000025
2026-04-13 21:16:16,805 - INFO -   Patience: 16/30
2026-04-13 21:16:16,805 - INFO - 
Epoch 39/300
2026-04-13 21:16:20,554 - INFO -   Epoch [10/132] Loss: 0.4564
2026-04-13 21:16:24,324 - INFO -   Epoch [20/132] Loss: 0.5793
2026-04-13 21:16:28,141 - INFO -   Epoch [30/132] Loss: 0.2358
2026-04-13 21:16:31,877 - INFO -   Epoch [40/132] Loss: 0.5300
2026-04-13 21:16:35,748 - INFO -   Epoch [50/132] Loss: 0.4657
2026-04-13 21:16:39,639 - INFO -   Epoch [60/132] Loss: 0.6274
2026-04-13 21:16:43,471 - INFO -   Epoch [70/132] Loss: 0.4366
2026-04-13 21:16:47,290 - INFO -   Epoch [80/132] Loss: 0.5476
2026-04-13 21:16:51,111 - INFO -   Epoch [90/132] Loss: 0.4392
2026-04-13 21:16:54,935 - INFO -   Epoch [100/132] Loss: 0.7149
2026-04-13 21:16:58,780 - INFO -   Epoch [110/132] Loss: 0.3030
2026-04-13 21:17:02,694 - INFO -   Epoch [120/132] Loss: 0.2597
2026-04-13 21:17:06,508 - INFO -   Epoch [130/132] Loss: 0.5698
2026-04-13 21:17:08,477 - INFO -   Train Loss: 0.4841
2026-04-13 21:17:08,478 - INFO -   Train Accuracy: 81.52%
2026-04-13 21:17:08,478 - INFO -   Val Loss: 0.5774
2026-04-13 21:17:08,478 - INFO -   Val Accuracy: 76.44% | F1: 0.7643
2026-04-13 21:17:08,478 - INFO -   LR: 0.000025
2026-04-13 21:17:08,478 - INFO -   Patience: 17/30
2026-04-13 21:17:08,478 - INFO - 
Epoch 40/300
2026-04-13 21:17:12,358 - INFO -   Epoch [10/132] Loss: 0.3522
2026-04-13 21:17:16,201 - INFO -   Epoch [20/132] Loss: 0.4343
2026-04-13 21:17:20,015 - INFO -   Epoch [30/132] Loss: 0.3522
2026-04-13 21:17:23,826 - INFO -   Epoch [40/132] Loss: 0.4961
2026-04-13 21:17:27,650 - INFO -   Epoch [50/132] Loss: 0.1487
2026-04-13 21:17:31,514 - INFO -   Epoch [60/132] Loss: 0.6808
2026-04-13 21:17:35,395 - INFO -   Epoch [70/132] Loss: 0.3859
2026-04-13 21:17:39,234 - INFO -   Epoch [80/132] Loss: 0.6229
2026-04-13 21:17:43,113 - INFO -   Epoch [90/132] Loss: 0.2965
2026-04-13 21:17:46,959 - INFO -   Epoch [100/132] Loss: 0.3270
2026-04-13 21:17:50,765 - INFO -   Epoch [110/132] Loss: 0.1688
2026-04-13 21:17:54,580 - INFO -   Epoch [120/132] Loss: 0.8017
2026-04-13 21:17:58,481 - INFO -   Epoch [130/132] Loss: 0.9943
2026-04-13 21:18:00,443 - INFO -   Train Loss: 0.4693
2026-04-13 21:18:00,443 - INFO -   Train Accuracy: 81.21%
2026-04-13 21:18:00,443 - INFO -   Val Loss: 0.6045
2026-04-13 21:18:00,443 - INFO -   Val Accuracy: 76.00% | F1: 0.7590
2026-04-13 21:18:00,443 - INFO -   LR: 0.000025
2026-04-13 21:18:00,444 - INFO -   Patience: 18/30
2026-04-13 21:18:00,444 - INFO - 
Epoch 41/300
2026-04-13 21:18:04,329 - INFO -   Epoch [10/132] Loss: 0.8487
2026-04-13 21:18:08,169 - INFO -   Epoch [20/132] Loss: 0.3435
2026-04-13 21:18:11,968 - INFO -   Epoch [30/132] Loss: 0.3205
2026-04-13 21:18:15,826 - INFO -   Epoch [40/132] Loss: 0.6141
2026-04-13 21:18:19,700 - INFO -   Epoch [50/132] Loss: 0.4598
2026-04-13 21:18:23,552 - INFO -   Epoch [60/132] Loss: 0.5926
2026-04-13 21:18:27,395 - INFO -   Epoch [70/132] Loss: 0.2279
2026-04-13 21:18:31,226 - INFO -   Epoch [80/132] Loss: 0.2549
2026-04-13 21:18:35,095 - INFO -   Epoch [90/132] Loss: 0.4036
2026-04-13 21:18:38,873 - INFO -   Epoch [100/132] Loss: 0.3574
2026-04-13 21:18:42,736 - INFO -   Epoch [110/132] Loss: 0.4356
2026-04-13 21:18:46,517 - INFO -   Epoch [120/132] Loss: 0.2857
2026-04-13 21:18:50,302 - INFO -   Epoch [130/132] Loss: 0.6446
2026-04-13 21:18:52,286 - INFO -   Train Loss: 0.4771
2026-04-13 21:18:52,287 - INFO -   Train Accuracy: 81.84%
2026-04-13 21:18:52,287 - INFO -   Val Loss: 0.5946
2026-04-13 21:18:52,287 - INFO -   Val Accuracy: 76.44% | F1: 0.7596
2026-04-13 21:18:52,287 - INFO -   LR: 0.000013
2026-04-13 21:18:52,287 - INFO -   Patience: 19/30
2026-04-13 21:18:52,287 - INFO - 
Epoch 42/300
2026-04-13 21:18:56,215 - INFO -   Epoch [10/132] Loss: 0.7792
2026-04-13 21:19:00,135 - INFO -   Epoch [20/132] Loss: 0.2561
2026-04-13 21:19:03,945 - INFO -   Epoch [30/132] Loss: 0.6465
2026-04-13 21:19:07,794 - INFO -   Epoch [40/132] Loss: 0.4658
2026-04-13 21:19:11,718 - INFO -   Epoch [50/132] Loss: 0.7846
2026-04-13 21:19:15,562 - INFO -   Epoch [60/132] Loss: 0.2884
2026-04-13 21:19:19,368 - INFO -   Epoch [70/132] Loss: 0.4935
2026-04-13 21:19:23,138 - INFO -   Epoch [80/132] Loss: 0.2809
2026-04-13 21:19:26,991 - INFO -   Epoch [90/132] Loss: 0.4168
2026-04-13 21:19:30,547 - INFO -   Epoch [100/132] Loss: 0.6107
2026-04-13 21:19:33,984 - INFO -   Epoch [110/132] Loss: 0.3082
2026-04-13 21:19:37,447 - INFO -   Epoch [120/132] Loss: 0.8282
2026-04-13 21:19:40,819 - INFO -   Epoch [130/132] Loss: 0.6240
2026-04-13 21:19:42,655 - INFO -   Train Loss: 0.4821
2026-04-13 21:19:42,655 - INFO -   Train Accuracy: 81.84%
2026-04-13 21:19:42,655 - INFO -   Val Loss: 0.5807
2026-04-13 21:19:42,655 - INFO -   Val Accuracy: 76.89% | F1: 0.7662
2026-04-13 21:19:42,655 - INFO -   LR: 0.000013
2026-04-13 21:19:42,655 - INFO -   Patience: 20/30
2026-04-13 21:19:42,655 - INFO - 
Epoch 43/300
2026-04-13 21:19:46,084 - INFO -   Epoch [10/132] Loss: 0.7463
2026-04-13 21:19:49,495 - INFO -   Epoch [20/132] Loss: 0.6681
2026-04-13 21:19:52,915 - INFO -   Epoch [30/132] Loss: 0.7268
2026-04-13 21:19:56,326 - INFO -   Epoch [40/132] Loss: 0.5468
2026-04-13 21:19:59,711 - INFO -   Epoch [50/132] Loss: 0.4057
2026-04-13 21:20:03,141 - INFO -   Epoch [60/132] Loss: 0.2440
2026-04-13 21:20:06,572 - INFO -   Epoch [70/132] Loss: 0.6235
2026-04-13 21:20:09,945 - INFO -   Epoch [80/132] Loss: 0.5896
2026-04-13 21:20:13,353 - INFO -   Epoch [90/132] Loss: 0.7552
2026-04-13 21:20:16,786 - INFO -   Epoch [100/132] Loss: 0.3548
2026-04-13 21:20:20,155 - INFO -   Epoch [110/132] Loss: 0.7595
2026-04-13 21:20:23,576 - INFO -   Epoch [120/132] Loss: 0.4664
2026-04-13 21:20:26,974 - INFO -   Epoch [130/132] Loss: 0.8031
2026-04-13 21:20:28,814 - INFO -   Train Loss: 0.4805
2026-04-13 21:20:28,814 - INFO -   Train Accuracy: 81.65%
2026-04-13 21:20:28,814 - INFO -   Val Loss: 0.5784
2026-04-13 21:20:28,814 - INFO -   Val Accuracy: 77.33% | F1: 0.7707
2026-04-13 21:20:28,814 - INFO -   LR: 0.000013
2026-04-13 21:20:28,814 - INFO -   Patience: 21/30
2026-04-13 21:20:28,814 - INFO - 
Epoch 44/300
2026-04-13 21:20:32,230 - INFO -   Epoch [10/132] Loss: 0.6245
2026-04-13 21:20:35,659 - INFO -   Epoch [20/132] Loss: 0.7496
2026-04-13 21:20:39,107 - INFO -   Epoch [30/132] Loss: 0.6484
2026-04-13 21:20:42,519 - INFO -   Epoch [40/132] Loss: 0.2436
2026-04-13 21:20:45,955 - INFO -   Epoch [50/132] Loss: 0.6215
2026-04-13 21:20:49,389 - INFO -   Epoch [60/132] Loss: 0.1408
2026-04-13 21:20:52,822 - INFO -   Epoch [70/132] Loss: 0.2278
2026-04-13 21:20:56,244 - INFO -   Epoch [80/132] Loss: 0.8514
2026-04-13 21:20:59,703 - INFO -   Epoch [90/132] Loss: 0.9829
2026-04-13 21:21:03,146 - INFO -   Epoch [100/132] Loss: 0.6542
2026-04-13 21:21:06,618 - INFO -   Epoch [110/132] Loss: 0.2786
2026-04-13 21:21:10,103 - INFO -   Epoch [120/132] Loss: 0.6441
2026-04-13 21:21:13,553 - INFO -   Epoch [130/132] Loss: 0.3954
2026-04-13 21:21:15,394 - INFO -   Train Loss: 0.4691
2026-04-13 21:21:15,394 - INFO -   Train Accuracy: 82.41%
2026-04-13 21:21:15,394 - INFO -   Val Loss: 0.5757
2026-04-13 21:21:15,394 - INFO -   Val Accuracy: 77.78% | F1: 0.7760
2026-04-13 21:21:15,394 - INFO -   LR: 0.000013
2026-04-13 21:21:15,394 - INFO -   Patience: 22/30
2026-04-13 21:21:15,394 - INFO - 
Epoch 45/300
2026-04-13 21:21:18,831 - INFO -   Epoch [10/132] Loss: 0.5726
2026-04-13 21:21:22,227 - INFO -   Epoch [20/132] Loss: 0.9183
2026-04-13 21:21:26,021 - INFO -   Epoch [30/132] Loss: 0.5338
2026-04-13 21:21:29,894 - INFO -   Epoch [40/132] Loss: 0.2729
2026-04-13 21:21:33,669 - INFO -   Epoch [50/132] Loss: 0.5149
2026-04-13 21:21:37,512 - INFO -   Epoch [60/132] Loss: 0.6097
2026-04-13 21:21:41,418 - INFO -   Epoch [70/132] Loss: 0.2797
2026-04-13 21:21:45,177 - INFO -   Epoch [80/132] Loss: 0.2999
2026-04-13 21:21:49,044 - INFO -   Epoch [90/132] Loss: 0.6074
2026-04-13 21:21:52,906 - INFO -   Epoch [100/132] Loss: 0.2740
2026-04-13 21:21:56,745 - INFO -   Epoch [110/132] Loss: 0.4875
2026-04-13 21:22:00,561 - INFO -   Epoch [120/132] Loss: 0.5679
2026-04-13 21:22:04,504 - INFO -   Epoch [130/132] Loss: 0.7786
2026-04-13 21:22:06,564 - INFO -   Train Loss: 0.4935
2026-04-13 21:22:06,564 - INFO -   Train Accuracy: 80.95%
2026-04-13 21:22:06,564 - INFO -   Val Loss: 0.5754
2026-04-13 21:22:06,564 - INFO -   Val Accuracy: 77.78% | F1: 0.7765
2026-04-13 21:22:06,565 - INFO -   LR: 0.000013
2026-04-13 21:22:06,565 - INFO -   Patience: 23/30
2026-04-13 21:22:06,565 - INFO - 
Epoch 46/300
2026-04-13 21:22:10,443 - INFO -   Epoch [10/132] Loss: 0.7075
2026-04-13 21:22:14,205 - INFO -   Epoch [20/132] Loss: 0.4578
2026-04-13 21:22:18,110 - INFO -   Epoch [30/132] Loss: 0.3009
2026-04-13 21:22:21,829 - INFO -   Epoch [40/132] Loss: 0.4944
2026-04-13 21:22:25,662 - INFO -   Epoch [50/132] Loss: 0.5389
2026-04-13 21:22:29,532 - INFO -   Epoch [60/132] Loss: 0.2646
2026-04-13 21:22:33,385 - INFO -   Epoch [70/132] Loss: 0.3052
2026-04-13 21:22:37,230 - INFO -   Epoch [80/132] Loss: 0.4145
2026-04-13 21:22:41,051 - INFO -   Epoch [90/132] Loss: 0.5715
2026-04-13 21:22:44,865 - INFO -   Epoch [100/132] Loss: 0.4555
2026-04-13 21:22:48,522 - INFO -   Epoch [110/132] Loss: 0.4150
2026-04-13 21:22:52,353 - INFO -   Epoch [120/132] Loss: 0.2293
2026-04-13 21:22:56,175 - INFO -   Epoch [130/132] Loss: 0.4584
2026-04-13 21:22:58,181 - INFO -   Train Loss: 0.4708
2026-04-13 21:22:58,181 - INFO -   Train Accuracy: 81.08%
2026-04-13 21:22:58,181 - INFO -   Val Loss: 0.5893
2026-04-13 21:22:58,181 - INFO -   Val Accuracy: 77.33% | F1: 0.7710
2026-04-13 21:22:58,182 - INFO -   LR: 0.000013
2026-04-13 21:22:58,182 - INFO -   Patience: 24/30
2026-04-13 21:22:58,182 - INFO - 
Epoch 47/300
2026-04-13 21:23:02,044 - INFO -   Epoch [10/132] Loss: 0.4443
2026-04-13 21:23:05,830 - INFO -   Epoch [20/132] Loss: 0.3402
2026-04-13 21:23:09,705 - INFO -   Epoch [30/132] Loss: 0.4634
2026-04-13 21:23:13,628 - INFO -   Epoch [40/132] Loss: 0.5127
2026-04-13 21:23:17,353 - INFO -   Epoch [50/132] Loss: 0.1961
2026-04-13 21:23:21,239 - INFO -   Epoch [60/132] Loss: 0.5113
2026-04-13 21:23:25,065 - INFO -   Epoch [70/132] Loss: 0.2756
2026-04-13 21:23:28,888 - INFO -   Epoch [80/132] Loss: 0.4461
2026-04-13 21:23:32,775 - INFO -   Epoch [90/132] Loss: 0.7709
2026-04-13 21:23:36,485 - INFO -   Epoch [100/132] Loss: 0.2854
2026-04-13 21:23:40,235 - INFO -   Epoch [110/132] Loss: 0.2244
2026-04-13 21:23:44,129 - INFO -   Epoch [120/132] Loss: 0.3167
2026-04-13 21:23:48,022 - INFO -   Epoch [130/132] Loss: 0.4042
2026-04-13 21:23:49,963 - INFO -   Train Loss: 0.4675
2026-04-13 21:23:49,963 - INFO -   Train Accuracy: 81.71%
2026-04-13 21:23:49,963 - INFO -   Val Loss: 0.5773
2026-04-13 21:23:49,964 - INFO -   Val Accuracy: 77.78% | F1: 0.7763
2026-04-13 21:23:49,964 - INFO -   LR: 0.000006
2026-04-13 21:23:49,964 - INFO -   Patience: 25/30
2026-04-13 21:23:49,964 - INFO - 
Epoch 48/300
2026-04-13 21:23:53,768 - INFO -   Epoch [10/132] Loss: 0.3848
2026-04-13 21:23:57,545 - INFO -   Epoch [20/132] Loss: 0.2940
2026-04-13 21:24:01,423 - INFO -   Epoch [30/132] Loss: 0.6271
2026-04-13 21:24:05,286 - INFO -   Epoch [40/132] Loss: 0.3608
2026-04-13 21:24:09,022 - INFO -   Epoch [50/132] Loss: 0.4748
2026-04-13 21:24:12,854 - INFO -   Epoch [60/132] Loss: 0.5198
2026-04-13 21:24:16,616 - INFO -   Epoch [70/132] Loss: 0.8299
2026-04-13 21:24:20,495 - INFO -   Epoch [80/132] Loss: 0.5508
2026-04-13 21:24:24,369 - INFO -   Epoch [90/132] Loss: 0.3614
2026-04-13 21:24:28,114 - INFO -   Epoch [100/132] Loss: 0.8161
2026-04-13 21:24:31,983 - INFO -   Epoch [110/132] Loss: 0.6215
2026-04-13 21:24:35,743 - INFO -   Epoch [120/132] Loss: 0.5994
2026-04-13 21:24:39,489 - INFO -   Epoch [130/132] Loss: 0.2257
2026-04-13 21:24:41,467 - INFO -   Train Loss: 0.4669
2026-04-13 21:24:41,467 - INFO -   Train Accuracy: 81.65%
2026-04-13 21:24:41,467 - INFO -   Val Loss: 0.5877
2026-04-13 21:24:41,467 - INFO -   Val Accuracy: 77.33% | F1: 0.7710
2026-04-13 21:24:41,467 - INFO -   LR: 0.000006
2026-04-13 21:24:41,467 - INFO -   Patience: 26/30
2026-04-13 21:24:41,467 - INFO - 
Epoch 49/300
2026-04-13 21:24:45,277 - INFO -   Epoch [10/132] Loss: 0.7347
2026-04-13 21:24:49,112 - INFO -   Epoch [20/132] Loss: 0.5122
2026-04-13 21:24:52,912 - INFO -   Epoch [30/132] Loss: 0.4411
2026-04-13 21:24:56,767 - INFO -   Epoch [40/132] Loss: 0.3304
2026-04-13 21:25:00,637 - INFO -   Epoch [50/132] Loss: 0.5042
2026-04-13 21:25:04,408 - INFO -   Epoch [60/132] Loss: 0.2695
2026-04-13 21:25:08,228 - INFO -   Epoch [70/132] Loss: 0.1454
2026-04-13 21:25:12,056 - INFO -   Epoch [80/132] Loss: 0.4690
2026-04-13 21:25:15,845 - INFO -   Epoch [90/132] Loss: 0.4815
2026-04-13 21:25:19,706 - INFO -   Epoch [100/132] Loss: 0.3506
2026-04-13 21:25:23,567 - INFO -   Epoch [110/132] Loss: 0.6835
2026-04-13 21:25:27,424 - INFO -   Epoch [120/132] Loss: 0.3371
2026-04-13 21:25:31,188 - INFO -   Epoch [130/132] Loss: 0.6749
2026-04-13 21:25:33,162 - INFO -   Train Loss: 0.4683
2026-04-13 21:25:33,162 - INFO -   Train Accuracy: 82.48%
2026-04-13 21:25:33,162 - INFO -   Val Loss: 0.5853
2026-04-13 21:25:33,162 - INFO -   Val Accuracy: 77.78% | F1: 0.7763
2026-04-13 21:25:33,162 - INFO -   LR: 0.000006
2026-04-13 21:25:33,162 - INFO -   Patience: 27/30
2026-04-13 21:25:33,163 - INFO - 
Epoch 50/300
2026-04-13 21:25:36,899 - INFO -   Epoch [10/132] Loss: 0.5853
2026-04-13 21:25:40,696 - INFO -   Epoch [20/132] Loss: 0.3198
2026-04-13 21:25:44,511 - INFO -   Epoch [30/132] Loss: 0.4262
2026-04-13 21:25:48,397 - INFO -   Epoch [40/132] Loss: 0.2197
2026-04-13 21:25:52,159 - INFO -   Epoch [50/132] Loss: 0.7752
2026-04-13 21:25:56,021 - INFO -   Epoch [60/132] Loss: 1.1809
2026-04-13 21:25:59,853 - INFO -   Epoch [70/132] Loss: 0.3516
2026-04-13 21:26:03,663 - INFO -   Epoch [80/132] Loss: 0.3286
2026-04-13 21:26:07,572 - INFO -   Epoch [90/132] Loss: 0.6166
2026-04-13 21:26:11,468 - INFO -   Epoch [100/132] Loss: 0.1939
2026-04-13 21:26:15,253 - INFO -   Epoch [110/132] Loss: 0.2439
2026-04-13 21:26:19,123 - INFO -   Epoch [120/132] Loss: 0.3672
2026-04-13 21:26:22,969 - INFO -   Epoch [130/132] Loss: 0.5319
2026-04-13 21:26:25,026 - INFO -   Train Loss: 0.4701
2026-04-13 21:26:25,026 - INFO -   Train Accuracy: 82.16%
2026-04-13 21:26:25,026 - INFO -   Val Loss: 0.5784
2026-04-13 21:26:25,026 - INFO -   Val Accuracy: 77.78% | F1: 0.7763
2026-04-13 21:26:25,026 - INFO -   LR: 0.000006
2026-04-13 21:26:25,027 - INFO -   Patience: 28/30
2026-04-13 21:26:25,027 - INFO - 
Epoch 51/300
2026-04-13 21:26:28,883 - INFO -   Epoch [10/132] Loss: 0.7415
2026-04-13 21:26:32,696 - INFO -   Epoch [20/132] Loss: 0.3745
2026-04-13 21:26:36,493 - INFO -   Epoch [30/132] Loss: 0.2522
2026-04-13 21:26:40,420 - INFO -   Epoch [40/132] Loss: 0.3319
2026-04-13 21:26:44,174 - INFO -   Epoch [50/132] Loss: 0.1859
2026-04-13 21:26:47,959 - INFO -   Epoch [60/132] Loss: 0.6839
2026-04-13 21:26:51,837 - INFO -   Epoch [70/132] Loss: 0.9865
2026-04-13 21:26:55,699 - INFO -   Epoch [80/132] Loss: 0.2868
2026-04-13 21:26:59,423 - INFO -   Epoch [90/132] Loss: 0.3252
2026-04-13 21:27:03,314 - INFO -   Epoch [100/132] Loss: 0.4502
2026-04-13 21:27:07,151 - INFO -   Epoch [110/132] Loss: 0.7724
2026-04-13 21:27:11,014 - INFO -   Epoch [120/132] Loss: 0.2745
2026-04-13 21:27:14,781 - INFO -   Epoch [130/132] Loss: 0.6919
2026-04-13 21:27:16,758 - INFO -   Train Loss: 0.4758
2026-04-13 21:27:16,758 - INFO -   Train Accuracy: 82.22%
2026-04-13 21:27:16,758 - INFO -   Val Loss: 0.5838
2026-04-13 21:27:16,758 - INFO -   Val Accuracy: 77.78% | F1: 0.7763
2026-04-13 21:27:16,758 - INFO -   LR: 0.000006
2026-04-13 21:27:16,758 - INFO -   Patience: 29/30
2026-04-13 21:27:16,759 - INFO - 
Epoch 52/300
2026-04-13 21:27:20,626 - INFO -   Epoch [10/132] Loss: 0.5157
2026-04-13 21:27:24,500 - INFO -   Epoch [20/132] Loss: 0.6813
2026-04-13 21:27:28,362 - INFO -   Epoch [30/132] Loss: 0.6120
2026-04-13 21:27:32,173 - INFO -   Epoch [40/132] Loss: 0.3980
2026-04-13 21:27:36,026 - INFO -   Epoch [50/132] Loss: 0.2018
2026-04-13 21:27:39,781 - INFO -   Epoch [60/132] Loss: 0.4851
2026-04-13 21:27:43,562 - INFO -   Epoch [70/132] Loss: 0.5012
2026-04-13 21:27:47,365 - INFO -   Epoch [80/132] Loss: 0.4422
2026-04-13 21:27:51,248 - INFO -   Epoch [90/132] Loss: 0.7619
2026-04-13 21:27:55,113 - INFO -   Epoch [100/132] Loss: 0.3083
2026-04-13 21:27:58,833 - INFO -   Epoch [110/132] Loss: 0.5848
2026-04-13 21:28:02,613 - INFO -   Epoch [120/132] Loss: 0.5339
2026-04-13 21:28:06,447 - INFO -   Epoch [130/132] Loss: 0.4240
2026-04-13 21:28:08,418 - INFO -   Train Loss: 0.4786
2026-04-13 21:28:08,418 - INFO -   Train Accuracy: 82.16%
2026-04-13 21:28:08,418 - INFO -   Val Loss: 0.5855
2026-04-13 21:28:08,418 - INFO -   Val Accuracy: 77.78% | F1: 0.7768
2026-04-13 21:28:08,419 - INFO -   LR: 0.000006
2026-04-13 21:28:08,419 - INFO -   Patience: 30/30
2026-04-13 21:28:08,419 - INFO - 
✓ Early stopping at epoch 52
2026-04-13 21:28:08,419 - INFO - 
✓ Training completed!
2026-04-13 21:28:08,419 - INFO -   Best Accuracy: 77.78%
2026-04-13 21:28:08,419 - INFO - 
================================================================================
2026-04-13 21:28:08,419 - INFO - Step 7: Testing
2026-04-13 21:28:08,419 - INFO - ================================================================================
train_multiscale_temporal.py:1089: FutureWarning: You are using `torch.load` with `weights_only=False` (the current default value), which uses the default pickle module implicitly. It is possible to construct malicious pickle data which will execute arbitrary code during unpickling (See https://github.com/pytorch/pytorch/blob/main/SECURITY.md#untrusted-models for more details). In a future release, the default value for `weights_only` will be flipped to `True`. This limits the functions that could be executed during unpickling. Arbitrary objects will no longer be allowed to be loaded via this mode unless they are explicitly allowlisted by the user via `torch.serialization.add_safe_globals`. We recommend you start setting `weights_only=True` for any use case where you don't have full control of the loaded file. Please open an issue on GitHub for any issues related to this experimental feature.
  checkpoint = torch.load(f"{output_dir}/models/best_model.pth")
2026-04-13 21:28:09,205 - INFO - ✓ Loaded best model from epoch 22
2026-04-13 21:28:11,662 - INFO - 
Test Results:
2026-04-13 21:28:11,662 - INFO -   - Accuracy: 74.22%
2026-04-13 21:28:11,662 - INFO -   - F1 Score: 0.7365
2026-04-13 21:28:11,664 - INFO -   - Kappa: 0.7094
2026-04-13 21:28:11,665 - INFO -   - Kappa: 0.7094
2026-04-13 21:28:11,674 - INFO - 
✓ All results saved to outputs/multiscale_temporal_20260413_204352_sampled_labels_spc250_seed202_reconstructed_phase53_spc250_hourly168_only_rerun/metrics/
2026-04-13 21:28:11,674 - INFO -   - test_results.json
2026-04-13 21:28:11,674 - INFO -   - classification_report.txt
2026-04-13 21:28:11,674 - INFO -   - confusion_matrix.npy
2026-04-13 21:28:11,674 - INFO - 
================================================================================
2026-04-13 21:28:11,674 - INFO - Training Time Statistics
2026-04-13 21:28:11,675 - INFO - ================================================================================
2026-04-13 21:28:11,675 - INFO - Start time:    2026-04-13 20:43:52
2026-04-13 21:28:11,675 - INFO - End time:      2026-04-13 21:28:11
2026-04-13 21:28:11,675 - INFO - Total time:    00:44:19 (2659.11 seconds)
2026-04-13 21:28:11,675 - INFO -                (44.32 minutes, 0.74 hours)
2026-04-13 21:28:11,675 - INFO - ================================================================================
2026-04-13 21:28:11,675 - INFO - ✓ Timing info saved to outputs/multiscale_temporal_20260413_204352_sampled_labels_spc250_seed202_reconstructed_phase53_spc250_hourly168_only_rerun/metrics/timing_info.json
2026-04-13 21:28:11,675 - INFO - ================================================================================
>>>PYTHON-EXEC-OUTPUT
[LapPE] Loading from cache: outputs/.laplacian_pe_cache/lpe_n65049_k8_topk20x20.pt
[LapPE] Loaded: torch.Size([65049, 8])
<<<PYTHON-EXEC-OUTPUT
