2026-02-22 02:44:30,901 - INFO - Output directory: outputs/shenzhen_pure_graph_20260222_024430
2026-02-22 02:44:30,901 - INFO - Log file: outputs/shenzhen_pure_graph_20260222_024430/training.log
2026-02-22 02:44:30,901 - INFO - 
================================================================================
2026-02-22 02:44:30,901 - INFO - Step 1: Loading data
2026-02-22 02:44:30,901 - INFO - ================================================================================
2026-02-22 03:01:22,202 - INFO - ✓ Data loaded successfully
2026-02-22 03:01:22,202 - INFO -   - Total grids: 4000
2026-02-22 03:01:22,202 - INFO -   - Feature shape: (7, 2)
2026-02-22 03:01:22,202 - INFO -   - Graph 2021 edges: 73162
2026-02-22 03:01:22,202 - INFO -   - Graph 2024 edges: 96390
2026-02-22 03:01:22,202 - INFO - 
================================================================================
2026-02-22 03:01:22,202 - INFO - Step 2: Preparing temporal features
2026-02-22 03:01:22,202 - INFO - ================================================================================
2026-02-22 03:01:22,221 - INFO - ✓ Temporal features prepared
2026-02-22 03:01:22,221 - INFO -   - 2021 features: 4000 grids
2026-02-22 03:01:22,221 - INFO -   - 2024 features: 4000 grids
2026-02-22 03:01:22,221 - INFO - 
================================================================================
2026-02-22 03:01:22,221 - INFO - Step 3: Creating dataset
2026-02-22 03:01:22,221 - INFO - ================================================================================
2026-02-22 03:01:22,221 - INFO - ✓ Dataset created: 4000 samples
2026-02-22 03:01:22,222 - INFO -   - Train: 2800 samples
2026-02-22 03:01:22,222 - INFO -   - Val: 400 samples
2026-02-22 03:01:22,222 - INFO -   - Test: 800 samples
2026-02-22 03:01:22,302 - INFO - ✓ Data loaders created
2026-02-22 03:01:22,303 - INFO - 
================================================================================
2026-02-22 03:01:22,303 - INFO - Step 4: Creating model
2026-02-22 03:01:22,303 - INFO - ================================================================================
2026-02-22 03:01:22,303 - INFO - Using device: cuda
2026-02-22 03:01:22,655 - INFO - ✓ Model created
2026-02-22 03:01:22,655 - INFO -   - Total parameters: 1,262,601
2026-02-22 03:01:22,655 - INFO -   - Trainable parameters: 1,262,601
2026-02-22 03:01:22,655 - INFO -   - Model type: Pure Graph-Based Dual-Branch
2026-02-22 03:01:22,655 - INFO -   - Spatial branch: Uses only graph structure (no external node features)
2026-02-22 03:01:22,655 - INFO - 
================================================================================
2026-02-22 03:01:22,655 - INFO - Step 5: Setting up training
2026-02-22 03:01:22,655 - INFO - ================================================================================
2026-02-22 03:01:22,656 - INFO - ✓ Training setup complete
2026-02-22 03:01:22,656 - INFO -   - Optimizer: Adam (lr=0.001, wd=1e-05)
2026-02-22 03:01:22,656 - INFO -   - Scheduler: ReduceLROnPlateau (patience=5)
2026-02-22 03:01:22,656 - INFO -   - Loss: Single 9-class cross-entropy with class weights
2026-02-22 03:01:22,656 - INFO -   - Gradient accumulation: 4 steps
2026-02-22 03:01:22,656 - INFO - 
================================================================================
2026-02-22 03:01:22,656 - INFO - Step 6: Training
2026-02-22 03:01:22,656 - INFO - ================================================================================
2026-02-22 03:01:22,656 - INFO - 
Epoch 1/100
2026-02-22 03:01:23,576 - INFO -   Epoch [10/175] Loss: 2.2028
2026-02-22 03:01:24,158 - INFO -   Epoch [20/175] Loss: 2.0793
2026-02-22 03:01:24,744 - INFO -   Epoch [30/175] Loss: 1.9195
2026-02-22 03:01:25,327 - INFO -   Epoch [40/175] Loss: 1.8798
2026-02-22 03:01:25,910 - INFO -   Epoch [50/175] Loss: 2.1020
2026-02-22 03:01:26,493 - INFO -   Epoch [60/175] Loss: 2.1273
2026-02-22 03:01:27,083 - INFO -   Epoch [70/175] Loss: 2.1529
2026-02-22 03:01:27,667 - INFO -   Epoch [80/175] Loss: 1.5544
2026-02-22 03:01:28,249 - INFO -   Epoch [90/175] Loss: 2.0288
2026-02-22 03:01:28,835 - INFO -   Epoch [100/175] Loss: 1.7793
2026-02-22 03:01:29,440 - INFO -   Epoch [110/175] Loss: 2.2505
2026-02-22 03:01:30,052 - INFO -   Epoch [120/175] Loss: 1.9996
2026-02-22 03:01:30,676 - INFO -   Epoch [130/175] Loss: 1.5645
2026-02-22 03:01:31,298 - INFO -   Epoch [140/175] Loss: 1.6311
2026-02-22 03:01:31,921 - INFO -   Epoch [150/175] Loss: 1.8985
2026-02-22 03:01:32,541 - INFO -   Epoch [160/175] Loss: 1.9236
2026-02-22 03:01:33,167 - INFO -   Epoch [170/175] Loss: 3.4821
2026-02-22 03:01:34,142 - INFO -   Train Loss: 2.0634
2026-02-22 03:01:34,142 - INFO -   Train Accuracy: 18.68%
2026-02-22 03:01:34,142 - INFO -   Val Loss: 2.1245
2026-02-22 03:01:34,142 - INFO -   Val Accuracy: 18.75% | F1: 0.1594
2026-02-22 03:01:34,142 - INFO -   LR: 0.001000
2026-02-22 03:01:34,180 - INFO -   ✓ New best model saved!
2026-02-22 03:01:34,180 - INFO -   Patience: 0/15
2026-02-22 03:01:34,180 - INFO - 
Epoch 2/100
2026-02-22 03:01:34,781 - INFO -   Epoch [10/175] Loss: 2.4183
2026-02-22 03:01:35,390 - INFO -   Epoch [20/175] Loss: 2.1022
2026-02-22 03:01:36,010 - INFO -   Epoch [30/175] Loss: 1.7710
2026-02-22 03:01:36,636 - INFO -   Epoch [40/175] Loss: 2.0489
2026-02-22 03:01:37,260 - INFO -   Epoch [50/175] Loss: 1.9870
2026-02-22 03:01:37,886 - INFO -   Epoch [60/175] Loss: 2.5400
2026-02-22 03:01:38,512 - INFO -   Epoch [70/175] Loss: 1.5385
2026-02-22 03:01:39,141 - INFO -   Epoch [80/175] Loss: 1.7321
2026-02-22 03:01:39,771 - INFO -   Epoch [90/175] Loss: 1.6577
2026-02-22 03:01:40,406 - INFO -   Epoch [100/175] Loss: 1.7588
2026-02-22 03:01:41,044 - INFO -   Epoch [110/175] Loss: 1.7961
2026-02-22 03:01:41,663 - INFO -   Epoch [120/175] Loss: 1.6091
2026-02-22 03:01:42,280 - INFO -   Epoch [130/175] Loss: 1.3703
2026-02-22 03:01:42,898 - INFO -   Epoch [140/175] Loss: 1.8643
2026-02-22 03:01:43,525 - INFO -   Epoch [150/175] Loss: 1.3187
2026-02-22 03:01:44,138 - INFO -   Epoch [160/175] Loss: 1.7906
2026-02-22 03:01:44,729 - INFO -   Epoch [170/175] Loss: 1.6817
2026-02-22 03:01:45,674 - INFO -   Train Loss: 1.8703
2026-02-22 03:01:45,674 - INFO -   Train Accuracy: 23.89%
2026-02-22 03:01:45,675 - INFO -   Val Loss: 1.9566
2026-02-22 03:01:45,675 - INFO -   Val Accuracy: 20.75% | F1: 0.2021
2026-02-22 03:01:45,675 - INFO -   LR: 0.001000
2026-02-22 03:01:45,880 - INFO -   ✓ New best model saved!
2026-02-22 03:01:45,881 - INFO -   Patience: 0/15
2026-02-22 03:01:45,881 - INFO - 
Epoch 3/100
2026-02-22 03:01:46,512 - INFO -   Epoch [10/175] Loss: 1.3866
2026-02-22 03:01:47,133 - INFO -   Epoch [20/175] Loss: 1.8742
2026-02-22 03:01:47,750 - INFO -   Epoch [30/175] Loss: 2.2889
2026-02-22 03:01:48,373 - INFO -   Epoch [40/175] Loss: 2.0839
2026-02-22 03:01:48,990 - INFO -   Epoch [50/175] Loss: 1.5807
2026-02-22 03:01:49,612 - INFO -   Epoch [60/175] Loss: 1.5135
2026-02-22 03:01:50,232 - INFO -   Epoch [70/175] Loss: 1.4907
2026-02-22 03:01:50,852 - INFO -   Epoch [80/175] Loss: 1.8924
2026-02-22 03:01:51,474 - INFO -   Epoch [90/175] Loss: 1.8713
2026-02-22 03:01:52,096 - INFO -   Epoch [100/175] Loss: 1.5819
2026-02-22 03:01:52,725 - INFO -   Epoch [110/175] Loss: 1.9682
2026-02-22 03:01:53,350 - INFO -   Epoch [120/175] Loss: 1.4821
2026-02-22 03:01:53,967 - INFO -   Epoch [130/175] Loss: 1.2634
2026-02-22 03:01:54,561 - INFO -   Epoch [140/175] Loss: 1.9365
2026-02-22 03:01:55,160 - INFO -   Epoch [150/175] Loss: 1.2368
2026-02-22 03:01:55,784 - INFO -   Epoch [160/175] Loss: 1.9664
2026-02-22 03:01:56,405 - INFO -   Epoch [170/175] Loss: 2.0677
2026-02-22 03:01:57,381 - INFO -   Train Loss: 1.7228
2026-02-22 03:01:57,381 - INFO -   Train Accuracy: 27.54%
2026-02-22 03:01:57,381 - INFO -   Val Loss: 1.8646
2026-02-22 03:01:57,381 - INFO -   Val Accuracy: 21.50% | F1: 0.2259
2026-02-22 03:01:57,381 - INFO -   LR: 0.001000
2026-02-22 03:01:57,494 - INFO -   ✓ New best model saved!
2026-02-22 03:01:57,494 - INFO -   Patience: 0/15
2026-02-22 03:01:57,494 - INFO - 
Epoch 4/100
2026-02-22 03:01:58,122 - INFO -   Epoch [10/175] Loss: 2.1956
2026-02-22 03:01:58,742 - INFO -   Epoch [20/175] Loss: 1.8276
2026-02-22 03:01:59,361 - INFO -   Epoch [30/175] Loss: 1.3833
2026-02-22 03:01:59,978 - INFO -   Epoch [40/175] Loss: 1.5707
2026-02-22 03:02:00,594 - INFO -   Epoch [50/175] Loss: 1.7392
2026-02-22 03:02:01,214 - INFO -   Epoch [60/175] Loss: 1.5906
2026-02-22 03:02:01,835 - INFO -   Epoch [70/175] Loss: 1.5291
2026-02-22 03:02:02,451 - INFO -   Epoch [80/175] Loss: 1.7679
2026-02-22 03:02:03,067 - INFO -   Epoch [90/175] Loss: 1.7702
2026-02-22 03:02:03,697 - INFO -   Epoch [100/175] Loss: 2.7089
2026-02-22 03:02:04,299 - INFO -   Epoch [110/175] Loss: 1.3644
2026-02-22 03:02:04,896 - INFO -   Epoch [120/175] Loss: 1.3615
2026-02-22 03:02:05,514 - INFO -   Epoch [130/175] Loss: 1.6159
2026-02-22 03:02:06,136 - INFO -   Epoch [140/175] Loss: 1.2922
2026-02-22 03:02:06,756 - INFO -   Epoch [150/175] Loss: 1.7099
2026-02-22 03:02:07,378 - INFO -   Epoch [160/175] Loss: 1.5285
2026-02-22 03:02:08,004 - INFO -   Epoch [170/175] Loss: 1.5269
2026-02-22 03:02:08,981 - INFO -   Train Loss: 1.7005
2026-02-22 03:02:08,981 - INFO -   Train Accuracy: 29.11%
2026-02-22 03:02:08,981 - INFO -   Val Loss: 1.9128
2026-02-22 03:02:08,982 - INFO -   Val Accuracy: 39.25% | F1: 0.2756
2026-02-22 03:02:08,982 - INFO -   LR: 0.001000
2026-02-22 03:02:09,088 - INFO -   ✓ New best model saved!
2026-02-22 03:02:09,088 - INFO -   Patience: 0/15
2026-02-22 03:02:09,089 - INFO - 
Epoch 5/100
2026-02-22 03:02:09,720 - INFO -   Epoch [10/175] Loss: 1.4529
2026-02-22 03:02:10,346 - INFO -   Epoch [20/175] Loss: 1.5442
2026-02-22 03:02:10,971 - INFO -   Epoch [30/175] Loss: 1.5113
2026-02-22 03:02:11,595 - INFO -   Epoch [40/175] Loss: 1.2462
2026-02-22 03:02:12,222 - INFO -   Epoch [50/175] Loss: 2.0195
2026-02-22 03:02:12,851 - INFO -   Epoch [60/175] Loss: 1.7800
2026-02-22 03:02:13,477 - INFO -   Epoch [70/175] Loss: 2.3145
2026-02-22 03:02:14,105 - INFO -   Epoch [80/175] Loss: 2.1443
2026-02-22 03:02:14,728 - INFO -   Epoch [90/175] Loss: 1.5080
2026-02-22 03:02:15,325 - INFO -   Epoch [100/175] Loss: 1.6709
2026-02-22 03:02:15,940 - INFO -   Epoch [110/175] Loss: 1.9885
2026-02-22 03:02:16,561 - INFO -   Epoch [120/175] Loss: 1.7972
2026-02-22 03:02:17,167 - INFO -   Epoch [130/175] Loss: 3.5565
2026-02-22 03:02:17,767 - INFO -   Epoch [140/175] Loss: 1.9830
2026-02-22 03:02:18,374 - INFO -   Epoch [150/175] Loss: 1.6199
2026-02-22 03:02:18,984 - INFO -   Epoch [160/175] Loss: 1.7486
2026-02-22 03:02:19,586 - INFO -   Epoch [170/175] Loss: 1.7927
2026-02-22 03:02:20,551 - INFO -   Train Loss: 1.7606
2026-02-22 03:02:20,551 - INFO -   Train Accuracy: 28.14%
2026-02-22 03:02:20,551 - INFO -   Val Loss: 1.8307
2026-02-22 03:02:20,551 - INFO -   Val Accuracy: 23.00% | F1: 0.2215
2026-02-22 03:02:20,551 - INFO -   LR: 0.001000
2026-02-22 03:02:20,551 - INFO -   Patience: 1/15
2026-02-22 03:02:20,552 - INFO - 
Epoch 6/100
2026-02-22 03:02:21,157 - INFO -   Epoch [10/175] Loss: 1.6697
2026-02-22 03:02:21,759 - INFO -   Epoch [20/175] Loss: 1.7715
2026-02-22 03:02:22,366 - INFO -   Epoch [30/175] Loss: 1.5100
2026-02-22 03:02:22,978 - INFO -   Epoch [40/175] Loss: 1.5759
2026-02-22 03:02:23,588 - INFO -   Epoch [50/175] Loss: 1.9293
2026-02-22 03:02:24,196 - INFO -   Epoch [60/175] Loss: 1.2985
2026-02-22 03:02:24,769 - INFO -   Epoch [70/175] Loss: 2.4740
2026-02-22 03:02:25,356 - INFO -   Epoch [80/175] Loss: 1.6574
2026-02-22 03:02:25,964 - INFO -   Epoch [90/175] Loss: 2.3657
2026-02-22 03:02:26,570 - INFO -   Epoch [100/175] Loss: 1.5021
2026-02-22 03:02:27,176 - INFO -   Epoch [110/175] Loss: 1.6996
2026-02-22 03:02:27,783 - INFO -   Epoch [120/175] Loss: 1.4278
2026-02-22 03:02:28,382 - INFO -   Epoch [130/175] Loss: 1.3050
2026-02-22 03:02:29,010 - INFO -   Epoch [140/175] Loss: 2.0269
2026-02-22 03:02:29,636 - INFO -   Epoch [150/175] Loss: 1.6009
2026-02-22 03:02:30,267 - INFO -   Epoch [160/175] Loss: 1.5323
2026-02-22 03:02:30,892 - INFO -   Epoch [170/175] Loss: 1.6743
2026-02-22 03:02:31,885 - INFO -   Train Loss: 1.6894
2026-02-22 03:02:31,886 - INFO -   Train Accuracy: 28.32%
2026-02-22 03:02:31,886 - INFO -   Val Loss: 1.8075
2026-02-22 03:02:31,886 - INFO -   Val Accuracy: 25.00% | F1: 0.2519
2026-02-22 03:02:31,886 - INFO -   LR: 0.001000
2026-02-22 03:02:31,886 - INFO -   Patience: 2/15
2026-02-22 03:02:31,886 - INFO - 
Epoch 7/100
2026-02-22 03:02:32,508 - INFO -   Epoch [10/175] Loss: 1.4829
2026-02-22 03:02:33,127 - INFO -   Epoch [20/175] Loss: 1.3133
2026-02-22 03:02:33,751 - INFO -   Epoch [30/175] Loss: 1.0298
2026-02-22 03:02:34,369 - INFO -   Epoch [40/175] Loss: 1.8409
2026-02-22 03:02:34,980 - INFO -   Epoch [50/175] Loss: 1.8265
2026-02-22 03:02:35,586 - INFO -   Epoch [60/175] Loss: 1.7681
2026-02-22 03:02:36,211 - INFO -   Epoch [70/175] Loss: 1.4238
2026-02-22 03:02:36,833 - INFO -   Epoch [80/175] Loss: 1.5924
2026-02-22 03:02:37,454 - INFO -   Epoch [90/175] Loss: 1.5465
2026-02-22 03:02:38,081 - INFO -   Epoch [100/175] Loss: 1.5608
2026-02-22 03:02:38,706 - INFO -   Epoch [110/175] Loss: 2.1125
2026-02-22 03:02:39,332 - INFO -   Epoch [120/175] Loss: 1.4160
2026-02-22 03:02:39,952 - INFO -   Epoch [130/175] Loss: 0.9428
2026-02-22 03:02:40,576 - INFO -   Epoch [140/175] Loss: 2.3363
2026-02-22 03:02:41,173 - INFO -   Epoch [150/175] Loss: 1.5512
2026-02-22 03:02:41,782 - INFO -   Epoch [160/175] Loss: 1.4714
2026-02-22 03:02:42,409 - INFO -   Epoch [170/175] Loss: 1.4708
2026-02-22 03:02:43,388 - INFO -   Train Loss: 1.6773
2026-02-22 03:02:43,388 - INFO -   Train Accuracy: 29.96%
2026-02-22 03:02:43,388 - INFO -   Val Loss: 1.7245
2026-02-22 03:02:43,388 - INFO -   Val Accuracy: 30.50% | F1: 0.3038
2026-02-22 03:02:43,388 - INFO -   LR: 0.001000
2026-02-22 03:02:43,388 - INFO -   Patience: 3/15
2026-02-22 03:02:43,388 - INFO - 
Epoch 8/100
2026-02-22 03:02:44,016 - INFO -   Epoch [10/175] Loss: 1.3725
2026-02-22 03:02:44,633 - INFO -   Epoch [20/175] Loss: 1.2629
2026-02-22 03:02:45,237 - INFO -   Epoch [30/175] Loss: 1.4061
2026-02-22 03:02:45,859 - INFO -   Epoch [40/175] Loss: 1.6852
2026-02-22 03:02:46,487 - INFO -   Epoch [50/175] Loss: 1.6165
2026-02-22 03:02:47,110 - INFO -   Epoch [60/175] Loss: 1.3313
2026-02-22 03:02:47,712 - INFO -   Epoch [70/175] Loss: 1.5512
2026-02-22 03:02:48,335 - INFO -   Epoch [80/175] Loss: 1.4470
2026-02-22 03:02:48,958 - INFO -   Epoch [90/175] Loss: 1.8534
2026-02-22 03:02:49,582 - INFO -   Epoch [100/175] Loss: 2.1461
2026-02-22 03:02:50,201 - INFO -   Epoch [110/175] Loss: 1.6667
2026-02-22 03:02:50,819 - INFO -   Epoch [120/175] Loss: 1.4692
2026-02-22 03:02:51,441 - INFO -   Epoch [130/175] Loss: 1.6659
2026-02-22 03:02:52,060 - INFO -   Epoch [140/175] Loss: 1.9873
2026-02-22 03:02:52,682 - INFO -   Epoch [150/175] Loss: 1.5187
2026-02-22 03:02:53,305 - INFO -   Epoch [160/175] Loss: 1.7473
2026-02-22 03:02:53,927 - INFO -   Epoch [170/175] Loss: 1.4046
2026-02-22 03:02:54,890 - INFO -   Train Loss: 1.6394
2026-02-22 03:02:54,891 - INFO -   Train Accuracy: 30.86%
2026-02-22 03:02:54,891 - INFO -   Val Loss: 1.6547
2026-02-22 03:02:54,891 - INFO -   Val Accuracy: 34.25% | F1: 0.3108
2026-02-22 03:02:54,891 - INFO -   LR: 0.001000
2026-02-22 03:02:54,891 - INFO -   Patience: 4/15
2026-02-22 03:02:54,891 - INFO - 
Epoch 9/100
2026-02-22 03:02:55,514 - INFO -   Epoch [10/175] Loss: 1.4926
2026-02-22 03:02:56,136 - INFO -   Epoch [20/175] Loss: 1.6033
2026-02-22 03:02:56,752 - INFO -   Epoch [30/175] Loss: 1.6064
2026-02-22 03:02:57,373 - INFO -   Epoch [40/175] Loss: 1.5286
2026-02-22 03:02:57,994 - INFO -   Epoch [50/175] Loss: 1.6503
2026-02-22 03:02:58,620 - INFO -   Epoch [60/175] Loss: 1.6014
2026-02-22 03:02:59,251 - INFO -   Epoch [70/175] Loss: 2.0370
2026-02-22 03:02:59,876 - INFO -   Epoch [80/175] Loss: 1.5406
2026-02-22 03:03:00,499 - INFO -   Epoch [90/175] Loss: 1.1308
2026-02-22 03:03:01,121 - INFO -   Epoch [100/175] Loss: 2.0675
2026-02-22 03:03:01,743 - INFO -   Epoch [110/175] Loss: 1.7552
2026-02-22 03:03:02,365 - INFO -   Epoch [120/175] Loss: 1.2474
2026-02-22 03:03:02,985 - INFO -   Epoch [130/175] Loss: 1.2376
2026-02-22 03:03:03,604 - INFO -   Epoch [140/175] Loss: 1.4831
2026-02-22 03:03:04,225 - INFO -   Epoch [150/175] Loss: 3.0812
2026-02-22 03:03:04,827 - INFO -   Epoch [160/175] Loss: 1.5942
2026-02-22 03:03:05,432 - INFO -   Epoch [170/175] Loss: 1.5981
2026-02-22 03:03:06,349 - INFO -   Train Loss: 1.6081
2026-02-22 03:03:06,349 - INFO -   Train Accuracy: 31.68%
2026-02-22 03:03:06,349 - INFO -   Val Loss: 1.6580
2026-02-22 03:03:06,349 - INFO -   Val Accuracy: 43.50% | F1: 0.3285
2026-02-22 03:03:06,349 - INFO -   LR: 0.001000
2026-02-22 03:03:06,476 - INFO -   ✓ New best model saved!
2026-02-22 03:03:06,476 - INFO -   Patience: 0/15
2026-02-22 03:03:06,476 - INFO - 
Epoch 10/100
2026-02-22 03:03:07,080 - INFO -   Epoch [10/175] Loss: 2.0459
2026-02-22 03:03:07,677 - INFO -   Epoch [20/175] Loss: 1.3420
2026-02-22 03:03:08,276 - INFO -   Epoch [30/175] Loss: 1.5413
2026-02-22 03:03:08,883 - INFO -   Epoch [40/175] Loss: 1.6215
2026-02-22 03:03:09,493 - INFO -   Epoch [50/175] Loss: 1.5008
2026-02-22 03:03:10,106 - INFO -   Epoch [60/175] Loss: 1.4369
2026-02-22 03:03:10,717 - INFO -   Epoch [70/175] Loss: 1.4326
2026-02-22 03:03:11,337 - INFO -   Epoch [80/175] Loss: 1.6571
2026-02-22 03:03:11,958 - INFO -   Epoch [90/175] Loss: 1.3841
2026-02-22 03:03:12,577 - INFO -   Epoch [100/175] Loss: 1.5602
2026-02-22 03:03:13,195 - INFO -   Epoch [110/175] Loss: 1.6692
2026-02-22 03:03:13,816 - INFO -   Epoch [120/175] Loss: 1.3954
2026-02-22 03:03:14,443 - INFO -   Epoch [130/175] Loss: 1.7470
2026-02-22 03:03:15,061 - INFO -   Epoch [140/175] Loss: 1.4957
2026-02-22 03:03:15,680 - INFO -   Epoch [150/175] Loss: 1.5322
2026-02-22 03:03:16,299 - INFO -   Epoch [160/175] Loss: 2.0334
2026-02-22 03:03:16,917 - INFO -   Epoch [170/175] Loss: 1.9195
2026-02-22 03:03:17,889 - INFO -   Train Loss: 1.6016
2026-02-22 03:03:17,889 - INFO -   Train Accuracy: 32.14%
2026-02-22 03:03:17,889 - INFO -   Val Loss: 1.7538
2026-02-22 03:03:17,889 - INFO -   Val Accuracy: 34.00% | F1: 0.2623
2026-02-22 03:03:17,890 - INFO -   LR: 0.001000
2026-02-22 03:03:17,890 - INFO -   Patience: 1/15
2026-02-22 03:03:17,890 - INFO - 
Epoch 11/100
2026-02-22 03:03:18,507 - INFO -   Epoch [10/175] Loss: 1.4399
2026-02-22 03:03:19,129 - INFO -   Epoch [20/175] Loss: 2.2538
2026-02-22 03:03:19,766 - INFO -   Epoch [30/175] Loss: 1.4549
2026-02-22 03:03:20,392 - INFO -   Epoch [40/175] Loss: 1.4963
2026-02-22 03:03:21,014 - INFO -   Epoch [50/175] Loss: 1.4050
2026-02-22 03:03:21,635 - INFO -   Epoch [60/175] Loss: 1.7553
2026-02-22 03:03:22,255 - INFO -   Epoch [70/175] Loss: 1.4661
2026-02-22 03:03:22,878 - INFO -   Epoch [80/175] Loss: 1.5031
2026-02-22 03:03:23,499 - INFO -   Epoch [90/175] Loss: 1.7546
2026-02-22 03:03:24,122 - INFO -   Epoch [100/175] Loss: 1.3998
2026-02-22 03:03:24,741 - INFO -   Epoch [110/175] Loss: 2.4074
2026-02-22 03:03:25,359 - INFO -   Epoch [120/175] Loss: 1.3170
2026-02-22 03:03:25,971 - INFO -   Epoch [130/175] Loss: 1.3282
2026-02-22 03:03:26,591 - INFO -   Epoch [140/175] Loss: 1.8051
2026-02-22 03:03:27,200 - INFO -   Epoch [150/175] Loss: 1.5009
2026-02-22 03:03:27,798 - INFO -   Epoch [160/175] Loss: 1.3904
2026-02-22 03:03:28,419 - INFO -   Epoch [170/175] Loss: 1.5451
2026-02-22 03:03:29,395 - INFO -   Train Loss: 1.6255
2026-02-22 03:03:29,395 - INFO -   Train Accuracy: 34.75%
2026-02-22 03:03:29,395 - INFO -   Val Loss: 1.7795
2026-02-22 03:03:29,396 - INFO -   Val Accuracy: 39.25% | F1: 0.2861
2026-02-22 03:03:29,396 - INFO -   LR: 0.001000
2026-02-22 03:03:29,396 - INFO -   Patience: 2/15
2026-02-22 03:03:29,396 - INFO - 
Epoch 12/100
2026-02-22 03:03:30,019 - INFO -   Epoch [10/175] Loss: 1.3558
2026-02-22 03:03:30,645 - INFO -   Epoch [20/175] Loss: 1.5862
2026-02-22 03:03:31,269 - INFO -   Epoch [30/175] Loss: 1.2756
2026-02-22 03:03:31,893 - INFO -   Epoch [40/175] Loss: 1.0557
2026-02-22 03:03:32,518 - INFO -   Epoch [50/175] Loss: 1.5657
2026-02-22 03:03:33,145 - INFO -   Epoch [60/175] Loss: 1.3182
2026-02-22 03:03:33,770 - INFO -   Epoch [70/175] Loss: 1.7920
2026-02-22 03:03:34,393 - INFO -   Epoch [80/175] Loss: 1.5315
2026-02-22 03:03:35,019 - INFO -   Epoch [90/175] Loss: 1.8694
2026-02-22 03:03:35,643 - INFO -   Epoch [100/175] Loss: 1.2014
2026-02-22 03:03:36,264 - INFO -   Epoch [110/175] Loss: 1.2904
2026-02-22 03:03:36,888 - INFO -   Epoch [120/175] Loss: 1.7939
2026-02-22 03:03:37,513 - INFO -   Epoch [130/175] Loss: 2.2483
2026-02-22 03:03:38,144 - INFO -   Epoch [140/175] Loss: 1.7465
2026-02-22 03:03:38,774 - INFO -   Epoch [150/175] Loss: 1.2244
2026-02-22 03:03:39,403 - INFO -   Epoch [160/175] Loss: 1.3327
2026-02-22 03:03:40,027 - INFO -   Epoch [170/175] Loss: 1.2987
2026-02-22 03:03:41,006 - INFO -   Train Loss: 1.5944
2026-02-22 03:03:41,006 - INFO -   Train Accuracy: 34.68%
2026-02-22 03:03:41,006 - INFO -   Val Loss: 1.6245
2026-02-22 03:03:41,006 - INFO -   Val Accuracy: 44.75% | F1: 0.3469
2026-02-22 03:03:41,006 - INFO -   LR: 0.001000
2026-02-22 03:03:41,168 - INFO -   ✓ New best model saved!
2026-02-22 03:03:41,168 - INFO -   Patience: 0/15
2026-02-22 03:03:41,169 - INFO - 
Epoch 13/100
2026-02-22 03:03:41,803 - INFO -   Epoch [10/175] Loss: 1.8912
2026-02-22 03:03:42,431 - INFO -   Epoch [20/175] Loss: 1.0673
2026-02-22 03:03:43,061 - INFO -   Epoch [30/175] Loss: 1.3719
2026-02-22 03:03:43,691 - INFO -   Epoch [40/175] Loss: 1.3617
2026-02-22 03:03:44,320 - INFO -   Epoch [50/175] Loss: 1.7592
2026-02-22 03:03:44,930 - INFO -   Epoch [60/175] Loss: 1.7877
2026-02-22 03:03:45,543 - INFO -   Epoch [70/175] Loss: 1.8849
2026-02-22 03:03:46,173 - INFO -   Epoch [80/175] Loss: 1.5472
2026-02-22 03:03:46,800 - INFO -   Epoch [90/175] Loss: 1.5373
2026-02-22 03:03:47,431 - INFO -   Epoch [100/175] Loss: 1.9255
2026-02-22 03:03:48,063 - INFO -   Epoch [110/175] Loss: 1.6055
2026-02-22 03:03:48,695 - INFO -   Epoch [120/175] Loss: 1.2323
2026-02-22 03:03:49,318 - INFO -   Epoch [130/175] Loss: 1.6532
2026-02-22 03:03:49,947 - INFO -   Epoch [140/175] Loss: 1.3061
2026-02-22 03:03:50,576 - INFO -   Epoch [150/175] Loss: 1.6069
2026-02-22 03:03:51,187 - INFO -   Epoch [160/175] Loss: 1.9857
2026-02-22 03:03:51,809 - INFO -   Epoch [170/175] Loss: 1.6629
2026-02-22 03:03:52,783 - INFO -   Train Loss: 1.6172
2026-02-22 03:03:52,783 - INFO -   Train Accuracy: 31.29%
2026-02-22 03:03:52,784 - INFO -   Val Loss: 1.9642
2026-02-22 03:03:52,784 - INFO -   Val Accuracy: 19.00% | F1: 0.2022
2026-02-22 03:03:52,784 - INFO -   LR: 0.001000
2026-02-22 03:03:52,784 - INFO -   Patience: 1/15
2026-02-22 03:03:52,784 - INFO - 
Epoch 14/100
2026-02-22 03:03:53,404 - INFO -   Epoch [10/175] Loss: 1.8416
2026-02-22 03:03:54,026 - INFO -   Epoch [20/175] Loss: 1.4218
2026-02-22 03:03:54,641 - INFO -   Epoch [30/175] Loss: 1.5179
2026-02-22 03:03:55,240 - INFO -   Epoch [40/175] Loss: 1.4673
2026-02-22 03:03:55,865 - INFO -   Epoch [50/175] Loss: 1.5081
2026-02-22 03:03:56,486 - INFO -   Epoch [60/175] Loss: 1.4115
2026-02-22 03:03:57,106 - INFO -   Epoch [70/175] Loss: 1.5064
2026-02-22 03:03:57,732 - INFO -   Epoch [80/175] Loss: 1.3651
2026-02-22 03:03:58,352 - INFO -   Epoch [90/175] Loss: 1.2935
2026-02-22 03:03:58,980 - INFO -   Epoch [100/175] Loss: 1.4395
2026-02-22 03:03:59,601 - INFO -   Epoch [110/175] Loss: 1.3683
2026-02-22 03:04:00,210 - INFO -   Epoch [120/175] Loss: 1.3931
2026-02-22 03:04:00,832 - INFO -   Epoch [130/175] Loss: 1.3280
2026-02-22 03:04:01,459 - INFO -   Epoch [140/175] Loss: 1.3337
2026-02-22 03:04:02,087 - INFO -   Epoch [150/175] Loss: 1.6358
2026-02-22 03:04:02,715 - INFO -   Epoch [160/175] Loss: 1.9207
2026-02-22 03:04:03,346 - INFO -   Epoch [170/175] Loss: 1.6599
2026-02-22 03:04:04,329 - INFO -   Train Loss: 1.5778
2026-02-22 03:04:04,329 - INFO -   Train Accuracy: 34.93%
2026-02-22 03:04:04,329 - INFO -   Val Loss: 1.6669
2026-02-22 03:04:04,330 - INFO -   Val Accuracy: 36.25% | F1: 0.3243
2026-02-22 03:04:04,330 - INFO -   LR: 0.001000
2026-02-22 03:04:04,330 - INFO -   Patience: 2/15
2026-02-22 03:04:04,330 - INFO - 
Epoch 15/100
2026-02-22 03:04:04,955 - INFO -   Epoch [10/175] Loss: 1.4961
2026-02-22 03:04:05,577 - INFO -   Epoch [20/175] Loss: 1.5755
2026-02-22 03:04:06,199 - INFO -   Epoch [30/175] Loss: 2.0788
2026-02-22 03:04:06,819 - INFO -   Epoch [40/175] Loss: 3.0434
2026-02-22 03:04:07,445 - INFO -   Epoch [50/175] Loss: 1.4537
2026-02-22 03:04:08,070 - INFO -   Epoch [60/175] Loss: 1.5848
2026-02-22 03:04:08,696 - INFO -   Epoch [70/175] Loss: 1.2596
2026-02-22 03:04:09,318 - INFO -   Epoch [80/175] Loss: 1.3342
2026-02-22 03:04:09,941 - INFO -   Epoch [90/175] Loss: 1.5380
2026-02-22 03:04:10,565 - INFO -   Epoch [100/175] Loss: 2.1267
2026-02-22 03:04:11,196 - INFO -   Epoch [110/175] Loss: 1.3653
2026-02-22 03:04:11,820 - INFO -   Epoch [120/175] Loss: 1.1083
2026-02-22 03:04:12,444 - INFO -   Epoch [130/175] Loss: 1.9278
2026-02-22 03:04:13,071 - INFO -   Epoch [140/175] Loss: 1.8075
2026-02-22 03:04:13,695 - INFO -   Epoch [150/175] Loss: 1.5407
2026-02-22 03:04:14,321 - INFO -   Epoch [160/175] Loss: 1.2772
2026-02-22 03:04:14,921 - INFO -   Epoch [170/175] Loss: 1.4652
2026-02-22 03:04:15,897 - INFO -   Train Loss: 1.5646
2026-02-22 03:04:15,897 - INFO -   Train Accuracy: 36.43%
2026-02-22 03:04:15,897 - INFO -   Val Loss: 1.7387
2026-02-22 03:04:15,897 - INFO -   Val Accuracy: 26.00% | F1: 0.2649
2026-02-22 03:04:15,898 - INFO -   LR: 0.001000
2026-02-22 03:04:15,898 - INFO -   Patience: 3/15
2026-02-22 03:04:15,898 - INFO - 
Epoch 16/100
2026-02-22 03:04:16,521 - INFO -   Epoch [10/175] Loss: 1.6308
2026-02-22 03:04:17,151 - INFO -   Epoch [20/175] Loss: 1.4760
2026-02-22 03:04:17,774 - INFO -   Epoch [30/175] Loss: 1.3570
2026-02-22 03:04:18,400 - INFO -   Epoch [40/175] Loss: 1.8659
2026-02-22 03:04:19,024 - INFO -   Epoch [50/175] Loss: 1.9206
2026-02-22 03:04:19,655 - INFO -   Epoch [60/175] Loss: 1.2602
2026-02-22 03:04:20,276 - INFO -   Epoch [70/175] Loss: 1.8145
2026-02-22 03:04:20,901 - INFO -   Epoch [80/175] Loss: 1.0223
2026-02-22 03:04:21,525 - INFO -   Epoch [90/175] Loss: 1.5270
2026-02-22 03:04:22,152 - INFO -   Epoch [100/175] Loss: 2.0930
2026-02-22 03:04:22,784 - INFO -   Epoch [110/175] Loss: 1.4912
2026-02-22 03:04:23,414 - INFO -   Epoch [120/175] Loss: 1.7549
2026-02-22 03:04:24,045 - INFO -   Epoch [130/175] Loss: 1.7213
2026-02-22 03:04:24,645 - INFO -   Epoch [140/175] Loss: 1.6053
2026-02-22 03:04:25,264 - INFO -   Epoch [150/175] Loss: 1.4101
2026-02-22 03:04:25,888 - INFO -   Epoch [160/175] Loss: 1.2439
2026-02-22 03:04:26,512 - INFO -   Epoch [170/175] Loss: 1.8538
2026-02-22 03:04:27,486 - INFO -   Train Loss: 1.5906
2026-02-22 03:04:27,486 - INFO -   Train Accuracy: 31.11%
2026-02-22 03:04:27,486 - INFO -   Val Loss: 1.7504
2026-02-22 03:04:27,486 - INFO -   Val Accuracy: 27.00% | F1: 0.2330
2026-02-22 03:04:27,486 - INFO -   LR: 0.001000
2026-02-22 03:04:27,486 - INFO -   Patience: 4/15
2026-02-22 03:04:27,486 - INFO - 
Epoch 17/100
2026-02-22 03:04:28,107 - INFO -   Epoch [10/175] Loss: 1.1829
2026-02-22 03:04:28,732 - INFO -   Epoch [20/175] Loss: 1.6662
2026-02-22 03:04:29,333 - INFO -   Epoch [30/175] Loss: 1.9327
2026-02-22 03:04:29,962 - INFO -   Epoch [40/175] Loss: 1.4310
2026-02-22 03:04:30,586 - INFO -   Epoch [50/175] Loss: 1.2434
2026-02-22 03:04:31,214 - INFO -   Epoch [60/175] Loss: 1.3168
2026-02-22 03:04:31,837 - INFO -   Epoch [70/175] Loss: 1.0901
2026-02-22 03:04:32,461 - INFO -   Epoch [80/175] Loss: 1.3095
2026-02-22 03:04:33,085 - INFO -   Epoch [90/175] Loss: 1.8122
2026-02-22 03:04:33,713 - INFO -   Epoch [100/175] Loss: 1.4998
2026-02-22 03:04:34,332 - INFO -   Epoch [110/175] Loss: 1.5647
2026-02-22 03:04:34,959 - INFO -   Epoch [120/175] Loss: 0.9873
2026-02-22 03:04:35,582 - INFO -   Epoch [130/175] Loss: 1.4066
2026-02-22 03:04:36,207 - INFO -   Epoch [140/175] Loss: 1.6789
2026-02-22 03:04:36,825 - INFO -   Epoch [150/175] Loss: 1.3411
2026-02-22 03:04:37,450 - INFO -   Epoch [160/175] Loss: 1.4016
2026-02-22 03:04:38,074 - INFO -   Epoch [170/175] Loss: 3.4500
2026-02-22 03:04:39,044 - INFO -   Train Loss: 1.5994
2026-02-22 03:04:39,044 - INFO -   Train Accuracy: 35.11%
2026-02-22 03:04:39,044 - INFO -   Val Loss: 1.6731
2026-02-22 03:04:39,044 - INFO -   Val Accuracy: 29.75% | F1: 0.2819
2026-02-22 03:04:39,044 - INFO -   LR: 0.001000
2026-02-22 03:04:39,044 - INFO -   Patience: 5/15
2026-02-22 03:04:39,044 - INFO - 
Epoch 18/100
2026-02-22 03:04:39,664 - INFO -   Epoch [10/175] Loss: 1.4684
2026-02-22 03:04:40,290 - INFO -   Epoch [20/175] Loss: 1.8475
2026-02-22 03:04:40,912 - INFO -   Epoch [30/175] Loss: 1.7623
2026-02-22 03:04:41,532 - INFO -   Epoch [40/175] Loss: 1.5924
2026-02-22 03:04:42,161 - INFO -   Epoch [50/175] Loss: 1.3722
2026-02-22 03:04:42,784 - INFO -   Epoch [60/175] Loss: 0.8859
2026-02-22 03:04:43,407 - INFO -   Epoch [70/175] Loss: 1.4399
2026-02-22 03:04:44,029 - INFO -   Epoch [80/175] Loss: 3.1206
2026-02-22 03:04:44,654 - INFO -   Epoch [90/175] Loss: 1.2475
2026-02-22 03:04:45,282 - INFO -   Epoch [100/175] Loss: 1.4996
2026-02-22 03:04:45,903 - INFO -   Epoch [110/175] Loss: 1.5903
2026-02-22 03:04:46,531 - INFO -   Epoch [120/175] Loss: 1.6803
2026-02-22 03:04:47,150 - INFO -   Epoch [130/175] Loss: 1.9951
2026-02-22 03:04:47,770 - INFO -   Epoch [140/175] Loss: 1.7168
2026-02-22 03:04:48,389 - INFO -   Epoch [150/175] Loss: 1.5145
2026-02-22 03:04:49,010 - INFO -   Epoch [160/175] Loss: 1.6938
2026-02-22 03:04:49,631 - INFO -   Epoch [170/175] Loss: 1.3857
2026-02-22 03:04:50,596 - INFO -   Train Loss: 1.6317
2026-02-22 03:04:50,597 - INFO -   Train Accuracy: 32.54%
2026-02-22 03:04:50,597 - INFO -   Val Loss: 1.7007
2026-02-22 03:04:50,597 - INFO -   Val Accuracy: 29.25% | F1: 0.3039
2026-02-22 03:04:50,597 - INFO -   LR: 0.001000
2026-02-22 03:04:50,597 - INFO -   Patience: 6/15
2026-02-22 03:04:50,597 - INFO - 
Epoch 19/100
2026-02-22 03:04:51,219 - INFO -   Epoch [10/175] Loss: 2.0852
2026-02-22 03:04:51,840 - INFO -   Epoch [20/175] Loss: 1.4173
2026-02-22 03:04:52,465 - INFO -   Epoch [30/175] Loss: 1.6824
2026-02-22 03:04:53,087 - INFO -   Epoch [40/175] Loss: 1.2713
2026-02-22 03:04:53,716 - INFO -   Epoch [50/175] Loss: 1.2015
2026-02-22 03:04:54,337 - INFO -   Epoch [60/175] Loss: 1.1503
2026-02-22 03:04:54,952 - INFO -   Epoch [70/175] Loss: 1.7296
2026-02-22 03:04:55,572 - INFO -   Epoch [80/175] Loss: 1.4858
2026-02-22 03:04:56,191 - INFO -   Epoch [90/175] Loss: 1.6730
2026-02-22 03:04:56,813 - INFO -   Epoch [100/175] Loss: 1.4374
2026-02-22 03:04:57,432 - INFO -   Epoch [110/175] Loss: 1.4956
2026-02-22 03:04:58,052 - INFO -   Epoch [120/175] Loss: 1.7759
2026-02-22 03:04:58,675 - INFO -   Epoch [130/175] Loss: 1.7541
2026-02-22 03:04:59,297 - INFO -   Epoch [140/175] Loss: 1.9186
2026-02-22 03:04:59,927 - INFO -   Epoch [150/175] Loss: 1.4225
2026-02-22 03:05:00,551 - INFO -   Epoch [160/175] Loss: 1.1630
2026-02-22 03:05:01,171 - INFO -   Epoch [170/175] Loss: 1.8500
2026-02-22 03:05:02,142 - INFO -   Train Loss: 1.6017
2026-02-22 03:05:02,142 - INFO -   Train Accuracy: 32.46%
2026-02-22 03:05:02,142 - INFO -   Val Loss: 1.5953
2026-02-22 03:05:02,142 - INFO -   Val Accuracy: 41.00% | F1: 0.3139
2026-02-22 03:05:02,142 - INFO -   LR: 0.000500
2026-02-22 03:05:02,142 - INFO -   Patience: 7/15
2026-02-22 03:05:02,142 - INFO - 
Epoch 20/100
2026-02-22 03:05:02,762 - INFO -   Epoch [10/175] Loss: 1.8928
2026-02-22 03:05:03,383 - INFO -   Epoch [20/175] Loss: 1.4384
2026-02-22 03:05:04,003 - INFO -   Epoch [30/175] Loss: 1.4199
2026-02-22 03:05:04,621 - INFO -   Epoch [40/175] Loss: 1.4187
2026-02-22 03:05:05,217 - INFO -   Epoch [50/175] Loss: 1.4024
2026-02-22 03:05:05,836 - INFO -   Epoch [60/175] Loss: 1.4827
2026-02-22 03:05:06,464 - INFO -   Epoch [70/175] Loss: 1.6219
2026-02-22 03:05:07,094 - INFO -   Epoch [80/175] Loss: 1.3807
2026-02-22 03:05:07,710 - INFO -   Epoch [90/175] Loss: 1.3780
2026-02-22 03:05:08,316 - INFO -   Epoch [100/175] Loss: 1.1680
2026-02-22 03:05:08,939 - INFO -   Epoch [110/175] Loss: 1.5603
2026-02-22 03:05:09,561 - INFO -   Epoch [120/175] Loss: 1.3847
2026-02-22 03:05:10,172 - INFO -   Epoch [130/175] Loss: 1.7228
2026-02-22 03:05:10,800 - INFO -   Epoch [140/175] Loss: 1.3628
2026-02-22 03:05:11,425 - INFO -   Epoch [150/175] Loss: 1.6132
2026-02-22 03:05:12,046 - INFO -   Epoch [160/175] Loss: 1.7046
2026-02-22 03:05:12,671 - INFO -   Epoch [170/175] Loss: 1.4048
2026-02-22 03:05:13,641 - INFO -   Train Loss: 1.5553
2026-02-22 03:05:13,642 - INFO -   Train Accuracy: 35.43%
2026-02-22 03:05:13,642 - INFO -   Val Loss: 1.6719
2026-02-22 03:05:13,642 - INFO -   Val Accuracy: 38.00% | F1: 0.3080
2026-02-22 03:05:13,642 - INFO -   LR: 0.000500
2026-02-22 03:05:13,642 - INFO -   Patience: 8/15
2026-02-22 03:05:13,642 - INFO - 
Epoch 21/100
2026-02-22 03:05:14,241 - INFO -   Epoch [10/175] Loss: 1.3411
2026-02-22 03:05:14,841 - INFO -   Epoch [20/175] Loss: 1.9078
2026-02-22 03:05:15,467 - INFO -   Epoch [30/175] Loss: 1.5337
2026-02-22 03:05:16,094 - INFO -   Epoch [40/175] Loss: 1.3577
2026-02-22 03:05:16,718 - INFO -   Epoch [50/175] Loss: 1.4445
2026-02-22 03:05:17,343 - INFO -   Epoch [60/175] Loss: 1.8192
2026-02-22 03:05:17,962 - INFO -   Epoch [70/175] Loss: 1.5969
2026-02-22 03:05:18,588 - INFO -   Epoch [80/175] Loss: 1.5043
2026-02-22 03:05:19,208 - INFO -   Epoch [90/175] Loss: 1.5081
2026-02-22 03:05:19,825 - INFO -   Epoch [100/175] Loss: 1.6169
2026-02-22 03:05:20,427 - INFO -   Epoch [110/175] Loss: 1.3654
2026-02-22 03:05:21,027 - INFO -   Epoch [120/175] Loss: 2.3255
2026-02-22 03:05:21,628 - INFO -   Epoch [130/175] Loss: 1.5079
2026-02-22 03:05:22,236 - INFO -   Epoch [140/175] Loss: 1.4439
2026-02-22 03:05:22,865 - INFO -   Epoch [150/175] Loss: 1.5825
2026-02-22 03:05:23,493 - INFO -   Epoch [160/175] Loss: 1.2467
2026-02-22 03:05:24,097 - INFO -   Epoch [170/175] Loss: 1.5051
2026-02-22 03:05:25,029 - INFO -   Train Loss: 1.5792
2026-02-22 03:05:25,030 - INFO -   Train Accuracy: 33.71%
2026-02-22 03:05:25,030 - INFO -   Val Loss: 1.8065
2026-02-22 03:05:25,030 - INFO -   Val Accuracy: 24.25% | F1: 0.2480
2026-02-22 03:05:25,030 - INFO -   LR: 0.000500
2026-02-22 03:05:25,030 - INFO -   Patience: 9/15
2026-02-22 03:05:25,031 - INFO - 
Epoch 22/100
2026-02-22 03:05:25,657 - INFO -   Epoch [10/175] Loss: 1.0825
2026-02-22 03:05:26,285 - INFO -   Epoch [20/175] Loss: 2.9486
2026-02-22 03:05:26,909 - INFO -   Epoch [30/175] Loss: 1.3274
2026-02-22 03:05:27,531 - INFO -   Epoch [40/175] Loss: 1.7398
2026-02-22 03:05:28,152 - INFO -   Epoch [50/175] Loss: 1.9635
2026-02-22 03:05:28,776 - INFO -   Epoch [60/175] Loss: 2.0266
2026-02-22 03:05:29,384 - INFO -   Epoch [70/175] Loss: 1.2746
2026-02-22 03:05:29,980 - INFO -   Epoch [80/175] Loss: 1.0790
2026-02-22 03:05:30,578 - INFO -   Epoch [90/175] Loss: 1.5720
2026-02-22 03:05:31,181 - INFO -   Epoch [100/175] Loss: 2.1508
2026-02-22 03:05:31,798 - INFO -   Epoch [110/175] Loss: 1.4182
2026-02-22 03:05:32,417 - INFO -   Epoch [120/175] Loss: 1.4969
2026-02-22 03:05:33,033 - INFO -   Epoch [130/175] Loss: 1.6707
2026-02-22 03:05:33,653 - INFO -   Epoch [140/175] Loss: 1.4926
2026-02-22 03:05:34,273 - INFO -   Epoch [150/175] Loss: 1.7682
2026-02-22 03:05:34,893 - INFO -   Epoch [160/175] Loss: 1.1777
2026-02-22 03:05:35,514 - INFO -   Epoch [170/175] Loss: 1.8720
2026-02-22 03:05:36,477 - INFO -   Train Loss: 1.5605
2026-02-22 03:05:36,477 - INFO -   Train Accuracy: 36.68%
2026-02-22 03:05:36,477 - INFO -   Val Loss: 1.7556
2026-02-22 03:05:36,477 - INFO -   Val Accuracy: 34.00% | F1: 0.2817
2026-02-22 03:05:36,478 - INFO -   LR: 0.000500
2026-02-22 03:05:36,478 - INFO -   Patience: 10/15
2026-02-22 03:05:36,478 - INFO - 
Epoch 23/100
2026-02-22 03:05:37,093 - INFO -   Epoch [10/175] Loss: 1.3213
2026-02-22 03:05:37,711 - INFO -   Epoch [20/175] Loss: 1.2750
2026-02-22 03:05:38,332 - INFO -   Epoch [30/175] Loss: 1.6328
2026-02-22 03:05:38,951 - INFO -   Epoch [40/175] Loss: 1.4324
2026-02-22 03:05:39,568 - INFO -   Epoch [50/175] Loss: 1.8939
2026-02-22 03:05:40,188 - INFO -   Epoch [60/175] Loss: 1.5433
2026-02-22 03:05:40,809 - INFO -   Epoch [70/175] Loss: 1.4774
2026-02-22 03:05:41,423 - INFO -   Epoch [80/175] Loss: 2.1019
2026-02-22 03:05:42,041 - INFO -   Epoch [90/175] Loss: 1.0847
2026-02-22 03:05:42,659 - INFO -   Epoch [100/175] Loss: 1.6595
2026-02-22 03:05:43,282 - INFO -   Epoch [110/175] Loss: 1.6329
2026-02-22 03:05:43,904 - INFO -   Epoch [120/175] Loss: 1.3090
2026-02-22 03:05:44,507 - INFO -   Epoch [130/175] Loss: 1.5798
2026-02-22 03:05:45,106 - INFO -   Epoch [140/175] Loss: 1.1945
2026-02-22 03:05:45,728 - INFO -   Epoch [150/175] Loss: 1.6419
2026-02-22 03:05:46,348 - INFO -   Epoch [160/175] Loss: 1.2771
2026-02-22 03:05:46,950 - INFO -   Epoch [170/175] Loss: 1.5002
2026-02-22 03:05:47,862 - INFO -   Train Loss: 1.5297
2026-02-22 03:05:47,862 - INFO -   Train Accuracy: 37.89%
2026-02-22 03:05:47,862 - INFO -   Val Loss: 1.6132
2026-02-22 03:05:47,863 - INFO -   Val Accuracy: 35.75% | F1: 0.3203
2026-02-22 03:05:47,863 - INFO -   LR: 0.000500
2026-02-22 03:05:47,863 - INFO -   Patience: 11/15
2026-02-22 03:05:47,863 - INFO - 
Epoch 24/100
2026-02-22 03:05:48,459 - INFO -   Epoch [10/175] Loss: 1.4592
2026-02-22 03:05:49,073 - INFO -   Epoch [20/175] Loss: 1.3651
2026-02-22 03:05:49,698 - INFO -   Epoch [30/175] Loss: 1.8976
2026-02-22 03:05:50,316 - INFO -   Epoch [40/175] Loss: 1.1438
2026-02-22 03:05:50,934 - INFO -   Epoch [50/175] Loss: 1.6850
2026-02-22 03:05:51,552 - INFO -   Epoch [60/175] Loss: 1.0486
2026-02-22 03:05:52,171 - INFO -   Epoch [70/175] Loss: 1.7888
2026-02-22 03:05:52,793 - INFO -   Epoch [80/175] Loss: 2.1583
2026-02-22 03:05:53,413 - INFO -   Epoch [90/175] Loss: 1.2869
2026-02-22 03:05:54,024 - INFO -   Epoch [100/175] Loss: 1.3169
2026-02-22 03:05:54,618 - INFO -   Epoch [110/175] Loss: 1.5876
2026-02-22 03:05:55,229 - INFO -   Epoch [120/175] Loss: 1.4816
2026-02-22 03:05:55,852 - INFO -   Epoch [130/175] Loss: 1.7242
2026-02-22 03:05:56,479 - INFO -   Epoch [140/175] Loss: 1.8540
2026-02-22 03:05:57,098 - INFO -   Epoch [150/175] Loss: 3.0181
2026-02-22 03:05:57,721 - INFO -   Epoch [160/175] Loss: 1.3632
2026-02-22 03:05:58,339 - INFO -   Epoch [170/175] Loss: 1.5454
2026-02-22 03:05:59,302 - INFO -   Train Loss: 1.5360
2026-02-22 03:05:59,302 - INFO -   Train Accuracy: 38.82%
2026-02-22 03:05:59,303 - INFO -   Val Loss: 1.5337
2026-02-22 03:05:59,303 - INFO -   Val Accuracy: 47.75% | F1: 0.4174
2026-02-22 03:05:59,303 - INFO -   LR: 0.000500
2026-02-22 03:05:59,457 - INFO -   ✓ New best model saved!
2026-02-22 03:05:59,457 - INFO -   Patience: 0/15
2026-02-22 03:05:59,457 - INFO - 
Epoch 25/100
2026-02-22 03:06:00,078 - INFO -   Epoch [10/175] Loss: 1.2342
2026-02-22 03:06:00,700 - INFO -   Epoch [20/175] Loss: 1.4836
2026-02-22 03:06:01,317 - INFO -   Epoch [30/175] Loss: 1.2988
2026-02-22 03:06:01,935 - INFO -   Epoch [40/175] Loss: 1.4107
2026-02-22 03:06:02,554 - INFO -   Epoch [50/175] Loss: 1.4435
2026-02-22 03:06:03,174 - INFO -   Epoch [60/175] Loss: 1.8851
2026-02-22 03:06:03,794 - INFO -   Epoch [70/175] Loss: 1.6222
2026-02-22 03:06:04,411 - INFO -   Epoch [80/175] Loss: 1.2258
2026-02-22 03:06:05,031 - INFO -   Epoch [90/175] Loss: 2.1813
2026-02-22 03:06:05,654 - INFO -   Epoch [100/175] Loss: 1.5835
2026-02-22 03:06:06,276 - INFO -   Epoch [110/175] Loss: 1.4286
2026-02-22 03:06:06,898 - INFO -   Epoch [120/175] Loss: 1.4117
2026-02-22 03:06:07,524 - INFO -   Epoch [130/175] Loss: 1.9218
2026-02-22 03:06:08,147 - INFO -   Epoch [140/175] Loss: 1.1906
2026-02-22 03:06:08,771 - INFO -   Epoch [150/175] Loss: 2.0038
2026-02-22 03:06:09,392 - INFO -   Epoch [160/175] Loss: 1.4581
2026-02-22 03:06:10,014 - INFO -   Epoch [170/175] Loss: 1.6129
2026-02-22 03:06:10,988 - INFO -   Train Loss: 1.5355
2026-02-22 03:06:10,988 - INFO -   Train Accuracy: 38.00%
2026-02-22 03:06:10,988 - INFO -   Val Loss: 1.5928
2026-02-22 03:06:10,988 - INFO -   Val Accuracy: 39.50% | F1: 0.3047
2026-02-22 03:06:10,988 - INFO -   LR: 0.000500
2026-02-22 03:06:10,988 - INFO -   Patience: 1/15
2026-02-22 03:06:10,988 - INFO - 
Epoch 26/100
2026-02-22 03:06:11,610 - INFO -   Epoch [10/175] Loss: 1.6651
2026-02-22 03:06:12,235 - INFO -   Epoch [20/175] Loss: 1.8139
2026-02-22 03:06:12,863 - INFO -   Epoch [30/175] Loss: 1.3026
2026-02-22 03:06:13,484 - INFO -   Epoch [40/175] Loss: 1.4709
2026-02-22 03:06:14,105 - INFO -   Epoch [50/175] Loss: 1.5792
2026-02-22 03:06:14,729 - INFO -   Epoch [60/175] Loss: 1.2550
2026-02-22 03:06:15,352 - INFO -   Epoch [70/175] Loss: 1.8470
2026-02-22 03:06:15,975 - INFO -   Epoch [80/175] Loss: 1.2620
2026-02-22 03:06:16,601 - INFO -   Epoch [90/175] Loss: 1.1096
2026-02-22 03:06:17,226 - INFO -   Epoch [100/175] Loss: 1.1193
2026-02-22 03:06:17,848 - INFO -   Epoch [110/175] Loss: 1.3285
2026-02-22 03:06:18,466 - INFO -   Epoch [120/175] Loss: 1.5014
2026-02-22 03:06:19,085 - INFO -   Epoch [130/175] Loss: 1.3793
2026-02-22 03:06:19,706 - INFO -   Epoch [140/175] Loss: 1.3228
2026-02-22 03:06:20,329 - INFO -   Epoch [150/175] Loss: 1.3400
2026-02-22 03:06:20,952 - INFO -   Epoch [160/175] Loss: 1.6204
2026-02-22 03:06:21,572 - INFO -   Epoch [170/175] Loss: 1.6131
2026-02-22 03:06:22,542 - INFO -   Train Loss: 1.5079
2026-02-22 03:06:22,543 - INFO -   Train Accuracy: 36.21%
2026-02-22 03:06:22,543 - INFO -   Val Loss: 1.6015
2026-02-22 03:06:22,543 - INFO -   Val Accuracy: 38.25% | F1: 0.3284
2026-02-22 03:06:22,543 - INFO -   LR: 0.000500
2026-02-22 03:06:22,543 - INFO -   Patience: 2/15
2026-02-22 03:06:22,543 - INFO - 
Epoch 27/100
2026-02-22 03:06:23,169 - INFO -   Epoch [10/175] Loss: 1.0784
2026-02-22 03:06:23,791 - INFO -   Epoch [20/175] Loss: 1.5468
2026-02-22 03:06:24,397 - INFO -   Epoch [30/175] Loss: 1.9447
2026-02-22 03:06:24,993 - INFO -   Epoch [40/175] Loss: 1.7055
2026-02-22 03:06:25,609 - INFO -   Epoch [50/175] Loss: 1.0204
2026-02-22 03:06:26,229 - INFO -   Epoch [60/175] Loss: 1.6754
2026-02-22 03:06:26,856 - INFO -   Epoch [70/175] Loss: 1.6958
2026-02-22 03:06:27,478 - INFO -   Epoch [80/175] Loss: 1.4466
2026-02-22 03:06:28,098 - INFO -   Epoch [90/175] Loss: 1.3301
2026-02-22 03:06:28,715 - INFO -   Epoch [100/175] Loss: 1.3825
2026-02-22 03:06:29,332 - INFO -   Epoch [110/175] Loss: 1.2802
2026-02-22 03:06:29,942 - INFO -   Epoch [120/175] Loss: 1.3496
2026-02-22 03:06:30,534 - INFO -   Epoch [130/175] Loss: 1.4154
2026-02-22 03:06:31,129 - INFO -   Epoch [140/175] Loss: 1.4796
2026-02-22 03:06:31,723 - INFO -   Epoch [150/175] Loss: 2.2193
2026-02-22 03:06:32,335 - INFO -   Epoch [160/175] Loss: 0.9843
2026-02-22 03:06:32,954 - INFO -   Epoch [170/175] Loss: 1.8449
2026-02-22 03:06:33,919 - INFO -   Train Loss: 1.5187
2026-02-22 03:06:33,919 - INFO -   Train Accuracy: 38.96%
2026-02-22 03:06:33,919 - INFO -   Val Loss: 1.9178
2026-02-22 03:06:33,919 - INFO -   Val Accuracy: 24.00% | F1: 0.2424
2026-02-22 03:06:33,920 - INFO -   LR: 0.000500
2026-02-22 03:06:33,920 - INFO -   Patience: 3/15
2026-02-22 03:06:33,920 - INFO - 
Epoch 28/100
2026-02-22 03:06:34,541 - INFO -   Epoch [10/175] Loss: 2.2359
2026-02-22 03:06:35,145 - INFO -   Epoch [20/175] Loss: 1.4429
2026-02-22 03:06:35,764 - INFO -   Epoch [30/175] Loss: 1.3917
2026-02-22 03:06:36,383 - INFO -   Epoch [40/175] Loss: 1.7699
2026-02-22 03:06:37,001 - INFO -   Epoch [50/175] Loss: 1.2268
2026-02-22 03:06:37,620 - INFO -   Epoch [60/175] Loss: 1.4476
2026-02-22 03:06:38,226 - INFO -   Epoch [70/175] Loss: 1.5880
2026-02-22 03:06:38,819 - INFO -   Epoch [80/175] Loss: 2.2500
2026-02-22 03:06:39,429 - INFO -   Epoch [90/175] Loss: 1.5920
2026-02-22 03:06:40,050 - INFO -   Epoch [100/175] Loss: 1.7608
2026-02-22 03:06:40,671 - INFO -   Epoch [110/175] Loss: 1.2723
2026-02-22 03:06:41,292 - INFO -   Epoch [120/175] Loss: 1.2838
2026-02-22 03:06:41,911 - INFO -   Epoch [130/175] Loss: 1.1114
2026-02-22 03:06:42,531 - INFO -   Epoch [140/175] Loss: 2.7023
2026-02-22 03:06:43,147 - INFO -   Epoch [150/175] Loss: 1.7391
2026-02-22 03:06:43,773 - INFO -   Epoch [160/175] Loss: 1.3800
2026-02-22 03:06:44,391 - INFO -   Epoch [170/175] Loss: 1.2876
2026-02-22 03:06:45,340 - INFO -   Train Loss: 1.5244
2026-02-22 03:06:45,340 - INFO -   Train Accuracy: 34.82%
2026-02-22 03:06:45,340 - INFO -   Val Loss: 1.7102
2026-02-22 03:06:45,340 - INFO -   Val Accuracy: 31.00% | F1: 0.2700
2026-02-22 03:06:45,340 - INFO -   LR: 0.000500
2026-02-22 03:06:45,340 - INFO -   Patience: 4/15
2026-02-22 03:06:45,340 - INFO - 
Epoch 29/100
2026-02-22 03:06:45,950 - INFO -   Epoch [10/175] Loss: 1.3589
2026-02-22 03:06:46,581 - INFO -   Epoch [20/175] Loss: 1.4300
2026-02-22 03:06:47,206 - INFO -   Epoch [30/175] Loss: 1.5769
2026-02-22 03:06:47,829 - INFO -   Epoch [40/175] Loss: 1.1379
2026-02-22 03:06:48,452 - INFO -   Epoch [50/175] Loss: 2.0728
2026-02-22 03:06:49,075 - INFO -   Epoch [60/175] Loss: 1.6255
2026-02-22 03:06:49,699 - INFO -   Epoch [70/175] Loss: 1.1707
2026-02-22 03:06:50,323 - INFO -   Epoch [80/175] Loss: 1.5988
2026-02-22 03:06:50,946 - INFO -   Epoch [90/175] Loss: 1.5299
2026-02-22 03:06:51,570 - INFO -   Epoch [100/175] Loss: 1.3526
2026-02-22 03:06:52,192 - INFO -   Epoch [110/175] Loss: 2.4720
2026-02-22 03:06:52,803 - INFO -   Epoch [120/175] Loss: 1.6623
2026-02-22 03:06:53,416 - INFO -   Epoch [130/175] Loss: 0.7866
2026-02-22 03:06:54,011 - INFO -   Epoch [140/175] Loss: 2.0538
2026-02-22 03:06:54,608 - INFO -   Epoch [150/175] Loss: 1.8698
2026-02-22 03:06:55,229 - INFO -   Epoch [160/175] Loss: 2.0505
2026-02-22 03:06:55,850 - INFO -   Epoch [170/175] Loss: 1.6636
2026-02-22 03:06:56,781 - INFO -   Train Loss: 1.5060
2026-02-22 03:06:56,781 - INFO -   Train Accuracy: 37.86%
2026-02-22 03:06:56,781 - INFO -   Val Loss: 1.6068
2026-02-22 03:06:56,781 - INFO -   Val Accuracy: 37.25% | F1: 0.3139
2026-02-22 03:06:56,781 - INFO -   LR: 0.000500
2026-02-22 03:06:56,781 - INFO -   Patience: 5/15
2026-02-22 03:06:56,781 - INFO - 
Epoch 30/100
2026-02-22 03:06:57,377 - INFO -   Epoch [10/175] Loss: 1.6055
2026-02-22 03:06:57,978 - INFO -   Epoch [20/175] Loss: 1.0142
2026-02-22 03:06:58,598 - INFO -   Epoch [30/175] Loss: 1.7826
2026-02-22 03:06:59,218 - INFO -   Epoch [40/175] Loss: 1.9341
2026-02-22 03:06:59,837 - INFO -   Epoch [50/175] Loss: 1.5533
2026-02-22 03:07:00,457 - INFO -   Epoch [60/175] Loss: 1.1343
2026-02-22 03:07:01,078 - INFO -   Epoch [70/175] Loss: 1.6055
2026-02-22 03:07:01,711 - INFO -   Epoch [80/175] Loss: 1.1530
2026-02-22 03:07:02,327 - INFO -   Epoch [90/175] Loss: 3.6611
2026-02-22 03:07:02,946 - INFO -   Epoch [100/175] Loss: 1.3957
2026-02-22 03:07:03,562 - INFO -   Epoch [110/175] Loss: 1.7448
2026-02-22 03:07:04,179 - INFO -   Epoch [120/175] Loss: 1.6444
2026-02-22 03:07:04,791 - INFO -   Epoch [130/175] Loss: 1.2491
2026-02-22 03:07:05,384 - INFO -   Epoch [140/175] Loss: 1.5023
2026-02-22 03:07:05,976 - INFO -   Epoch [150/175] Loss: 1.1325
2026-02-22 03:07:06,570 - INFO -   Epoch [160/175] Loss: 1.3435
2026-02-22 03:07:07,161 - INFO -   Epoch [170/175] Loss: 1.7204
2026-02-22 03:07:08,109 - INFO -   Train Loss: 1.5104
2026-02-22 03:07:08,109 - INFO -   Train Accuracy: 37.68%
2026-02-22 03:07:08,109 - INFO -   Val Loss: 1.6089
2026-02-22 03:07:08,109 - INFO -   Val Accuracy: 43.25% | F1: 0.3644
2026-02-22 03:07:08,109 - INFO -   LR: 0.000500
2026-02-22 03:07:08,110 - INFO -   Patience: 6/15
2026-02-22 03:07:08,110 - INFO - 
Epoch 31/100
2026-02-22 03:07:08,731 - INFO -   Epoch [10/175] Loss: 1.6483
2026-02-22 03:07:09,353 - INFO -   Epoch [20/175] Loss: 1.5265
2026-02-22 03:07:09,970 - INFO -   Epoch [30/175] Loss: 1.2234
2026-02-22 03:07:10,590 - INFO -   Epoch [40/175] Loss: 1.3289
2026-02-22 03:07:11,212 - INFO -   Epoch [50/175] Loss: 1.3529
2026-02-22 03:07:11,833 - INFO -   Epoch [60/175] Loss: 1.6866
2026-02-22 03:07:12,454 - INFO -   Epoch [70/175] Loss: 1.5299
2026-02-22 03:07:13,075 - INFO -   Epoch [80/175] Loss: 1.3061
2026-02-22 03:07:13,698 - INFO -   Epoch [90/175] Loss: 1.6023
2026-02-22 03:07:14,309 - INFO -   Epoch [100/175] Loss: 1.1956
2026-02-22 03:07:14,919 - INFO -   Epoch [110/175] Loss: 1.0821
2026-02-22 03:07:15,531 - INFO -   Epoch [120/175] Loss: 1.0701
2026-02-22 03:07:16,135 - INFO -   Epoch [130/175] Loss: 1.7839
2026-02-22 03:07:16,757 - INFO -   Epoch [140/175] Loss: 1.0996
2026-02-22 03:07:17,357 - INFO -   Epoch [150/175] Loss: 2.1872
2026-02-22 03:07:17,951 - INFO -   Epoch [160/175] Loss: 1.7291
2026-02-22 03:07:18,545 - INFO -   Epoch [170/175] Loss: 1.5657
2026-02-22 03:07:19,507 - INFO -   Train Loss: 1.4727
2026-02-22 03:07:19,507 - INFO -   Train Accuracy: 41.04%
2026-02-22 03:07:19,508 - INFO -   Val Loss: 1.5709
2026-02-22 03:07:19,508 - INFO -   Val Accuracy: 47.50% | F1: 0.3107
2026-02-22 03:07:19,508 - INFO -   LR: 0.000250
2026-02-22 03:07:19,508 - INFO -   Patience: 7/15
2026-02-22 03:07:19,508 - INFO - 
Epoch 32/100
2026-02-22 03:07:20,129 - INFO -   Epoch [10/175] Loss: 1.7187
2026-02-22 03:07:20,750 - INFO -   Epoch [20/175] Loss: 2.0640
2026-02-22 03:07:21,369 - INFO -   Epoch [30/175] Loss: 1.2774
2026-02-22 03:07:21,991 - INFO -   Epoch [40/175] Loss: 1.7168
2026-02-22 03:07:22,612 - INFO -   Epoch [50/175] Loss: 1.3805
2026-02-22 03:07:23,231 - INFO -   Epoch [60/175] Loss: 1.5288
2026-02-22 03:07:23,847 - INFO -   Epoch [70/175] Loss: 1.3710
2026-02-22 03:07:24,469 - INFO -   Epoch [80/175] Loss: 1.5770
2026-02-22 03:07:25,088 - INFO -   Epoch [90/175] Loss: 1.4167
2026-02-22 03:07:25,710 - INFO -   Epoch [100/175] Loss: 1.1338
2026-02-22 03:07:26,330 - INFO -   Epoch [110/175] Loss: 1.3600
2026-02-22 03:07:26,959 - INFO -   Epoch [120/175] Loss: 1.6916
2026-02-22 03:07:27,582 - INFO -   Epoch [130/175] Loss: 0.9638
2026-02-22 03:07:28,204 - INFO -   Epoch [140/175] Loss: 1.8465
2026-02-22 03:07:28,823 - INFO -   Epoch [150/175] Loss: 1.2662
2026-02-22 03:07:29,442 - INFO -   Epoch [160/175] Loss: 1.4507
2026-02-22 03:07:30,059 - INFO -   Epoch [170/175] Loss: 2.3595
2026-02-22 03:07:31,026 - INFO -   Train Loss: 1.4742
2026-02-22 03:07:31,027 - INFO -   Train Accuracy: 41.36%
2026-02-22 03:07:31,027 - INFO -   Val Loss: 1.5661
2026-02-22 03:07:31,027 - INFO -   Val Accuracy: 50.00% | F1: 0.3446
2026-02-22 03:07:31,027 - INFO -   LR: 0.000250
2026-02-22 03:07:31,143 - INFO -   ✓ New best model saved!
2026-02-22 03:07:31,143 - INFO -   Patience: 0/15
2026-02-22 03:07:31,143 - INFO - 
Epoch 33/100
2026-02-22 03:07:31,780 - INFO -   Epoch [10/175] Loss: 0.8971
2026-02-22 03:07:32,402 - INFO -   Epoch [20/175] Loss: 1.1185
2026-02-22 03:07:33,024 - INFO -   Epoch [30/175] Loss: 1.5007
2026-02-22 03:07:33,651 - INFO -   Epoch [40/175] Loss: 1.4399
2026-02-22 03:07:34,277 - INFO -   Epoch [50/175] Loss: 1.3883
2026-02-22 03:07:34,898 - INFO -   Epoch [60/175] Loss: 2.0003
2026-02-22 03:07:35,515 - INFO -   Epoch [70/175] Loss: 1.4445
2026-02-22 03:07:36,137 - INFO -   Epoch [80/175] Loss: 1.7794
2026-02-22 03:07:36,757 - INFO -   Epoch [90/175] Loss: 1.5263
2026-02-22 03:07:37,376 - INFO -   Epoch [100/175] Loss: 1.4752
2026-02-22 03:07:37,999 - INFO -   Epoch [110/175] Loss: 0.8985
2026-02-22 03:07:38,622 - INFO -   Epoch [120/175] Loss: 1.5497
2026-02-22 03:07:39,242 - INFO -   Epoch [130/175] Loss: 1.2516
2026-02-22 03:07:39,863 - INFO -   Epoch [140/175] Loss: 1.4169
2026-02-22 03:07:40,487 - INFO -   Epoch [150/175] Loss: 1.7291
2026-02-22 03:07:41,111 - INFO -   Epoch [160/175] Loss: 1.5982
2026-02-22 03:07:41,734 - INFO -   Epoch [170/175] Loss: 1.7134
2026-02-22 03:07:42,704 - INFO -   Train Loss: 1.4568
2026-02-22 03:07:42,705 - INFO -   Train Accuracy: 39.18%
2026-02-22 03:07:42,705 - INFO -   Val Loss: 1.5403
2026-02-22 03:07:42,705 - INFO -   Val Accuracy: 44.50% | F1: 0.3096
2026-02-22 03:07:42,705 - INFO -   LR: 0.000250
2026-02-22 03:07:42,705 - INFO -   Patience: 1/15
2026-02-22 03:07:42,705 - INFO - 
Epoch 34/100
2026-02-22 03:07:43,324 - INFO -   Epoch [10/175] Loss: 1.1170
2026-02-22 03:07:43,949 - INFO -   Epoch [20/175] Loss: 1.7352
2026-02-22 03:07:44,548 - INFO -   Epoch [30/175] Loss: 1.2700
2026-02-22 03:07:45,171 - INFO -   Epoch [40/175] Loss: 1.9490
2026-02-22 03:07:45,799 - INFO -   Epoch [50/175] Loss: 1.4547
2026-02-22 03:07:46,420 - INFO -   Epoch [60/175] Loss: 0.9403
2026-02-22 03:07:47,047 - INFO -   Epoch [70/175] Loss: 1.4075
2026-02-22 03:07:47,675 - INFO -   Epoch [80/175] Loss: 1.6083
2026-02-22 03:07:48,300 - INFO -   Epoch [90/175] Loss: 1.5975
2026-02-22 03:07:48,925 - INFO -   Epoch [100/175] Loss: 1.4903
2026-02-22 03:07:49,553 - INFO -   Epoch [110/175] Loss: 1.3760
2026-02-22 03:07:50,172 - INFO -   Epoch [120/175] Loss: 1.5439
2026-02-22 03:07:50,792 - INFO -   Epoch [130/175] Loss: 1.5720
2026-02-22 03:07:51,412 - INFO -   Epoch [140/175] Loss: 1.4882
2026-02-22 03:07:52,042 - INFO -   Epoch [150/175] Loss: 1.7026
2026-02-22 03:07:52,662 - INFO -   Epoch [160/175] Loss: 1.4515
2026-02-22 03:07:53,284 - INFO -   Epoch [170/175] Loss: 1.1670
2026-02-22 03:07:54,258 - INFO -   Train Loss: 1.4710
2026-02-22 03:07:54,258 - INFO -   Train Accuracy: 38.82%
2026-02-22 03:07:54,258 - INFO -   Val Loss: 1.5677
2026-02-22 03:07:54,258 - INFO -   Val Accuracy: 39.75% | F1: 0.3015
2026-02-22 03:07:54,258 - INFO -   LR: 0.000250
2026-02-22 03:07:54,258 - INFO -   Patience: 2/15
2026-02-22 03:07:54,258 - INFO - 
Epoch 35/100
2026-02-22 03:07:54,875 - INFO -   Epoch [10/175] Loss: 1.1908
2026-02-22 03:07:55,499 - INFO -   Epoch [20/175] Loss: 1.3291
2026-02-22 03:07:56,120 - INFO -   Epoch [30/175] Loss: 1.4020
2026-02-22 03:07:56,751 - INFO -   Epoch [40/175] Loss: 1.5648
2026-02-22 03:07:57,370 - INFO -   Epoch [50/175] Loss: 1.2087
2026-02-22 03:07:57,989 - INFO -   Epoch [60/175] Loss: 1.2919
2026-02-22 03:07:58,610 - INFO -   Epoch [70/175] Loss: 1.7422
2026-02-22 03:07:59,230 - INFO -   Epoch [80/175] Loss: 1.3540
2026-02-22 03:07:59,851 - INFO -   Epoch [90/175] Loss: 1.6004
2026-02-22 03:08:00,471 - INFO -   Epoch [100/175] Loss: 1.2158
2026-02-22 03:08:01,095 - INFO -   Epoch [110/175] Loss: 1.3155
2026-02-22 03:08:01,718 - INFO -   Epoch [120/175] Loss: 2.0609
2026-02-22 03:08:02,337 - INFO -   Epoch [130/175] Loss: 1.8294
2026-02-22 03:08:02,957 - INFO -   Epoch [140/175] Loss: 1.2977
2026-02-22 03:08:03,577 - INFO -   Epoch [150/175] Loss: 0.9067
2026-02-22 03:08:04,198 - INFO -   Epoch [160/175] Loss: 1.4757
2026-02-22 03:08:04,825 - INFO -   Epoch [170/175] Loss: 1.8482
2026-02-22 03:08:05,797 - INFO -   Train Loss: 1.4763
2026-02-22 03:08:05,798 - INFO -   Train Accuracy: 39.64%
2026-02-22 03:08:05,798 - INFO -   Val Loss: 1.5528
2026-02-22 03:08:05,798 - INFO -   Val Accuracy: 49.00% | F1: 0.3410
2026-02-22 03:08:05,798 - INFO -   LR: 0.000250
2026-02-22 03:08:05,798 - INFO -   Patience: 3/15
2026-02-22 03:08:05,798 - INFO - 
Epoch 36/100
2026-02-22 03:08:06,419 - INFO -   Epoch [10/175] Loss: 1.6991
2026-02-22 03:08:07,038 - INFO -   Epoch [20/175] Loss: 2.0114
2026-02-22 03:08:07,661 - INFO -   Epoch [30/175] Loss: 1.4660
2026-02-22 03:08:08,288 - INFO -   Epoch [40/175] Loss: 0.8922
2026-02-22 03:08:08,905 - INFO -   Epoch [50/175] Loss: 1.3335
2026-02-22 03:08:09,527 - INFO -   Epoch [60/175] Loss: 1.0867
2026-02-22 03:08:10,145 - INFO -   Epoch [70/175] Loss: 1.0007
2026-02-22 03:08:10,767 - INFO -   Epoch [80/175] Loss: 2.5373
2026-02-22 03:08:11,390 - INFO -   Epoch [90/175] Loss: 1.8289
2026-02-22 03:08:12,013 - INFO -   Epoch [100/175] Loss: 1.2265
2026-02-22 03:08:12,638 - INFO -   Epoch [110/175] Loss: 1.4405
2026-02-22 03:08:13,259 - INFO -   Epoch [120/175] Loss: 1.4645
2026-02-22 03:08:13,882 - INFO -   Epoch [130/175] Loss: 2.5406
2026-02-22 03:08:14,511 - INFO -   Epoch [140/175] Loss: 1.1193
2026-02-22 03:08:15,138 - INFO -   Epoch [150/175] Loss: 2.1862
2026-02-22 03:08:15,771 - INFO -   Epoch [160/175] Loss: 1.3537
2026-02-22 03:08:16,394 - INFO -   Epoch [170/175] Loss: 1.4036
2026-02-22 03:08:17,386 - INFO -   Train Loss: 1.4797
2026-02-22 03:08:17,387 - INFO -   Train Accuracy: 39.25%
2026-02-22 03:08:17,387 - INFO -   Val Loss: 1.6592
2026-02-22 03:08:17,387 - INFO -   Val Accuracy: 34.75% | F1: 0.2925
2026-02-22 03:08:17,387 - INFO -   LR: 0.000250
2026-02-22 03:08:17,387 - INFO -   Patience: 4/15
2026-02-22 03:08:17,387 - INFO - 
Epoch 37/100
2026-02-22 03:08:18,014 - INFO -   Epoch [10/175] Loss: 1.2784
2026-02-22 03:08:18,643 - INFO -   Epoch [20/175] Loss: 1.7606
2026-02-22 03:08:19,269 - INFO -   Epoch [30/175] Loss: 1.4396
2026-02-22 03:08:19,894 - INFO -   Epoch [40/175] Loss: 1.2290
2026-02-22 03:08:20,524 - INFO -   Epoch [50/175] Loss: 0.8346
2026-02-22 03:08:21,148 - INFO -   Epoch [60/175] Loss: 1.2842
2026-02-22 03:08:21,769 - INFO -   Epoch [70/175] Loss: 1.8098
2026-02-22 03:08:22,399 - INFO -   Epoch [80/175] Loss: 1.1808
2026-02-22 03:08:23,019 - INFO -   Epoch [90/175] Loss: 1.7753
2026-02-22 03:08:23,640 - INFO -   Epoch [100/175] Loss: 3.1741
2026-02-22 03:08:24,258 - INFO -   Epoch [110/175] Loss: 1.0700
2026-02-22 03:08:24,878 - INFO -   Epoch [120/175] Loss: 1.7593
2026-02-22 03:08:25,499 - INFO -   Epoch [130/175] Loss: 1.5997
2026-02-22 03:08:26,120 - INFO -   Epoch [140/175] Loss: 1.0344
2026-02-22 03:08:26,739 - INFO -   Epoch [150/175] Loss: 1.9766
2026-02-22 03:08:27,365 - INFO -   Epoch [160/175] Loss: 1.7200
2026-02-22 03:08:27,987 - INFO -   Epoch [170/175] Loss: 1.1754
2026-02-22 03:08:28,961 - INFO -   Train Loss: 1.4738
2026-02-22 03:08:28,961 - INFO -   Train Accuracy: 39.89%
2026-02-22 03:08:28,961 - INFO -   Val Loss: 1.5450
2026-02-22 03:08:28,961 - INFO -   Val Accuracy: 51.50% | F1: 0.3479
2026-02-22 03:08:28,961 - INFO -   LR: 0.000250
2026-02-22 03:08:29,075 - INFO -   ✓ New best model saved!
2026-02-22 03:08:29,075 - INFO -   Patience: 0/15
2026-02-22 03:08:29,075 - INFO - 
Epoch 38/100
2026-02-22 03:08:29,706 - INFO -   Epoch [10/175] Loss: 1.6892
2026-02-22 03:08:30,327 - INFO -   Epoch [20/175] Loss: 1.0105
2026-02-22 03:08:30,949 - INFO -   Epoch [30/175] Loss: 2.1247
2026-02-22 03:08:31,573 - INFO -   Epoch [40/175] Loss: 1.1592
2026-02-22 03:08:32,198 - INFO -   Epoch [50/175] Loss: 1.4383
2026-02-22 03:08:32,825 - INFO -   Epoch [60/175] Loss: 1.5547
2026-02-22 03:08:33,447 - INFO -   Epoch [70/175] Loss: 1.2632
2026-02-22 03:08:34,071 - INFO -   Epoch [80/175] Loss: 1.4881
2026-02-22 03:08:34,695 - INFO -   Epoch [90/175] Loss: 1.2810
2026-02-22 03:08:35,311 - INFO -   Epoch [100/175] Loss: 1.4890
2026-02-22 03:08:35,932 - INFO -   Epoch [110/175] Loss: 0.8071
2026-02-22 03:08:36,555 - INFO -   Epoch [120/175] Loss: 1.7302
2026-02-22 03:08:37,151 - INFO -   Epoch [130/175] Loss: 2.1819
2026-02-22 03:08:37,756 - INFO -   Epoch [140/175] Loss: 1.1919
2026-02-22 03:08:38,375 - INFO -   Epoch [150/175] Loss: 1.1627
2026-02-22 03:08:38,997 - INFO -   Epoch [160/175] Loss: 1.4077
2026-02-22 03:08:39,618 - INFO -   Epoch [170/175] Loss: 1.0825
2026-02-22 03:08:40,595 - INFO -   Train Loss: 1.4429
2026-02-22 03:08:40,595 - INFO -   Train Accuracy: 41.00%
2026-02-22 03:08:40,595 - INFO -   Val Loss: 1.5668
2026-02-22 03:08:40,595 - INFO -   Val Accuracy: 43.25% | F1: 0.3547
2026-02-22 03:08:40,595 - INFO -   LR: 0.000250
2026-02-22 03:08:40,596 - INFO -   Patience: 1/15
2026-02-22 03:08:40,596 - INFO - 
Epoch 39/100
2026-02-22 03:08:41,210 - INFO -   Epoch [10/175] Loss: 1.3362
2026-02-22 03:08:41,832 - INFO -   Epoch [20/175] Loss: 1.4558
2026-02-22 03:08:42,458 - INFO -   Epoch [30/175] Loss: 1.4622
2026-02-22 03:08:43,078 - INFO -   Epoch [40/175] Loss: 1.3047
2026-02-22 03:08:43,703 - INFO -   Epoch [50/175] Loss: 1.7416
2026-02-22 03:08:44,337 - INFO -   Epoch [60/175] Loss: 1.3854
2026-02-22 03:08:44,937 - INFO -   Epoch [70/175] Loss: 1.5508
2026-02-22 03:08:45,541 - INFO -   Epoch [80/175] Loss: 1.4129
2026-02-22 03:08:46,171 - INFO -   Epoch [90/175] Loss: 3.0967
2026-02-22 03:08:46,797 - INFO -   Epoch [100/175] Loss: 1.6579
2026-02-22 03:08:47,413 - INFO -   Epoch [110/175] Loss: 1.1465
2026-02-22 03:08:48,030 - INFO -   Epoch [120/175] Loss: 1.3641
2026-02-22 03:08:48,648 - INFO -   Epoch [130/175] Loss: 1.5282
2026-02-22 03:08:49,267 - INFO -   Epoch [140/175] Loss: 1.9932
2026-02-22 03:08:49,878 - INFO -   Epoch [150/175] Loss: 1.6296
2026-02-22 03:08:50,490 - INFO -   Epoch [160/175] Loss: 1.3217
2026-02-22 03:08:51,113 - INFO -   Epoch [170/175] Loss: 2.4124
2026-02-22 03:08:52,080 - INFO -   Train Loss: 1.4882
2026-02-22 03:08:52,081 - INFO -   Train Accuracy: 42.00%
2026-02-22 03:08:52,081 - INFO -   Val Loss: 1.6436
2026-02-22 03:08:52,081 - INFO -   Val Accuracy: 22.50% | F1: 0.2206
2026-02-22 03:08:52,081 - INFO -   LR: 0.000250
2026-02-22 03:08:52,081 - INFO -   Patience: 2/15
2026-02-22 03:08:52,081 - INFO - 
Epoch 40/100
2026-02-22 03:08:52,705 - INFO -   Epoch [10/175] Loss: 1.4652
2026-02-22 03:08:53,323 - INFO -   Epoch [20/175] Loss: 1.1796
2026-02-22 03:08:53,936 - INFO -   Epoch [30/175] Loss: 1.3225
2026-02-22 03:08:54,531 - INFO -   Epoch [40/175] Loss: 1.2508
2026-02-22 03:08:55,126 - INFO -   Epoch [50/175] Loss: 1.3451
2026-02-22 03:08:55,737 - INFO -   Epoch [60/175] Loss: 1.3842
2026-02-22 03:08:56,355 - INFO -   Epoch [70/175] Loss: 1.1575
2026-02-22 03:08:56,978 - INFO -   Epoch [80/175] Loss: 1.3285
2026-02-22 03:08:57,599 - INFO -   Epoch [90/175] Loss: 1.8474
2026-02-22 03:08:58,222 - INFO -   Epoch [100/175] Loss: 1.3557
2026-02-22 03:08:58,849 - INFO -   Epoch [110/175] Loss: 1.2337
2026-02-22 03:08:59,469 - INFO -   Epoch [120/175] Loss: 1.7680
2026-02-22 03:09:00,086 - INFO -   Epoch [130/175] Loss: 1.1665
2026-02-22 03:09:00,706 - INFO -   Epoch [140/175] Loss: 1.6171
2026-02-22 03:09:01,326 - INFO -   Epoch [150/175] Loss: 1.4363
2026-02-22 03:09:01,956 - INFO -   Epoch [160/175] Loss: 1.2325
2026-02-22 03:09:02,588 - INFO -   Epoch [170/175] Loss: 1.1260
2026-02-22 03:09:03,573 - INFO -   Train Loss: 1.4695
2026-02-22 03:09:03,573 - INFO -   Train Accuracy: 39.79%
2026-02-22 03:09:03,573 - INFO -   Val Loss: 1.5725
2026-02-22 03:09:03,573 - INFO -   Val Accuracy: 43.25% | F1: 0.3504
2026-02-22 03:09:03,573 - INFO -   LR: 0.000250
2026-02-22 03:09:03,573 - INFO -   Patience: 3/15
2026-02-22 03:09:03,573 - INFO - 
Epoch 41/100
2026-02-22 03:09:04,205 - INFO -   Epoch [10/175] Loss: 1.0853
2026-02-22 03:09:04,828 - INFO -   Epoch [20/175] Loss: 1.7363
2026-02-22 03:09:05,444 - INFO -   Epoch [30/175] Loss: 1.9134
2026-02-22 03:09:06,061 - INFO -   Epoch [40/175] Loss: 1.2125
2026-02-22 03:09:06,682 - INFO -   Epoch [50/175] Loss: 1.3954
2026-02-22 03:09:07,304 - INFO -   Epoch [60/175] Loss: 1.4947
2026-02-22 03:09:07,924 - INFO -   Epoch [70/175] Loss: 1.6256
2026-02-22 03:09:08,543 - INFO -   Epoch [80/175] Loss: 0.9851
2026-02-22 03:09:09,160 - INFO -   Epoch [90/175] Loss: 1.2146
2026-02-22 03:09:09,782 - INFO -   Epoch [100/175] Loss: 1.2659
2026-02-22 03:09:10,398 - INFO -   Epoch [110/175] Loss: 1.6213
2026-02-22 03:09:11,016 - INFO -   Epoch [120/175] Loss: 1.7248
2026-02-22 03:09:11,637 - INFO -   Epoch [130/175] Loss: 1.2078
2026-02-22 03:09:12,266 - INFO -   Epoch [140/175] Loss: 2.0993
2026-02-22 03:09:12,888 - INFO -   Epoch [150/175] Loss: 1.3985
2026-02-22 03:09:13,514 - INFO -   Epoch [160/175] Loss: 1.5579
2026-02-22 03:09:14,151 - INFO -   Epoch [170/175] Loss: 1.3361
2026-02-22 03:09:15,080 - INFO -   Train Loss: 1.4720
2026-02-22 03:09:15,080 - INFO -   Train Accuracy: 40.54%
2026-02-22 03:09:15,080 - INFO -   Val Loss: 1.5727
2026-02-22 03:09:15,080 - INFO -   Val Accuracy: 45.00% | F1: 0.3150
2026-02-22 03:09:15,080 - INFO -   LR: 0.000250
2026-02-22 03:09:15,080 - INFO -   Patience: 4/15
2026-02-22 03:09:15,080 - INFO - 
Epoch 42/100
2026-02-22 03:09:15,687 - INFO -   Epoch [10/175] Loss: 1.3328
2026-02-22 03:09:16,310 - INFO -   Epoch [20/175] Loss: 1.6768
2026-02-22 03:09:16,931 - INFO -   Epoch [30/175] Loss: 1.6027
2026-02-22 03:09:17,551 - INFO -   Epoch [40/175] Loss: 1.2112
2026-02-22 03:09:18,172 - INFO -   Epoch [50/175] Loss: 2.4155
2026-02-22 03:09:18,795 - INFO -   Epoch [60/175] Loss: 1.3300
2026-02-22 03:09:19,413 - INFO -   Epoch [70/175] Loss: 1.5141
2026-02-22 03:09:20,043 - INFO -   Epoch [80/175] Loss: 1.2784
2026-02-22 03:09:20,663 - INFO -   Epoch [90/175] Loss: 1.3601
2026-02-22 03:09:21,284 - INFO -   Epoch [100/175] Loss: 2.0030
2026-02-22 03:09:21,901 - INFO -   Epoch [110/175] Loss: 1.6754
2026-02-22 03:09:22,525 - INFO -   Epoch [120/175] Loss: 1.5865
2026-02-22 03:09:23,150 - INFO -   Epoch [130/175] Loss: 0.8847
2026-02-22 03:09:23,774 - INFO -   Epoch [140/175] Loss: 1.0790
2026-02-22 03:09:24,396 - INFO -   Epoch [150/175] Loss: 1.4208
2026-02-22 03:09:25,023 - INFO -   Epoch [160/175] Loss: 1.4055
2026-02-22 03:09:25,655 - INFO -   Epoch [170/175] Loss: 1.7140
2026-02-22 03:09:26,630 - INFO -   Train Loss: 1.4628
2026-02-22 03:09:26,630 - INFO -   Train Accuracy: 41.11%
2026-02-22 03:09:26,630 - INFO -   Val Loss: 1.6813
2026-02-22 03:09:26,630 - INFO -   Val Accuracy: 24.00% | F1: 0.2273
2026-02-22 03:09:26,630 - INFO -   LR: 0.000250
2026-02-22 03:09:26,630 - INFO -   Patience: 5/15
2026-02-22 03:09:26,631 - INFO - 
Epoch 43/100
2026-02-22 03:09:27,251 - INFO -   Epoch [10/175] Loss: 1.7503
2026-02-22 03:09:27,866 - INFO -   Epoch [20/175] Loss: 1.1722
2026-02-22 03:09:28,482 - INFO -   Epoch [30/175] Loss: 1.1077
2026-02-22 03:09:29,103 - INFO -   Epoch [40/175] Loss: 2.0028
2026-02-22 03:09:29,725 - INFO -   Epoch [50/175] Loss: 1.1722
2026-02-22 03:09:30,348 - INFO -   Epoch [60/175] Loss: 1.4959
2026-02-22 03:09:30,968 - INFO -   Epoch [70/175] Loss: 1.2920
2026-02-22 03:09:31,595 - INFO -   Epoch [80/175] Loss: 1.2080
2026-02-22 03:09:32,212 - INFO -   Epoch [90/175] Loss: 1.6751
2026-02-22 03:09:32,839 - INFO -   Epoch [100/175] Loss: 1.1285
2026-02-22 03:09:33,456 - INFO -   Epoch [110/175] Loss: 1.3917
2026-02-22 03:09:34,073 - INFO -   Epoch [120/175] Loss: 1.4784
2026-02-22 03:09:34,679 - INFO -   Epoch [130/175] Loss: 1.6606
2026-02-22 03:09:35,293 - INFO -   Epoch [140/175] Loss: 1.8478
2026-02-22 03:09:35,910 - INFO -   Epoch [150/175] Loss: 1.4485
2026-02-22 03:09:36,530 - INFO -   Epoch [160/175] Loss: 1.4815
2026-02-22 03:09:37,151 - INFO -   Epoch [170/175] Loss: 1.2713
2026-02-22 03:09:38,122 - INFO -   Train Loss: 1.4520
2026-02-22 03:09:38,122 - INFO -   Train Accuracy: 40.39%
2026-02-22 03:09:38,122 - INFO -   Val Loss: 1.5188
2026-02-22 03:09:38,122 - INFO -   Val Accuracy: 53.50% | F1: 0.3991
2026-02-22 03:09:38,123 - INFO -   LR: 0.000250
2026-02-22 03:09:38,232 - INFO -   ✓ New best model saved!
2026-02-22 03:09:38,233 - INFO -   Patience: 0/15
2026-02-22 03:09:38,233 - INFO - 
Epoch 44/100
2026-02-22 03:09:38,860 - INFO -   Epoch [10/175] Loss: 1.1539
2026-02-22 03:09:39,481 - INFO -   Epoch [20/175] Loss: 1.3146
2026-02-22 03:09:40,099 - INFO -   Epoch [30/175] Loss: 1.6973
2026-02-22 03:09:40,720 - INFO -   Epoch [40/175] Loss: 1.8782
2026-02-22 03:09:41,339 - INFO -   Epoch [50/175] Loss: 1.9079
2026-02-22 03:09:41,961 - INFO -   Epoch [60/175] Loss: 1.4163
2026-02-22 03:09:42,583 - INFO -   Epoch [70/175] Loss: 1.0756
2026-02-22 03:09:43,203 - INFO -   Epoch [80/175] Loss: 1.3640
2026-02-22 03:09:43,826 - INFO -   Epoch [90/175] Loss: 1.8141
2026-02-22 03:09:44,439 - INFO -   Epoch [100/175] Loss: 1.1851
2026-02-22 03:09:45,050 - INFO -   Epoch [110/175] Loss: 1.3755
2026-02-22 03:09:45,666 - INFO -   Epoch [120/175] Loss: 1.5822
2026-02-22 03:09:46,274 - INFO -   Epoch [130/175] Loss: 1.4401
2026-02-22 03:09:46,893 - INFO -   Epoch [140/175] Loss: 1.5344
2026-02-22 03:09:47,511 - INFO -   Epoch [150/175] Loss: 1.8783
2026-02-22 03:09:48,134 - INFO -   Epoch [160/175] Loss: 1.6634
2026-02-22 03:09:48,751 - INFO -   Epoch [170/175] Loss: 1.3755
2026-02-22 03:09:49,716 - INFO -   Train Loss: 1.4322
2026-02-22 03:09:49,716 - INFO -   Train Accuracy: 42.71%
2026-02-22 03:09:49,716 - INFO -   Val Loss: 1.5426
2026-02-22 03:09:49,716 - INFO -   Val Accuracy: 50.00% | F1: 0.3903
2026-02-22 03:09:49,716 - INFO -   LR: 0.000250
2026-02-22 03:09:49,716 - INFO -   Patience: 1/15
2026-02-22 03:09:49,716 - INFO - 
Epoch 45/100
2026-02-22 03:09:50,335 - INFO -   Epoch [10/175] Loss: 1.1115
2026-02-22 03:09:50,953 - INFO -   Epoch [20/175] Loss: 1.0626
2026-02-22 03:09:51,571 - INFO -   Epoch [30/175] Loss: 1.3682
2026-02-22 03:09:52,186 - INFO -   Epoch [40/175] Loss: 1.3262
2026-02-22 03:09:52,791 - INFO -   Epoch [50/175] Loss: 2.6206
2026-02-22 03:09:53,391 - INFO -   Epoch [60/175] Loss: 2.0129
2026-02-22 03:09:53,985 - INFO -   Epoch [70/175] Loss: 1.4675
2026-02-22 03:09:54,581 - INFO -   Epoch [80/175] Loss: 1.6824
2026-02-22 03:09:55,183 - INFO -   Epoch [90/175] Loss: 1.6060
2026-02-22 03:09:55,780 - INFO -   Epoch [100/175] Loss: 1.3412
2026-02-22 03:09:56,375 - INFO -   Epoch [110/175] Loss: 1.2708
2026-02-22 03:09:56,975 - INFO -   Epoch [120/175] Loss: 1.7434
2026-02-22 03:09:57,574 - INFO -   Epoch [130/175] Loss: 1.3170
2026-02-22 03:09:58,173 - INFO -   Epoch [140/175] Loss: 1.3487
2026-02-22 03:09:58,773 - INFO -   Epoch [150/175] Loss: 1.4969
2026-02-22 03:09:59,369 - INFO -   Epoch [160/175] Loss: 1.1426
2026-02-22 03:09:59,968 - INFO -   Epoch [170/175] Loss: 1.3637
2026-02-22 03:10:00,919 - INFO -   Train Loss: 1.4431
2026-02-22 03:10:00,919 - INFO -   Train Accuracy: 40.86%
2026-02-22 03:10:00,919 - INFO -   Val Loss: 1.5170
2026-02-22 03:10:00,919 - INFO -   Val Accuracy: 44.25% | F1: 0.3700
2026-02-22 03:10:00,919 - INFO -   LR: 0.000250
2026-02-22 03:10:00,919 - INFO -   Patience: 2/15
2026-02-22 03:10:00,919 - INFO - 
Epoch 46/100
2026-02-22 03:10:01,518 - INFO -   Epoch [10/175] Loss: 1.2811
2026-02-22 03:10:02,123 - INFO -   Epoch [20/175] Loss: 1.2193
2026-02-22 03:10:02,720 - INFO -   Epoch [30/175] Loss: 1.4357
2026-02-22 03:10:03,327 - INFO -   Epoch [40/175] Loss: 1.1959
2026-02-22 03:10:03,926 - INFO -   Epoch [50/175] Loss: 1.5565
2026-02-22 03:10:04,528 - INFO -   Epoch [60/175] Loss: 1.1474
2026-02-22 03:10:05,131 - INFO -   Epoch [70/175] Loss: 1.5746
2026-02-22 03:10:05,730 - INFO -   Epoch [80/175] Loss: 1.5330
2026-02-22 03:10:06,327 - INFO -   Epoch [90/175] Loss: 1.4799
2026-02-22 03:10:06,925 - INFO -   Epoch [100/175] Loss: 1.2901
2026-02-22 03:10:07,527 - INFO -   Epoch [110/175] Loss: 1.5563
2026-02-22 03:10:08,128 - INFO -   Epoch [120/175] Loss: 1.3646
2026-02-22 03:10:08,724 - INFO -   Epoch [130/175] Loss: 1.7782
2026-02-22 03:10:09,323 - INFO -   Epoch [140/175] Loss: 1.6243
2026-02-22 03:10:09,928 - INFO -   Epoch [150/175] Loss: 1.1299
2026-02-22 03:10:10,531 - INFO -   Epoch [160/175] Loss: 1.1701
2026-02-22 03:10:11,130 - INFO -   Epoch [170/175] Loss: 1.1460
2026-02-22 03:10:12,085 - INFO -   Train Loss: 1.4396
2026-02-22 03:10:12,085 - INFO -   Train Accuracy: 41.54%
2026-02-22 03:10:12,085 - INFO -   Val Loss: 1.5118
2026-02-22 03:10:12,085 - INFO -   Val Accuracy: 51.00% | F1: 0.3701
2026-02-22 03:10:12,085 - INFO -   LR: 0.000250
2026-02-22 03:10:12,086 - INFO -   Patience: 3/15
2026-02-22 03:10:12,086 - INFO - 
Epoch 47/100
2026-02-22 03:10:12,686 - INFO -   Epoch [10/175] Loss: 1.5562
2026-02-22 03:10:13,285 - INFO -   Epoch [20/175] Loss: 1.1400
2026-02-22 03:10:13,883 - INFO -   Epoch [30/175] Loss: 1.5622
2026-02-22 03:10:14,485 - INFO -   Epoch [40/175] Loss: 1.8392
2026-02-22 03:10:15,058 - INFO -   Epoch [50/175] Loss: 1.5592
2026-02-22 03:10:15,656 - INFO -   Epoch [60/175] Loss: 1.8267
2026-02-22 03:10:16,254 - INFO -   Epoch [70/175] Loss: 1.3700
2026-02-22 03:10:16,854 - INFO -   Epoch [80/175] Loss: 1.2783
2026-02-22 03:10:17,457 - INFO -   Epoch [90/175] Loss: 0.8726
2026-02-22 03:10:18,055 - INFO -   Epoch [100/175] Loss: 2.7362
2026-02-22 03:10:18,659 - INFO -   Epoch [110/175] Loss: 1.6719
2026-02-22 03:10:19,250 - INFO -   Epoch [120/175] Loss: 1.4513
2026-02-22 03:10:19,836 - INFO -   Epoch [130/175] Loss: 1.5187
2026-02-22 03:10:20,437 - INFO -   Epoch [140/175] Loss: 1.3582
2026-02-22 03:10:21,038 - INFO -   Epoch [150/175] Loss: 1.4340
2026-02-22 03:10:21,635 - INFO -   Epoch [160/175] Loss: 1.7182
2026-02-22 03:10:22,234 - INFO -   Epoch [170/175] Loss: 1.4119
2026-02-22 03:10:23,194 - INFO -   Train Loss: 1.4455
2026-02-22 03:10:23,194 - INFO -   Train Accuracy: 42.00%
2026-02-22 03:10:23,194 - INFO -   Val Loss: 1.5211
2026-02-22 03:10:23,194 - INFO -   Val Accuracy: 50.25% | F1: 0.3449
2026-02-22 03:10:23,194 - INFO -   LR: 0.000250
2026-02-22 03:10:23,194 - INFO -   Patience: 4/15
2026-02-22 03:10:23,194 - INFO - 
Epoch 48/100
2026-02-22 03:10:23,793 - INFO -   Epoch [10/175] Loss: 1.4798
2026-02-22 03:10:24,392 - INFO -   Epoch [20/175] Loss: 2.0984
2026-02-22 03:10:24,990 - INFO -   Epoch [30/175] Loss: 1.6435
2026-02-22 03:10:25,594 - INFO -   Epoch [40/175] Loss: 1.1285
2026-02-22 03:10:26,190 - INFO -   Epoch [50/175] Loss: 1.7489
2026-02-22 03:10:26,792 - INFO -   Epoch [60/175] Loss: 1.3954
2026-02-22 03:10:27,389 - INFO -   Epoch [70/175] Loss: 1.3323
2026-02-22 03:10:27,987 - INFO -   Epoch [80/175] Loss: 1.6320
2026-02-22 03:10:28,591 - INFO -   Epoch [90/175] Loss: 1.2041
2026-02-22 03:10:29,190 - INFO -   Epoch [100/175] Loss: 1.4912
2026-02-22 03:10:29,788 - INFO -   Epoch [110/175] Loss: 1.3079
2026-02-22 03:10:30,389 - INFO -   Epoch [120/175] Loss: 1.2086
2026-02-22 03:10:30,983 - INFO -   Epoch [130/175] Loss: 1.2363
2026-02-22 03:10:31,585 - INFO -   Epoch [140/175] Loss: 1.1429
2026-02-22 03:10:32,182 - INFO -   Epoch [150/175] Loss: 1.8033
2026-02-22 03:10:32,783 - INFO -   Epoch [160/175] Loss: 2.1536
2026-02-22 03:10:33,383 - INFO -   Epoch [170/175] Loss: 1.9428
2026-02-22 03:10:34,334 - INFO -   Train Loss: 1.4334
2026-02-22 03:10:34,334 - INFO -   Train Accuracy: 43.14%
2026-02-22 03:10:34,334 - INFO -   Val Loss: 1.5052
2026-02-22 03:10:34,334 - INFO -   Val Accuracy: 51.00% | F1: 0.3515
2026-02-22 03:10:34,334 - INFO -   LR: 0.000250
2026-02-22 03:10:34,334 - INFO -   Patience: 5/15
2026-02-22 03:10:34,334 - INFO - 
Epoch 49/100
2026-02-22 03:10:34,934 - INFO -   Epoch [10/175] Loss: 1.2711
2026-02-22 03:10:35,534 - INFO -   Epoch [20/175] Loss: 1.0693
2026-02-22 03:10:36,132 - INFO -   Epoch [30/175] Loss: 1.6481
2026-02-22 03:10:36,728 - INFO -   Epoch [40/175] Loss: 1.3166
2026-02-22 03:10:37,327 - INFO -   Epoch [50/175] Loss: 1.2614
2026-02-22 03:10:37,941 - INFO -   Epoch [60/175] Loss: 1.5072
2026-02-22 03:10:38,561 - INFO -   Epoch [70/175] Loss: 1.2882
2026-02-22 03:10:39,180 - INFO -   Epoch [80/175] Loss: 1.5627
2026-02-22 03:10:39,800 - INFO -   Epoch [90/175] Loss: 1.8957
2026-02-22 03:10:40,420 - INFO -   Epoch [100/175] Loss: 1.0906
2026-02-22 03:10:41,041 - INFO -   Epoch [110/175] Loss: 1.1197
2026-02-22 03:10:41,664 - INFO -   Epoch [120/175] Loss: 1.3624
2026-02-22 03:10:42,283 - INFO -   Epoch [130/175] Loss: 1.1953
2026-02-22 03:10:42,902 - INFO -   Epoch [140/175] Loss: 1.2379
2026-02-22 03:10:43,523 - INFO -   Epoch [150/175] Loss: 2.0144
2026-02-22 03:10:44,150 - INFO -   Epoch [160/175] Loss: 1.1515
2026-02-22 03:10:44,770 - INFO -   Epoch [170/175] Loss: 1.4846
2026-02-22 03:10:45,737 - INFO -   Train Loss: 1.4278
2026-02-22 03:10:45,738 - INFO -   Train Accuracy: 42.89%
2026-02-22 03:10:45,738 - INFO -   Val Loss: 1.6415
2026-02-22 03:10:45,738 - INFO -   Val Accuracy: 44.00% | F1: 0.3219
2026-02-22 03:10:45,738 - INFO -   LR: 0.000250
2026-02-22 03:10:45,738 - INFO -   Patience: 6/15
2026-02-22 03:10:45,738 - INFO - 
Epoch 50/100
2026-02-22 03:10:46,358 - INFO -   Epoch [10/175] Loss: 1.4191
2026-02-22 03:10:46,976 - INFO -   Epoch [20/175] Loss: 1.4561
2026-02-22 03:10:47,598 - INFO -   Epoch [30/175] Loss: 1.2949
2026-02-22 03:10:48,218 - INFO -   Epoch [40/175] Loss: 1.6979
2026-02-22 03:10:48,843 - INFO -   Epoch [50/175] Loss: 1.8481
2026-02-22 03:10:49,464 - INFO -   Epoch [60/175] Loss: 1.1934
2026-02-22 03:10:50,090 - INFO -   Epoch [70/175] Loss: 1.2858
2026-02-22 03:10:50,715 - INFO -   Epoch [80/175] Loss: 2.0261
2026-02-22 03:10:51,338 - INFO -   Epoch [90/175] Loss: 1.3913
2026-02-22 03:10:51,960 - INFO -   Epoch [100/175] Loss: 1.1672
2026-02-22 03:10:52,584 - INFO -   Epoch [110/175] Loss: 1.3210
2026-02-22 03:10:53,207 - INFO -   Epoch [120/175] Loss: 1.4901
2026-02-22 03:10:53,830 - INFO -   Epoch [130/175] Loss: 1.4601
2026-02-22 03:10:54,452 - INFO -   Epoch [140/175] Loss: 1.6675
2026-02-22 03:10:55,074 - INFO -   Epoch [150/175] Loss: 1.4061
2026-02-22 03:10:55,705 - INFO -   Epoch [160/175] Loss: 1.3216
2026-02-22 03:10:56,326 - INFO -   Epoch [170/175] Loss: 1.9311
2026-02-22 03:10:57,298 - INFO -   Train Loss: 1.4352
2026-02-22 03:10:57,298 - INFO -   Train Accuracy: 41.50%
2026-02-22 03:10:57,298 - INFO -   Val Loss: 1.5416
2026-02-22 03:10:57,298 - INFO -   Val Accuracy: 50.25% | F1: 0.3614
2026-02-22 03:10:57,298 - INFO -   LR: 0.000125
2026-02-22 03:10:57,298 - INFO -   Patience: 7/15
2026-02-22 03:10:57,298 - INFO - 
Epoch 51/100
2026-02-22 03:10:57,923 - INFO -   Epoch [10/175] Loss: 1.2344
2026-02-22 03:10:58,548 - INFO -   Epoch [20/175] Loss: 1.0781
2026-02-22 03:10:59,176 - INFO -   Epoch [30/175] Loss: 1.2034
2026-02-22 03:10:59,805 - INFO -   Epoch [40/175] Loss: 1.3484
2026-02-22 03:11:00,428 - INFO -   Epoch [50/175] Loss: 1.3437
2026-02-22 03:11:01,056 - INFO -   Epoch [60/175] Loss: 1.4779
2026-02-22 03:11:01,680 - INFO -   Epoch [70/175] Loss: 2.2060
2026-02-22 03:11:02,304 - INFO -   Epoch [80/175] Loss: 1.4528
2026-02-22 03:11:02,928 - INFO -   Epoch [90/175] Loss: 1.1585
2026-02-22 03:11:03,552 - INFO -   Epoch [100/175] Loss: 2.3067
2026-02-22 03:11:04,180 - INFO -   Epoch [110/175] Loss: 1.7114
2026-02-22 03:11:04,799 - INFO -   Epoch [120/175] Loss: 1.3351
2026-02-22 03:11:05,394 - INFO -   Epoch [130/175] Loss: 1.2125
2026-02-22 03:11:06,012 - INFO -   Epoch [140/175] Loss: 1.2110
2026-02-22 03:11:06,633 - INFO -   Epoch [150/175] Loss: 1.1285
2026-02-22 03:11:07,258 - INFO -   Epoch [160/175] Loss: 1.2367
2026-02-22 03:11:07,880 - INFO -   Epoch [170/175] Loss: 1.1956
2026-02-22 03:11:08,840 - INFO -   Train Loss: 1.4340
2026-02-22 03:11:08,840 - INFO -   Train Accuracy: 41.96%
2026-02-22 03:11:08,840 - INFO -   Val Loss: 1.5244
2026-02-22 03:11:08,840 - INFO -   Val Accuracy: 50.25% | F1: 0.3601
2026-02-22 03:11:08,840 - INFO -   LR: 0.000125
2026-02-22 03:11:08,840 - INFO -   Patience: 8/15
2026-02-22 03:11:08,840 - INFO - 
Epoch 52/100
2026-02-22 03:11:09,452 - INFO -   Epoch [10/175] Loss: 1.1048
2026-02-22 03:11:10,064 - INFO -   Epoch [20/175] Loss: 0.9234
2026-02-22 03:11:10,676 - INFO -   Epoch [30/175] Loss: 1.3987
2026-02-22 03:11:11,285 - INFO -   Epoch [40/175] Loss: 1.5816
2026-02-22 03:11:11,907 - INFO -   Epoch [50/175] Loss: 1.8706
2026-02-22 03:11:12,529 - INFO -   Epoch [60/175] Loss: 2.6834
2026-02-22 03:11:13,148 - INFO -   Epoch [70/175] Loss: 1.1947
2026-02-22 03:11:13,771 - INFO -   Epoch [80/175] Loss: 1.5857
2026-02-22 03:11:14,392 - INFO -   Epoch [90/175] Loss: 1.1166
2026-02-22 03:11:15,011 - INFO -   Epoch [100/175] Loss: 1.0728
2026-02-22 03:11:15,624 - INFO -   Epoch [110/175] Loss: 1.2981
2026-02-22 03:11:16,245 - INFO -   Epoch [120/175] Loss: 1.0377
2026-02-22 03:11:16,867 - INFO -   Epoch [130/175] Loss: 2.1967
2026-02-22 03:11:17,487 - INFO -   Epoch [140/175] Loss: 1.2857
2026-02-22 03:11:18,108 - INFO -   Epoch [150/175] Loss: 1.5594
2026-02-22 03:11:18,735 - INFO -   Epoch [160/175] Loss: 1.1139
2026-02-22 03:11:19,359 - INFO -   Epoch [170/175] Loss: 1.2088
2026-02-22 03:11:20,277 - INFO -   Train Loss: 1.4117
2026-02-22 03:11:20,277 - INFO -   Train Accuracy: 42.25%
2026-02-22 03:11:20,277 - INFO -   Val Loss: 1.5280
2026-02-22 03:11:20,277 - INFO -   Val Accuracy: 51.25% | F1: 0.3794
2026-02-22 03:11:20,277 - INFO -   LR: 0.000125
2026-02-22 03:11:20,277 - INFO -   Patience: 9/15
2026-02-22 03:11:20,277 - INFO - 
Epoch 53/100
2026-02-22 03:11:20,890 - INFO -   Epoch [10/175] Loss: 1.1495
2026-02-22 03:11:21,515 - INFO -   Epoch [20/175] Loss: 1.4761
2026-02-22 03:11:22,131 - INFO -   Epoch [30/175] Loss: 1.4107
2026-02-22 03:11:22,750 - INFO -   Epoch [40/175] Loss: 1.7133
2026-02-22 03:11:23,370 - INFO -   Epoch [50/175] Loss: 1.3190
2026-02-22 03:11:23,989 - INFO -   Epoch [60/175] Loss: 1.3663
2026-02-22 03:11:24,608 - INFO -   Epoch [70/175] Loss: 1.2292
2026-02-22 03:11:25,233 - INFO -   Epoch [80/175] Loss: 1.1852
2026-02-22 03:11:25,866 - INFO -   Epoch [90/175] Loss: 1.2012
2026-02-22 03:11:26,489 - INFO -   Epoch [100/175] Loss: 1.1988
2026-02-22 03:11:27,109 - INFO -   Epoch [110/175] Loss: 1.2114
2026-02-22 03:11:27,730 - INFO -   Epoch [120/175] Loss: 1.6156
2026-02-22 03:11:28,353 - INFO -   Epoch [130/175] Loss: 1.2646
2026-02-22 03:11:28,977 - INFO -   Epoch [140/175] Loss: 1.3170
2026-02-22 03:11:29,598 - INFO -   Epoch [150/175] Loss: 1.4674
2026-02-22 03:11:30,220 - INFO -   Epoch [160/175] Loss: 1.5651
2026-02-22 03:11:30,842 - INFO -   Epoch [170/175] Loss: 1.2983
2026-02-22 03:11:31,821 - INFO -   Train Loss: 1.4096
2026-02-22 03:11:31,822 - INFO -   Train Accuracy: 43.07%
2026-02-22 03:11:31,822 - INFO -   Val Loss: 1.5355
2026-02-22 03:11:31,822 - INFO -   Val Accuracy: 51.00% | F1: 0.3676
2026-02-22 03:11:31,822 - INFO -   LR: 0.000125
2026-02-22 03:11:31,822 - INFO -   Patience: 10/15
2026-02-22 03:11:31,822 - INFO - 
Epoch 54/100
2026-02-22 03:11:32,443 - INFO -   Epoch [10/175] Loss: 1.2136
2026-02-22 03:11:33,071 - INFO -   Epoch [20/175] Loss: 1.0166
2026-02-22 03:11:33,689 - INFO -   Epoch [30/175] Loss: 1.1990
2026-02-22 03:11:34,320 - INFO -   Epoch [40/175] Loss: 1.3711
2026-02-22 03:11:34,938 - INFO -   Epoch [50/175] Loss: 1.2054
2026-02-22 03:11:35,557 - INFO -   Epoch [60/175] Loss: 1.5543
2026-02-22 03:11:36,177 - INFO -   Epoch [70/175] Loss: 2.5107
2026-02-22 03:11:36,804 - INFO -   Epoch [80/175] Loss: 1.7264
2026-02-22 03:11:37,423 - INFO -   Epoch [90/175] Loss: 1.5540
2026-02-22 03:11:38,047 - INFO -   Epoch [100/175] Loss: 1.1401
2026-02-22 03:11:38,669 - INFO -   Epoch [110/175] Loss: 1.3408
2026-02-22 03:11:39,294 - INFO -   Epoch [120/175] Loss: 1.4524
2026-02-22 03:11:39,919 - INFO -   Epoch [130/175] Loss: 1.0500
2026-02-22 03:11:40,540 - INFO -   Epoch [140/175] Loss: 1.4558
2026-02-22 03:11:41,160 - INFO -   Epoch [150/175] Loss: 1.7129
2026-02-22 03:11:41,780 - INFO -   Epoch [160/175] Loss: 1.3256
2026-02-22 03:11:42,398 - INFO -   Epoch [170/175] Loss: 1.4404
2026-02-22 03:11:43,366 - INFO -   Train Loss: 1.4341
2026-02-22 03:11:43,366 - INFO -   Train Accuracy: 43.32%
2026-02-22 03:11:43,366 - INFO -   Val Loss: 1.5082
2026-02-22 03:11:43,366 - INFO -   Val Accuracy: 52.00% | F1: 0.3728
2026-02-22 03:11:43,366 - INFO -   LR: 0.000125
2026-02-22 03:11:43,366 - INFO -   Patience: 11/15
2026-02-22 03:11:43,366 - INFO - 
Epoch 55/100
2026-02-22 03:11:43,987 - INFO -   Epoch [10/175] Loss: 1.3958
2026-02-22 03:11:44,612 - INFO -   Epoch [20/175] Loss: 1.3004
2026-02-22 03:11:45,234 - INFO -   Epoch [30/175] Loss: 2.4013
2026-02-22 03:11:45,858 - INFO -   Epoch [40/175] Loss: 1.3322
2026-02-22 03:11:46,482 - INFO -   Epoch [50/175] Loss: 1.6765
2026-02-22 03:11:47,107 - INFO -   Epoch [60/175] Loss: 1.1192
2026-02-22 03:11:47,731 - INFO -   Epoch [70/175] Loss: 2.0822
2026-02-22 03:11:48,356 - INFO -   Epoch [80/175] Loss: 1.7242
2026-02-22 03:11:48,979 - INFO -   Epoch [90/175] Loss: 1.3473
2026-02-22 03:11:49,605 - INFO -   Epoch [100/175] Loss: 1.3877
2026-02-22 03:11:50,225 - INFO -   Epoch [110/175] Loss: 1.0603
2026-02-22 03:11:50,851 - INFO -   Epoch [120/175] Loss: 1.5564
2026-02-22 03:11:51,474 - INFO -   Epoch [130/175] Loss: 1.3718
2026-02-22 03:11:52,094 - INFO -   Epoch [140/175] Loss: 1.4299
2026-02-22 03:11:52,723 - INFO -   Epoch [150/175] Loss: 1.1503
2026-02-22 03:11:53,345 - INFO -   Epoch [160/175] Loss: 1.8550
2026-02-22 03:11:53,966 - INFO -   Epoch [170/175] Loss: 1.8044
2026-02-22 03:11:54,905 - INFO -   Train Loss: 1.4363
2026-02-22 03:11:54,905 - INFO -   Train Accuracy: 41.82%
2026-02-22 03:11:54,905 - INFO -   Val Loss: 1.4957
2026-02-22 03:11:54,905 - INFO -   Val Accuracy: 51.75% | F1: 0.3705
2026-02-22 03:11:54,905 - INFO -   LR: 0.000125
2026-02-22 03:11:54,905 - INFO -   Patience: 12/15
2026-02-22 03:11:54,905 - INFO - 
Epoch 56/100
2026-02-22 03:11:55,529 - INFO -   Epoch [10/175] Loss: 1.3202
2026-02-22 03:11:56,153 - INFO -   Epoch [20/175] Loss: 2.0180
2026-02-22 03:11:56,773 - INFO -   Epoch [30/175] Loss: 1.5365
2026-02-22 03:11:57,400 - INFO -   Epoch [40/175] Loss: 1.6264
2026-02-22 03:11:58,023 - INFO -   Epoch [50/175] Loss: 1.6964
2026-02-22 03:11:58,649 - INFO -   Epoch [60/175] Loss: 1.1753
2026-02-22 03:11:59,273 - INFO -   Epoch [70/175] Loss: 1.4239
2026-02-22 03:11:59,898 - INFO -   Epoch [80/175] Loss: 1.5982
2026-02-22 03:12:00,523 - INFO -   Epoch [90/175] Loss: 1.7639
2026-02-22 03:12:01,146 - INFO -   Epoch [100/175] Loss: 0.9810
2026-02-22 03:12:01,772 - INFO -   Epoch [110/175] Loss: 1.0797
2026-02-22 03:12:02,400 - INFO -   Epoch [120/175] Loss: 1.5299
2026-02-22 03:12:03,021 - INFO -   Epoch [130/175] Loss: 1.5736
2026-02-22 03:12:03,641 - INFO -   Epoch [140/175] Loss: 1.6715
2026-02-22 03:12:04,259 - INFO -   Epoch [150/175] Loss: 1.2303
2026-02-22 03:12:04,885 - INFO -   Epoch [160/175] Loss: 1.4265
2026-02-22 03:12:05,508 - INFO -   Epoch [170/175] Loss: 1.4272
2026-02-22 03:12:06,478 - INFO -   Train Loss: 1.4262
2026-02-22 03:12:06,478 - INFO -   Train Accuracy: 42.71%
2026-02-22 03:12:06,478 - INFO -   Val Loss: 1.4993
2026-02-22 03:12:06,478 - INFO -   Val Accuracy: 52.00% | F1: 0.3714
2026-02-22 03:12:06,478 - INFO -   LR: 0.000063
2026-02-22 03:12:06,478 - INFO -   Patience: 13/15
2026-02-22 03:12:06,478 - INFO - 
Epoch 57/100
2026-02-22 03:12:07,105 - INFO -   Epoch [10/175] Loss: 1.0336
2026-02-22 03:12:07,726 - INFO -   Epoch [20/175] Loss: 1.7828
2026-02-22 03:12:08,344 - INFO -   Epoch [30/175] Loss: 1.2959
2026-02-22 03:12:08,965 - INFO -   Epoch [40/175] Loss: 1.2744
2026-02-22 03:12:09,585 - INFO -   Epoch [50/175] Loss: 1.4370
2026-02-22 03:12:10,205 - INFO -   Epoch [60/175] Loss: 1.3375
2026-02-22 03:12:10,826 - INFO -   Epoch [70/175] Loss: 1.4469
2026-02-22 03:12:11,447 - INFO -   Epoch [80/175] Loss: 1.6832
2026-02-22 03:12:12,069 - INFO -   Epoch [90/175] Loss: 1.2656
2026-02-22 03:12:12,688 - INFO -   Epoch [100/175] Loss: 1.0905
2026-02-22 03:12:13,307 - INFO -   Epoch [110/175] Loss: 1.2715
2026-02-22 03:12:13,926 - INFO -   Epoch [120/175] Loss: 1.4514
2026-02-22 03:12:14,523 - INFO -   Epoch [130/175] Loss: 1.8116
2026-02-22 03:12:15,142 - INFO -   Epoch [140/175] Loss: 1.8034
2026-02-22 03:12:15,759 - INFO -   Epoch [150/175] Loss: 1.6632
2026-02-22 03:12:16,382 - INFO -   Epoch [160/175] Loss: 1.2160
2026-02-22 03:12:16,997 - INFO -   Epoch [170/175] Loss: 1.1488
2026-02-22 03:12:17,968 - INFO -   Train Loss: 1.4065
2026-02-22 03:12:17,968 - INFO -   Train Accuracy: 42.29%
2026-02-22 03:12:17,968 - INFO -   Val Loss: 1.5177
2026-02-22 03:12:17,968 - INFO -   Val Accuracy: 51.25% | F1: 0.3676
2026-02-22 03:12:17,968 - INFO -   LR: 0.000063
2026-02-22 03:12:17,968 - INFO -   Patience: 14/15
2026-02-22 03:12:17,968 - INFO - 
Epoch 58/100
2026-02-22 03:12:18,586 - INFO -   Epoch [10/175] Loss: 1.5319
2026-02-22 03:12:19,209 - INFO -   Epoch [20/175] Loss: 0.9045
2026-02-22 03:12:19,836 - INFO -   Epoch [30/175] Loss: 1.4039
2026-02-22 03:12:20,455 - INFO -   Epoch [40/175] Loss: 1.0536
2026-02-22 03:12:21,071 - INFO -   Epoch [50/175] Loss: 0.9961
2026-02-22 03:12:21,690 - INFO -   Epoch [60/175] Loss: 1.5123
2026-02-22 03:12:22,306 - INFO -   Epoch [70/175] Loss: 1.4255
2026-02-22 03:12:22,928 - INFO -   Epoch [80/175] Loss: 1.7591
2026-02-22 03:12:23,553 - INFO -   Epoch [90/175] Loss: 1.4072
2026-02-22 03:12:24,185 - INFO -   Epoch [100/175] Loss: 1.1965
2026-02-22 03:12:24,794 - INFO -   Epoch [110/175] Loss: 1.2647
2026-02-22 03:12:25,390 - INFO -   Epoch [120/175] Loss: 0.9650
2026-02-22 03:12:25,992 - INFO -   Epoch [130/175] Loss: 1.0527
2026-02-22 03:12:26,598 - INFO -   Epoch [140/175] Loss: 1.2765
2026-02-22 03:12:27,191 - INFO -   Epoch [150/175] Loss: 1.5120
2026-02-22 03:12:27,785 - INFO -   Epoch [160/175] Loss: 1.7423
2026-02-22 03:12:28,381 - INFO -   Epoch [170/175] Loss: 1.1303
2026-02-22 03:12:29,356 - INFO -   Train Loss: 1.3916
2026-02-22 03:12:29,356 - INFO -   Train Accuracy: 40.96%
2026-02-22 03:12:29,357 - INFO -   Val Loss: 1.5259
2026-02-22 03:12:29,357 - INFO -   Val Accuracy: 51.75% | F1: 0.3704
2026-02-22 03:12:29,357 - INFO -   LR: 0.000063
2026-02-22 03:12:29,357 - INFO -   Patience: 15/15
2026-02-22 03:12:29,357 - INFO - 
✓ Early stopping at epoch 58
2026-02-22 03:12:29,357 - INFO - 
✓ Training completed!
2026-02-22 03:12:29,357 - INFO -   Best Accuracy: 53.50%
2026-02-22 03:12:29,357 - INFO - 
================================================================================
2026-02-22 03:12:29,357 - INFO - Step 7: Testing
2026-02-22 03:12:29,357 - INFO - ================================================================================
2026-02-22 03:12:29,394 - INFO - ✓ Loaded best model from epoch 43
2026-02-22 03:12:30,723 - INFO - 
Test Results:
2026-02-22 03:12:30,724 - INFO -   - Accuracy: 47.62%
2026-02-22 03:12:30,724 - INFO -   - F1 Score: 0.3438
2026-02-22 03:12:30,733 - INFO - 
✓ All results saved to outputs/shenzhen_pure_graph_20260222_024430
2026-02-22 03:12:30,734 - INFO - ================================================================================
2026-02-22 03:12:30,734 - INFO - 
================================================================================
2026-02-22 03:12:30,734 - INFO - Training Time Statistics
2026-02-22 03:12:30,734 - INFO - ================================================================================
2026-02-22 03:12:30,734 - INFO - Start time:    2026-02-22 02:44:30
2026-02-22 03:12:30,734 - INFO - End time:      2026-02-22 03:12:30
2026-02-22 03:12:30,734 - INFO - Total time:    00:27:59 (1679.83 seconds)
2026-02-22 03:12:30,734 - INFO -                (28.00 minutes, 0.47 hours)
2026-02-22 03:12:30,734 - INFO - ================================================================================
2026-02-22 03:12:30,734 - INFO - ✓ Timing info saved to outputs/shenzhen_pure_graph_20260222_024430/metrics/timing_info.json
2026-02-22 03:12:30,734 - INFO - ================================================================================
