2026-02-22 14:31:51,450 - INFO - Output directory: outputs/shenzhen_pure_graph_20260222_143151
2026-02-22 14:31:51,450 - INFO - Log file: outputs/shenzhen_pure_graph_20260222_143151/training.log
2026-02-22 14:31:51,450 - INFO - 
================================================================================
2026-02-22 14:31:51,450 - INFO - Step 1: Loading data
2026-02-22 14:31:51,450 - INFO - ================================================================================
2026-02-22 14:54:35,903 - INFO - ✓ Data loaded successfully
2026-02-22 14:54:35,903 - INFO -   - Total grids: 4000
2026-02-22 14:54:35,903 - INFO -   - Feature shape: (7, 2)
2026-02-22 14:54:35,903 - INFO -   - Graph 2021 edges: 71473
2026-02-22 14:54:35,903 - INFO -   - Graph 2024 edges: 110363
2026-02-22 14:54:35,903 - INFO - 
================================================================================
2026-02-22 14:54:35,903 - INFO - Step 2: Preparing temporal features
2026-02-22 14:54:35,904 - INFO - ================================================================================
2026-02-22 14:54:35,923 - INFO - ✓ Temporal features prepared
2026-02-22 14:54:35,923 - INFO -   - 2021 features: 4000 grids
2026-02-22 14:54:35,923 - INFO -   - 2024 features: 4000 grids
2026-02-22 14:54:35,923 - INFO - 
================================================================================
2026-02-22 14:54:35,923 - INFO - Step 3: Creating dataset
2026-02-22 14:54:35,923 - INFO - ================================================================================
2026-02-22 14:54:35,923 - INFO - ✓ Dataset created: 4000 samples
2026-02-22 14:54:35,924 - INFO -   - Train: 2800 samples
2026-02-22 14:54:35,924 - INFO -   - Val: 400 samples
2026-02-22 14:54:35,924 - INFO -   - Test: 800 samples
2026-02-22 14:54:36,001 - INFO - ✓ Data loaders created
2026-02-22 14:54:36,002 - INFO - 
================================================================================
2026-02-22 14:54:36,002 - INFO - Step 4: Creating model
2026-02-22 14:54:36,002 - INFO - ================================================================================
2026-02-22 14:54:36,002 - INFO - Using device: cuda
2026-02-22 14:54:36,352 - INFO - ✓ Model created
2026-02-22 14:54:36,353 - INFO -   - Total parameters: 1,262,601
2026-02-22 14:54:36,353 - INFO -   - Trainable parameters: 1,262,601
2026-02-22 14:54:36,353 - INFO -   - Model type: Pure Graph-Based Dual-Branch
2026-02-22 14:54:36,353 - INFO -   - Spatial branch: Uses only graph structure (no external node features)
2026-02-22 14:54:36,353 - INFO - 
================================================================================
2026-02-22 14:54:36,353 - INFO - Step 5: Setting up training
2026-02-22 14:54:36,353 - INFO - ================================================================================
2026-02-22 14:54:36,354 - INFO - ✓ Training setup complete
2026-02-22 14:54:36,354 - INFO -   - Optimizer: Adam (lr=0.001, wd=1e-05)
2026-02-22 14:54:36,354 - INFO -   - Scheduler: ReduceLROnPlateau (patience=5)
2026-02-22 14:54:36,354 - INFO -   - Loss: Single 9-class cross-entropy with class weights
2026-02-22 14:54:36,354 - INFO -   - Gradient accumulation: 4 steps
2026-02-22 14:54:36,354 - INFO - 
================================================================================
2026-02-22 14:54:36,354 - INFO - Step 6: Training
2026-02-22 14:54:36,354 - INFO - ================================================================================
2026-02-22 14:54:36,354 - INFO - 
Epoch 1/100
2026-02-22 14:54:37,289 - INFO -   Epoch [10/175] Loss: 1.8714
2026-02-22 14:54:37,895 - INFO -   Epoch [20/175] Loss: 2.0361
2026-02-22 14:54:38,504 - INFO -   Epoch [30/175] Loss: 2.1823
2026-02-22 14:54:39,121 - INFO -   Epoch [40/175] Loss: 2.1164
2026-02-22 14:54:39,724 - INFO -   Epoch [50/175] Loss: 2.0099
2026-02-22 14:54:40,327 - INFO -   Epoch [60/175] Loss: 1.9611
2026-02-22 14:54:40,932 - INFO -   Epoch [70/175] Loss: 1.9453
2026-02-22 14:54:41,537 - INFO -   Epoch [80/175] Loss: 2.0434
2026-02-22 14:54:42,141 - INFO -   Epoch [90/175] Loss: 1.7235
2026-02-22 14:54:42,744 - INFO -   Epoch [100/175] Loss: 2.0372
2026-02-22 14:54:43,348 - INFO -   Epoch [110/175] Loss: 2.8008
2026-02-22 14:54:43,953 - INFO -   Epoch [120/175] Loss: 2.0854
2026-02-22 14:54:44,556 - INFO -   Epoch [130/175] Loss: 1.9926
2026-02-22 14:54:45,161 - INFO -   Epoch [140/175] Loss: 2.0549
2026-02-22 14:54:45,764 - INFO -   Epoch [150/175] Loss: 1.9601
2026-02-22 14:54:46,375 - INFO -   Epoch [160/175] Loss: 1.9865
2026-02-22 14:54:46,980 - INFO -   Epoch [170/175] Loss: 1.9506
2026-02-22 14:54:47,905 - INFO -   Train Loss: 2.1536
2026-02-22 14:54:47,905 - INFO -   Train Accuracy: 16.04%
2026-02-22 14:54:47,905 - INFO -   Val Loss: 2.2841
2026-02-22 14:54:47,905 - INFO -   Val Accuracy: 20.25% | F1: 0.0668
2026-02-22 14:54:47,905 - INFO -   LR: 0.001000
2026-02-22 14:54:47,930 - INFO -   ✓ New best model saved!
2026-02-22 14:54:47,931 - INFO -   Patience: 0/15
2026-02-22 14:54:47,931 - INFO - 
Epoch 2/100
2026-02-22 14:54:48,539 - INFO -   Epoch [10/175] Loss: 1.8538
2026-02-22 14:54:49,144 - INFO -   Epoch [20/175] Loss: 2.0797
2026-02-22 14:54:49,752 - INFO -   Epoch [30/175] Loss: 1.8507
2026-02-22 14:54:50,359 - INFO -   Epoch [40/175] Loss: 1.8231
2026-02-22 14:54:50,965 - INFO -   Epoch [50/175] Loss: 1.9686
2026-02-22 14:54:51,578 - INFO -   Epoch [60/175] Loss: 1.8973
2026-02-22 14:54:52,207 - INFO -   Epoch [70/175] Loss: 2.0482
2026-02-22 14:54:52,848 - INFO -   Epoch [80/175] Loss: 1.7596
2026-02-22 14:54:53,488 - INFO -   Epoch [90/175] Loss: 1.6177
2026-02-22 14:54:54,130 - INFO -   Epoch [100/175] Loss: 2.0569
2026-02-22 14:54:54,771 - INFO -   Epoch [110/175] Loss: 2.7564
2026-02-22 14:54:55,413 - INFO -   Epoch [120/175] Loss: 2.2202
2026-02-22 14:54:56,075 - INFO -   Epoch [130/175] Loss: 1.6490
2026-02-22 14:54:56,729 - INFO -   Epoch [140/175] Loss: 1.9141
2026-02-22 14:54:57,374 - INFO -   Epoch [150/175] Loss: 2.5468
2026-02-22 14:54:58,020 - INFO -   Epoch [160/175] Loss: 3.7745
2026-02-22 14:54:58,642 - INFO -   Epoch [170/175] Loss: 1.8837
2026-02-22 14:54:59,602 - INFO -   Train Loss: 2.1250
2026-02-22 14:54:59,603 - INFO -   Train Accuracy: 18.86%
2026-02-22 14:54:59,603 - INFO -   Val Loss: 2.2092
2026-02-22 14:54:59,603 - INFO -   Val Accuracy: 25.50% | F1: 0.0643
2026-02-22 14:54:59,603 - INFO -   LR: 0.001000
2026-02-22 14:54:59,715 - INFO -   ✓ New best model saved!
2026-02-22 14:54:59,716 - INFO -   Patience: 0/15
2026-02-22 14:54:59,716 - INFO - 
Epoch 3/100
2026-02-22 14:55:00,375 - INFO -   Epoch [10/175] Loss: 1.9041
2026-02-22 14:55:01,024 - INFO -   Epoch [20/175] Loss: 1.9740
2026-02-22 14:55:01,672 - INFO -   Epoch [30/175] Loss: 2.7033
2026-02-22 14:55:02,289 - INFO -   Epoch [40/175] Loss: 1.7746
2026-02-22 14:55:02,926 - INFO -   Epoch [50/175] Loss: 1.9024
2026-02-22 14:55:03,574 - INFO -   Epoch [60/175] Loss: 1.9289
2026-02-22 14:55:04,221 - INFO -   Epoch [70/175] Loss: 1.9649
2026-02-22 14:55:04,870 - INFO -   Epoch [80/175] Loss: 1.9198
2026-02-22 14:55:05,515 - INFO -   Epoch [90/175] Loss: 1.5232
2026-02-22 14:55:06,166 - INFO -   Epoch [100/175] Loss: 1.9797
2026-02-22 14:55:06,820 - INFO -   Epoch [110/175] Loss: 2.3608
2026-02-22 14:55:07,468 - INFO -   Epoch [120/175] Loss: 2.0153
2026-02-22 14:55:08,115 - INFO -   Epoch [130/175] Loss: 2.7104
2026-02-22 14:55:08,741 - INFO -   Epoch [140/175] Loss: 1.8510
2026-02-22 14:55:09,359 - INFO -   Epoch [150/175] Loss: 1.6926
2026-02-22 14:55:10,005 - INFO -   Epoch [160/175] Loss: 3.1640
2026-02-22 14:55:10,649 - INFO -   Epoch [170/175] Loss: 1.8016
2026-02-22 14:55:11,675 - INFO -   Train Loss: 2.0552
2026-02-22 14:55:11,675 - INFO -   Train Accuracy: 24.11%
2026-02-22 14:55:11,675 - INFO -   Val Loss: 2.1530
2026-02-22 14:55:11,675 - INFO -   Val Accuracy: 30.25% | F1: 0.1335
2026-02-22 14:55:11,675 - INFO -   LR: 0.001000
2026-02-22 14:55:11,805 - INFO -   ✓ New best model saved!
2026-02-22 14:55:11,806 - INFO -   Patience: 0/15
2026-02-22 14:55:11,806 - INFO - 
Epoch 4/100
2026-02-22 14:55:12,467 - INFO -   Epoch [10/175] Loss: 2.0003
2026-02-22 14:55:13,117 - INFO -   Epoch [20/175] Loss: 1.8714
2026-02-22 14:55:13,764 - INFO -   Epoch [30/175] Loss: 1.7479
2026-02-22 14:55:14,413 - INFO -   Epoch [40/175] Loss: 1.5613
2026-02-22 14:55:15,060 - INFO -   Epoch [50/175] Loss: 1.6771
2026-02-22 14:55:15,705 - INFO -   Epoch [60/175] Loss: 1.9798
2026-02-22 14:55:16,351 - INFO -   Epoch [70/175] Loss: 1.7887
2026-02-22 14:55:16,997 - INFO -   Epoch [80/175] Loss: 1.7371
2026-02-22 14:55:17,641 - INFO -   Epoch [90/175] Loss: 1.8227
2026-02-22 14:55:18,285 - INFO -   Epoch [100/175] Loss: 3.1323
2026-02-22 14:55:18,903 - INFO -   Epoch [110/175] Loss: 1.3221
2026-02-22 14:55:19,534 - INFO -   Epoch [120/175] Loss: 1.8229
2026-02-22 14:55:20,179 - INFO -   Epoch [130/175] Loss: 2.6356
2026-02-22 14:55:20,823 - INFO -   Epoch [140/175] Loss: 1.7388
2026-02-22 14:55:21,451 - INFO -   Epoch [150/175] Loss: 1.8619
2026-02-22 14:55:22,085 - INFO -   Epoch [160/175] Loss: 1.8561
2026-02-22 14:55:22,716 - INFO -   Epoch [170/175] Loss: 2.2713
2026-02-22 14:55:23,681 - INFO -   Train Loss: 1.9976
2026-02-22 14:55:23,681 - INFO -   Train Accuracy: 27.32%
2026-02-22 14:55:23,681 - INFO -   Val Loss: 2.0606
2026-02-22 14:55:23,681 - INFO -   Val Accuracy: 38.50% | F1: 0.1360
2026-02-22 14:55:23,681 - INFO -   LR: 0.001000
2026-02-22 14:55:23,769 - INFO -   ✓ New best model saved!
2026-02-22 14:55:23,769 - INFO -   Patience: 0/15
2026-02-22 14:55:23,770 - INFO - 
Epoch 5/100
2026-02-22 14:55:24,424 - INFO -   Epoch [10/175] Loss: 1.8725
2026-02-22 14:55:25,071 - INFO -   Epoch [20/175] Loss: 1.4876
2026-02-22 14:55:25,719 - INFO -   Epoch [30/175] Loss: 1.9923
2026-02-22 14:55:26,374 - INFO -   Epoch [40/175] Loss: 2.0939
2026-02-22 14:55:27,023 - INFO -   Epoch [50/175] Loss: 1.7115
2026-02-22 14:55:27,669 - INFO -   Epoch [60/175] Loss: 1.7131
2026-02-22 14:55:28,297 - INFO -   Epoch [70/175] Loss: 1.9439
2026-02-22 14:55:28,915 - INFO -   Epoch [80/175] Loss: 1.7998
2026-02-22 14:55:29,554 - INFO -   Epoch [90/175] Loss: 1.8781
2026-02-22 14:55:30,205 - INFO -   Epoch [100/175] Loss: 2.0949
2026-02-22 14:55:30,856 - INFO -   Epoch [110/175] Loss: 2.1553
2026-02-22 14:55:31,510 - INFO -   Epoch [120/175] Loss: 1.5653
2026-02-22 14:55:32,157 - INFO -   Epoch [130/175] Loss: 1.9002
2026-02-22 14:55:32,803 - INFO -   Epoch [140/175] Loss: 1.6872
2026-02-22 14:55:33,453 - INFO -   Epoch [150/175] Loss: 1.8605
2026-02-22 14:55:34,103 - INFO -   Epoch [160/175] Loss: 2.2310
2026-02-22 14:55:34,750 - INFO -   Epoch [170/175] Loss: 2.0564
2026-02-22 14:55:35,784 - INFO -   Train Loss: 1.9723
2026-02-22 14:55:35,784 - INFO -   Train Accuracy: 28.25%
2026-02-22 14:55:35,784 - INFO -   Val Loss: 2.0825
2026-02-22 14:55:35,784 - INFO -   Val Accuracy: 24.25% | F1: 0.1251
2026-02-22 14:55:35,784 - INFO -   LR: 0.001000
2026-02-22 14:55:35,784 - INFO -   Patience: 1/15
2026-02-22 14:55:35,784 - INFO - 
Epoch 6/100
2026-02-22 14:55:36,433 - INFO -   Epoch [10/175] Loss: 1.7931
2026-02-22 14:55:37,085 - INFO -   Epoch [20/175] Loss: 3.5399
2026-02-22 14:55:37,733 - INFO -   Epoch [30/175] Loss: 1.4924
2026-02-22 14:55:38,383 - INFO -   Epoch [40/175] Loss: 1.6706
2026-02-22 14:55:39,002 - INFO -   Epoch [50/175] Loss: 1.7862
2026-02-22 14:55:39,637 - INFO -   Epoch [60/175] Loss: 1.7677
2026-02-22 14:55:40,282 - INFO -   Epoch [70/175] Loss: 2.1418
2026-02-22 14:55:40,931 - INFO -   Epoch [80/175] Loss: 1.6858
2026-02-22 14:55:41,580 - INFO -   Epoch [90/175] Loss: 1.9538
2026-02-22 14:55:42,213 - INFO -   Epoch [100/175] Loss: 1.7366
2026-02-22 14:55:42,828 - INFO -   Epoch [110/175] Loss: 2.5855
2026-02-22 14:55:43,462 - INFO -   Epoch [120/175] Loss: 2.7467
2026-02-22 14:55:44,111 - INFO -   Epoch [130/175] Loss: 1.7761
2026-02-22 14:55:44,758 - INFO -   Epoch [140/175] Loss: 1.7460
2026-02-22 14:55:45,397 - INFO -   Epoch [150/175] Loss: 2.0163
2026-02-22 14:55:46,035 - INFO -   Epoch [160/175] Loss: 1.9045
2026-02-22 14:55:46,682 - INFO -   Epoch [170/175] Loss: 1.8916
2026-02-22 14:55:47,699 - INFO -   Train Loss: 1.9215
2026-02-22 14:55:47,699 - INFO -   Train Accuracy: 28.61%
2026-02-22 14:55:47,699 - INFO -   Val Loss: 2.0972
2026-02-22 14:55:47,699 - INFO -   Val Accuracy: 35.25% | F1: 0.1423
2026-02-22 14:55:47,699 - INFO -   LR: 0.001000
2026-02-22 14:55:47,699 - INFO -   Patience: 2/15
2026-02-22 14:55:47,700 - INFO - 
Epoch 7/100
2026-02-22 14:55:48,350 - INFO -   Epoch [10/175] Loss: 1.8533
2026-02-22 14:55:49,002 - INFO -   Epoch [20/175] Loss: 1.8472
2026-02-22 14:55:49,655 - INFO -   Epoch [30/175] Loss: 2.2708
2026-02-22 14:55:50,304 - INFO -   Epoch [40/175] Loss: 1.6183
2026-02-22 14:55:50,956 - INFO -   Epoch [50/175] Loss: 1.5978
2026-02-22 14:55:51,610 - INFO -   Epoch [60/175] Loss: 1.8852
2026-02-22 14:55:52,264 - INFO -   Epoch [70/175] Loss: 1.6950
2026-02-22 14:55:52,918 - INFO -   Epoch [80/175] Loss: 1.5167
2026-02-22 14:55:53,568 - INFO -   Epoch [90/175] Loss: 1.6717
2026-02-22 14:55:54,217 - INFO -   Epoch [100/175] Loss: 1.8443
2026-02-22 14:55:54,864 - INFO -   Epoch [110/175] Loss: 1.7530
2026-02-22 14:55:55,510 - INFO -   Epoch [120/175] Loss: 1.9836
2026-02-22 14:55:56,155 - INFO -   Epoch [130/175] Loss: 2.0796
2026-02-22 14:55:56,803 - INFO -   Epoch [140/175] Loss: 1.5378
2026-02-22 14:55:57,454 - INFO -   Epoch [150/175] Loss: 1.8627
2026-02-22 14:55:58,100 - INFO -   Epoch [160/175] Loss: 1.6473
2026-02-22 14:55:58,748 - INFO -   Epoch [170/175] Loss: 2.2837
2026-02-22 14:55:59,729 - INFO -   Train Loss: 1.9371
2026-02-22 14:55:59,730 - INFO -   Train Accuracy: 29.46%
2026-02-22 14:55:59,730 - INFO -   Val Loss: 1.9753
2026-02-22 14:55:59,730 - INFO -   Val Accuracy: 33.75% | F1: 0.1732
2026-02-22 14:55:59,730 - INFO -   LR: 0.001000
2026-02-22 14:55:59,730 - INFO -   Patience: 3/15
2026-02-22 14:55:59,730 - INFO - 
Epoch 8/100
2026-02-22 14:56:00,386 - INFO -   Epoch [10/175] Loss: 1.6669
2026-02-22 14:56:01,042 - INFO -   Epoch [20/175] Loss: 2.3460
2026-02-22 14:56:01,692 - INFO -   Epoch [30/175] Loss: 1.7421
2026-02-22 14:56:02,337 - INFO -   Epoch [40/175] Loss: 1.9466
2026-02-22 14:56:02,974 - INFO -   Epoch [50/175] Loss: 1.6374
2026-02-22 14:56:03,592 - INFO -   Epoch [60/175] Loss: 3.2109
2026-02-22 14:56:04,222 - INFO -   Epoch [70/175] Loss: 1.7651
2026-02-22 14:56:04,868 - INFO -   Epoch [80/175] Loss: 1.7867
2026-02-22 14:56:05,512 - INFO -   Epoch [90/175] Loss: 1.6866
2026-02-22 14:56:06,157 - INFO -   Epoch [100/175] Loss: 1.7225
2026-02-22 14:56:06,804 - INFO -   Epoch [110/175] Loss: 2.0336
2026-02-22 14:56:07,453 - INFO -   Epoch [120/175] Loss: 1.8774
2026-02-22 14:56:08,102 - INFO -   Epoch [130/175] Loss: 2.8788
2026-02-22 14:56:08,757 - INFO -   Epoch [140/175] Loss: 1.7505
2026-02-22 14:56:09,404 - INFO -   Epoch [150/175] Loss: 1.6995
2026-02-22 14:56:10,049 - INFO -   Epoch [160/175] Loss: 1.7703
2026-02-22 14:56:10,694 - INFO -   Epoch [170/175] Loss: 1.8395
2026-02-22 14:56:11,712 - INFO -   Train Loss: 1.9374
2026-02-22 14:56:11,712 - INFO -   Train Accuracy: 28.68%
2026-02-22 14:56:11,712 - INFO -   Val Loss: 1.9544
2026-02-22 14:56:11,712 - INFO -   Val Accuracy: 30.25% | F1: 0.1559
2026-02-22 14:56:11,712 - INFO -   LR: 0.001000
2026-02-22 14:56:11,712 - INFO -   Patience: 4/15
2026-02-22 14:56:11,712 - INFO - 
Epoch 9/100
2026-02-22 14:56:12,360 - INFO -   Epoch [10/175] Loss: 1.9118
2026-02-22 14:56:13,005 - INFO -   Epoch [20/175] Loss: 1.6532
2026-02-22 14:56:13,651 - INFO -   Epoch [30/175] Loss: 1.9861
2026-02-22 14:56:14,296 - INFO -   Epoch [40/175] Loss: 1.6744
2026-02-22 14:56:14,950 - INFO -   Epoch [50/175] Loss: 1.3565
2026-02-22 14:56:15,604 - INFO -   Epoch [60/175] Loss: 1.5912
2026-02-22 14:56:16,257 - INFO -   Epoch [70/175] Loss: 2.4249
2026-02-22 14:56:16,906 - INFO -   Epoch [80/175] Loss: 1.9802
2026-02-22 14:56:17,553 - INFO -   Epoch [90/175] Loss: 1.8203
2026-02-22 14:56:18,199 - INFO -   Epoch [100/175] Loss: 1.8191
2026-02-22 14:56:18,831 - INFO -   Epoch [110/175] Loss: 1.7729
2026-02-22 14:56:19,456 - INFO -   Epoch [120/175] Loss: 1.7253
2026-02-22 14:56:20,076 - INFO -   Epoch [130/175] Loss: 2.1129
2026-02-22 14:56:20,695 - INFO -   Epoch [140/175] Loss: 1.9519
2026-02-22 14:56:21,340 - INFO -   Epoch [150/175] Loss: 2.0411
2026-02-22 14:56:21,992 - INFO -   Epoch [160/175] Loss: 1.8680
2026-02-22 14:56:22,644 - INFO -   Epoch [170/175] Loss: 3.0319
2026-02-22 14:56:23,672 - INFO -   Train Loss: 1.9584
2026-02-22 14:56:23,672 - INFO -   Train Accuracy: 28.32%
2026-02-22 14:56:23,672 - INFO -   Val Loss: 2.0703
2026-02-22 14:56:23,672 - INFO -   Val Accuracy: 29.25% | F1: 0.1321
2026-02-22 14:56:23,672 - INFO -   LR: 0.001000
2026-02-22 14:56:23,672 - INFO -   Patience: 5/15
2026-02-22 14:56:23,672 - INFO - 
Epoch 10/100
2026-02-22 14:56:24,319 - INFO -   Epoch [10/175] Loss: 2.2532
2026-02-22 14:56:24,954 - INFO -   Epoch [20/175] Loss: 1.9028
2026-02-22 14:56:25,597 - INFO -   Epoch [30/175] Loss: 1.8020
2026-02-22 14:56:26,240 - INFO -   Epoch [40/175] Loss: 2.0969
2026-02-22 14:56:26,886 - INFO -   Epoch [50/175] Loss: 1.8079
2026-02-22 14:56:27,536 - INFO -   Epoch [60/175] Loss: 1.8450
2026-02-22 14:56:28,181 - INFO -   Epoch [70/175] Loss: 2.1516
2026-02-22 14:56:28,802 - INFO -   Epoch [80/175] Loss: 1.9712
2026-02-22 14:56:29,422 - INFO -   Epoch [90/175] Loss: 1.5222
2026-02-22 14:56:30,067 - INFO -   Epoch [100/175] Loss: 2.9269
2026-02-22 14:56:30,712 - INFO -   Epoch [110/175] Loss: 2.2379
2026-02-22 14:56:31,359 - INFO -   Epoch [120/175] Loss: 1.4636
2026-02-22 14:56:32,007 - INFO -   Epoch [130/175] Loss: 1.8861
2026-02-22 14:56:32,661 - INFO -   Epoch [140/175] Loss: 2.0511
2026-02-22 14:56:33,309 - INFO -   Epoch [150/175] Loss: 1.6960
2026-02-22 14:56:33,933 - INFO -   Epoch [160/175] Loss: 1.8464
2026-02-22 14:56:34,549 - INFO -   Epoch [170/175] Loss: 1.9727
2026-02-22 14:56:35,575 - INFO -   Train Loss: 1.9167
2026-02-22 14:56:35,576 - INFO -   Train Accuracy: 28.46%
2026-02-22 14:56:35,576 - INFO -   Val Loss: 1.9061
2026-02-22 14:56:35,576 - INFO -   Val Accuracy: 33.50% | F1: 0.1754
2026-02-22 14:56:35,576 - INFO -   LR: 0.001000
2026-02-22 14:56:35,576 - INFO -   Patience: 6/15
2026-02-22 14:56:35,576 - INFO - 
Epoch 11/100
2026-02-22 14:56:36,223 - INFO -   Epoch [10/175] Loss: 2.5396
2026-02-22 14:56:36,871 - INFO -   Epoch [20/175] Loss: 1.4178
2026-02-22 14:56:37,519 - INFO -   Epoch [30/175] Loss: 1.4970
2026-02-22 14:56:38,166 - INFO -   Epoch [40/175] Loss: 1.6926
2026-02-22 14:56:38,795 - INFO -   Epoch [50/175] Loss: 1.6431
2026-02-22 14:56:39,417 - INFO -   Epoch [60/175] Loss: 2.0411
2026-02-22 14:56:40,062 - INFO -   Epoch [70/175] Loss: 2.0120
2026-02-22 14:56:40,697 - INFO -   Epoch [80/175] Loss: 1.6539
2026-02-22 14:56:41,319 - INFO -   Epoch [90/175] Loss: 1.7709
2026-02-22 14:56:41,946 - INFO -   Epoch [100/175] Loss: 1.8540
2026-02-22 14:56:42,562 - INFO -   Epoch [110/175] Loss: 1.9390
2026-02-22 14:56:43,182 - INFO -   Epoch [120/175] Loss: 1.8251
2026-02-22 14:56:43,828 - INFO -   Epoch [130/175] Loss: 1.4147
2026-02-22 14:56:44,474 - INFO -   Epoch [140/175] Loss: 1.8447
2026-02-22 14:56:45,120 - INFO -   Epoch [150/175] Loss: 1.7042
2026-02-22 14:56:45,763 - INFO -   Epoch [160/175] Loss: 1.8252
2026-02-22 14:56:46,411 - INFO -   Epoch [170/175] Loss: 3.9610
2026-02-22 14:56:47,431 - INFO -   Train Loss: 1.8625
2026-02-22 14:56:47,432 - INFO -   Train Accuracy: 27.93%
2026-02-22 14:56:47,432 - INFO -   Val Loss: 1.9649
2026-02-22 14:56:47,432 - INFO -   Val Accuracy: 41.25% | F1: 0.1649
2026-02-22 14:56:47,432 - INFO -   LR: 0.000500
2026-02-22 14:56:47,543 - INFO -   ✓ New best model saved!
2026-02-22 14:56:47,543 - INFO -   Patience: 0/15
2026-02-22 14:56:47,544 - INFO - 
Epoch 12/100
2026-02-22 14:56:48,204 - INFO -   Epoch [10/175] Loss: 2.0487
2026-02-22 14:56:48,831 - INFO -   Epoch [20/175] Loss: 2.2610
2026-02-22 14:56:49,458 - INFO -   Epoch [30/175] Loss: 1.6298
2026-02-22 14:56:50,109 - INFO -   Epoch [40/175] Loss: 2.6323
2026-02-22 14:56:50,761 - INFO -   Epoch [50/175] Loss: 1.7804
2026-02-22 14:56:51,403 - INFO -   Epoch [60/175] Loss: 1.5786
2026-02-22 14:56:52,048 - INFO -   Epoch [70/175] Loss: 2.3541
2026-02-22 14:56:52,700 - INFO -   Epoch [80/175] Loss: 1.5493
2026-02-22 14:56:53,340 - INFO -   Epoch [90/175] Loss: 1.7214
2026-02-22 14:56:53,985 - INFO -   Epoch [100/175] Loss: 1.8647
2026-02-22 14:56:54,628 - INFO -   Epoch [110/175] Loss: 2.2523
2026-02-22 14:56:55,271 - INFO -   Epoch [120/175] Loss: 2.0669
2026-02-22 14:56:55,917 - INFO -   Epoch [130/175] Loss: 1.3336
2026-02-22 14:56:56,566 - INFO -   Epoch [140/175] Loss: 1.6677
2026-02-22 14:56:57,234 - INFO -   Epoch [150/175] Loss: 1.8271
2026-02-22 14:56:57,905 - INFO -   Epoch [160/175] Loss: 1.5362
2026-02-22 14:56:58,529 - INFO -   Epoch [170/175] Loss: 1.7859
2026-02-22 14:56:59,499 - INFO -   Train Loss: 1.8879
2026-02-22 14:56:59,499 - INFO -   Train Accuracy: 35.79%
2026-02-22 14:56:59,499 - INFO -   Val Loss: 1.9334
2026-02-22 14:56:59,499 - INFO -   Val Accuracy: 36.50% | F1: 0.1621
2026-02-22 14:56:59,499 - INFO -   LR: 0.000500
2026-02-22 14:56:59,499 - INFO -   Patience: 1/15
2026-02-22 14:56:59,499 - INFO - 
Epoch 13/100
2026-02-22 14:57:00,126 - INFO -   Epoch [10/175] Loss: 2.1414
2026-02-22 14:57:00,751 - INFO -   Epoch [20/175] Loss: 1.9318
2026-02-22 14:57:01,376 - INFO -   Epoch [30/175] Loss: 1.8263
2026-02-22 14:57:01,999 - INFO -   Epoch [40/175] Loss: 1.5863
2026-02-22 14:57:02,629 - INFO -   Epoch [50/175] Loss: 1.4512
2026-02-22 14:57:03,258 - INFO -   Epoch [60/175] Loss: 1.6010
2026-02-22 14:57:03,882 - INFO -   Epoch [70/175] Loss: 1.6026
2026-02-22 14:57:04,509 - INFO -   Epoch [80/175] Loss: 1.8326
2026-02-22 14:57:05,127 - INFO -   Epoch [90/175] Loss: 2.3742
2026-02-22 14:57:05,751 - INFO -   Epoch [100/175] Loss: 2.7510
2026-02-22 14:57:06,376 - INFO -   Epoch [110/175] Loss: 1.1090
2026-02-22 14:57:07,002 - INFO -   Epoch [120/175] Loss: 1.6220
2026-02-22 14:57:07,629 - INFO -   Epoch [130/175] Loss: 1.9446
2026-02-22 14:57:08,255 - INFO -   Epoch [140/175] Loss: 1.9603
2026-02-22 14:57:08,881 - INFO -   Epoch [150/175] Loss: 1.7999
2026-02-22 14:57:09,509 - INFO -   Epoch [160/175] Loss: 1.6483
2026-02-22 14:57:10,141 - INFO -   Epoch [170/175] Loss: 1.9107
2026-02-22 14:57:11,130 - INFO -   Train Loss: 1.8913
2026-02-22 14:57:11,130 - INFO -   Train Accuracy: 31.25%
2026-02-22 14:57:11,131 - INFO -   Val Loss: 1.9774
2026-02-22 14:57:11,131 - INFO -   Val Accuracy: 38.25% | F1: 0.1743
2026-02-22 14:57:11,131 - INFO -   LR: 0.000500
2026-02-22 14:57:11,131 - INFO -   Patience: 2/15
2026-02-22 14:57:11,131 - INFO - 
Epoch 14/100
2026-02-22 14:57:11,767 - INFO -   Epoch [10/175] Loss: 1.8537
2026-02-22 14:57:12,407 - INFO -   Epoch [20/175] Loss: 2.1372
2026-02-22 14:57:13,051 - INFO -   Epoch [30/175] Loss: 1.5119
2026-02-22 14:57:13,680 - INFO -   Epoch [40/175] Loss: 1.7241
2026-02-22 14:57:14,295 - INFO -   Epoch [50/175] Loss: 3.6015
2026-02-22 14:57:14,934 - INFO -   Epoch [60/175] Loss: 1.9358
2026-02-22 14:57:15,577 - INFO -   Epoch [70/175] Loss: 1.7478
2026-02-22 14:57:16,223 - INFO -   Epoch [80/175] Loss: 1.8154
2026-02-22 14:57:16,871 - INFO -   Epoch [90/175] Loss: 1.8859
2026-02-22 14:57:17,518 - INFO -   Epoch [100/175] Loss: 1.6858
2026-02-22 14:57:18,158 - INFO -   Epoch [110/175] Loss: 1.6930
2026-02-22 14:57:18,788 - INFO -   Epoch [120/175] Loss: 2.7148
2026-02-22 14:57:19,431 - INFO -   Epoch [130/175] Loss: 1.5847
2026-02-22 14:57:20,077 - INFO -   Epoch [140/175] Loss: 2.1092
2026-02-22 14:57:20,724 - INFO -   Epoch [150/175] Loss: 1.7274
2026-02-22 14:57:21,370 - INFO -   Epoch [160/175] Loss: 1.5210
2026-02-22 14:57:22,015 - INFO -   Epoch [170/175] Loss: 1.7089
2026-02-22 14:57:23,040 - INFO -   Train Loss: 1.8606
2026-02-22 14:57:23,040 - INFO -   Train Accuracy: 30.54%
2026-02-22 14:57:23,040 - INFO -   Val Loss: 1.9212
2026-02-22 14:57:23,040 - INFO -   Val Accuracy: 44.25% | F1: 0.1662
2026-02-22 14:57:23,040 - INFO -   LR: 0.000500
2026-02-22 14:57:23,152 - INFO -   ✓ New best model saved!
2026-02-22 14:57:23,152 - INFO -   Patience: 0/15
2026-02-22 14:57:23,152 - INFO - 
Epoch 15/100
2026-02-22 14:57:23,806 - INFO -   Epoch [10/175] Loss: 1.7066
2026-02-22 14:57:24,450 - INFO -   Epoch [20/175] Loss: 1.5718
2026-02-22 14:57:25,093 - INFO -   Epoch [30/175] Loss: 1.6014
2026-02-22 14:57:25,737 - INFO -   Epoch [40/175] Loss: 1.7767
2026-02-22 14:57:26,383 - INFO -   Epoch [50/175] Loss: 1.3316
2026-02-22 14:57:27,043 - INFO -   Epoch [60/175] Loss: 1.6051
2026-02-22 14:57:27,698 - INFO -   Epoch [70/175] Loss: 1.7843
2026-02-22 14:57:28,352 - INFO -   Epoch [80/175] Loss: 1.7587
2026-02-22 14:57:29,000 - INFO -   Epoch [90/175] Loss: 1.8039
2026-02-22 14:57:29,631 - INFO -   Epoch [100/175] Loss: 1.6760
2026-02-22 14:57:30,277 - INFO -   Epoch [110/175] Loss: 1.6796
2026-02-22 14:57:30,922 - INFO -   Epoch [120/175] Loss: 1.7634
2026-02-22 14:57:31,567 - INFO -   Epoch [130/175] Loss: 1.5978
2026-02-22 14:57:32,201 - INFO -   Epoch [140/175] Loss: 1.7972
2026-02-22 14:57:32,840 - INFO -   Epoch [150/175] Loss: 2.2068
2026-02-22 14:57:33,485 - INFO -   Epoch [160/175] Loss: 1.9603
2026-02-22 14:57:34,130 - INFO -   Epoch [170/175] Loss: 1.7470
2026-02-22 14:57:35,145 - INFO -   Train Loss: 1.8021
2026-02-22 14:57:35,145 - INFO -   Train Accuracy: 32.64%
2026-02-22 14:57:35,145 - INFO -   Val Loss: 1.9453
2026-02-22 14:57:35,145 - INFO -   Val Accuracy: 41.25% | F1: 0.1982
2026-02-22 14:57:35,145 - INFO -   LR: 0.000500
2026-02-22 14:57:35,145 - INFO -   Patience: 1/15
2026-02-22 14:57:35,145 - INFO - 
Epoch 16/100
2026-02-22 14:57:35,796 - INFO -   Epoch [10/175] Loss: 1.7487
2026-02-22 14:57:36,443 - INFO -   Epoch [20/175] Loss: 1.6950
2026-02-22 14:57:37,087 - INFO -   Epoch [30/175] Loss: 1.9253
2026-02-22 14:57:37,734 - INFO -   Epoch [40/175] Loss: 1.6182
2026-02-22 14:57:38,367 - INFO -   Epoch [50/175] Loss: 1.5660
2026-02-22 14:57:38,986 - INFO -   Epoch [60/175] Loss: 1.5163
2026-02-22 14:57:39,606 - INFO -   Epoch [70/175] Loss: 1.9102
2026-02-22 14:57:40,247 - INFO -   Epoch [80/175] Loss: 2.3970
2026-02-22 14:57:40,879 - INFO -   Epoch [90/175] Loss: 1.8629
2026-02-22 14:57:41,508 - INFO -   Epoch [100/175] Loss: 1.6444
2026-02-22 14:57:42,136 - INFO -   Epoch [110/175] Loss: 3.9942
2026-02-22 14:57:42,747 - INFO -   Epoch [120/175] Loss: 2.4252
2026-02-22 14:57:43,349 - INFO -   Epoch [130/175] Loss: 2.4084
2026-02-22 14:57:43,961 - INFO -   Epoch [140/175] Loss: 1.9036
2026-02-22 14:57:44,563 - INFO -   Epoch [150/175] Loss: 2.6376
2026-02-22 14:57:45,188 - INFO -   Epoch [160/175] Loss: 1.8070
2026-02-22 14:57:45,814 - INFO -   Epoch [170/175] Loss: 1.7544
2026-02-22 14:57:46,811 - INFO -   Train Loss: 1.8591
2026-02-22 14:57:46,811 - INFO -   Train Accuracy: 30.39%
2026-02-22 14:57:46,811 - INFO -   Val Loss: 1.9318
2026-02-22 14:57:46,811 - INFO -   Val Accuracy: 46.75% | F1: 0.1726
2026-02-22 14:57:46,811 - INFO -   LR: 0.000500
2026-02-22 14:57:46,938 - INFO -   ✓ New best model saved!
2026-02-22 14:57:46,938 - INFO -   Patience: 0/15
2026-02-22 14:57:46,938 - INFO - 
Epoch 17/100
2026-02-22 14:57:47,591 - INFO -   Epoch [10/175] Loss: 1.7922
2026-02-22 14:57:48,237 - INFO -   Epoch [20/175] Loss: 1.6523
2026-02-22 14:57:48,855 - INFO -   Epoch [30/175] Loss: 1.7724
2026-02-22 14:57:49,476 - INFO -   Epoch [40/175] Loss: 1.6804
2026-02-22 14:57:50,120 - INFO -   Epoch [50/175] Loss: 1.8899
2026-02-22 14:57:50,770 - INFO -   Epoch [60/175] Loss: 1.7206
2026-02-22 14:57:51,415 - INFO -   Epoch [70/175] Loss: 1.8696
2026-02-22 14:57:52,058 - INFO -   Epoch [80/175] Loss: 1.8672
2026-02-22 14:57:52,704 - INFO -   Epoch [90/175] Loss: 1.4173
2026-02-22 14:57:53,357 - INFO -   Epoch [100/175] Loss: 1.6777
2026-02-22 14:57:54,005 - INFO -   Epoch [110/175] Loss: 2.2127
2026-02-22 14:57:54,650 - INFO -   Epoch [120/175] Loss: 1.8416
2026-02-22 14:57:55,294 - INFO -   Epoch [130/175] Loss: 2.1392
2026-02-22 14:57:55,940 - INFO -   Epoch [140/175] Loss: 1.8097
2026-02-22 14:57:56,591 - INFO -   Epoch [150/175] Loss: 2.2255
2026-02-22 14:57:57,237 - INFO -   Epoch [160/175] Loss: 1.5563
2026-02-22 14:57:57,884 - INFO -   Epoch [170/175] Loss: 1.8274
2026-02-22 14:57:58,844 - INFO -   Train Loss: 1.8224
2026-02-22 14:57:58,844 - INFO -   Train Accuracy: 33.39%
2026-02-22 14:57:58,844 - INFO -   Val Loss: 1.9318
2026-02-22 14:57:58,844 - INFO -   Val Accuracy: 26.75% | F1: 0.1565
2026-02-22 14:57:58,844 - INFO -   LR: 0.000500
2026-02-22 14:57:58,844 - INFO -   Patience: 1/15
2026-02-22 14:57:58,844 - INFO - 
Epoch 18/100
2026-02-22 14:57:59,463 - INFO -   Epoch [10/175] Loss: 1.7824
2026-02-22 14:58:00,110 - INFO -   Epoch [20/175] Loss: 1.8421
2026-02-22 14:58:00,757 - INFO -   Epoch [30/175] Loss: 2.2714
2026-02-22 14:58:01,404 - INFO -   Epoch [40/175] Loss: 1.8071
2026-02-22 14:58:02,052 - INFO -   Epoch [50/175] Loss: 1.8435
2026-02-22 14:58:02,701 - INFO -   Epoch [60/175] Loss: 1.6843
2026-02-22 14:58:03,354 - INFO -   Epoch [70/175] Loss: 3.6120
2026-02-22 14:58:04,004 - INFO -   Epoch [80/175] Loss: 1.6724
2026-02-22 14:58:04,648 - INFO -   Epoch [90/175] Loss: 1.8846
2026-02-22 14:58:05,290 - INFO -   Epoch [100/175] Loss: 1.5834
2026-02-22 14:58:05,938 - INFO -   Epoch [110/175] Loss: 1.6508
2026-02-22 14:58:06,582 - INFO -   Epoch [120/175] Loss: 1.8247
2026-02-22 14:58:07,228 - INFO -   Epoch [130/175] Loss: 1.5517
2026-02-22 14:58:07,877 - INFO -   Epoch [140/175] Loss: 1.5350
2026-02-22 14:58:08,529 - INFO -   Epoch [150/175] Loss: 1.3912
2026-02-22 14:58:09,171 - INFO -   Epoch [160/175] Loss: 1.6099
2026-02-22 14:58:09,791 - INFO -   Epoch [170/175] Loss: 1.9860
2026-02-22 14:58:10,780 - INFO -   Train Loss: 1.8583
2026-02-22 14:58:10,780 - INFO -   Train Accuracy: 27.29%
2026-02-22 14:58:10,780 - INFO -   Val Loss: 1.9479
2026-02-22 14:58:10,780 - INFO -   Val Accuracy: 40.50% | F1: 0.1891
2026-02-22 14:58:10,780 - INFO -   LR: 0.000500
2026-02-22 14:58:10,781 - INFO -   Patience: 2/15
2026-02-22 14:58:10,781 - INFO - 
Epoch 19/100
2026-02-22 14:58:11,432 - INFO -   Epoch [10/175] Loss: 1.7191
2026-02-22 14:58:12,064 - INFO -   Epoch [20/175] Loss: 1.7169
2026-02-22 14:58:12,706 - INFO -   Epoch [30/175] Loss: 1.3743
2026-02-22 14:58:13,354 - INFO -   Epoch [40/175] Loss: 1.5546
2026-02-22 14:58:14,005 - INFO -   Epoch [50/175] Loss: 1.7356
2026-02-22 14:58:14,653 - INFO -   Epoch [60/175] Loss: 1.7698
2026-02-22 14:58:15,293 - INFO -   Epoch [70/175] Loss: 1.6289
2026-02-22 14:58:15,935 - INFO -   Epoch [80/175] Loss: 1.6693
2026-02-22 14:58:16,578 - INFO -   Epoch [90/175] Loss: 1.7410
2026-02-22 14:58:17,222 - INFO -   Epoch [100/175] Loss: 1.7602
2026-02-22 14:58:17,866 - INFO -   Epoch [110/175] Loss: 2.0387
2026-02-22 14:58:18,507 - INFO -   Epoch [120/175] Loss: 1.7348
2026-02-22 14:58:19,127 - INFO -   Epoch [130/175] Loss: 1.7605
2026-02-22 14:58:19,760 - INFO -   Epoch [140/175] Loss: 1.4370
2026-02-22 14:58:20,405 - INFO -   Epoch [150/175] Loss: 2.0200
2026-02-22 14:58:21,054 - INFO -   Epoch [160/175] Loss: 1.7704
2026-02-22 14:58:21,699 - INFO -   Epoch [170/175] Loss: 1.5945
2026-02-22 14:58:22,693 - INFO -   Train Loss: 1.8220
2026-02-22 14:58:22,693 - INFO -   Train Accuracy: 33.43%
2026-02-22 14:58:22,693 - INFO -   Val Loss: 1.9402
2026-02-22 14:58:22,693 - INFO -   Val Accuracy: 42.25% | F1: 0.1892
2026-02-22 14:58:22,693 - INFO -   LR: 0.000500
2026-02-22 14:58:22,694 - INFO -   Patience: 3/15
2026-02-22 14:58:22,694 - INFO - 
Epoch 20/100
2026-02-22 14:58:23,314 - INFO -   Epoch [10/175] Loss: 1.7640
2026-02-22 14:58:23,956 - INFO -   Epoch [20/175] Loss: 1.5278
2026-02-22 14:58:24,599 - INFO -   Epoch [30/175] Loss: 1.6710
2026-02-22 14:58:25,240 - INFO -   Epoch [40/175] Loss: 1.6930
2026-02-22 14:58:25,889 - INFO -   Epoch [50/175] Loss: 2.1316
2026-02-22 14:58:26,539 - INFO -   Epoch [60/175] Loss: 1.4836
2026-02-22 14:58:27,186 - INFO -   Epoch [70/175] Loss: 1.8298
2026-02-22 14:58:27,831 - INFO -   Epoch [80/175] Loss: 4.6586
2026-02-22 14:58:28,479 - INFO -   Epoch [90/175] Loss: 1.9074
2026-02-22 14:58:29,121 - INFO -   Epoch [100/175] Loss: 2.0004
2026-02-22 14:58:29,750 - INFO -   Epoch [110/175] Loss: 1.6430
2026-02-22 14:58:30,396 - INFO -   Epoch [120/175] Loss: 1.5858
2026-02-22 14:58:31,044 - INFO -   Epoch [130/175] Loss: 2.1650
2026-02-22 14:58:31,693 - INFO -   Epoch [140/175] Loss: 1.7634
2026-02-22 14:58:32,339 - INFO -   Epoch [150/175] Loss: 1.5839
2026-02-22 14:58:32,987 - INFO -   Epoch [160/175] Loss: 1.8204
2026-02-22 14:58:33,658 - INFO -   Epoch [170/175] Loss: 1.7639
2026-02-22 14:58:34,665 - INFO -   Train Loss: 1.8150
2026-02-22 14:58:34,665 - INFO -   Train Accuracy: 31.79%
2026-02-22 14:58:34,665 - INFO -   Val Loss: 1.9236
2026-02-22 14:58:34,665 - INFO -   Val Accuracy: 45.00% | F1: 0.2089
2026-02-22 14:58:34,665 - INFO -   LR: 0.000500
2026-02-22 14:58:34,665 - INFO -   Patience: 4/15
2026-02-22 14:58:34,665 - INFO - 
Epoch 21/100
2026-02-22 14:58:35,302 - INFO -   Epoch [10/175] Loss: 1.7075
2026-02-22 14:58:35,950 - INFO -   Epoch [20/175] Loss: 1.6678
2026-02-22 14:58:36,599 - INFO -   Epoch [30/175] Loss: 1.7388
2026-02-22 14:58:37,247 - INFO -   Epoch [40/175] Loss: 1.9851
2026-02-22 14:58:37,894 - INFO -   Epoch [50/175] Loss: 1.9708
2026-02-22 14:58:38,542 - INFO -   Epoch [60/175] Loss: 1.7373
2026-02-22 14:58:39,199 - INFO -   Epoch [70/175] Loss: 1.6014
2026-02-22 14:58:39,853 - INFO -   Epoch [80/175] Loss: 1.5850
2026-02-22 14:58:40,496 - INFO -   Epoch [90/175] Loss: 1.7794
2026-02-22 14:58:41,116 - INFO -   Epoch [100/175] Loss: 1.7403
2026-02-22 14:58:41,737 - INFO -   Epoch [110/175] Loss: 1.8046
2026-02-22 14:58:42,392 - INFO -   Epoch [120/175] Loss: 1.3522
2026-02-22 14:58:43,047 - INFO -   Epoch [130/175] Loss: 2.1029
2026-02-22 14:58:43,695 - INFO -   Epoch [140/175] Loss: 1.4298
2026-02-22 14:58:44,333 - INFO -   Epoch [150/175] Loss: 1.4864
2026-02-22 14:58:44,991 - INFO -   Epoch [160/175] Loss: 1.6201
2026-02-22 14:58:45,652 - INFO -   Epoch [170/175] Loss: 1.5156
2026-02-22 14:58:46,676 - INFO -   Train Loss: 1.7882
2026-02-22 14:58:46,676 - INFO -   Train Accuracy: 32.89%
2026-02-22 14:58:46,676 - INFO -   Val Loss: 1.9799
2026-02-22 14:58:46,676 - INFO -   Val Accuracy: 43.00% | F1: 0.1850
2026-02-22 14:58:46,676 - INFO -   LR: 0.000500
2026-02-22 14:58:46,676 - INFO -   Patience: 5/15
2026-02-22 14:58:46,676 - INFO - 
Epoch 22/100
2026-02-22 14:58:47,321 - INFO -   Epoch [10/175] Loss: 1.4771
2026-02-22 14:58:47,969 - INFO -   Epoch [20/175] Loss: 2.0666
2026-02-22 14:58:48,618 - INFO -   Epoch [30/175] Loss: 1.5611
2026-02-22 14:58:49,269 - INFO -   Epoch [40/175] Loss: 1.8809
2026-02-22 14:58:49,906 - INFO -   Epoch [50/175] Loss: 1.8455
2026-02-22 14:58:50,522 - INFO -   Epoch [60/175] Loss: 1.6630
2026-02-22 14:58:51,166 - INFO -   Epoch [70/175] Loss: 1.9900
2026-02-22 14:58:51,808 - INFO -   Epoch [80/175] Loss: 1.8736
2026-02-22 14:58:52,449 - INFO -   Epoch [90/175] Loss: 1.5957
2026-02-22 14:58:53,092 - INFO -   Epoch [100/175] Loss: 1.7209
2026-02-22 14:58:53,740 - INFO -   Epoch [110/175] Loss: 2.2004
2026-02-22 14:58:54,380 - INFO -   Epoch [120/175] Loss: 2.1649
2026-02-22 14:58:55,021 - INFO -   Epoch [130/175] Loss: 1.3513
2026-02-22 14:58:55,663 - INFO -   Epoch [140/175] Loss: 1.6518
2026-02-22 14:58:56,303 - INFO -   Epoch [150/175] Loss: 1.6846
2026-02-22 14:58:56,941 - INFO -   Epoch [160/175] Loss: 1.7545
2026-02-22 14:58:57,567 - INFO -   Epoch [170/175] Loss: 1.8265
2026-02-22 14:58:58,570 - INFO -   Train Loss: 1.8227
2026-02-22 14:58:58,570 - INFO -   Train Accuracy: 32.04%
2026-02-22 14:58:58,570 - INFO -   Val Loss: 1.9185
2026-02-22 14:58:58,570 - INFO -   Val Accuracy: 43.75% | F1: 0.1750
2026-02-22 14:58:58,570 - INFO -   LR: 0.000500
2026-02-22 14:58:58,570 - INFO -   Patience: 6/15
2026-02-22 14:58:58,570 - INFO - 
Epoch 23/100
2026-02-22 14:58:59,205 - INFO -   Epoch [10/175] Loss: 1.8245
2026-02-22 14:58:59,830 - INFO -   Epoch [20/175] Loss: 1.6749
2026-02-22 14:59:00,457 - INFO -   Epoch [30/175] Loss: 1.5842
2026-02-22 14:59:01,082 - INFO -   Epoch [40/175] Loss: 1.5614
2026-02-22 14:59:01,707 - INFO -   Epoch [50/175] Loss: 1.6425
2026-02-22 14:59:02,332 - INFO -   Epoch [60/175] Loss: 1.8230
2026-02-22 14:59:02,969 - INFO -   Epoch [70/175] Loss: 2.0089
2026-02-22 14:59:03,615 - INFO -   Epoch [80/175] Loss: 1.6777
2026-02-22 14:59:04,267 - INFO -   Epoch [90/175] Loss: 1.7454
2026-02-22 14:59:04,910 - INFO -   Epoch [100/175] Loss: 2.7025
2026-02-22 14:59:05,550 - INFO -   Epoch [110/175] Loss: 1.7623
2026-02-22 14:59:06,196 - INFO -   Epoch [120/175] Loss: 1.6810
2026-02-22 14:59:06,841 - INFO -   Epoch [130/175] Loss: 1.6009
2026-02-22 14:59:07,487 - INFO -   Epoch [140/175] Loss: 1.6149
2026-02-22 14:59:08,134 - INFO -   Epoch [150/175] Loss: 1.6497
2026-02-22 14:59:08,784 - INFO -   Epoch [160/175] Loss: 1.8470
2026-02-22 14:59:09,431 - INFO -   Epoch [170/175] Loss: 1.3906
2026-02-22 14:59:10,439 - INFO -   Train Loss: 1.8132
2026-02-22 14:59:10,440 - INFO -   Train Accuracy: 34.04%
2026-02-22 14:59:10,440 - INFO -   Val Loss: 1.8974
2026-02-22 14:59:10,440 - INFO -   Val Accuracy: 40.00% | F1: 0.1729
2026-02-22 14:59:10,440 - INFO -   LR: 0.000250
2026-02-22 14:59:10,440 - INFO -   Patience: 7/15
2026-02-22 14:59:10,440 - INFO - 
Epoch 24/100
2026-02-22 14:59:11,082 - INFO -   Epoch [10/175] Loss: 1.9175
2026-02-22 14:59:11,728 - INFO -   Epoch [20/175] Loss: 1.9728
2026-02-22 14:59:12,370 - INFO -   Epoch [30/175] Loss: 2.2127
2026-02-22 14:59:13,015 - INFO -   Epoch [40/175] Loss: 1.5342
2026-02-22 14:59:13,658 - INFO -   Epoch [50/175] Loss: 1.5828
2026-02-22 14:59:14,308 - INFO -   Epoch [60/175] Loss: 1.5286
2026-02-22 14:59:14,957 - INFO -   Epoch [70/175] Loss: 1.7857
2026-02-22 14:59:15,597 - INFO -   Epoch [80/175] Loss: 2.3242
2026-02-22 14:59:16,239 - INFO -   Epoch [90/175] Loss: 1.5553
2026-02-22 14:59:16,880 - INFO -   Epoch [100/175] Loss: 1.7123
2026-02-22 14:59:17,523 - INFO -   Epoch [110/175] Loss: 2.0358
2026-02-22 14:59:18,167 - INFO -   Epoch [120/175] Loss: 1.5413
2026-02-22 14:59:18,803 - INFO -   Epoch [130/175] Loss: 1.7170
2026-02-22 14:59:19,423 - INFO -   Epoch [140/175] Loss: 1.7070
2026-02-22 14:59:20,040 - INFO -   Epoch [150/175] Loss: 1.7358
2026-02-22 14:59:20,661 - INFO -   Epoch [160/175] Loss: 1.2985
2026-02-22 14:59:21,298 - INFO -   Epoch [170/175] Loss: 1.7048
2026-02-22 14:59:22,304 - INFO -   Train Loss: 1.8101
2026-02-22 14:59:22,304 - INFO -   Train Accuracy: 30.79%
2026-02-22 14:59:22,304 - INFO -   Val Loss: 1.8569
2026-02-22 14:59:22,304 - INFO -   Val Accuracy: 36.00% | F1: 0.1922
2026-02-22 14:59:22,304 - INFO -   LR: 0.000250
2026-02-22 14:59:22,304 - INFO -   Patience: 8/15
2026-02-22 14:59:22,304 - INFO - 
Epoch 25/100
2026-02-22 14:59:22,947 - INFO -   Epoch [10/175] Loss: 1.2010
2026-02-22 14:59:23,587 - INFO -   Epoch [20/175] Loss: 1.4855
2026-02-22 14:59:24,230 - INFO -   Epoch [30/175] Loss: 1.9080
2026-02-22 14:59:24,872 - INFO -   Epoch [40/175] Loss: 1.4146
2026-02-22 14:59:25,514 - INFO -   Epoch [50/175] Loss: 1.3856
2026-02-22 14:59:26,157 - INFO -   Epoch [60/175] Loss: 1.7430
2026-02-22 14:59:26,799 - INFO -   Epoch [70/175] Loss: 1.7138
2026-02-22 14:59:27,439 - INFO -   Epoch [80/175] Loss: 1.7410
2026-02-22 14:59:28,079 - INFO -   Epoch [90/175] Loss: 2.0020
2026-02-22 14:59:28,717 - INFO -   Epoch [100/175] Loss: 2.0126
2026-02-22 14:59:29,340 - INFO -   Epoch [110/175] Loss: 1.9166
2026-02-22 14:59:29,986 - INFO -   Epoch [120/175] Loss: 1.4490
2026-02-22 14:59:30,625 - INFO -   Epoch [130/175] Loss: 3.2272
2026-02-22 14:59:31,245 - INFO -   Epoch [140/175] Loss: 1.7200
2026-02-22 14:59:31,883 - INFO -   Epoch [150/175] Loss: 1.6140
2026-02-22 14:59:32,525 - INFO -   Epoch [160/175] Loss: 1.5942
2026-02-22 14:59:33,168 - INFO -   Epoch [170/175] Loss: 2.0855
2026-02-22 14:59:34,175 - INFO -   Train Loss: 1.7826
2026-02-22 14:59:34,175 - INFO -   Train Accuracy: 29.36%
2026-02-22 14:59:34,175 - INFO -   Val Loss: 1.8079
2026-02-22 14:59:34,175 - INFO -   Val Accuracy: 41.75% | F1: 0.1776
2026-02-22 14:59:34,175 - INFO -   LR: 0.000250
2026-02-22 14:59:34,175 - INFO -   Patience: 9/15
2026-02-22 14:59:34,175 - INFO - 
Epoch 26/100
2026-02-22 14:59:34,820 - INFO -   Epoch [10/175] Loss: 1.7610
2026-02-22 14:59:35,462 - INFO -   Epoch [20/175] Loss: 1.7177
2026-02-22 14:59:36,115 - INFO -   Epoch [30/175] Loss: 1.7675
2026-02-22 14:59:36,758 - INFO -   Epoch [40/175] Loss: 1.4871
2026-02-22 14:59:37,398 - INFO -   Epoch [50/175] Loss: 1.9714
2026-02-22 14:59:38,041 - INFO -   Epoch [60/175] Loss: 1.9066
2026-02-22 14:59:38,692 - INFO -   Epoch [70/175] Loss: 1.4721
2026-02-22 14:59:39,342 - INFO -   Epoch [80/175] Loss: 1.6539
2026-02-22 14:59:39,988 - INFO -   Epoch [90/175] Loss: 1.8031
2026-02-22 14:59:40,631 - INFO -   Epoch [100/175] Loss: 2.0050
2026-02-22 14:59:41,274 - INFO -   Epoch [110/175] Loss: 1.6837
2026-02-22 14:59:41,927 - INFO -   Epoch [120/175] Loss: 1.7183
2026-02-22 14:59:42,568 - INFO -   Epoch [130/175] Loss: 1.5338
2026-02-22 14:59:43,211 - INFO -   Epoch [140/175] Loss: 1.5712
2026-02-22 14:59:43,853 - INFO -   Epoch [150/175] Loss: 1.8746
2026-02-22 14:59:44,503 - INFO -   Epoch [160/175] Loss: 1.7790
2026-02-22 14:59:45,147 - INFO -   Epoch [170/175] Loss: 1.9091
2026-02-22 14:59:46,148 - INFO -   Train Loss: 1.8198
2026-02-22 14:59:46,148 - INFO -   Train Accuracy: 34.86%
2026-02-22 14:59:46,148 - INFO -   Val Loss: 1.8176
2026-02-22 14:59:46,148 - INFO -   Val Accuracy: 39.25% | F1: 0.1610
2026-02-22 14:59:46,148 - INFO -   LR: 0.000250
2026-02-22 14:59:46,148 - INFO -   Patience: 10/15
2026-02-22 14:59:46,148 - INFO - 
Epoch 27/100
2026-02-22 14:59:46,790 - INFO -   Epoch [10/175] Loss: 1.5321
2026-02-22 14:59:47,434 - INFO -   Epoch [20/175] Loss: 2.1571
2026-02-22 14:59:48,074 - INFO -   Epoch [30/175] Loss: 1.7971
2026-02-22 14:59:48,716 - INFO -   Epoch [40/175] Loss: 1.5929
2026-02-22 14:59:49,352 - INFO -   Epoch [50/175] Loss: 1.5352
2026-02-22 14:59:49,971 - INFO -   Epoch [60/175] Loss: 1.5064
2026-02-22 14:59:50,586 - INFO -   Epoch [70/175] Loss: 1.7675
2026-02-22 14:59:51,219 - INFO -   Epoch [80/175] Loss: 1.5647
2026-02-22 14:59:51,859 - INFO -   Epoch [90/175] Loss: 1.7278
2026-02-22 14:59:52,502 - INFO -   Epoch [100/175] Loss: 2.7830
2026-02-22 14:59:53,142 - INFO -   Epoch [110/175] Loss: 1.5015
2026-02-22 14:59:53,784 - INFO -   Epoch [120/175] Loss: 1.5778
2026-02-22 14:59:54,434 - INFO -   Epoch [130/175] Loss: 1.4436
2026-02-22 14:59:55,084 - INFO -   Epoch [140/175] Loss: 1.7599
2026-02-22 14:59:55,725 - INFO -   Epoch [150/175] Loss: 1.5998
2026-02-22 14:59:56,351 - INFO -   Epoch [160/175] Loss: 1.4953
2026-02-22 14:59:56,994 - INFO -   Epoch [170/175] Loss: 1.5370
2026-02-22 14:59:58,004 - INFO -   Train Loss: 1.8375
2026-02-22 14:59:58,004 - INFO -   Train Accuracy: 32.57%
2026-02-22 14:59:58,004 - INFO -   Val Loss: 1.8677
2026-02-22 14:59:58,004 - INFO -   Val Accuracy: 44.25% | F1: 0.1882
2026-02-22 14:59:58,004 - INFO -   LR: 0.000250
2026-02-22 14:59:58,005 - INFO -   Patience: 11/15
2026-02-22 14:59:58,005 - INFO - 
Epoch 28/100
2026-02-22 14:59:58,631 - INFO -   Epoch [10/175] Loss: 1.5810
2026-02-22 14:59:59,257 - INFO -   Epoch [20/175] Loss: 2.8846
2026-02-22 14:59:59,899 - INFO -   Epoch [30/175] Loss: 1.5749
2026-02-22 15:00:00,542 - INFO -   Epoch [40/175] Loss: 1.2961
2026-02-22 15:00:01,185 - INFO -   Epoch [50/175] Loss: 1.7667
2026-02-22 15:00:01,815 - INFO -   Epoch [60/175] Loss: 1.6525
2026-02-22 15:00:02,434 - INFO -   Epoch [70/175] Loss: 2.1143
2026-02-22 15:00:03,063 - INFO -   Epoch [80/175] Loss: 1.5000
2026-02-22 15:00:03,704 - INFO -   Epoch [90/175] Loss: 1.4829
2026-02-22 15:00:04,347 - INFO -   Epoch [100/175] Loss: 1.4919
2026-02-22 15:00:04,991 - INFO -   Epoch [110/175] Loss: 1.5957
2026-02-22 15:00:05,635 - INFO -   Epoch [120/175] Loss: 3.5434
2026-02-22 15:00:06,282 - INFO -   Epoch [130/175] Loss: 1.6483
2026-02-22 15:00:06,926 - INFO -   Epoch [140/175] Loss: 1.7846
2026-02-22 15:00:07,570 - INFO -   Epoch [150/175] Loss: 4.8224
2026-02-22 15:00:08,212 - INFO -   Epoch [160/175] Loss: 1.8739
2026-02-22 15:00:08,856 - INFO -   Epoch [170/175] Loss: 1.5287
2026-02-22 15:00:09,861 - INFO -   Train Loss: 1.7979
2026-02-22 15:00:09,861 - INFO -   Train Accuracy: 35.50%
2026-02-22 15:00:09,861 - INFO -   Val Loss: 1.8743
2026-02-22 15:00:09,861 - INFO -   Val Accuracy: 40.50% | F1: 0.1751
2026-02-22 15:00:09,861 - INFO -   LR: 0.000250
2026-02-22 15:00:09,861 - INFO -   Patience: 12/15
2026-02-22 15:00:09,861 - INFO - 
Epoch 29/100
2026-02-22 15:00:10,505 - INFO -   Epoch [10/175] Loss: 1.9087
2026-02-22 15:00:11,147 - INFO -   Epoch [20/175] Loss: 1.6776
2026-02-22 15:00:11,788 - INFO -   Epoch [30/175] Loss: 1.6270
2026-02-22 15:00:12,430 - INFO -   Epoch [40/175] Loss: 1.8803
2026-02-22 15:00:13,074 - INFO -   Epoch [50/175] Loss: 1.9316
2026-02-22 15:00:13,718 - INFO -   Epoch [60/175] Loss: 1.5619
2026-02-22 15:00:14,367 - INFO -   Epoch [70/175] Loss: 1.7448
2026-02-22 15:00:15,025 - INFO -   Epoch [80/175] Loss: 1.3854
2026-02-22 15:00:15,675 - INFO -   Epoch [90/175] Loss: 1.7625
2026-02-22 15:00:16,327 - INFO -   Epoch [100/175] Loss: 1.7115
2026-02-22 15:00:16,973 - INFO -   Epoch [110/175] Loss: 1.7870
2026-02-22 15:00:17,619 - INFO -   Epoch [120/175] Loss: 1.7932
2026-02-22 15:00:18,265 - INFO -   Epoch [130/175] Loss: 1.7522
2026-02-22 15:00:18,911 - INFO -   Epoch [140/175] Loss: 1.5819
2026-02-22 15:00:19,558 - INFO -   Epoch [150/175] Loss: 1.9598
2026-02-22 15:00:20,177 - INFO -   Epoch [160/175] Loss: 2.0949
2026-02-22 15:00:20,827 - INFO -   Epoch [170/175] Loss: 1.9851
2026-02-22 15:00:21,831 - INFO -   Train Loss: 1.7635
2026-02-22 15:00:21,831 - INFO -   Train Accuracy: 33.96%
2026-02-22 15:00:21,831 - INFO -   Val Loss: 1.8441
2026-02-22 15:00:21,831 - INFO -   Val Accuracy: 40.75% | F1: 0.1991
2026-02-22 15:00:21,831 - INFO -   LR: 0.000125
2026-02-22 15:00:21,831 - INFO -   Patience: 13/15
2026-02-22 15:00:21,831 - INFO - 
Epoch 30/100
2026-02-22 15:00:22,475 - INFO -   Epoch [10/175] Loss: 1.7594
2026-02-22 15:00:23,116 - INFO -   Epoch [20/175] Loss: 3.0397
2026-02-22 15:00:23,747 - INFO -   Epoch [30/175] Loss: 1.7184
2026-02-22 15:00:24,391 - INFO -   Epoch [40/175] Loss: 1.7516
2026-02-22 15:00:25,035 - INFO -   Epoch [50/175] Loss: 2.6585
2026-02-22 15:00:25,681 - INFO -   Epoch [60/175] Loss: 1.6097
2026-02-22 15:00:26,330 - INFO -   Epoch [70/175] Loss: 1.5075
2026-02-22 15:00:26,979 - INFO -   Epoch [80/175] Loss: 1.7415
2026-02-22 15:00:27,629 - INFO -   Epoch [90/175] Loss: 1.4753
2026-02-22 15:00:28,277 - INFO -   Epoch [100/175] Loss: 2.0833
2026-02-22 15:00:28,925 - INFO -   Epoch [110/175] Loss: 4.4321
2026-02-22 15:00:29,577 - INFO -   Epoch [120/175] Loss: 1.5910
2026-02-22 15:00:30,226 - INFO -   Epoch [130/175] Loss: 1.7911
2026-02-22 15:00:30,871 - INFO -   Epoch [140/175] Loss: 1.6512
2026-02-22 15:00:31,516 - INFO -   Epoch [150/175] Loss: 1.7532
2026-02-22 15:00:32,161 - INFO -   Epoch [160/175] Loss: 1.9208
2026-02-22 15:00:32,808 - INFO -   Epoch [170/175] Loss: 1.2137
2026-02-22 15:00:33,820 - INFO -   Train Loss: 1.7884
2026-02-22 15:00:33,821 - INFO -   Train Accuracy: 30.50%
2026-02-22 15:00:33,821 - INFO -   Val Loss: 1.8374
2026-02-22 15:00:33,821 - INFO -   Val Accuracy: 41.00% | F1: 0.1901
2026-02-22 15:00:33,821 - INFO -   LR: 0.000125
2026-02-22 15:00:33,821 - INFO -   Patience: 14/15
2026-02-22 15:00:33,821 - INFO - 
Epoch 31/100
2026-02-22 15:00:34,468 - INFO -   Epoch [10/175] Loss: 1.7813
2026-02-22 15:00:35,118 - INFO -   Epoch [20/175] Loss: 1.7266
2026-02-22 15:00:35,770 - INFO -   Epoch [30/175] Loss: 1.3740
2026-02-22 15:00:36,418 - INFO -   Epoch [40/175] Loss: 1.7290
2026-02-22 15:00:37,066 - INFO -   Epoch [50/175] Loss: 1.8902
2026-02-22 15:00:37,714 - INFO -   Epoch [60/175] Loss: 1.7759
2026-02-22 15:00:38,360 - INFO -   Epoch [70/175] Loss: 1.6388
2026-02-22 15:00:38,990 - INFO -   Epoch [80/175] Loss: 2.1340
2026-02-22 15:00:39,610 - INFO -   Epoch [90/175] Loss: 2.0052
2026-02-22 15:00:40,231 - INFO -   Epoch [100/175] Loss: 1.6974
2026-02-22 15:00:40,871 - INFO -   Epoch [110/175] Loss: 1.5485
2026-02-22 15:00:41,515 - INFO -   Epoch [120/175] Loss: 1.5566
2026-02-22 15:00:42,130 - INFO -   Epoch [130/175] Loss: 1.7808
2026-02-22 15:00:42,754 - INFO -   Epoch [140/175] Loss: 2.7588
2026-02-22 15:00:43,401 - INFO -   Epoch [150/175] Loss: 1.7339
2026-02-22 15:00:44,049 - INFO -   Epoch [160/175] Loss: 1.9844
2026-02-22 15:00:44,702 - INFO -   Epoch [170/175] Loss: 1.6117
2026-02-22 15:00:45,723 - INFO -   Train Loss: 1.7960
2026-02-22 15:00:45,723 - INFO -   Train Accuracy: 33.79%
2026-02-22 15:00:45,723 - INFO -   Val Loss: 1.8513
2026-02-22 15:00:45,723 - INFO -   Val Accuracy: 40.50% | F1: 0.1799
2026-02-22 15:00:45,723 - INFO -   LR: 0.000125
2026-02-22 15:00:45,723 - INFO -   Patience: 15/15
2026-02-22 15:00:45,724 - INFO - 
✓ Early stopping at epoch 31
2026-02-22 15:00:45,724 - INFO - 
✓ Training completed!
2026-02-22 15:00:45,724 - INFO -   Best Accuracy: 46.75%
2026-02-22 15:00:45,724 - INFO - 
================================================================================
2026-02-22 15:00:45,724 - INFO - Step 7: Testing
2026-02-22 15:00:45,724 - INFO - ================================================================================
2026-02-22 15:00:45,759 - INFO - ✓ Loaded best model from epoch 16
2026-02-22 15:00:47,130 - INFO - 
Test Results:
2026-02-22 15:00:47,130 - INFO -   - Accuracy: 48.38%
2026-02-22 15:00:47,130 - INFO -   - F1 Score: 0.1912
2026-02-22 15:00:47,139 - INFO - 
✓ All results saved to outputs/shenzhen_pure_graph_20260222_143151
2026-02-22 15:00:47,139 - INFO - ================================================================================
2026-02-22 15:00:47,139 - INFO - 
================================================================================
2026-02-22 15:00:47,139 - INFO - Training Time Statistics
2026-02-22 15:00:47,139 - INFO - ================================================================================
2026-02-22 15:00:47,139 - INFO - Start time:    2026-02-22 14:31:51
2026-02-22 15:00:47,139 - INFO - End time:      2026-02-22 15:00:47
2026-02-22 15:00:47,139 - INFO - Total time:    00:28:55 (1735.69 seconds)
2026-02-22 15:00:47,139 - INFO -                (28.93 minutes, 0.48 hours)
2026-02-22 15:00:47,140 - INFO - ================================================================================
2026-02-22 15:00:47,140 - INFO - ✓ Timing info saved to outputs/shenzhen_pure_graph_20260222_143151/metrics/timing_info.json
2026-02-22 15:00:47,140 - INFO - ================================================================================
