2026-02-22 02:11:26,672 - INFO - Output directory: outputs/shenzhen_pure_graph_20260222_021126
2026-02-22 02:11:26,672 - INFO - Log file: outputs/shenzhen_pure_graph_20260222_021126/training.log
2026-02-22 02:11:26,672 - INFO - 
================================================================================
2026-02-22 02:11:26,672 - INFO - Step 1: Loading data
2026-02-22 02:11:26,672 - INFO - ================================================================================
2026-02-22 02:28:13,088 - INFO - ✓ Data loaded successfully
2026-02-22 02:28:13,088 - INFO -   - Total grids: 4000
2026-02-22 02:28:13,088 - INFO -   - Feature shape: (7, 2)
2026-02-22 02:28:13,088 - INFO -   - Graph 2021 edges: 54780
2026-02-22 02:28:13,088 - INFO -   - Graph 2024 edges: 77034
2026-02-22 02:28:13,088 - INFO - 
================================================================================
2026-02-22 02:28:13,088 - INFO - Step 2: Preparing temporal features
2026-02-22 02:28:13,088 - INFO - ================================================================================
2026-02-22 02:28:13,107 - INFO - ✓ Temporal features prepared
2026-02-22 02:28:13,107 - INFO -   - 2021 features: 4000 grids
2026-02-22 02:28:13,107 - INFO -   - 2024 features: 4000 grids
2026-02-22 02:28:13,107 - INFO - 
================================================================================
2026-02-22 02:28:13,107 - INFO - Step 3: Creating dataset
2026-02-22 02:28:13,107 - INFO - ================================================================================
2026-02-22 02:28:13,107 - INFO - ✓ Dataset created: 4000 samples
2026-02-22 02:28:13,108 - INFO -   - Train: 2800 samples
2026-02-22 02:28:13,108 - INFO -   - Val: 400 samples
2026-02-22 02:28:13,108 - INFO -   - Test: 800 samples
2026-02-22 02:28:13,185 - INFO - ✓ Data loaders created
2026-02-22 02:28:13,186 - INFO - 
================================================================================
2026-02-22 02:28:13,186 - INFO - Step 4: Creating model
2026-02-22 02:28:13,186 - INFO - ================================================================================
2026-02-22 02:28:13,186 - INFO - Using device: cuda
2026-02-22 02:28:13,525 - INFO - ✓ Model created
2026-02-22 02:28:13,525 - INFO -   - Total parameters: 1,262,601
2026-02-22 02:28:13,525 - INFO -   - Trainable parameters: 1,262,601
2026-02-22 02:28:13,525 - INFO -   - Model type: Pure Graph-Based Dual-Branch
2026-02-22 02:28:13,525 - INFO -   - Spatial branch: Uses only graph structure (no external node features)
2026-02-22 02:28:13,525 - INFO - 
================================================================================
2026-02-22 02:28:13,525 - INFO - Step 5: Setting up training
2026-02-22 02:28:13,525 - INFO - ================================================================================
2026-02-22 02:28:13,526 - INFO - ✓ Training setup complete
2026-02-22 02:28:13,526 - INFO -   - Optimizer: Adam (lr=0.001, wd=1e-05)
2026-02-22 02:28:13,526 - INFO -   - Scheduler: ReduceLROnPlateau (patience=5)
2026-02-22 02:28:13,526 - INFO -   - Loss: Single 9-class cross-entropy with class weights
2026-02-22 02:28:13,526 - INFO -   - Gradient accumulation: 4 steps
2026-02-22 02:28:13,526 - INFO - 
================================================================================
2026-02-22 02:28:13,526 - INFO - Step 6: Training
2026-02-22 02:28:13,526 - INFO - ================================================================================
2026-02-22 02:28:13,526 - INFO - 
Epoch 1/100
2026-02-22 02:28:14,376 - INFO -   Epoch [10/175] Loss: 2.1959
2026-02-22 02:28:14,897 - INFO -   Epoch [20/175] Loss: 2.1032
2026-02-22 02:28:15,401 - INFO -   Epoch [30/175] Loss: 2.0802
2026-02-22 02:28:15,914 - INFO -   Epoch [40/175] Loss: 2.1655
2026-02-22 02:28:16,421 - INFO -   Epoch [50/175] Loss: 1.7930
2026-02-22 02:28:16,943 - INFO -   Epoch [60/175] Loss: 2.4221
2026-02-22 02:28:17,452 - INFO -   Epoch [70/175] Loss: 1.8650
2026-02-22 02:28:17,964 - INFO -   Epoch [80/175] Loss: 1.9219
2026-02-22 02:28:18,491 - INFO -   Epoch [90/175] Loss: 2.8588
2026-02-22 02:28:19,001 - INFO -   Epoch [100/175] Loss: 1.7562
2026-02-22 02:28:19,511 - INFO -   Epoch [110/175] Loss: 1.7100
2026-02-22 02:28:20,026 - INFO -   Epoch [120/175] Loss: 1.7434
2026-02-22 02:28:20,542 - INFO -   Epoch [130/175] Loss: 1.9661
2026-02-22 02:28:21,049 - INFO -   Epoch [140/175] Loss: 1.9774
2026-02-22 02:28:21,564 - INFO -   Epoch [150/175] Loss: 1.8726
2026-02-22 02:28:22,075 - INFO -   Epoch [160/175] Loss: 1.7770
2026-02-22 02:28:22,598 - INFO -   Epoch [170/175] Loss: 2.1307
2026-02-22 02:28:23,390 - INFO -   Train Loss: 2.0125
2026-02-22 02:28:23,390 - INFO -   Train Accuracy: 19.36%
2026-02-22 02:28:23,390 - INFO -   Val Loss: 2.0874
2026-02-22 02:28:23,390 - INFO -   Val Accuracy: 17.25% | F1: 0.1411
2026-02-22 02:28:23,390 - INFO -   LR: 0.001000
2026-02-22 02:28:23,421 - INFO -   ✓ New best model saved!
2026-02-22 02:28:23,421 - INFO -   Patience: 0/15
2026-02-22 02:28:23,421 - INFO - 
Epoch 2/100
2026-02-22 02:28:23,930 - INFO -   Epoch [10/175] Loss: 1.8473
2026-02-22 02:28:24,453 - INFO -   Epoch [20/175] Loss: 2.1464
2026-02-22 02:28:24,985 - INFO -   Epoch [30/175] Loss: 2.7264
2026-02-22 02:28:25,521 - INFO -   Epoch [40/175] Loss: 1.4807
2026-02-22 02:28:26,041 - INFO -   Epoch [50/175] Loss: 2.5004
2026-02-22 02:28:26,564 - INFO -   Epoch [60/175] Loss: 2.5179
2026-02-22 02:28:27,080 - INFO -   Epoch [70/175] Loss: 1.6616
2026-02-22 02:28:27,598 - INFO -   Epoch [80/175] Loss: 1.5403
2026-02-22 02:28:28,118 - INFO -   Epoch [90/175] Loss: 1.4936
2026-02-22 02:28:28,643 - INFO -   Epoch [100/175] Loss: 1.7282
2026-02-22 02:28:29,173 - INFO -   Epoch [110/175] Loss: 1.8979
2026-02-22 02:28:29,704 - INFO -   Epoch [120/175] Loss: 1.6261
2026-02-22 02:28:30,234 - INFO -   Epoch [130/175] Loss: 1.4755
2026-02-22 02:28:30,769 - INFO -   Epoch [140/175] Loss: 2.3127
2026-02-22 02:28:31,300 - INFO -   Epoch [150/175] Loss: 2.4188
2026-02-22 02:28:31,837 - INFO -   Epoch [160/175] Loss: 1.9025
2026-02-22 02:28:32,371 - INFO -   Epoch [170/175] Loss: 1.9737
2026-02-22 02:28:33,206 - INFO -   Train Loss: 1.8710
2026-02-22 02:28:33,207 - INFO -   Train Accuracy: 23.39%
2026-02-22 02:28:33,207 - INFO -   Val Loss: 1.9468
2026-02-22 02:28:33,207 - INFO -   Val Accuracy: 24.00% | F1: 0.1804
2026-02-22 02:28:33,207 - INFO -   LR: 0.001000
2026-02-22 02:28:33,318 - INFO -   ✓ New best model saved!
2026-02-22 02:28:33,318 - INFO -   Patience: 0/15
2026-02-22 02:28:33,318 - INFO - 
Epoch 3/100
2026-02-22 02:28:33,849 - INFO -   Epoch [10/175] Loss: 1.8632
2026-02-22 02:28:34,356 - INFO -   Epoch [20/175] Loss: 1.8354
2026-02-22 02:28:34,871 - INFO -   Epoch [30/175] Loss: 1.6917
2026-02-22 02:28:35,402 - INFO -   Epoch [40/175] Loss: 1.5960
2026-02-22 02:28:35,930 - INFO -   Epoch [50/175] Loss: 1.3537
2026-02-22 02:28:36,459 - INFO -   Epoch [60/175] Loss: 1.2894
2026-02-22 02:28:36,989 - INFO -   Epoch [70/175] Loss: 1.7080
2026-02-22 02:28:37,520 - INFO -   Epoch [80/175] Loss: 1.6998
2026-02-22 02:28:38,060 - INFO -   Epoch [90/175] Loss: 1.2381
2026-02-22 02:28:38,594 - INFO -   Epoch [100/175] Loss: 1.3917
2026-02-22 02:28:39,121 - INFO -   Epoch [110/175] Loss: 1.5963
2026-02-22 02:28:39,653 - INFO -   Epoch [120/175] Loss: 1.4500
2026-02-22 02:28:40,181 - INFO -   Epoch [130/175] Loss: 1.0768
2026-02-22 02:28:40,716 - INFO -   Epoch [140/175] Loss: 1.3316
2026-02-22 02:28:41,249 - INFO -   Epoch [150/175] Loss: 1.8891
2026-02-22 02:28:41,783 - INFO -   Epoch [160/175] Loss: 1.7241
2026-02-22 02:28:42,317 - INFO -   Epoch [170/175] Loss: 1.2187
2026-02-22 02:28:43,155 - INFO -   Train Loss: 1.7396
2026-02-22 02:28:43,155 - INFO -   Train Accuracy: 27.61%
2026-02-22 02:28:43,155 - INFO -   Val Loss: 1.8152
2026-02-22 02:28:43,155 - INFO -   Val Accuracy: 32.75% | F1: 0.2669
2026-02-22 02:28:43,155 - INFO -   LR: 0.001000
2026-02-22 02:28:43,272 - INFO -   ✓ New best model saved!
2026-02-22 02:28:43,272 - INFO -   Patience: 0/15
2026-02-22 02:28:43,272 - INFO - 
Epoch 4/100
2026-02-22 02:28:43,824 - INFO -   Epoch [10/175] Loss: 1.6951
2026-02-22 02:28:44,344 - INFO -   Epoch [20/175] Loss: 1.3066
2026-02-22 02:28:44,853 - INFO -   Epoch [30/175] Loss: 1.2681
2026-02-22 02:28:45,387 - INFO -   Epoch [40/175] Loss: 3.3505
2026-02-22 02:28:45,929 - INFO -   Epoch [50/175] Loss: 2.0209
2026-02-22 02:28:46,469 - INFO -   Epoch [60/175] Loss: 1.8274
2026-02-22 02:28:47,005 - INFO -   Epoch [70/175] Loss: 2.0242
2026-02-22 02:28:47,539 - INFO -   Epoch [80/175] Loss: 1.7264
2026-02-22 02:28:48,077 - INFO -   Epoch [90/175] Loss: 2.0294
2026-02-22 02:28:48,610 - INFO -   Epoch [100/175] Loss: 2.4966
2026-02-22 02:28:49,144 - INFO -   Epoch [110/175] Loss: 1.6864
2026-02-22 02:28:49,679 - INFO -   Epoch [120/175] Loss: 1.4699
2026-02-22 02:28:50,214 - INFO -   Epoch [130/175] Loss: 1.9791
2026-02-22 02:28:50,751 - INFO -   Epoch [140/175] Loss: 2.1372
2026-02-22 02:28:51,282 - INFO -   Epoch [150/175] Loss: 1.7276
2026-02-22 02:28:51,819 - INFO -   Epoch [160/175] Loss: 1.5759
2026-02-22 02:28:52,357 - INFO -   Epoch [170/175] Loss: 1.7038
2026-02-22 02:28:53,201 - INFO -   Train Loss: 1.6993
2026-02-22 02:28:53,201 - INFO -   Train Accuracy: 29.07%
2026-02-22 02:28:53,201 - INFO -   Val Loss: 1.7205
2026-02-22 02:28:53,201 - INFO -   Val Accuracy: 46.00% | F1: 0.3362
2026-02-22 02:28:53,201 - INFO -   LR: 0.001000
2026-02-22 02:28:53,315 - INFO -   ✓ New best model saved!
2026-02-22 02:28:53,315 - INFO -   Patience: 0/15
2026-02-22 02:28:53,315 - INFO - 
Epoch 5/100
2026-02-22 02:28:53,860 - INFO -   Epoch [10/175] Loss: 1.3649
2026-02-22 02:28:54,394 - INFO -   Epoch [20/175] Loss: 2.2152
2026-02-22 02:28:54,930 - INFO -   Epoch [30/175] Loss: 1.6752
2026-02-22 02:28:55,463 - INFO -   Epoch [40/175] Loss: 1.7043
2026-02-22 02:28:55,998 - INFO -   Epoch [50/175] Loss: 1.5389
2026-02-22 02:28:56,532 - INFO -   Epoch [60/175] Loss: 1.7569
2026-02-22 02:28:57,061 - INFO -   Epoch [70/175] Loss: 1.5800
2026-02-22 02:28:57,595 - INFO -   Epoch [80/175] Loss: 1.5959
2026-02-22 02:28:58,124 - INFO -   Epoch [90/175] Loss: 1.4065
2026-02-22 02:28:58,661 - INFO -   Epoch [100/175] Loss: 1.3879
2026-02-22 02:28:59,193 - INFO -   Epoch [110/175] Loss: 2.3669
2026-02-22 02:28:59,724 - INFO -   Epoch [120/175] Loss: 1.3690
2026-02-22 02:29:00,252 - INFO -   Epoch [130/175] Loss: 1.3711
2026-02-22 02:29:00,785 - INFO -   Epoch [140/175] Loss: 1.5261
2026-02-22 02:29:01,314 - INFO -   Epoch [150/175] Loss: 1.3250
2026-02-22 02:29:01,828 - INFO -   Epoch [160/175] Loss: 1.3986
2026-02-22 02:29:02,351 - INFO -   Epoch [170/175] Loss: 1.0171
2026-02-22 02:29:03,180 - INFO -   Train Loss: 1.6757
2026-02-22 02:29:03,180 - INFO -   Train Accuracy: 33.46%
2026-02-22 02:29:03,180 - INFO -   Val Loss: 1.8035
2026-02-22 02:29:03,180 - INFO -   Val Accuracy: 32.25% | F1: 0.2670
2026-02-22 02:29:03,181 - INFO -   LR: 0.001000
2026-02-22 02:29:03,181 - INFO -   Patience: 1/15
2026-02-22 02:29:03,181 - INFO - 
Epoch 6/100
2026-02-22 02:29:03,713 - INFO -   Epoch [10/175] Loss: 3.0361
2026-02-22 02:29:04,243 - INFO -   Epoch [20/175] Loss: 1.0735
2026-02-22 02:29:04,780 - INFO -   Epoch [30/175] Loss: 1.4676
2026-02-22 02:29:05,303 - INFO -   Epoch [40/175] Loss: 1.5694
2026-02-22 02:29:05,834 - INFO -   Epoch [50/175] Loss: 1.8347
2026-02-22 02:29:06,365 - INFO -   Epoch [60/175] Loss: 1.6401
2026-02-22 02:29:06,896 - INFO -   Epoch [70/175] Loss: 1.0553
2026-02-22 02:29:07,425 - INFO -   Epoch [80/175] Loss: 1.2147
2026-02-22 02:29:07,943 - INFO -   Epoch [90/175] Loss: 1.8213
2026-02-22 02:29:08,465 - INFO -   Epoch [100/175] Loss: 1.4319
2026-02-22 02:29:08,979 - INFO -   Epoch [110/175] Loss: 1.3101
2026-02-22 02:29:09,494 - INFO -   Epoch [120/175] Loss: 2.1572
2026-02-22 02:29:10,023 - INFO -   Epoch [130/175] Loss: 1.7255
2026-02-22 02:29:10,555 - INFO -   Epoch [140/175] Loss: 1.4268
2026-02-22 02:29:11,093 - INFO -   Epoch [150/175] Loss: 1.5157
2026-02-22 02:29:11,622 - INFO -   Epoch [160/175] Loss: 1.6444
2026-02-22 02:29:12,152 - INFO -   Epoch [170/175] Loss: 1.8762
2026-02-22 02:29:12,978 - INFO -   Train Loss: 1.6632
2026-02-22 02:29:12,979 - INFO -   Train Accuracy: 31.36%
2026-02-22 02:29:12,979 - INFO -   Val Loss: 1.6293
2026-02-22 02:29:12,979 - INFO -   Val Accuracy: 38.00% | F1: 0.3118
2026-02-22 02:29:12,979 - INFO -   LR: 0.001000
2026-02-22 02:29:12,979 - INFO -   Patience: 2/15
2026-02-22 02:29:12,979 - INFO - 
Epoch 7/100
2026-02-22 02:29:13,511 - INFO -   Epoch [10/175] Loss: 1.6865
2026-02-22 02:29:14,047 - INFO -   Epoch [20/175] Loss: 1.8280
2026-02-22 02:29:14,574 - INFO -   Epoch [30/175] Loss: 1.2600
2026-02-22 02:29:15,103 - INFO -   Epoch [40/175] Loss: 2.0869
2026-02-22 02:29:15,632 - INFO -   Epoch [50/175] Loss: 1.5965
2026-02-22 02:29:16,160 - INFO -   Epoch [60/175] Loss: 1.2978
2026-02-22 02:29:16,696 - INFO -   Epoch [70/175] Loss: 1.7477
2026-02-22 02:29:17,225 - INFO -   Epoch [80/175] Loss: 1.9791
2026-02-22 02:29:17,758 - INFO -   Epoch [90/175] Loss: 1.7454
2026-02-22 02:29:18,290 - INFO -   Epoch [100/175] Loss: 1.5174
2026-02-22 02:29:18,824 - INFO -   Epoch [110/175] Loss: 1.8743
2026-02-22 02:29:19,361 - INFO -   Epoch [120/175] Loss: 1.6404
2026-02-22 02:29:19,903 - INFO -   Epoch [130/175] Loss: 1.6623
2026-02-22 02:29:20,436 - INFO -   Epoch [140/175] Loss: 1.4608
2026-02-22 02:29:20,973 - INFO -   Epoch [150/175] Loss: 1.3974
2026-02-22 02:29:21,505 - INFO -   Epoch [160/175] Loss: 1.4788
2026-02-22 02:29:22,039 - INFO -   Epoch [170/175] Loss: 2.2195
2026-02-22 02:29:22,863 - INFO -   Train Loss: 1.6522
2026-02-22 02:29:22,863 - INFO -   Train Accuracy: 31.00%
2026-02-22 02:29:22,863 - INFO -   Val Loss: 1.6648
2026-02-22 02:29:22,863 - INFO -   Val Accuracy: 40.25% | F1: 0.2948
2026-02-22 02:29:22,863 - INFO -   LR: 0.001000
2026-02-22 02:29:22,863 - INFO -   Patience: 3/15
2026-02-22 02:29:22,863 - INFO - 
Epoch 8/100
2026-02-22 02:29:23,398 - INFO -   Epoch [10/175] Loss: 1.6330
2026-02-22 02:29:23,934 - INFO -   Epoch [20/175] Loss: 1.3527
2026-02-22 02:29:24,462 - INFO -   Epoch [30/175] Loss: 2.0537
2026-02-22 02:29:24,991 - INFO -   Epoch [40/175] Loss: 1.0865
2026-02-22 02:29:25,507 - INFO -   Epoch [50/175] Loss: 1.5793
2026-02-22 02:29:26,037 - INFO -   Epoch [60/175] Loss: 1.8784
2026-02-22 02:29:26,565 - INFO -   Epoch [70/175] Loss: 1.9243
2026-02-22 02:29:27,099 - INFO -   Epoch [80/175] Loss: 1.6560
2026-02-22 02:29:27,628 - INFO -   Epoch [90/175] Loss: 1.6413
2026-02-22 02:29:28,163 - INFO -   Epoch [100/175] Loss: 1.1800
2026-02-22 02:29:28,703 - INFO -   Epoch [110/175] Loss: 1.9880
2026-02-22 02:29:29,236 - INFO -   Epoch [120/175] Loss: 1.7608
2026-02-22 02:29:29,765 - INFO -   Epoch [130/175] Loss: 1.3764
2026-02-22 02:29:30,305 - INFO -   Epoch [140/175] Loss: 1.4361
2026-02-22 02:29:30,833 - INFO -   Epoch [150/175] Loss: 1.7771
2026-02-22 02:29:31,362 - INFO -   Epoch [160/175] Loss: 2.1959
2026-02-22 02:29:31,896 - INFO -   Epoch [170/175] Loss: 1.6594
2026-02-22 02:29:32,727 - INFO -   Train Loss: 1.5978
2026-02-22 02:29:32,727 - INFO -   Train Accuracy: 34.04%
2026-02-22 02:29:32,727 - INFO -   Val Loss: 1.5674
2026-02-22 02:29:32,727 - INFO -   Val Accuracy: 37.00% | F1: 0.3056
2026-02-22 02:29:32,727 - INFO -   LR: 0.001000
2026-02-22 02:29:32,727 - INFO -   Patience: 4/15
2026-02-22 02:29:32,727 - INFO - 
Epoch 9/100
2026-02-22 02:29:33,261 - INFO -   Epoch [10/175] Loss: 1.5900
2026-02-22 02:29:33,794 - INFO -   Epoch [20/175] Loss: 1.8174
2026-02-22 02:29:34,330 - INFO -   Epoch [30/175] Loss: 1.2663
2026-02-22 02:29:34,864 - INFO -   Epoch [40/175] Loss: 1.8183
2026-02-22 02:29:35,405 - INFO -   Epoch [50/175] Loss: 2.4470
2026-02-22 02:29:35,934 - INFO -   Epoch [60/175] Loss: 1.8765
2026-02-22 02:29:36,461 - INFO -   Epoch [70/175] Loss: 1.1518
2026-02-22 02:29:36,989 - INFO -   Epoch [80/175] Loss: 1.6140
2026-02-22 02:29:37,520 - INFO -   Epoch [90/175] Loss: 1.5334
2026-02-22 02:29:38,057 - INFO -   Epoch [100/175] Loss: 2.1121
2026-02-22 02:29:38,591 - INFO -   Epoch [110/175] Loss: 2.2372
2026-02-22 02:29:39,130 - INFO -   Epoch [120/175] Loss: 1.7440
2026-02-22 02:29:39,658 - INFO -   Epoch [130/175] Loss: 1.2564
2026-02-22 02:29:40,192 - INFO -   Epoch [140/175] Loss: 1.2839
2026-02-22 02:29:40,728 - INFO -   Epoch [150/175] Loss: 1.5840
2026-02-22 02:29:41,259 - INFO -   Epoch [160/175] Loss: 1.3809
2026-02-22 02:29:41,790 - INFO -   Epoch [170/175] Loss: 2.5745
2026-02-22 02:29:42,621 - INFO -   Train Loss: 1.6354
2026-02-22 02:29:42,621 - INFO -   Train Accuracy: 33.71%
2026-02-22 02:29:42,649 - INFO -   Val Loss: 1.6689
2026-02-22 02:29:42,649 - INFO -   Val Accuracy: 43.00% | F1: 0.3277
2026-02-22 02:29:42,649 - INFO -   LR: 0.001000
2026-02-22 02:29:42,649 - INFO -   Patience: 5/15
2026-02-22 02:29:42,649 - INFO - 
Epoch 10/100
2026-02-22 02:29:43,186 - INFO -   Epoch [10/175] Loss: 1.3341
2026-02-22 02:29:43,723 - INFO -   Epoch [20/175] Loss: 2.1726
2026-02-22 02:29:44,255 - INFO -   Epoch [30/175] Loss: 1.7688
2026-02-22 02:29:44,773 - INFO -   Epoch [40/175] Loss: 1.4184
2026-02-22 02:29:45,300 - INFO -   Epoch [50/175] Loss: 1.4716
2026-02-22 02:29:45,833 - INFO -   Epoch [60/175] Loss: 1.2496
2026-02-22 02:29:46,363 - INFO -   Epoch [70/175] Loss: 1.2789
2026-02-22 02:29:46,891 - INFO -   Epoch [80/175] Loss: 1.2748
2026-02-22 02:29:47,406 - INFO -   Epoch [90/175] Loss: 1.2355
2026-02-22 02:29:47,934 - INFO -   Epoch [100/175] Loss: 2.2443
2026-02-22 02:29:48,451 - INFO -   Epoch [110/175] Loss: 1.7080
2026-02-22 02:29:48,977 - INFO -   Epoch [120/175] Loss: 1.8991
2026-02-22 02:29:49,511 - INFO -   Epoch [130/175] Loss: 1.5632
2026-02-22 02:29:50,050 - INFO -   Epoch [140/175] Loss: 1.3155
2026-02-22 02:29:50,579 - INFO -   Epoch [150/175] Loss: 1.6291
2026-02-22 02:29:51,111 - INFO -   Epoch [160/175] Loss: 1.8272
2026-02-22 02:29:51,646 - INFO -   Epoch [170/175] Loss: 1.6622
2026-02-22 02:29:52,485 - INFO -   Train Loss: 1.6318
2026-02-22 02:29:52,485 - INFO -   Train Accuracy: 31.64%
2026-02-22 02:29:52,485 - INFO -   Val Loss: 1.6217
2026-02-22 02:29:52,485 - INFO -   Val Accuracy: 36.00% | F1: 0.3041
2026-02-22 02:29:52,485 - INFO -   LR: 0.001000
2026-02-22 02:29:52,485 - INFO -   Patience: 6/15
2026-02-22 02:29:52,485 - INFO - 
Epoch 11/100
2026-02-22 02:29:53,014 - INFO -   Epoch [10/175] Loss: 1.5009
2026-02-22 02:29:53,546 - INFO -   Epoch [20/175] Loss: 1.2110
2026-02-22 02:29:54,066 - INFO -   Epoch [30/175] Loss: 2.5926
2026-02-22 02:29:54,589 - INFO -   Epoch [40/175] Loss: 1.5522
2026-02-22 02:29:55,117 - INFO -   Epoch [50/175] Loss: 1.5304
2026-02-22 02:29:55,646 - INFO -   Epoch [60/175] Loss: 1.4339
2026-02-22 02:29:56,175 - INFO -   Epoch [70/175] Loss: 1.3649
2026-02-22 02:29:56,705 - INFO -   Epoch [80/175] Loss: 1.4945
2026-02-22 02:29:57,233 - INFO -   Epoch [90/175] Loss: 1.5616
2026-02-22 02:29:57,761 - INFO -   Epoch [100/175] Loss: 1.8075
2026-02-22 02:29:58,286 - INFO -   Epoch [110/175] Loss: 1.5953
2026-02-22 02:29:58,817 - INFO -   Epoch [120/175] Loss: 1.2920
2026-02-22 02:29:59,347 - INFO -   Epoch [130/175] Loss: 1.7565
2026-02-22 02:29:59,881 - INFO -   Epoch [140/175] Loss: 1.1621
2026-02-22 02:30:00,411 - INFO -   Epoch [150/175] Loss: 1.4083
2026-02-22 02:30:00,935 - INFO -   Epoch [160/175] Loss: 1.5474
2026-02-22 02:30:01,469 - INFO -   Epoch [170/175] Loss: 1.8650
2026-02-22 02:30:02,318 - INFO -   Train Loss: 1.6045
2026-02-22 02:30:02,318 - INFO -   Train Accuracy: 34.93%
2026-02-22 02:30:02,318 - INFO -   Val Loss: 1.5798
2026-02-22 02:30:02,318 - INFO -   Val Accuracy: 46.25% | F1: 0.3607
2026-02-22 02:30:02,319 - INFO -   LR: 0.000500
2026-02-22 02:30:02,471 - INFO -   ✓ New best model saved!
2026-02-22 02:30:02,471 - INFO -   Patience: 0/15
2026-02-22 02:30:02,471 - INFO - 
Epoch 12/100
2026-02-22 02:30:03,021 - INFO -   Epoch [10/175] Loss: 1.5090
2026-02-22 02:30:03,554 - INFO -   Epoch [20/175] Loss: 1.3824
2026-02-22 02:30:04,077 - INFO -   Epoch [30/175] Loss: 1.5147
2026-02-22 02:30:04,588 - INFO -   Epoch [40/175] Loss: 1.1953
2026-02-22 02:30:05,111 - INFO -   Epoch [50/175] Loss: 2.1694
2026-02-22 02:30:05,649 - INFO -   Epoch [60/175] Loss: 1.4804
2026-02-22 02:30:06,187 - INFO -   Epoch [70/175] Loss: 1.5143
2026-02-22 02:30:06,726 - INFO -   Epoch [80/175] Loss: 1.7034
2026-02-22 02:30:07,263 - INFO -   Epoch [90/175] Loss: 1.4260
2026-02-22 02:30:07,798 - INFO -   Epoch [100/175] Loss: 1.1917
2026-02-22 02:30:08,327 - INFO -   Epoch [110/175] Loss: 1.8104
2026-02-22 02:30:08,861 - INFO -   Epoch [120/175] Loss: 1.3038
2026-02-22 02:30:09,392 - INFO -   Epoch [130/175] Loss: 1.6747
2026-02-22 02:30:09,925 - INFO -   Epoch [140/175] Loss: 1.7086
2026-02-22 02:30:10,461 - INFO -   Epoch [150/175] Loss: 1.8892
2026-02-22 02:30:10,994 - INFO -   Epoch [160/175] Loss: 1.9480
2026-02-22 02:30:11,522 - INFO -   Epoch [170/175] Loss: 1.3896
2026-02-22 02:30:12,343 - INFO -   Train Loss: 1.5424
2026-02-22 02:30:12,343 - INFO -   Train Accuracy: 35.96%
2026-02-22 02:30:12,343 - INFO -   Val Loss: 1.5379
2026-02-22 02:30:12,343 - INFO -   Val Accuracy: 41.00% | F1: 0.3511
2026-02-22 02:30:12,343 - INFO -   LR: 0.000500
2026-02-22 02:30:12,343 - INFO -   Patience: 1/15
2026-02-22 02:30:12,343 - INFO - 
Epoch 13/100
2026-02-22 02:30:12,873 - INFO -   Epoch [10/175] Loss: 1.4078
2026-02-22 02:30:13,399 - INFO -   Epoch [20/175] Loss: 1.5379
2026-02-22 02:30:13,931 - INFO -   Epoch [30/175] Loss: 1.1186
2026-02-22 02:30:14,460 - INFO -   Epoch [40/175] Loss: 1.1119
2026-02-22 02:30:14,974 - INFO -   Epoch [50/175] Loss: 1.5989
2026-02-22 02:30:15,502 - INFO -   Epoch [60/175] Loss: 1.8122
2026-02-22 02:30:16,030 - INFO -   Epoch [70/175] Loss: 1.5508
2026-02-22 02:30:16,552 - INFO -   Epoch [80/175] Loss: 1.1722
2026-02-22 02:30:17,083 - INFO -   Epoch [90/175] Loss: 1.5634
2026-02-22 02:30:17,615 - INFO -   Epoch [100/175] Loss: 1.7528
2026-02-22 02:30:18,145 - INFO -   Epoch [110/175] Loss: 1.7783
2026-02-22 02:30:18,676 - INFO -   Epoch [120/175] Loss: 2.2933
2026-02-22 02:30:19,207 - INFO -   Epoch [130/175] Loss: 1.6766
2026-02-22 02:30:19,738 - INFO -   Epoch [140/175] Loss: 1.7857
2026-02-22 02:30:20,266 - INFO -   Epoch [150/175] Loss: 1.1734
2026-02-22 02:30:20,793 - INFO -   Epoch [160/175] Loss: 1.2621
2026-02-22 02:30:21,321 - INFO -   Epoch [170/175] Loss: 1.0865
2026-02-22 02:30:22,148 - INFO -   Train Loss: 1.5709
2026-02-22 02:30:22,149 - INFO -   Train Accuracy: 36.14%
2026-02-22 02:30:22,149 - INFO -   Val Loss: 1.5494
2026-02-22 02:30:22,149 - INFO -   Val Accuracy: 41.75% | F1: 0.3115
2026-02-22 02:30:22,149 - INFO -   LR: 0.000500
2026-02-22 02:30:22,149 - INFO -   Patience: 2/15
2026-02-22 02:30:22,149 - INFO - 
Epoch 14/100
2026-02-22 02:30:22,682 - INFO -   Epoch [10/175] Loss: 1.9959
2026-02-22 02:30:23,214 - INFO -   Epoch [20/175] Loss: 1.4518
2026-02-22 02:30:23,746 - INFO -   Epoch [30/175] Loss: 1.5442
2026-02-22 02:30:24,279 - INFO -   Epoch [40/175] Loss: 1.4986
2026-02-22 02:30:24,810 - INFO -   Epoch [50/175] Loss: 1.6984
2026-02-22 02:30:25,331 - INFO -   Epoch [60/175] Loss: 2.0303
2026-02-22 02:30:25,845 - INFO -   Epoch [70/175] Loss: 1.0089
2026-02-22 02:30:26,361 - INFO -   Epoch [80/175] Loss: 1.4080
2026-02-22 02:30:26,889 - INFO -   Epoch [90/175] Loss: 1.2065
2026-02-22 02:30:27,409 - INFO -   Epoch [100/175] Loss: 1.3648
2026-02-22 02:30:27,919 - INFO -   Epoch [110/175] Loss: 1.3842
2026-02-22 02:30:28,434 - INFO -   Epoch [120/175] Loss: 1.0512
2026-02-22 02:30:28,942 - INFO -   Epoch [130/175] Loss: 2.0635
2026-02-22 02:30:29,455 - INFO -   Epoch [140/175] Loss: 1.8687
2026-02-22 02:30:29,966 - INFO -   Epoch [150/175] Loss: 1.7168
2026-02-22 02:30:30,477 - INFO -   Epoch [160/175] Loss: 1.8512
2026-02-22 02:30:30,997 - INFO -   Epoch [170/175] Loss: 1.7399
2026-02-22 02:30:31,789 - INFO -   Train Loss: 1.5381
2026-02-22 02:30:31,789 - INFO -   Train Accuracy: 35.50%
2026-02-22 02:30:31,789 - INFO -   Val Loss: 1.5225
2026-02-22 02:30:31,789 - INFO -   Val Accuracy: 43.25% | F1: 0.3474
2026-02-22 02:30:31,789 - INFO -   LR: 0.000500
2026-02-22 02:30:31,789 - INFO -   Patience: 3/15
2026-02-22 02:30:31,789 - INFO - 
Epoch 15/100
2026-02-22 02:30:32,302 - INFO -   Epoch [10/175] Loss: 1.0377
2026-02-22 02:30:32,823 - INFO -   Epoch [20/175] Loss: 2.3097
2026-02-22 02:30:33,352 - INFO -   Epoch [30/175] Loss: 1.5688
2026-02-22 02:30:33,878 - INFO -   Epoch [40/175] Loss: 2.2487
2026-02-22 02:30:34,408 - INFO -   Epoch [50/175] Loss: 1.4635
2026-02-22 02:30:34,933 - INFO -   Epoch [60/175] Loss: 1.5573
2026-02-22 02:30:35,463 - INFO -   Epoch [70/175] Loss: 1.3524
2026-02-22 02:30:35,992 - INFO -   Epoch [80/175] Loss: 1.5462
2026-02-22 02:30:36,525 - INFO -   Epoch [90/175] Loss: 1.5093
2026-02-22 02:30:37,055 - INFO -   Epoch [100/175] Loss: 1.4154
2026-02-22 02:30:37,585 - INFO -   Epoch [110/175] Loss: 1.3227
2026-02-22 02:30:38,116 - INFO -   Epoch [120/175] Loss: 1.3781
2026-02-22 02:30:38,645 - INFO -   Epoch [130/175] Loss: 1.6780
2026-02-22 02:30:39,171 - INFO -   Epoch [140/175] Loss: 1.2460
2026-02-22 02:30:39,707 - INFO -   Epoch [150/175] Loss: 1.5395
2026-02-22 02:30:40,236 - INFO -   Epoch [160/175] Loss: 1.4864
2026-02-22 02:30:40,768 - INFO -   Epoch [170/175] Loss: 1.8231
2026-02-22 02:30:41,594 - INFO -   Train Loss: 1.5416
2026-02-22 02:30:41,594 - INFO -   Train Accuracy: 33.79%
2026-02-22 02:30:41,594 - INFO -   Val Loss: 1.5510
2026-02-22 02:30:41,594 - INFO -   Val Accuracy: 46.00% | F1: 0.3730
2026-02-22 02:30:41,594 - INFO -   LR: 0.000500
2026-02-22 02:30:41,594 - INFO -   Patience: 4/15
2026-02-22 02:30:41,594 - INFO - 
Epoch 16/100
2026-02-22 02:30:42,122 - INFO -   Epoch [10/175] Loss: 1.6058
2026-02-22 02:30:42,652 - INFO -   Epoch [20/175] Loss: 1.4615
2026-02-22 02:30:43,183 - INFO -   Epoch [30/175] Loss: 1.2055
2026-02-22 02:30:43,708 - INFO -   Epoch [40/175] Loss: 1.7317
2026-02-22 02:30:44,218 - INFO -   Epoch [50/175] Loss: 1.3181
2026-02-22 02:30:44,736 - INFO -   Epoch [60/175] Loss: 1.2288
2026-02-22 02:30:45,265 - INFO -   Epoch [70/175] Loss: 1.3671
2026-02-22 02:30:45,793 - INFO -   Epoch [80/175] Loss: 1.5355
2026-02-22 02:30:46,322 - INFO -   Epoch [90/175] Loss: 1.5173
2026-02-22 02:30:46,850 - INFO -   Epoch [100/175] Loss: 1.4036
2026-02-22 02:30:47,383 - INFO -   Epoch [110/175] Loss: 2.0118
2026-02-22 02:30:47,924 - INFO -   Epoch [120/175] Loss: 1.8708
2026-02-22 02:30:48,454 - INFO -   Epoch [130/175] Loss: 2.0503
2026-02-22 02:30:48,980 - INFO -   Epoch [140/175] Loss: 1.5740
2026-02-22 02:30:49,511 - INFO -   Epoch [150/175] Loss: 1.3088
2026-02-22 02:30:50,042 - INFO -   Epoch [160/175] Loss: 1.0453
2026-02-22 02:30:50,579 - INFO -   Epoch [170/175] Loss: 1.1946
2026-02-22 02:30:51,415 - INFO -   Train Loss: 1.5291
2026-02-22 02:30:51,416 - INFO -   Train Accuracy: 38.25%
2026-02-22 02:30:51,416 - INFO -   Val Loss: 1.5201
2026-02-22 02:30:51,416 - INFO -   Val Accuracy: 49.25% | F1: 0.3900
2026-02-22 02:30:51,416 - INFO -   LR: 0.000500
2026-02-22 02:30:51,546 - INFO -   ✓ New best model saved!
2026-02-22 02:30:51,547 - INFO -   Patience: 0/15
2026-02-22 02:30:51,547 - INFO - 
Epoch 17/100
2026-02-22 02:30:52,095 - INFO -   Epoch [10/175] Loss: 1.4017
2026-02-22 02:30:52,627 - INFO -   Epoch [20/175] Loss: 1.5615
2026-02-22 02:30:53,154 - INFO -   Epoch [30/175] Loss: 2.0782
2026-02-22 02:30:53,685 - INFO -   Epoch [40/175] Loss: 1.5622
2026-02-22 02:30:54,216 - INFO -   Epoch [50/175] Loss: 1.9053
2026-02-22 02:30:54,753 - INFO -   Epoch [60/175] Loss: 1.2024
2026-02-22 02:30:55,284 - INFO -   Epoch [70/175] Loss: 1.6309
2026-02-22 02:30:55,817 - INFO -   Epoch [80/175] Loss: 1.2799
2026-02-22 02:30:56,346 - INFO -   Epoch [90/175] Loss: 1.3252
2026-02-22 02:30:56,875 - INFO -   Epoch [100/175] Loss: 1.2919
2026-02-22 02:30:57,407 - INFO -   Epoch [110/175] Loss: 1.7626
2026-02-22 02:30:57,934 - INFO -   Epoch [120/175] Loss: 1.4886
2026-02-22 02:30:58,469 - INFO -   Epoch [130/175] Loss: 1.8620
2026-02-22 02:30:59,001 - INFO -   Epoch [140/175] Loss: 1.5880
2026-02-22 02:30:59,535 - INFO -   Epoch [150/175] Loss: 1.3751
2026-02-22 02:31:00,072 - INFO -   Epoch [160/175] Loss: 1.3660
2026-02-22 02:31:00,601 - INFO -   Epoch [170/175] Loss: 1.7447
2026-02-22 02:31:01,424 - INFO -   Train Loss: 1.5048
2026-02-22 02:31:01,425 - INFO -   Train Accuracy: 39.71%
2026-02-22 02:31:01,425 - INFO -   Val Loss: 1.5097
2026-02-22 02:31:01,425 - INFO -   Val Accuracy: 38.50% | F1: 0.3514
2026-02-22 02:31:01,425 - INFO -   LR: 0.000500
2026-02-22 02:31:01,425 - INFO -   Patience: 1/15
2026-02-22 02:31:01,425 - INFO - 
Epoch 18/100
2026-02-22 02:31:01,953 - INFO -   Epoch [10/175] Loss: 1.4870
2026-02-22 02:31:02,483 - INFO -   Epoch [20/175] Loss: 1.3711
2026-02-22 02:31:03,015 - INFO -   Epoch [30/175] Loss: 1.3780
2026-02-22 02:31:03,551 - INFO -   Epoch [40/175] Loss: 1.2508
2026-02-22 02:31:04,085 - INFO -   Epoch [50/175] Loss: 1.4609
2026-02-22 02:31:04,620 - INFO -   Epoch [60/175] Loss: 1.4291
2026-02-22 02:31:05,155 - INFO -   Epoch [70/175] Loss: 1.2989
2026-02-22 02:31:05,684 - INFO -   Epoch [80/175] Loss: 1.2835
2026-02-22 02:31:06,210 - INFO -   Epoch [90/175] Loss: 1.4983
2026-02-22 02:31:06,737 - INFO -   Epoch [100/175] Loss: 1.4153
2026-02-22 02:31:07,264 - INFO -   Epoch [110/175] Loss: 1.7214
2026-02-22 02:31:07,792 - INFO -   Epoch [120/175] Loss: 1.3123
2026-02-22 02:31:08,319 - INFO -   Epoch [130/175] Loss: 2.2734
2026-02-22 02:31:08,846 - INFO -   Epoch [140/175] Loss: 1.5041
2026-02-22 02:31:09,377 - INFO -   Epoch [150/175] Loss: 1.4686
2026-02-22 02:31:09,925 - INFO -   Epoch [160/175] Loss: 1.1613
2026-02-22 02:31:10,464 - INFO -   Epoch [170/175] Loss: 1.4291
2026-02-22 02:31:11,290 - INFO -   Train Loss: 1.4970
2026-02-22 02:31:11,290 - INFO -   Train Accuracy: 34.86%
2026-02-22 02:31:11,290 - INFO -   Val Loss: 1.5548
2026-02-22 02:31:11,290 - INFO -   Val Accuracy: 49.00% | F1: 0.3626
2026-02-22 02:31:11,290 - INFO -   LR: 0.000500
2026-02-22 02:31:11,291 - INFO -   Patience: 2/15
2026-02-22 02:31:11,291 - INFO - 
Epoch 19/100
2026-02-22 02:31:11,818 - INFO -   Epoch [10/175] Loss: 1.4764
2026-02-22 02:31:12,343 - INFO -   Epoch [20/175] Loss: 1.3650
2026-02-22 02:31:12,869 - INFO -   Epoch [30/175] Loss: 1.2582
2026-02-22 02:31:13,396 - INFO -   Epoch [40/175] Loss: 2.7776
2026-02-22 02:31:13,927 - INFO -   Epoch [50/175] Loss: 1.6652
2026-02-22 02:31:14,459 - INFO -   Epoch [60/175] Loss: 1.7260
2026-02-22 02:31:14,985 - INFO -   Epoch [70/175] Loss: 1.6922
2026-02-22 02:31:15,512 - INFO -   Epoch [80/175] Loss: 1.0556
2026-02-22 02:31:16,041 - INFO -   Epoch [90/175] Loss: 1.6366
2026-02-22 02:31:16,562 - INFO -   Epoch [100/175] Loss: 1.2965
2026-02-22 02:31:17,065 - INFO -   Epoch [110/175] Loss: 1.2060
2026-02-22 02:31:17,572 - INFO -   Epoch [120/175] Loss: 1.6917
2026-02-22 02:31:18,078 - INFO -   Epoch [130/175] Loss: 1.5625
2026-02-22 02:31:18,588 - INFO -   Epoch [140/175] Loss: 1.2486
2026-02-22 02:31:19,095 - INFO -   Epoch [150/175] Loss: 1.0687
2026-02-22 02:31:19,614 - INFO -   Epoch [160/175] Loss: 1.4229
2026-02-22 02:31:20,145 - INFO -   Epoch [170/175] Loss: 1.2872
2026-02-22 02:31:20,969 - INFO -   Train Loss: 1.5028
2026-02-22 02:31:20,969 - INFO -   Train Accuracy: 37.11%
2026-02-22 02:31:20,969 - INFO -   Val Loss: 1.5624
2026-02-22 02:31:20,969 - INFO -   Val Accuracy: 46.50% | F1: 0.3751
2026-02-22 02:31:20,969 - INFO -   LR: 0.000500
2026-02-22 02:31:20,969 - INFO -   Patience: 3/15
2026-02-22 02:31:20,969 - INFO - 
Epoch 20/100
2026-02-22 02:31:21,497 - INFO -   Epoch [10/175] Loss: 1.1193
2026-02-22 02:31:22,028 - INFO -   Epoch [20/175] Loss: 1.4368
2026-02-22 02:31:22,563 - INFO -   Epoch [30/175] Loss: 1.2329
2026-02-22 02:31:23,093 - INFO -   Epoch [40/175] Loss: 2.1841
2026-02-22 02:31:23,628 - INFO -   Epoch [50/175] Loss: 1.4543
2026-02-22 02:31:24,166 - INFO -   Epoch [60/175] Loss: 1.3218
2026-02-22 02:31:24,700 - INFO -   Epoch [70/175] Loss: 1.7514
2026-02-22 02:31:25,242 - INFO -   Epoch [80/175] Loss: 1.3830
2026-02-22 02:31:25,776 - INFO -   Epoch [90/175] Loss: 1.1421
2026-02-22 02:31:26,312 - INFO -   Epoch [100/175] Loss: 1.2374
2026-02-22 02:31:26,847 - INFO -   Epoch [110/175] Loss: 1.3516
2026-02-22 02:31:27,378 - INFO -   Epoch [120/175] Loss: 1.5799
2026-02-22 02:31:27,910 - INFO -   Epoch [130/175] Loss: 1.1633
2026-02-22 02:31:28,449 - INFO -   Epoch [140/175] Loss: 1.6307
2026-02-22 02:31:28,981 - INFO -   Epoch [150/175] Loss: 1.9195
2026-02-22 02:31:29,515 - INFO -   Epoch [160/175] Loss: 1.6636
2026-02-22 02:31:30,049 - INFO -   Epoch [170/175] Loss: 1.4836
2026-02-22 02:31:30,884 - INFO -   Train Loss: 1.4815
2026-02-22 02:31:30,884 - INFO -   Train Accuracy: 38.50%
2026-02-22 02:31:30,884 - INFO -   Val Loss: 1.5096
2026-02-22 02:31:30,884 - INFO -   Val Accuracy: 42.25% | F1: 0.3423
2026-02-22 02:31:30,884 - INFO -   LR: 0.000500
2026-02-22 02:31:30,885 - INFO -   Patience: 4/15
2026-02-22 02:31:30,885 - INFO - 
Epoch 21/100
2026-02-22 02:31:31,421 - INFO -   Epoch [10/175] Loss: 1.6843
2026-02-22 02:31:31,959 - INFO -   Epoch [20/175] Loss: 1.4163
2026-02-22 02:31:32,495 - INFO -   Epoch [30/175] Loss: 1.5458
2026-02-22 02:31:33,030 - INFO -   Epoch [40/175] Loss: 1.7657
2026-02-22 02:31:33,564 - INFO -   Epoch [50/175] Loss: 1.4694
2026-02-22 02:31:34,089 - INFO -   Epoch [60/175] Loss: 1.5394
2026-02-22 02:31:34,622 - INFO -   Epoch [70/175] Loss: 1.4494
2026-02-22 02:31:35,167 - INFO -   Epoch [80/175] Loss: 1.3734
2026-02-22 02:31:35,709 - INFO -   Epoch [90/175] Loss: 1.3413
2026-02-22 02:31:36,244 - INFO -   Epoch [100/175] Loss: 1.0799
2026-02-22 02:31:36,780 - INFO -   Epoch [110/175] Loss: 2.9304
2026-02-22 02:31:37,318 - INFO -   Epoch [120/175] Loss: 1.4867
2026-02-22 02:31:37,851 - INFO -   Epoch [130/175] Loss: 1.2981
2026-02-22 02:31:38,391 - INFO -   Epoch [140/175] Loss: 1.1450
2026-02-22 02:31:38,927 - INFO -   Epoch [150/175] Loss: 2.3879
2026-02-22 02:31:39,462 - INFO -   Epoch [160/175] Loss: 1.3880
2026-02-22 02:31:39,996 - INFO -   Epoch [170/175] Loss: 2.0597
2026-02-22 02:31:40,839 - INFO -   Train Loss: 1.5305
2026-02-22 02:31:40,839 - INFO -   Train Accuracy: 37.11%
2026-02-22 02:31:40,839 - INFO -   Val Loss: 1.5223
2026-02-22 02:31:40,839 - INFO -   Val Accuracy: 47.00% | F1: 0.3757
2026-02-22 02:31:40,839 - INFO -   LR: 0.000500
2026-02-22 02:31:40,839 - INFO -   Patience: 5/15
2026-02-22 02:31:40,839 - INFO - 
Epoch 22/100
2026-02-22 02:31:41,370 - INFO -   Epoch [10/175] Loss: 1.4411
2026-02-22 02:31:41,905 - INFO -   Epoch [20/175] Loss: 2.4674
2026-02-22 02:31:42,434 - INFO -   Epoch [30/175] Loss: 1.5305
2026-02-22 02:31:42,968 - INFO -   Epoch [40/175] Loss: 1.5417
2026-02-22 02:31:43,502 - INFO -   Epoch [50/175] Loss: 1.2068
2026-02-22 02:31:44,038 - INFO -   Epoch [60/175] Loss: 1.8437
2026-02-22 02:31:44,574 - INFO -   Epoch [70/175] Loss: 1.6677
2026-02-22 02:31:45,112 - INFO -   Epoch [80/175] Loss: 1.3816
2026-02-22 02:31:45,647 - INFO -   Epoch [90/175] Loss: 1.4244
2026-02-22 02:31:46,183 - INFO -   Epoch [100/175] Loss: 1.2845
2026-02-22 02:31:46,719 - INFO -   Epoch [110/175] Loss: 1.2933
2026-02-22 02:31:47,251 - INFO -   Epoch [120/175] Loss: 1.9895
2026-02-22 02:31:47,784 - INFO -   Epoch [130/175] Loss: 1.3788
2026-02-22 02:31:48,320 - INFO -   Epoch [140/175] Loss: 1.6061
2026-02-22 02:31:48,851 - INFO -   Epoch [150/175] Loss: 2.2175
2026-02-22 02:31:49,387 - INFO -   Epoch [160/175] Loss: 1.5834
2026-02-22 02:31:49,926 - INFO -   Epoch [170/175] Loss: 1.2377
2026-02-22 02:31:50,763 - INFO -   Train Loss: 1.5196
2026-02-22 02:31:50,763 - INFO -   Train Accuracy: 37.64%
2026-02-22 02:31:50,763 - INFO -   Val Loss: 1.5765
2026-02-22 02:31:50,763 - INFO -   Val Accuracy: 51.25% | F1: 0.3831
2026-02-22 02:31:50,763 - INFO -   LR: 0.000500
2026-02-22 02:31:50,851 - INFO -   ✓ New best model saved!
2026-02-22 02:31:50,852 - INFO -   Patience: 0/15
2026-02-22 02:31:50,852 - INFO - 
Epoch 23/100
2026-02-22 02:31:51,403 - INFO -   Epoch [10/175] Loss: 1.5191
2026-02-22 02:31:51,943 - INFO -   Epoch [20/175] Loss: 1.6762
2026-02-22 02:31:52,479 - INFO -   Epoch [30/175] Loss: 1.1704
2026-02-22 02:31:53,016 - INFO -   Epoch [40/175] Loss: 1.4516
2026-02-22 02:31:53,551 - INFO -   Epoch [50/175] Loss: 1.9795
2026-02-22 02:31:54,084 - INFO -   Epoch [60/175] Loss: 1.0956
2026-02-22 02:31:54,606 - INFO -   Epoch [70/175] Loss: 1.5872
2026-02-22 02:31:55,124 - INFO -   Epoch [80/175] Loss: 1.4641
2026-02-22 02:31:55,654 - INFO -   Epoch [90/175] Loss: 1.2909
2026-02-22 02:31:56,193 - INFO -   Epoch [100/175] Loss: 1.6727
2026-02-22 02:31:56,721 - INFO -   Epoch [110/175] Loss: 1.4964
2026-02-22 02:31:57,256 - INFO -   Epoch [120/175] Loss: 1.8657
2026-02-22 02:31:57,790 - INFO -   Epoch [130/175] Loss: 1.5175
2026-02-22 02:31:58,322 - INFO -   Epoch [140/175] Loss: 1.3166
2026-02-22 02:31:58,853 - INFO -   Epoch [150/175] Loss: 1.5385
2026-02-22 02:31:59,384 - INFO -   Epoch [160/175] Loss: 1.7530
2026-02-22 02:31:59,918 - INFO -   Epoch [170/175] Loss: 1.5399
2026-02-22 02:32:00,750 - INFO -   Train Loss: 1.5064
2026-02-22 02:32:00,751 - INFO -   Train Accuracy: 37.86%
2026-02-22 02:32:00,751 - INFO -   Val Loss: 1.4744
2026-02-22 02:32:00,751 - INFO -   Val Accuracy: 48.50% | F1: 0.3987
2026-02-22 02:32:00,751 - INFO -   LR: 0.000500
2026-02-22 02:32:00,751 - INFO -   Patience: 1/15
2026-02-22 02:32:00,751 - INFO - 
Epoch 24/100
2026-02-22 02:32:01,280 - INFO -   Epoch [10/175] Loss: 1.2611
2026-02-22 02:32:01,816 - INFO -   Epoch [20/175] Loss: 1.5562
2026-02-22 02:32:02,351 - INFO -   Epoch [30/175] Loss: 1.7729
2026-02-22 02:32:02,888 - INFO -   Epoch [40/175] Loss: 1.7644
2026-02-22 02:32:03,421 - INFO -   Epoch [50/175] Loss: 3.4323
2026-02-22 02:32:03,940 - INFO -   Epoch [60/175] Loss: 1.2042
2026-02-22 02:32:04,460 - INFO -   Epoch [70/175] Loss: 1.5418
2026-02-22 02:32:04,979 - INFO -   Epoch [80/175] Loss: 1.4382
2026-02-22 02:32:05,504 - INFO -   Epoch [90/175] Loss: 1.5856
2026-02-22 02:32:06,017 - INFO -   Epoch [100/175] Loss: 0.9154
2026-02-22 02:32:06,530 - INFO -   Epoch [110/175] Loss: 1.1071
2026-02-22 02:32:07,072 - INFO -   Epoch [120/175] Loss: 1.6909
2026-02-22 02:32:07,574 - INFO -   Epoch [130/175] Loss: 2.5428
2026-02-22 02:32:08,086 - INFO -   Epoch [140/175] Loss: 1.7371
2026-02-22 02:32:08,600 - INFO -   Epoch [150/175] Loss: 1.3045
2026-02-22 02:32:09,111 - INFO -   Epoch [160/175] Loss: 2.0539
2026-02-22 02:32:09,616 - INFO -   Epoch [170/175] Loss: 1.9504
2026-02-22 02:32:10,431 - INFO -   Train Loss: 1.5129
2026-02-22 02:32:10,431 - INFO -   Train Accuracy: 36.29%
2026-02-22 02:32:10,431 - INFO -   Val Loss: 1.5193
2026-02-22 02:32:10,431 - INFO -   Val Accuracy: 39.25% | F1: 0.3224
2026-02-22 02:32:10,431 - INFO -   LR: 0.000500
2026-02-22 02:32:10,431 - INFO -   Patience: 2/15
2026-02-22 02:32:10,431 - INFO - 
Epoch 25/100
2026-02-22 02:32:10,940 - INFO -   Epoch [10/175] Loss: 1.1434
2026-02-22 02:32:11,448 - INFO -   Epoch [20/175] Loss: 1.9930
2026-02-22 02:32:11,963 - INFO -   Epoch [30/175] Loss: 1.4267
2026-02-22 02:32:12,475 - INFO -   Epoch [40/175] Loss: 1.3973
2026-02-22 02:32:12,993 - INFO -   Epoch [50/175] Loss: 1.2670
2026-02-22 02:32:13,516 - INFO -   Epoch [60/175] Loss: 1.5977
2026-02-22 02:32:14,044 - INFO -   Epoch [70/175] Loss: 0.8521
2026-02-22 02:32:14,559 - INFO -   Epoch [80/175] Loss: 2.3213
2026-02-22 02:32:15,076 - INFO -   Epoch [90/175] Loss: 1.9204
2026-02-22 02:32:15,587 - INFO -   Epoch [100/175] Loss: 1.2207
2026-02-22 02:32:16,106 - INFO -   Epoch [110/175] Loss: 1.7108
2026-02-22 02:32:16,631 - INFO -   Epoch [120/175] Loss: 1.7957
2026-02-22 02:32:17,159 - INFO -   Epoch [130/175] Loss: 1.1830
2026-02-22 02:32:17,687 - INFO -   Epoch [140/175] Loss: 1.6960
2026-02-22 02:32:18,213 - INFO -   Epoch [150/175] Loss: 1.1483
2026-02-22 02:32:18,739 - INFO -   Epoch [160/175] Loss: 1.4816
2026-02-22 02:32:19,266 - INFO -   Epoch [170/175] Loss: 1.3746
2026-02-22 02:32:20,089 - INFO -   Train Loss: 1.5108
2026-02-22 02:32:20,089 - INFO -   Train Accuracy: 37.39%
2026-02-22 02:32:20,089 - INFO -   Val Loss: 1.5141
2026-02-22 02:32:20,089 - INFO -   Val Accuracy: 51.75% | F1: 0.4209
2026-02-22 02:32:20,090 - INFO -   LR: 0.000500
2026-02-22 02:32:20,176 - INFO -   ✓ New best model saved!
2026-02-22 02:32:20,177 - INFO -   Patience: 0/15
2026-02-22 02:32:20,177 - INFO - 
Epoch 26/100
2026-02-22 02:32:20,713 - INFO -   Epoch [10/175] Loss: 1.5127
2026-02-22 02:32:21,241 - INFO -   Epoch [20/175] Loss: 1.7511
2026-02-22 02:32:21,773 - INFO -   Epoch [30/175] Loss: 2.0578
2026-02-22 02:32:22,303 - INFO -   Epoch [40/175] Loss: 1.9845
2026-02-22 02:32:22,817 - INFO -   Epoch [50/175] Loss: 1.6608
2026-02-22 02:32:23,329 - INFO -   Epoch [60/175] Loss: 1.4431
2026-02-22 02:32:23,839 - INFO -   Epoch [70/175] Loss: 2.4892
2026-02-22 02:32:24,331 - INFO -   Epoch [80/175] Loss: 1.3788
2026-02-22 02:32:24,814 - INFO -   Epoch [90/175] Loss: 1.3669
2026-02-22 02:32:25,323 - INFO -   Epoch [100/175] Loss: 1.1689
2026-02-22 02:32:25,862 - INFO -   Epoch [110/175] Loss: 1.2357
2026-02-22 02:32:26,391 - INFO -   Epoch [120/175] Loss: 1.2584
2026-02-22 02:32:26,924 - INFO -   Epoch [130/175] Loss: 1.5908
2026-02-22 02:32:27,450 - INFO -   Epoch [140/175] Loss: 1.3383
2026-02-22 02:32:27,979 - INFO -   Epoch [150/175] Loss: 1.6664
2026-02-22 02:32:28,506 - INFO -   Epoch [160/175] Loss: 1.6555
2026-02-22 02:32:29,024 - INFO -   Epoch [170/175] Loss: 0.9675
2026-02-22 02:32:29,848 - INFO -   Train Loss: 1.5259
2026-02-22 02:32:29,848 - INFO -   Train Accuracy: 36.75%
2026-02-22 02:32:29,848 - INFO -   Val Loss: 1.5291
2026-02-22 02:32:29,848 - INFO -   Val Accuracy: 45.75% | F1: 0.3500
2026-02-22 02:32:29,848 - INFO -   LR: 0.000500
2026-02-22 02:32:29,848 - INFO -   Patience: 1/15
2026-02-22 02:32:29,848 - INFO - 
Epoch 27/100
2026-02-22 02:32:30,374 - INFO -   Epoch [10/175] Loss: 1.2093
2026-02-22 02:32:30,908 - INFO -   Epoch [20/175] Loss: 1.4181
2026-02-22 02:32:31,442 - INFO -   Epoch [30/175] Loss: 1.7775
2026-02-22 02:32:31,983 - INFO -   Epoch [40/175] Loss: 1.6113
2026-02-22 02:32:32,521 - INFO -   Epoch [50/175] Loss: 1.8849
2026-02-22 02:32:33,059 - INFO -   Epoch [60/175] Loss: 1.4781
2026-02-22 02:32:33,598 - INFO -   Epoch [70/175] Loss: 1.3286
2026-02-22 02:32:34,126 - INFO -   Epoch [80/175] Loss: 1.6187
2026-02-22 02:32:34,635 - INFO -   Epoch [90/175] Loss: 1.1396
2026-02-22 02:32:35,153 - INFO -   Epoch [100/175] Loss: 1.3504
2026-02-22 02:32:35,681 - INFO -   Epoch [110/175] Loss: 1.7138
2026-02-22 02:32:36,208 - INFO -   Epoch [120/175] Loss: 1.2917
2026-02-22 02:32:36,736 - INFO -   Epoch [130/175] Loss: 1.2797
2026-02-22 02:32:37,265 - INFO -   Epoch [140/175] Loss: 1.8843
2026-02-22 02:32:37,799 - INFO -   Epoch [150/175] Loss: 1.8202
2026-02-22 02:32:38,330 - INFO -   Epoch [160/175] Loss: 1.7838
2026-02-22 02:32:38,857 - INFO -   Epoch [170/175] Loss: 1.3654
2026-02-22 02:32:39,678 - INFO -   Train Loss: 1.4836
2026-02-22 02:32:39,678 - INFO -   Train Accuracy: 37.93%
2026-02-22 02:32:39,678 - INFO -   Val Loss: 1.4880
2026-02-22 02:32:39,678 - INFO -   Val Accuracy: 44.25% | F1: 0.3538
2026-02-22 02:32:39,678 - INFO -   LR: 0.000500
2026-02-22 02:32:39,679 - INFO -   Patience: 2/15
2026-02-22 02:32:39,679 - INFO - 
Epoch 28/100
2026-02-22 02:32:40,211 - INFO -   Epoch [10/175] Loss: 1.2958
2026-02-22 02:32:40,750 - INFO -   Epoch [20/175] Loss: 1.1050
2026-02-22 02:32:41,276 - INFO -   Epoch [30/175] Loss: 1.5835
2026-02-22 02:32:41,804 - INFO -   Epoch [40/175] Loss: 1.4908
2026-02-22 02:32:42,331 - INFO -   Epoch [50/175] Loss: 1.1304
2026-02-22 02:32:42,864 - INFO -   Epoch [60/175] Loss: 1.8117
2026-02-22 02:32:43,395 - INFO -   Epoch [70/175] Loss: 1.2638
2026-02-22 02:32:43,915 - INFO -   Epoch [80/175] Loss: 1.3316
2026-02-22 02:32:44,433 - INFO -   Epoch [90/175] Loss: 1.0947
2026-02-22 02:32:44,960 - INFO -   Epoch [100/175] Loss: 1.1751
2026-02-22 02:32:45,493 - INFO -   Epoch [110/175] Loss: 1.4857
2026-02-22 02:32:46,020 - INFO -   Epoch [120/175] Loss: 1.5938
2026-02-22 02:32:46,544 - INFO -   Epoch [130/175] Loss: 1.0915
2026-02-22 02:32:47,067 - INFO -   Epoch [140/175] Loss: 1.5544
2026-02-22 02:32:47,592 - INFO -   Epoch [150/175] Loss: 2.0359
2026-02-22 02:32:48,123 - INFO -   Epoch [160/175] Loss: 1.0285
2026-02-22 02:32:48,650 - INFO -   Epoch [170/175] Loss: 1.2892
2026-02-22 02:32:49,468 - INFO -   Train Loss: 1.4504
2026-02-22 02:32:49,469 - INFO -   Train Accuracy: 35.50%
2026-02-22 02:32:49,469 - INFO -   Val Loss: 1.4929
2026-02-22 02:32:49,469 - INFO -   Val Accuracy: 52.75% | F1: 0.3935
2026-02-22 02:32:49,469 - INFO -   LR: 0.000500
2026-02-22 02:32:49,577 - INFO -   ✓ New best model saved!
2026-02-22 02:32:49,577 - INFO -   Patience: 0/15
2026-02-22 02:32:49,577 - INFO - 
Epoch 29/100
2026-02-22 02:32:50,110 - INFO -   Epoch [10/175] Loss: 2.0708
2026-02-22 02:32:50,637 - INFO -   Epoch [20/175] Loss: 1.8141
2026-02-22 02:32:51,164 - INFO -   Epoch [30/175] Loss: 1.6571
2026-02-22 02:32:51,690 - INFO -   Epoch [40/175] Loss: 1.5876
2026-02-22 02:32:52,217 - INFO -   Epoch [50/175] Loss: 1.4227
2026-02-22 02:32:52,749 - INFO -   Epoch [60/175] Loss: 1.0379
2026-02-22 02:32:53,274 - INFO -   Epoch [70/175] Loss: 1.4050
2026-02-22 02:32:53,802 - INFO -   Epoch [80/175] Loss: 1.3494
2026-02-22 02:32:54,338 - INFO -   Epoch [90/175] Loss: 1.5371
2026-02-22 02:32:54,857 - INFO -   Epoch [100/175] Loss: 1.5141
2026-02-22 02:32:55,386 - INFO -   Epoch [110/175] Loss: 1.4700
2026-02-22 02:32:55,920 - INFO -   Epoch [120/175] Loss: 1.3254
2026-02-22 02:32:56,451 - INFO -   Epoch [130/175] Loss: 1.5070
2026-02-22 02:32:56,982 - INFO -   Epoch [140/175] Loss: 1.2662
2026-02-22 02:32:57,510 - INFO -   Epoch [150/175] Loss: 2.0991
2026-02-22 02:32:58,039 - INFO -   Epoch [160/175] Loss: 1.3177
2026-02-22 02:32:58,569 - INFO -   Epoch [170/175] Loss: 1.9778
2026-02-22 02:32:59,337 - INFO -   Train Loss: 1.4876
2026-02-22 02:32:59,337 - INFO -   Train Accuracy: 35.50%
2026-02-22 02:32:59,337 - INFO -   Val Loss: 1.5433
2026-02-22 02:32:59,337 - INFO -   Val Accuracy: 48.50% | F1: 0.3954
2026-02-22 02:32:59,337 - INFO -   LR: 0.000500
2026-02-22 02:32:59,337 - INFO -   Patience: 1/15
2026-02-22 02:32:59,337 - INFO - 
Epoch 30/100
2026-02-22 02:32:59,837 - INFO -   Epoch [10/175] Loss: 1.4046
2026-02-22 02:33:00,340 - INFO -   Epoch [20/175] Loss: 1.6939
2026-02-22 02:33:00,841 - INFO -   Epoch [30/175] Loss: 1.7030
2026-02-22 02:33:01,366 - INFO -   Epoch [40/175] Loss: 1.6449
2026-02-22 02:33:01,890 - INFO -   Epoch [50/175] Loss: 1.4417
2026-02-22 02:33:02,417 - INFO -   Epoch [60/175] Loss: 1.3167
2026-02-22 02:33:02,943 - INFO -   Epoch [70/175] Loss: 1.2495
2026-02-22 02:33:03,470 - INFO -   Epoch [80/175] Loss: 1.1080
2026-02-22 02:33:03,994 - INFO -   Epoch [90/175] Loss: 1.2612
2026-02-22 02:33:04,521 - INFO -   Epoch [100/175] Loss: 1.4243
2026-02-22 02:33:05,045 - INFO -   Epoch [110/175] Loss: 1.0910
2026-02-22 02:33:05,571 - INFO -   Epoch [120/175] Loss: 1.8221
2026-02-22 02:33:06,097 - INFO -   Epoch [130/175] Loss: 1.3775
2026-02-22 02:33:06,621 - INFO -   Epoch [140/175] Loss: 1.5032
2026-02-22 02:33:07,150 - INFO -   Epoch [150/175] Loss: 1.5885
2026-02-22 02:33:07,679 - INFO -   Epoch [160/175] Loss: 1.2008
2026-02-22 02:33:08,208 - INFO -   Epoch [170/175] Loss: 1.7051
2026-02-22 02:33:09,035 - INFO -   Train Loss: 1.4816
2026-02-22 02:33:09,035 - INFO -   Train Accuracy: 38.21%
2026-02-22 02:33:09,035 - INFO -   Val Loss: 1.5436
2026-02-22 02:33:09,035 - INFO -   Val Accuracy: 43.75% | F1: 0.3379
2026-02-22 02:33:09,035 - INFO -   LR: 0.000500
2026-02-22 02:33:09,035 - INFO -   Patience: 2/15
2026-02-22 02:33:09,035 - INFO - 
Epoch 31/100
2026-02-22 02:33:09,569 - INFO -   Epoch [10/175] Loss: 1.7553
2026-02-22 02:33:10,102 - INFO -   Epoch [20/175] Loss: 1.6210
2026-02-22 02:33:10,629 - INFO -   Epoch [30/175] Loss: 1.3201
2026-02-22 02:33:11,160 - INFO -   Epoch [40/175] Loss: 1.5767
2026-02-22 02:33:11,683 - INFO -   Epoch [50/175] Loss: 1.3694
2026-02-22 02:33:12,209 - INFO -   Epoch [60/175] Loss: 1.3728
2026-02-22 02:33:12,735 - INFO -   Epoch [70/175] Loss: 1.3048
2026-02-22 02:33:13,265 - INFO -   Epoch [80/175] Loss: 1.0975
2026-02-22 02:33:13,784 - INFO -   Epoch [90/175] Loss: 2.0958
2026-02-22 02:33:14,293 - INFO -   Epoch [100/175] Loss: 1.1455
2026-02-22 02:33:14,806 - INFO -   Epoch [110/175] Loss: 1.5445
2026-02-22 02:33:15,333 - INFO -   Epoch [120/175] Loss: 1.4529
2026-02-22 02:33:15,858 - INFO -   Epoch [130/175] Loss: 1.3830
2026-02-22 02:33:16,388 - INFO -   Epoch [140/175] Loss: 1.6787
2026-02-22 02:33:16,919 - INFO -   Epoch [150/175] Loss: 1.5837
2026-02-22 02:33:17,446 - INFO -   Epoch [160/175] Loss: 1.1723
2026-02-22 02:33:17,971 - INFO -   Epoch [170/175] Loss: 1.5052
2026-02-22 02:33:18,799 - INFO -   Train Loss: 1.5180
2026-02-22 02:33:18,799 - INFO -   Train Accuracy: 37.04%
2026-02-22 02:33:18,799 - INFO -   Val Loss: 1.5730
2026-02-22 02:33:18,799 - INFO -   Val Accuracy: 39.75% | F1: 0.3365
2026-02-22 02:33:18,799 - INFO -   LR: 0.000500
2026-02-22 02:33:18,799 - INFO -   Patience: 3/15
2026-02-22 02:33:18,799 - INFO - 
Epoch 32/100
2026-02-22 02:33:19,326 - INFO -   Epoch [10/175] Loss: 1.5876
2026-02-22 02:33:19,850 - INFO -   Epoch [20/175] Loss: 1.4138
2026-02-22 02:33:20,374 - INFO -   Epoch [30/175] Loss: 2.1481
2026-02-22 02:33:20,900 - INFO -   Epoch [40/175] Loss: 3.6098
2026-02-22 02:33:21,425 - INFO -   Epoch [50/175] Loss: 1.3218
2026-02-22 02:33:21,946 - INFO -   Epoch [60/175] Loss: 1.8171
2026-02-22 02:33:22,471 - INFO -   Epoch [70/175] Loss: 1.3492
2026-02-22 02:33:22,997 - INFO -   Epoch [80/175] Loss: 1.4821
2026-02-22 02:33:23,523 - INFO -   Epoch [90/175] Loss: 1.0810
2026-02-22 02:33:24,047 - INFO -   Epoch [100/175] Loss: 2.4297
2026-02-22 02:33:24,570 - INFO -   Epoch [110/175] Loss: 1.2551
2026-02-22 02:33:25,096 - INFO -   Epoch [120/175] Loss: 1.3430
2026-02-22 02:33:25,626 - INFO -   Epoch [130/175] Loss: 1.6867
2026-02-22 02:33:26,164 - INFO -   Epoch [140/175] Loss: 1.1827
2026-02-22 02:33:26,688 - INFO -   Epoch [150/175] Loss: 1.2204
2026-02-22 02:33:27,213 - INFO -   Epoch [160/175] Loss: 1.5767
2026-02-22 02:33:27,738 - INFO -   Epoch [170/175] Loss: 1.3489
2026-02-22 02:33:28,560 - INFO -   Train Loss: 1.5175
2026-02-22 02:33:28,560 - INFO -   Train Accuracy: 37.18%
2026-02-22 02:33:28,560 - INFO -   Val Loss: 1.5265
2026-02-22 02:33:28,560 - INFO -   Val Accuracy: 51.25% | F1: 0.4019
2026-02-22 02:33:28,560 - INFO -   LR: 0.000500
2026-02-22 02:33:28,560 - INFO -   Patience: 4/15
2026-02-22 02:33:28,560 - INFO - 
Epoch 33/100
2026-02-22 02:33:29,089 - INFO -   Epoch [10/175] Loss: 1.0964
2026-02-22 02:33:29,621 - INFO -   Epoch [20/175] Loss: 1.2116
2026-02-22 02:33:30,147 - INFO -   Epoch [30/175] Loss: 1.0755
2026-02-22 02:33:30,675 - INFO -   Epoch [40/175] Loss: 1.5713
2026-02-22 02:33:31,213 - INFO -   Epoch [50/175] Loss: 1.9305
2026-02-22 02:33:31,742 - INFO -   Epoch [60/175] Loss: 1.6270
2026-02-22 02:33:32,276 - INFO -   Epoch [70/175] Loss: 1.3504
2026-02-22 02:33:32,810 - INFO -   Epoch [80/175] Loss: 1.2831
2026-02-22 02:33:33,339 - INFO -   Epoch [90/175] Loss: 1.3692
2026-02-22 02:33:33,868 - INFO -   Epoch [100/175] Loss: 1.2247
2026-02-22 02:33:34,400 - INFO -   Epoch [110/175] Loss: 1.2364
2026-02-22 02:33:34,934 - INFO -   Epoch [120/175] Loss: 1.3747
2026-02-22 02:33:35,466 - INFO -   Epoch [130/175] Loss: 1.7655
2026-02-22 02:33:36,001 - INFO -   Epoch [140/175] Loss: 1.7206
2026-02-22 02:33:36,538 - INFO -   Epoch [150/175] Loss: 1.4218
2026-02-22 02:33:37,072 - INFO -   Epoch [160/175] Loss: 1.1845
2026-02-22 02:33:37,608 - INFO -   Epoch [170/175] Loss: 1.7926
2026-02-22 02:33:38,436 - INFO -   Train Loss: 1.4916
2026-02-22 02:33:38,436 - INFO -   Train Accuracy: 37.11%
2026-02-22 02:33:38,436 - INFO -   Val Loss: 1.5699
2026-02-22 02:33:38,436 - INFO -   Val Accuracy: 49.75% | F1: 0.3873
2026-02-22 02:33:38,436 - INFO -   LR: 0.000500
2026-02-22 02:33:38,436 - INFO -   Patience: 5/15
2026-02-22 02:33:38,436 - INFO - 
Epoch 34/100
2026-02-22 02:33:38,966 - INFO -   Epoch [10/175] Loss: 1.4264
2026-02-22 02:33:39,497 - INFO -   Epoch [20/175] Loss: 1.6202
2026-02-22 02:33:40,030 - INFO -   Epoch [30/175] Loss: 0.7595
2026-02-22 02:33:40,564 - INFO -   Epoch [40/175] Loss: 1.9351
2026-02-22 02:33:41,103 - INFO -   Epoch [50/175] Loss: 1.0504
2026-02-22 02:33:41,651 - INFO -   Epoch [60/175] Loss: 1.2809
2026-02-22 02:33:42,185 - INFO -   Epoch [70/175] Loss: 1.6269
2026-02-22 02:33:42,720 - INFO -   Epoch [80/175] Loss: 1.5438
2026-02-22 02:33:43,249 - INFO -   Epoch [90/175] Loss: 1.2857
2026-02-22 02:33:43,787 - INFO -   Epoch [100/175] Loss: 1.6771
2026-02-22 02:33:44,318 - INFO -   Epoch [110/175] Loss: 1.5858
2026-02-22 02:33:44,846 - INFO -   Epoch [120/175] Loss: 1.3752
2026-02-22 02:33:45,375 - INFO -   Epoch [130/175] Loss: 4.0657
2026-02-22 02:33:45,904 - INFO -   Epoch [140/175] Loss: 1.6998
2026-02-22 02:33:46,445 - INFO -   Epoch [150/175] Loss: 1.2115
2026-02-22 02:33:46,988 - INFO -   Epoch [160/175] Loss: 0.9561
2026-02-22 02:33:47,525 - INFO -   Epoch [170/175] Loss: 1.9142
2026-02-22 02:33:48,354 - INFO -   Train Loss: 1.4965
2026-02-22 02:33:48,354 - INFO -   Train Accuracy: 39.32%
2026-02-22 02:33:48,354 - INFO -   Val Loss: 1.4886
2026-02-22 02:33:48,354 - INFO -   Val Accuracy: 47.25% | F1: 0.3491
2026-02-22 02:33:48,354 - INFO -   LR: 0.000500
2026-02-22 02:33:48,354 - INFO -   Patience: 6/15
2026-02-22 02:33:48,354 - INFO - 
Epoch 35/100
2026-02-22 02:33:48,882 - INFO -   Epoch [10/175] Loss: 1.3987
2026-02-22 02:33:49,416 - INFO -   Epoch [20/175] Loss: 1.9246
2026-02-22 02:33:49,948 - INFO -   Epoch [30/175] Loss: 1.5336
2026-02-22 02:33:50,482 - INFO -   Epoch [40/175] Loss: 1.5432
2026-02-22 02:33:51,012 - INFO -   Epoch [50/175] Loss: 1.4117
2026-02-22 02:33:51,551 - INFO -   Epoch [60/175] Loss: 1.2022
2026-02-22 02:33:52,087 - INFO -   Epoch [70/175] Loss: 1.1479
2026-02-22 02:33:52,623 - INFO -   Epoch [80/175] Loss: 1.6398
2026-02-22 02:33:53,153 - INFO -   Epoch [90/175] Loss: 1.1466
2026-02-22 02:33:53,689 - INFO -   Epoch [100/175] Loss: 1.2386
2026-02-22 02:33:54,208 - INFO -   Epoch [110/175] Loss: 1.3436
2026-02-22 02:33:54,728 - INFO -   Epoch [120/175] Loss: 1.5811
2026-02-22 02:33:55,255 - INFO -   Epoch [130/175] Loss: 1.5915
2026-02-22 02:33:55,782 - INFO -   Epoch [140/175] Loss: 1.2518
2026-02-22 02:33:56,291 - INFO -   Epoch [150/175] Loss: 1.5341
2026-02-22 02:33:56,819 - INFO -   Epoch [160/175] Loss: 1.3273
2026-02-22 02:33:57,354 - INFO -   Epoch [170/175] Loss: 1.5572
2026-02-22 02:33:58,179 - INFO -   Train Loss: 1.4486
2026-02-22 02:33:58,179 - INFO -   Train Accuracy: 39.04%
2026-02-22 02:33:58,179 - INFO -   Val Loss: 1.4919
2026-02-22 02:33:58,179 - INFO -   Val Accuracy: 49.75% | F1: 0.3847
2026-02-22 02:33:58,179 - INFO -   LR: 0.000250
2026-02-22 02:33:58,179 - INFO -   Patience: 7/15
2026-02-22 02:33:58,179 - INFO - 
Epoch 36/100
2026-02-22 02:33:58,711 - INFO -   Epoch [10/175] Loss: 1.4610
2026-02-22 02:33:59,240 - INFO -   Epoch [20/175] Loss: 1.6666
2026-02-22 02:33:59,773 - INFO -   Epoch [30/175] Loss: 1.4741
2026-02-22 02:34:00,303 - INFO -   Epoch [40/175] Loss: 1.2876
2026-02-22 02:34:00,835 - INFO -   Epoch [50/175] Loss: 1.5701
2026-02-22 02:34:01,372 - INFO -   Epoch [60/175] Loss: 1.4248
2026-02-22 02:34:01,909 - INFO -   Epoch [70/175] Loss: 1.2607
2026-02-22 02:34:02,442 - INFO -   Epoch [80/175] Loss: 1.5881
2026-02-22 02:34:02,977 - INFO -   Epoch [90/175] Loss: 1.5907
2026-02-22 02:34:03,511 - INFO -   Epoch [100/175] Loss: 1.8721
2026-02-22 02:34:04,043 - INFO -   Epoch [110/175] Loss: 2.0902
2026-02-22 02:34:04,580 - INFO -   Epoch [120/175] Loss: 1.9765
2026-02-22 02:34:05,114 - INFO -   Epoch [130/175] Loss: 2.0298
2026-02-22 02:34:05,644 - INFO -   Epoch [140/175] Loss: 1.5198
2026-02-22 02:34:06,172 - INFO -   Epoch [150/175] Loss: 1.4856
2026-02-22 02:34:06,711 - INFO -   Epoch [160/175] Loss: 2.1397
2026-02-22 02:34:07,240 - INFO -   Epoch [170/175] Loss: 1.5188
2026-02-22 02:34:08,068 - INFO -   Train Loss: 1.4606
2026-02-22 02:34:08,068 - INFO -   Train Accuracy: 41.57%
2026-02-22 02:34:08,068 - INFO -   Val Loss: 1.4836
2026-02-22 02:34:08,068 - INFO -   Val Accuracy: 50.00% | F1: 0.3603
2026-02-22 02:34:08,068 - INFO -   LR: 0.000250
2026-02-22 02:34:08,068 - INFO -   Patience: 8/15
2026-02-22 02:34:08,068 - INFO - 
Epoch 37/100
2026-02-22 02:34:08,607 - INFO -   Epoch [10/175] Loss: 1.2651
2026-02-22 02:34:09,136 - INFO -   Epoch [20/175] Loss: 1.8182
2026-02-22 02:34:09,666 - INFO -   Epoch [30/175] Loss: 1.2663
2026-02-22 02:34:10,197 - INFO -   Epoch [40/175] Loss: 2.0258
2026-02-22 02:34:10,732 - INFO -   Epoch [50/175] Loss: 1.1933
2026-02-22 02:34:11,268 - INFO -   Epoch [60/175] Loss: 1.6205
2026-02-22 02:34:11,825 - INFO -   Epoch [70/175] Loss: 1.4079
2026-02-22 02:34:12,360 - INFO -   Epoch [80/175] Loss: 1.1131
2026-02-22 02:34:12,896 - INFO -   Epoch [90/175] Loss: 1.3602
2026-02-22 02:34:13,433 - INFO -   Epoch [100/175] Loss: 1.5137
2026-02-22 02:34:13,964 - INFO -   Epoch [110/175] Loss: 1.4572
2026-02-22 02:34:14,485 - INFO -   Epoch [120/175] Loss: 1.5293
2026-02-22 02:34:15,007 - INFO -   Epoch [130/175] Loss: 1.2845
2026-02-22 02:34:15,535 - INFO -   Epoch [140/175] Loss: 1.6261
2026-02-22 02:34:16,067 - INFO -   Epoch [150/175] Loss: 1.3701
2026-02-22 02:34:16,603 - INFO -   Epoch [160/175] Loss: 0.8736
2026-02-22 02:34:17,132 - INFO -   Epoch [170/175] Loss: 1.1601
2026-02-22 02:34:17,959 - INFO -   Train Loss: 1.4536
2026-02-22 02:34:17,959 - INFO -   Train Accuracy: 38.89%
2026-02-22 02:34:17,959 - INFO -   Val Loss: 1.4924
2026-02-22 02:34:17,959 - INFO -   Val Accuracy: 46.25% | F1: 0.3484
2026-02-22 02:34:17,959 - INFO -   LR: 0.000250
2026-02-22 02:34:17,959 - INFO -   Patience: 9/15
2026-02-22 02:34:17,960 - INFO - 
Epoch 38/100
2026-02-22 02:34:18,488 - INFO -   Epoch [10/175] Loss: 1.6168
2026-02-22 02:34:19,015 - INFO -   Epoch [20/175] Loss: 1.4195
2026-02-22 02:34:19,546 - INFO -   Epoch [30/175] Loss: 1.0965
2026-02-22 02:34:20,077 - INFO -   Epoch [40/175] Loss: 1.7210
2026-02-22 02:34:20,611 - INFO -   Epoch [50/175] Loss: 1.2524
2026-02-22 02:34:21,149 - INFO -   Epoch [60/175] Loss: 0.8786
2026-02-22 02:34:21,692 - INFO -   Epoch [70/175] Loss: 1.3942
2026-02-22 02:34:22,229 - INFO -   Epoch [80/175] Loss: 1.5470
2026-02-22 02:34:22,763 - INFO -   Epoch [90/175] Loss: 1.8074
2026-02-22 02:34:23,292 - INFO -   Epoch [100/175] Loss: 1.6967
2026-02-22 02:34:23,821 - INFO -   Epoch [110/175] Loss: 0.9989
2026-02-22 02:34:24,354 - INFO -   Epoch [120/175] Loss: 1.7013
2026-02-22 02:34:24,875 - INFO -   Epoch [130/175] Loss: 0.8775
2026-02-22 02:34:25,392 - INFO -   Epoch [140/175] Loss: 1.4268
2026-02-22 02:34:25,926 - INFO -   Epoch [150/175] Loss: 2.1044
2026-02-22 02:34:26,460 - INFO -   Epoch [160/175] Loss: 1.4136
2026-02-22 02:34:26,989 - INFO -   Epoch [170/175] Loss: 2.0480
2026-02-22 02:34:27,821 - INFO -   Train Loss: 1.4650
2026-02-22 02:34:27,821 - INFO -   Train Accuracy: 39.36%
2026-02-22 02:34:27,821 - INFO -   Val Loss: 1.4921
2026-02-22 02:34:27,821 - INFO -   Val Accuracy: 48.75% | F1: 0.3639
2026-02-22 02:34:27,821 - INFO -   LR: 0.000250
2026-02-22 02:34:27,821 - INFO -   Patience: 10/15
2026-02-22 02:34:27,821 - INFO - 
Epoch 39/100
2026-02-22 02:34:28,357 - INFO -   Epoch [10/175] Loss: 1.1024
2026-02-22 02:34:28,883 - INFO -   Epoch [20/175] Loss: 2.0133
2026-02-22 02:34:29,393 - INFO -   Epoch [30/175] Loss: 1.3919
2026-02-22 02:34:29,919 - INFO -   Epoch [40/175] Loss: 1.1540
2026-02-22 02:34:30,449 - INFO -   Epoch [50/175] Loss: 1.1021
2026-02-22 02:34:30,976 - INFO -   Epoch [60/175] Loss: 1.1641
2026-02-22 02:34:31,511 - INFO -   Epoch [70/175] Loss: 1.6150
2026-02-22 02:34:32,048 - INFO -   Epoch [80/175] Loss: 1.6171
2026-02-22 02:34:32,577 - INFO -   Epoch [90/175] Loss: 1.6769
2026-02-22 02:34:33,106 - INFO -   Epoch [100/175] Loss: 1.6178
2026-02-22 02:34:33,635 - INFO -   Epoch [110/175] Loss: 1.7239
2026-02-22 02:34:34,157 - INFO -   Epoch [120/175] Loss: 1.4308
2026-02-22 02:34:34,675 - INFO -   Epoch [130/175] Loss: 0.9948
2026-02-22 02:34:35,195 - INFO -   Epoch [140/175] Loss: 1.1604
2026-02-22 02:34:35,723 - INFO -   Epoch [150/175] Loss: 1.9690
2026-02-22 02:34:36,249 - INFO -   Epoch [160/175] Loss: 0.9985
2026-02-22 02:34:36,780 - INFO -   Epoch [170/175] Loss: 1.5173
2026-02-22 02:34:37,610 - INFO -   Train Loss: 1.4306
2026-02-22 02:34:37,611 - INFO -   Train Accuracy: 40.50%
2026-02-22 02:34:37,611 - INFO -   Val Loss: 1.4975
2026-02-22 02:34:37,611 - INFO -   Val Accuracy: 51.00% | F1: 0.3931
2026-02-22 02:34:37,611 - INFO -   LR: 0.000250
2026-02-22 02:34:37,611 - INFO -   Patience: 11/15
2026-02-22 02:34:37,611 - INFO - 
Epoch 40/100
2026-02-22 02:34:38,138 - INFO -   Epoch [10/175] Loss: 2.6930
2026-02-22 02:34:38,667 - INFO -   Epoch [20/175] Loss: 0.9855
2026-02-22 02:34:39,195 - INFO -   Epoch [30/175] Loss: 1.3558
2026-02-22 02:34:39,729 - INFO -   Epoch [40/175] Loss: 1.5833
2026-02-22 02:34:40,260 - INFO -   Epoch [50/175] Loss: 1.3710
2026-02-22 02:34:40,801 - INFO -   Epoch [60/175] Loss: 1.2789
2026-02-22 02:34:41,330 - INFO -   Epoch [70/175] Loss: 1.3978
2026-02-22 02:34:41,869 - INFO -   Epoch [80/175] Loss: 0.9539
2026-02-22 02:34:42,398 - INFO -   Epoch [90/175] Loss: 1.2522
2026-02-22 02:34:42,929 - INFO -   Epoch [100/175] Loss: 1.2982
2026-02-22 02:34:43,463 - INFO -   Epoch [110/175] Loss: 1.0558
2026-02-22 02:34:44,004 - INFO -   Epoch [120/175] Loss: 1.0784
2026-02-22 02:34:44,537 - INFO -   Epoch [130/175] Loss: 1.6274
2026-02-22 02:34:45,071 - INFO -   Epoch [140/175] Loss: 1.2885
2026-02-22 02:34:45,606 - INFO -   Epoch [150/175] Loss: 1.3286
2026-02-22 02:34:46,136 - INFO -   Epoch [160/175] Loss: 2.1248
2026-02-22 02:34:46,677 - INFO -   Epoch [170/175] Loss: 1.4948
2026-02-22 02:34:47,522 - INFO -   Train Loss: 1.3957
2026-02-22 02:34:47,523 - INFO -   Train Accuracy: 41.64%
2026-02-22 02:34:47,523 - INFO -   Val Loss: 1.4646
2026-02-22 02:34:47,523 - INFO -   Val Accuracy: 49.75% | F1: 0.3571
2026-02-22 02:34:47,523 - INFO -   LR: 0.000250
2026-02-22 02:34:47,523 - INFO -   Patience: 12/15
2026-02-22 02:34:47,523 - INFO - 
Epoch 41/100
2026-02-22 02:34:48,064 - INFO -   Epoch [10/175] Loss: 1.6123
2026-02-22 02:34:48,606 - INFO -   Epoch [20/175] Loss: 1.6565
2026-02-22 02:34:49,144 - INFO -   Epoch [30/175] Loss: 1.5059
2026-02-22 02:34:49,681 - INFO -   Epoch [40/175] Loss: 1.6653
2026-02-22 02:34:50,208 - INFO -   Epoch [50/175] Loss: 1.2749
2026-02-22 02:34:50,739 - INFO -   Epoch [60/175] Loss: 1.4721
2026-02-22 02:34:51,268 - INFO -   Epoch [70/175] Loss: 1.6069
2026-02-22 02:34:51,797 - INFO -   Epoch [80/175] Loss: 1.4933
2026-02-22 02:34:52,335 - INFO -   Epoch [90/175] Loss: 1.1974
2026-02-22 02:34:52,870 - INFO -   Epoch [100/175] Loss: 1.6949
2026-02-22 02:34:53,401 - INFO -   Epoch [110/175] Loss: 1.2081
2026-02-22 02:34:53,922 - INFO -   Epoch [120/175] Loss: 1.3148
2026-02-22 02:34:54,441 - INFO -   Epoch [130/175] Loss: 1.8897
2026-02-22 02:34:54,965 - INFO -   Epoch [140/175] Loss: 1.2682
2026-02-22 02:34:55,495 - INFO -   Epoch [150/175] Loss: 1.3608
2026-02-22 02:34:56,030 - INFO -   Epoch [160/175] Loss: 2.2077
2026-02-22 02:34:56,559 - INFO -   Epoch [170/175] Loss: 1.6954
2026-02-22 02:34:57,359 - INFO -   Train Loss: 1.3972
2026-02-22 02:34:57,359 - INFO -   Train Accuracy: 41.21%
2026-02-22 02:34:57,359 - INFO -   Val Loss: 1.4836
2026-02-22 02:34:57,359 - INFO -   Val Accuracy: 50.75% | F1: 0.3916
2026-02-22 02:34:57,359 - INFO -   LR: 0.000125
2026-02-22 02:34:57,359 - INFO -   Patience: 13/15
2026-02-22 02:34:57,359 - INFO - 
Epoch 42/100
2026-02-22 02:34:57,869 - INFO -   Epoch [10/175] Loss: 1.1644
2026-02-22 02:34:58,391 - INFO -   Epoch [20/175] Loss: 1.2223
2026-02-22 02:34:58,919 - INFO -   Epoch [30/175] Loss: 1.2665
2026-02-22 02:34:59,443 - INFO -   Epoch [40/175] Loss: 1.3390
2026-02-22 02:34:59,973 - INFO -   Epoch [50/175] Loss: 1.6258
2026-02-22 02:35:00,505 - INFO -   Epoch [60/175] Loss: 1.2791
2026-02-22 02:35:01,029 - INFO -   Epoch [70/175] Loss: 1.6083
2026-02-22 02:35:01,563 - INFO -   Epoch [80/175] Loss: 1.1511
2026-02-22 02:35:02,099 - INFO -   Epoch [90/175] Loss: 1.5787
2026-02-22 02:35:02,642 - INFO -   Epoch [100/175] Loss: 1.1383
2026-02-22 02:35:03,171 - INFO -   Epoch [110/175] Loss: 1.7960
2026-02-22 02:35:03,701 - INFO -   Epoch [120/175] Loss: 1.7075
2026-02-22 02:35:04,219 - INFO -   Epoch [130/175] Loss: 1.0525
2026-02-22 02:35:04,732 - INFO -   Epoch [140/175] Loss: 1.5142
2026-02-22 02:35:05,254 - INFO -   Epoch [150/175] Loss: 1.7167
2026-02-22 02:35:05,786 - INFO -   Epoch [160/175] Loss: 2.0562
2026-02-22 02:35:06,313 - INFO -   Epoch [170/175] Loss: 1.4615
2026-02-22 02:35:07,139 - INFO -   Train Loss: 1.4301
2026-02-22 02:35:07,139 - INFO -   Train Accuracy: 40.96%
2026-02-22 02:35:07,139 - INFO -   Val Loss: 1.4938
2026-02-22 02:35:07,139 - INFO -   Val Accuracy: 49.75% | F1: 0.3754
2026-02-22 02:35:07,139 - INFO -   LR: 0.000125
2026-02-22 02:35:07,139 - INFO -   Patience: 14/15
2026-02-22 02:35:07,139 - INFO - 
Epoch 43/100
2026-02-22 02:35:07,671 - INFO -   Epoch [10/175] Loss: 1.2504
2026-02-22 02:35:08,183 - INFO -   Epoch [20/175] Loss: 1.5791
2026-02-22 02:35:08,703 - INFO -   Epoch [30/175] Loss: 1.3752
2026-02-22 02:35:09,209 - INFO -   Epoch [40/175] Loss: 1.5299
2026-02-22 02:35:09,737 - INFO -   Epoch [50/175] Loss: 1.3329
2026-02-22 02:35:10,265 - INFO -   Epoch [60/175] Loss: 2.0935
2026-02-22 02:35:10,810 - INFO -   Epoch [70/175] Loss: 1.1695
2026-02-22 02:35:11,343 - INFO -   Epoch [80/175] Loss: 2.1959
2026-02-22 02:35:11,876 - INFO -   Epoch [90/175] Loss: 1.4354
2026-02-22 02:35:12,412 - INFO -   Epoch [100/175] Loss: 1.3635
2026-02-22 02:35:12,944 - INFO -   Epoch [110/175] Loss: 0.8720
2026-02-22 02:35:13,480 - INFO -   Epoch [120/175] Loss: 1.3850
2026-02-22 02:35:14,019 - INFO -   Epoch [130/175] Loss: 2.2111
2026-02-22 02:35:14,556 - INFO -   Epoch [140/175] Loss: 1.3706
2026-02-22 02:35:15,094 - INFO -   Epoch [150/175] Loss: 1.4865
2026-02-22 02:35:15,626 - INFO -   Epoch [160/175] Loss: 1.3908
2026-02-22 02:35:16,160 - INFO -   Epoch [170/175] Loss: 1.0957
2026-02-22 02:35:16,991 - INFO -   Train Loss: 1.4151
2026-02-22 02:35:16,991 - INFO -   Train Accuracy: 42.96%
2026-02-22 02:35:16,992 - INFO -   Val Loss: 1.5090
2026-02-22 02:35:16,992 - INFO -   Val Accuracy: 50.75% | F1: 0.3852
2026-02-22 02:35:16,992 - INFO -   LR: 0.000125
2026-02-22 02:35:16,992 - INFO -   Patience: 15/15
2026-02-22 02:35:16,992 - INFO - 
✓ Early stopping at epoch 43
2026-02-22 02:35:16,992 - INFO - 
✓ Training completed!
2026-02-22 02:35:16,992 - INFO -   Best Accuracy: 52.75%
2026-02-22 02:35:16,992 - INFO - 
================================================================================
2026-02-22 02:35:16,992 - INFO - Step 7: Testing
2026-02-22 02:35:16,992 - INFO - ================================================================================
2026-02-22 02:35:17,027 - INFO - ✓ Loaded best model from epoch 28
2026-02-22 02:35:18,141 - INFO - 
Test Results:
2026-02-22 02:35:18,141 - INFO -   - Accuracy: 47.38%
2026-02-22 02:35:18,141 - INFO -   - F1 Score: 0.3462
2026-02-22 02:35:18,150 - INFO - 
✓ All results saved to outputs/shenzhen_pure_graph_20260222_021126
2026-02-22 02:35:18,150 - INFO - ================================================================================
2026-02-22 02:35:18,150 - INFO - 
================================================================================
2026-02-22 02:35:18,150 - INFO - Training Time Statistics
2026-02-22 02:35:18,150 - INFO - ================================================================================
2026-02-22 02:35:18,151 - INFO - Start time:    2026-02-22 02:11:26
2026-02-22 02:35:18,151 - INFO - End time:      2026-02-22 02:35:18
2026-02-22 02:35:18,151 - INFO - Total time:    00:23:51 (1431.48 seconds)
2026-02-22 02:35:18,151 - INFO -                (23.86 minutes, 0.40 hours)
2026-02-22 02:35:18,151 - INFO - ================================================================================
2026-02-22 02:35:18,151 - INFO - ✓ Timing info saved to outputs/shenzhen_pure_graph_20260222_021126/metrics/timing_info.json
2026-02-22 02:35:18,151 - INFO - ================================================================================
